2.500000e+00 (V) X_CH1.Xpartial.10 0 
2.500000e+00 (V) X_CH1.Xpartial.10 X_CH1.Xpartial.9 
1.000000e-10 (V) X_CH1.Xpartial.3 0 
2.500000e+00 (V) X_CH1.Xpartial.4 0 
2.500000e+00 (V) X_CH1.Xpartial.4 X_CH1.Xpartial.3 
1.000000e-10 (V) X_CH1.Xpartial.5 0 
2.500000e+00 (V) X_CH1.Xpartial.6 0 
2.500000e+00 (V) X_CH1.Xpartial.6 X_CH1.Xpartial.5 
2.500000e+00 (V) X_CH1.Xpartial.7 0 
1.000000e-10 (V) X_CH1.Xpartial.8 0 
-2.500000e+00 (V) X_CH1.Xpartial.8 X_CH1.Xpartial.7 
1.000000e-10 (V) X_CH1.Xpartial.9 0 
2.500000e+00 (V) X_U8.Xpartial.E10 0 
2.500000e+00 (V) X_U8.Xpartial.E10 X_U8.Xpartial.E9 
1.003707e-10 (V) X_U8.Xpartial.E9 0 
2.500000e+00 (V) X_U8.Xpartial.F10 0 
2.500000e+00 (V) X_U8.Xpartial.F10 X_U8.Xpartial.F9 
1.003848e-10 (V) X_U8.Xpartial.F9 0 
1.003800e-10 (V) X_U8.Xpartial.G10 0 
-2.500000e+00 (V) X_U8.Xpartial.G10 X_U8.Xpartial.G9 
2.500000e+00 (V) X_U8.Xpartial.G9 0 
2.500000e+00 (V) X_U8.Xpartial.H10 0 
2.500000e+00 (V) X_U8.Xpartial.H10 X_U8.Xpartial.H9 
1.003745e-10 (V) X_U8.Xpartial.H9 0 
