0.000000e+00 (V)  __Gnd
1.001627e-10 (V)  FILLETpad~polygon0110::mipi_dsi1_data1_p
1.000000e-10 (V)  FILLETpad~polygon0123::mipi_dsi1_data1_p
2.500000e+00 (V)  FILLETpad~polygon0129::mipi_dsi1_data1_n
2.500000e+00 (V)  FILLETpad~polygon0324::mipi_dsi1_data1_n
1.001645e-10 (V)  FILLETpad~polygon0330::mipi_dsi1_data1_p
1.006305e-10 (V)  FILLETpad~polygon0431::mipi_dsi1_data1_p
2.500000e+00 (V)  FILLETpad~polygon0443::mipi_dsi1_data1_n
2.500000e+00 (V)  FILLETpad~polygon098::mipi_dsi1_data1_n
1.100000e+00 (V)  IPGPWR_VCC_1V1
1.200000e+00 (V)  IPGPWR_VCC_1V2
1.800000e+00 (V)  IPGPWR_VCC_1V8
3.300000e+00 (V)  IPGPWR_VCC_3V3
5.000000e+00 (V)  IPGPWR_VCC_5V
5.000000e+00 (V)  IPGPWR_VCC_5V5
0.000000e+00 (V)  Node102!!B9::MIPI_DSI1_DATA0_N
0.000000e+00 (V)  Node103!!A9::MIPI_DSI1_DATA0_P
0.000000e+00 (V)  Node104!!F9::MIPI_DSI0_CLK_N
0.000000e+00 (V)  Node105!!D9::MIPI_DSI0_DATA3_N
0.000000e+00 (V)  Node106!!E9::MIPI_DSI0_DATA2_N
0.000000e+00 (V)  Node107!!G9::MIPI_DSI0_DATA1_N
0.000000e+00 (V)  Node108!!H9::MIPI_DSI0_DATA0_N
0.000000e+00 (V)  Node1081!!15::MIPI_DSI1_CLK_P
0.000000e+00 (V)  Node109!!F10::MIPI_DSI0_CLK_P
0.000000e+00 (V)  Node11!!B4::VCC_HDMIRX_IN
0.000000e+00 (V)  Node110!!D10::MIPI_DSI0_DATA3_P
0.000000e+00 (V)  Node111!!E10::MIPI_DSI0_DATA2_P
0.000000e+00 (V)  Node112!!G10::MIPI_DSI0_DATA1_P
0.000000e+00 (V)  Node1207!!20::MIPI_DSI1_DATA3_N
0.000000e+00 (V)  Node1276!!19::MIPI_DSI1_DATA3_P
0.000000e+00 (V)  Node14!!F2::HDMI_DATA2_N
0.000000e+00 (V)  Node15!!2::HDMI_DATA2_N
0.000000e+00 (V)  Node1525!!12::MIPI_DSI1_DATA2_N
0.000000e+00 (V)  Node16!!3::HDMI_DATA2_N
0.000000e+00 (V)  Node1685!!11::MIPI_DSI1_DATA2_P
2.500000e+00 (V)  Node1688::MIPI_DSI1_DATA1_N
2.500000e+00 (V)  Node1689::MIPI_DSI1_DATA1_N
2.500000e+00 (V)  Node1689_Auto_67::MIPI_DSI1_DATA1_N
2.500000e+00 (V)  Node1691::MIPI_DSI1_DATA1_N
0.000000e+00 (V)  Node17!!9::HDMI_DATA2_N
2.500000e+00 (V)  Node1712::MIPI_DSI1_DATA1_N
2.500000e+00 (V)  Node1715::MIPI_DSI1_DATA1_N
2.500000e+00 (V)  Node1715_Auto_69::MIPI_DSI1_DATA1_N
2.500000e+00 (V)  Node1715_Auto_70::MIPI_DSI1_DATA1_N
2.500000e+00 (V)  Node1715_Auto_71::MIPI_DSI1_DATA1_N
2.500000e+00 (V)  Node1716::MIPI_DSI1_DATA1_N
2.500000e+00 (V)  Node1716_Auto_63::MIPI_DSI1_DATA1_N
2.500000e+00 (V)  Node1718::MIPI_DSI1_DATA1_N
2.500000e+00 (V)  Node1720::MIPI_DSI1_DATA1_N
2.500000e+00 (V)  Node1720_Auto_61::MIPI_DSI1_DATA1_N
2.500000e+00 (V)  Node1722::MIPI_DSI1_DATA1_N
2.500000e+00 (V)  Node1726::MIPI_DSI1_DATA1_N
2.500000e+00 (V)  Node1726_Auto_59::MIPI_DSI1_DATA1_N
2.500000e+00 (V)  Node1729::MIPI_DSI1_DATA1_N
2.500000e+00 (V)  Node1737::MIPI_DSI1_DATA1_N
2.500000e+00 (V)  Node1737_Auto_58::MIPI_DSI1_DATA1_N
2.500000e+00 (V)  Node1740::MIPI_DSI1_DATA1_N
2.500000e+00 (V)  Node1743::MIPI_DSI1_DATA1_N
2.500000e+00 (V)  Node1745::MIPI_DSI1_DATA1_N
2.500000e+00 (V)  Node1745_Auto_29::MIPI_DSI1_DATA1_N
2.500000e+00 (V)  Node1745_Auto_30::MIPI_DSI1_DATA1_N
2.500000e+00 (V)  Node1749::MIPI_DSI1_DATA1_N
2.500000e+00 (V)  Node1752::MIPI_DSI1_DATA1_N
2.500000e+00 (V)  Node1752_Auto_48::MIPI_DSI1_DATA1_N
2.500000e+00 (V)  Node1760::MIPI_DSI1_DATA1_N
2.500000e+00 (V)  Node1762::MIPI_DSI1_DATA1_N
2.500000e+00 (V)  Node1762_Auto_16::MIPI_DSI1_DATA1_N
2.500000e+00 (V)  Node1763::MIPI_DSI1_DATA1_N
2.500000e+00 (V)  Node1763_Auto_112::MIPI_DSI1_DATA1_N
2.500000e+00 (V)  Node1763_Auto_113::MIPI_DSI1_DATA1_N
2.500000e+00 (V)  Node1764::MIPI_DSI1_DATA1_N
2.500000e+00 (V)  Node1764_Auto_110::MIPI_DSI1_DATA1_N
2.500000e+00 (V)  Node1764_Auto_111::MIPI_DSI1_DATA1_N
2.500000e+00 (V)  Node1765::MIPI_DSI1_DATA1_N
2.500000e+00 (V)  Node1765_Auto_106::MIPI_DSI1_DATA1_N
2.500000e+00 (V)  Node1765_Auto_107::MIPI_DSI1_DATA1_N
2.500000e+00 (V)  Node1766::MIPI_DSI1_DATA1_N
2.500000e+00 (V)  Node1766_Auto_105::MIPI_DSI1_DATA1_N
2.500000e+00 (V)  Node1767::MIPI_DSI1_DATA1_N
2.500000e+00 (V)  Node1768::MIPI_DSI1_DATA1_N
2.500000e+00 (V)  Node1768_Auto_100::MIPI_DSI1_DATA1_N
2.500000e+00 (V)  Node1770::MIPI_DSI1_DATA1_N
2.500000e+00 (V)  Node1770_Auto_70::MIPI_DSI1_DATA1_N
2.500000e+00 (V)  Node1770_Auto_72::MIPI_DSI1_DATA1_N
2.500000e+00 (V)  Node1771::MIPI_DSI1_DATA1_N
2.500000e+00 (V)  Node1773::MIPI_DSI1_DATA1_N
2.500000e+00 (V)  Node1773_Auto_46::MIPI_DSI1_DATA1_N
2.500000e+00 (V)  Node1775::MIPI_DSI1_DATA1_N
2.500000e+00 (V)  Node1775_Auto_34::MIPI_DSI1_DATA1_N
2.500000e+00 (V)  Node1780::MIPI_DSI1_DATA1_N
2.500000e+00 (V)  Node1782::MIPI_DSI1_DATA1_N
2.500000e+00 (V)  Node1783::MIPI_DSI1_DATA1_N
2.500000e+00 (V)  Node1783_Auto_150::MIPI_DSI1_DATA1_N
2.500000e+00 (V)  Node1786::MIPI_DSI1_DATA1_N
2.500000e+00 (V)  Node1787::MIPI_DSI1_DATA1_N
2.500000e+00 (V)  Node1787_Auto_188::MIPI_DSI1_DATA1_N
2.500000e+00 (V)  Node1789::MIPI_DSI1_DATA1_N
2.500000e+00 (V)  Node1790::MIPI_DSI1_DATA1_N
2.500000e+00 (V)  Node1790_Auto_184::MIPI_DSI1_DATA1_N
2.500000e+00 (V)  Node1790_Auto_187::MIPI_DSI1_DATA1_N
2.500000e+00 (V)  Node1791::MIPI_DSI1_DATA1_N
2.500000e+00 (V)  Node1791_Auto_207::MIPI_DSI1_DATA1_N
0.000000e+00 (V)  Node18!!F1::HDMI_DATA2_P
0.000000e+00 (V)  Node180!!H10::MIPI_DSI0_DATA0_P
0.000000e+00 (V)  Node181!!J3::INT
0.000000e+00 (V)  Node182!!K4::I2C_SCL
0.000000e+00 (V)  Node183!!K3::I2C_SDA
0.000000e+00 (V)  Node188!!K8::RESETN
0.000000e+00 (V)  Node19!!1::HDMI_DATA2_P
1.006146e-10 (V)  Node1903::MIPI_DSI1_DATA1_P
1.005979e-10 (V)  Node1903_Auto_48::MIPI_DSI1_DATA1_P
1.005970e-10 (V)  Node1905::MIPI_DSI1_DATA1_P
1.005952e-10 (V)  Node1906::MIPI_DSI1_DATA1_P
1.005652e-10 (V)  Node1908::MIPI_DSI1_DATA1_P
1.005411e-10 (V)  Node1908_Auto_101::MIPI_DSI1_DATA1_P
1.005384e-10 (V)  Node1909::MIPI_DSI1_DATA1_P
1.005301e-10 (V)  Node1910::MIPI_DSI1_DATA1_P
1.005328e-10 (V)  Node1910_Auto_102::MIPI_DSI1_DATA1_P
1.005357e-10 (V)  Node1910_Auto_103::MIPI_DSI1_DATA1_P
1.005274e-10 (V)  Node1910_Auto_104::MIPI_DSI1_DATA1_P
1.005135e-10 (V)  Node1911::MIPI_DSI1_DATA1_P
1.005063e-10 (V)  Node1912::MIPI_DSI1_DATA1_P
1.005008e-10 (V)  Node1913::MIPI_DSI1_DATA1_P
1.004965e-10 (V)  Node1914::MIPI_DSI1_DATA1_P
1.004766e-10 (V)  Node1915::MIPI_DSI1_DATA1_P
1.004489e-10 (V)  Node1924::MIPI_DSI1_DATA1_P
1.004485e-10 (V)  Node1924_Auto_47::MIPI_DSI1_DATA1_P
1.004197e-10 (V)  Node1927::MIPI_DSI1_DATA1_P
1.004169e-10 (V)  Node1930::MIPI_DSI1_DATA1_P
1.004148e-10 (V)  Node1932::MIPI_DSI1_DATA1_P
1.004119e-10 (V)  Node1936::MIPI_DSI1_DATA1_P
1.003788e-10 (V)  Node1939::MIPI_DSI1_DATA1_P
1.003798e-10 (V)  Node1939_Auto_57::MIPI_DSI1_DATA1_P
1.003544e-10 (V)  Node1947::MIPI_DSI1_DATA1_P
1.003214e-10 (V)  Node1950::MIPI_DSI1_DATA1_P
1.003534e-10 (V)  Node1950_Auto_60::MIPI_DSI1_DATA1_P
1.003191e-10 (V)  Node1953::MIPI_DSI1_DATA1_P
1.003145e-10 (V)  Node1955::MIPI_DSI1_DATA1_P
1.003183e-10 (V)  Node1955_Auto_62::MIPI_DSI1_DATA1_P
1.003109e-10 (V)  Node1957::MIPI_DSI1_DATA1_P
1.002753e-10 (V)  Node1959::MIPI_DSI1_DATA1_P
1.003100e-10 (V)  Node1959_Auto_64::MIPI_DSI1_DATA1_P
1.002717e-10 (V)  Node1961::MIPI_DSI1_DATA1_P
1.002575e-10 (V)  Node1963::MIPI_DSI1_DATA1_P
0.000000e+00 (V)  Node20!!1::HDMI_DATA2_P
1.001953e-10 (V)  Node2006::MIPI_DSI1_DATA1_P
1.001898e-10 (V)  Node2006_Auto_72::MIPI_DSI1_DATA1_P
1.001527e-10 (V)  Node2015::MIPI_DSI1_DATA1_P
1.001490e-10 (V)  Node2015_Auto_129::MIPI_DSI1_DATA1_P
1.001445e-10 (V)  Node2015_Auto_130::MIPI_DSI1_DATA1_P
1.001435e-10 (V)  Node2017::MIPI_DSI1_DATA1_P
1.001398e-10 (V)  Node2018::MIPI_DSI1_DATA1_P
1.001393e-10 (V)  Node2018_Auto_149::MIPI_DSI1_DATA1_P
1.000356e-10 (V)  Node2021::MIPI_DSI1_DATA1_P
1.000338e-10 (V)  Node2022::MIPI_DSI1_DATA1_P
1.000230e-10 (V)  Node2022_Auto_189::MIPI_DSI1_DATA1_P
1.000206e-10 (V)  Node2024::MIPI_DSI1_DATA1_P
1.000201e-10 (V)  Node2025::MIPI_DSI1_DATA1_P
1.000179e-10 (V)  Node2025_Auto_185::MIPI_DSI1_DATA1_P
1.000152e-10 (V)  Node2026::MIPI_DSI1_DATA1_P
1.000095e-10 (V)  Node2028::MIPI_DSI1_DATA1_P
0.000000e+00 (V)  Node21!!10::HDMI_DATA2_P
0.000000e+00 (V)  Node2159!!18::MIPI_DSI1_DATA0_N
0.000000e+00 (V)  Node22!!D1::HDMI_DATA0_P
0.000000e+00 (V)  Node2237!!17::MIPI_DSI1_DATA0_P
0.000000e+00 (V)  Node23!!1::HDMI_DATA0_P
0.000000e+00 (V)  Node2321!!5::MIPI_DSI0_CLK_N
0.000000e+00 (V)  Node24!!7::HDMI_DATA0_P
0.000000e+00 (V)  Node2411!!1::MIPI_DSI0_DATA3_N
0.000000e+00 (V)  Node2468!!9::MIPI_DSI0_DATA2_N
0.000000e+00 (V)  Node2489!!7::MIPI_DSI0_DATA1_N
0.000000e+00 (V)  Node25!!10::HDMI_DATA0_P
0.000000e+00 (V)  Node26!!E1::HDMI_DATA1_P
0.000000e+00 (V)  Node2636!!3::MIPI_DSI0_DATA0_N
0.000000e+00 (V)  Node27!!4::HDMI_DATA1_P
0.000000e+00 (V)  Node270!!K9::N284871
0.000000e+00 (V)  Node273!!K2::N284174
0.000000e+00 (V)  Node275!!K1::N284159
0.000000e+00 (V)  Node277!!J1::N284077
0.000000e+00 (V)  Node2782!!6::MIPI_DSI0_CLK_P
0.000000e+00 (V)  Node279!!19::HDP
0.000000e+00 (V)  Node28!!4::HDMI_DATA1_P
0.000000e+00 (V)  Node282!!B3::SDA
0.000000e+00 (V)  Node283!!16::SDA
0.000000e+00 (V)  Node288!!15::SCL
0.000000e+00 (V)  Node29!!7::HDMI_DATA1_P
0.000000e+00 (V)  Node290!!A3::SCL
0.000000e+00 (V)  Node2941!!2::MIPI_DSI0_DATA3_P
0.000000e+00 (V)  Node2996!!10::MIPI_DSI0_DATA2_P
0.000000e+00 (V)  Node30!!D2::HDMI_DATA0_N
0.000000e+00 (V)  Node3024!!8::MIPI_DSI0_DATA1_P
0.000000e+00 (V)  Node307!!A1::N27399713
0.000000e+00 (V)  Node31!!2::HDMI_DATA0_N
0.000000e+00 (V)  Node319!!A2::N279408
0.000000e+00 (V)  Node32!!9::HDMI_DATA0_N
0.000000e+00 (V)  Node320!!A4::N2739972
0.000000e+00 (V)  Node33!!9::HDMI_DATA0_N
0.000000e+00 (V)  Node337!!14
0.000000e+00 (V)  Node338!!13
0.000000e+00 (V)  Node34!!C1::HDMI_CLK_P
0.000000e+00 (V)  Node3405!!4::MIPI_DSI0_DATA0_P
0.000000e+00 (V)  Node341!!G6
0.000000e+00 (V)  Node342!!J2
0.000000e+00 (V)  Node343!!K5
0.000000e+00 (V)  Node344!!J5
0.000000e+00 (V)  Node345!!J6
0.000000e+00 (V)  Node346!!J8
0.000000e+00 (V)  Node347!!J9
0.000000e+00 (V)  Node348!!K7
0.000000e+00 (V)  Node349!!J4
0.000000e+00 (V)  Node35!!4::HDMI_CLK_P
0.000000e+00 (V)  Node36!!7::HDMI_CLK_P
0.000000e+00 (V)  Node37!!10::HDMI_CLK_P
0.000000e+00 (V)  Node38!!E2::HDMI_DATA1_N
0.000000e+00 (V)  Node39!!5::HDMI_DATA1_N
0.000000e+00 (V)  Node40!!6::HDMI_DATA1_N
0.000000e+00 (V)  Node4001!!32::PWM
0.000000e+00 (V)  Node4060!!29::RESX
0.000000e+00 (V)  Node41!!6::HDMI_DATA1_N
0.000000e+00 (V)  Node42!!C2::HDMI_CLK_N
0.000000e+00 (V)  Node4268!!20::N271809
0.000000e+00 (V)  Node4269!!21::N271809
0.000000e+00 (V)  Node4270!!22::N271809
0.000000e+00 (V)  Node4275!!23::N271809
0.000000e+00 (V)  Node43!!5::HDMI_CLK_N
0.000000e+00 (V)  Node44!!12::HDMI_CLK_N
0.000000e+00 (V)  Node45!!6::HDMI_CLK_N
0.000000e+00 (V)  Node4811!!39::VCC_LED_AB
0.000000e+00 (V)  Node4812!!40::VCC_LED_AB
0.000000e+00 (V)  Node4822!!P4
0.000000e+00 (V)  Node4823!!P3
0.000000e+00 (V)  Node4824!!P2
0.000000e+00 (V)  Node4825!!P1
0.000000e+00 (V)  Node4826!!31
0.000000e+00 (V)  Node4827!!30
0.000000e+00 (V)  Node63!!B7::MIPI_DSI1_CLK_N
0.000000e+00 (V)  Node64!!A7::MIPI_DSI1_CLK_P
0.000000e+00 (V)  Node65!!B5::MIPI_DSI1_DATA3_N
0.000000e+00 (V)  Node66!!A5::MIPI_DSI1_DATA3_P
0.000000e+00 (V)  Node67!!B6::MIPI_DSI1_DATA2_N
0.000000e+00 (V)  Node68!!A6::MIPI_DSI1_DATA2_P
0.000000e+00 (V)  Node9!!18::VCC_HDMIRX_IN
0.000000e+00 (V)  Node973!!16::MIPI_DSI1_CLK_N
1.001777e-10 (V)  Trace1660#BP0::MIPI_DSI1_DATA1_P
1.001803e-10 (V)  Trace1660#BP0_Auto_68::MIPI_DSI1_DATA1_P
1.001736e-10 (V)  Trace1660#BP1_Auto_65::MIPI_DSI1_DATA1_P
1.001763e-10 (V)  Trace1660#BP1_Auto_66::MIPI_DSI1_DATA1_P
1.000000e-10 (V)  X_CH1.Xpartial.X_SpeedXP_auto_WP7B-P040VA1-R8000_WP7B-P040VA1-R8000_WP7B-P040VA1-R8000_WP7B-P040VA1-R8000_CH1_CH1.B_SpeedXP_auto_13.Output0
1.000000e-10 (V)  X_CH1.Xpartial.X_SpeedXP_auto_WP7B-P040VA1-R8000_WP7B-P040VA1-R8000_WP7B-P040VA1-R8000_WP7B-P040VA1-R8000_CH1_CH1.B_SpeedXP_auto_13.Output1
2.500000e+00 (V)  X_CH1.Xpartial.X_SpeedXP_auto_WP7B-P040VA1-R8000_WP7B-P040VA1-R8000_WP7B-P040VA1-R8000_WP7B-P040VA1-R8000_CH1_CH1.B_SpeedXP_auto_14.Output0
2.500000e+00 (V)  X_CH1.Xpartial.X_SpeedXP_auto_WP7B-P040VA1-R8000_WP7B-P040VA1-R8000_WP7B-P040VA1-R8000_WP7B-P040VA1-R8000_CH1_CH1.B_SpeedXP_auto_14.Output1
1.000000e+00 (V)  X_CH1.Xpartial.X_SpeedXP_auto_WP7B-P040VA1-R8000_WP7B-P040VA1-R8000_WP7B-P040VA1-R8000_WP7B-P040VA1-R8000_CH1_CH1.nd_en_1
1.000000e+00 (V)  X_CH1.Xpartial.X_SpeedXP_auto_WP7B-P040VA1-R8000_WP7B-P040VA1-R8000_WP7B-P040VA1-R8000_WP7B-P040VA1-R8000_CH1_CH1.nd_en_10
1.000000e+00 (V)  X_CH1.Xpartial.X_SpeedXP_auto_WP7B-P040VA1-R8000_WP7B-P040VA1-R8000_WP7B-P040VA1-R8000_WP7B-P040VA1-R8000_CH1_CH1.nd_en_11
1.000000e+00 (V)  X_CH1.Xpartial.X_SpeedXP_auto_WP7B-P040VA1-R8000_WP7B-P040VA1-R8000_WP7B-P040VA1-R8000_WP7B-P040VA1-R8000_CH1_CH1.nd_en_12
1.000000e+00 (V)  X_CH1.Xpartial.X_SpeedXP_auto_WP7B-P040VA1-R8000_WP7B-P040VA1-R8000_WP7B-P040VA1-R8000_WP7B-P040VA1-R8000_CH1_CH1.nd_en_13
1.000000e+00 (V)  X_CH1.Xpartial.X_SpeedXP_auto_WP7B-P040VA1-R8000_WP7B-P040VA1-R8000_WP7B-P040VA1-R8000_WP7B-P040VA1-R8000_CH1_CH1.nd_en_14
1.000000e+00 (V)  X_CH1.Xpartial.X_SpeedXP_auto_WP7B-P040VA1-R8000_WP7B-P040VA1-R8000_WP7B-P040VA1-R8000_WP7B-P040VA1-R8000_CH1_CH1.nd_en_15
1.000000e+00 (V)  X_CH1.Xpartial.X_SpeedXP_auto_WP7B-P040VA1-R8000_WP7B-P040VA1-R8000_WP7B-P040VA1-R8000_WP7B-P040VA1-R8000_CH1_CH1.nd_en_16
1.000000e+00 (V)  X_CH1.Xpartial.X_SpeedXP_auto_WP7B-P040VA1-R8000_WP7B-P040VA1-R8000_WP7B-P040VA1-R8000_WP7B-P040VA1-R8000_CH1_CH1.nd_en_17
1.000000e+00 (V)  X_CH1.Xpartial.X_SpeedXP_auto_WP7B-P040VA1-R8000_WP7B-P040VA1-R8000_WP7B-P040VA1-R8000_WP7B-P040VA1-R8000_CH1_CH1.nd_en_18
1.000000e+00 (V)  X_CH1.Xpartial.X_SpeedXP_auto_WP7B-P040VA1-R8000_WP7B-P040VA1-R8000_WP7B-P040VA1-R8000_WP7B-P040VA1-R8000_CH1_CH1.nd_en_19
1.000000e+00 (V)  X_CH1.Xpartial.X_SpeedXP_auto_WP7B-P040VA1-R8000_WP7B-P040VA1-R8000_WP7B-P040VA1-R8000_WP7B-P040VA1-R8000_CH1_CH1.nd_en_2
1.000000e+00 (V)  X_CH1.Xpartial.X_SpeedXP_auto_WP7B-P040VA1-R8000_WP7B-P040VA1-R8000_WP7B-P040VA1-R8000_WP7B-P040VA1-R8000_CH1_CH1.nd_en_20
1.000000e+00 (V)  X_CH1.Xpartial.X_SpeedXP_auto_WP7B-P040VA1-R8000_WP7B-P040VA1-R8000_WP7B-P040VA1-R8000_WP7B-P040VA1-R8000_CH1_CH1.nd_en_3
1.000000e+00 (V)  X_CH1.Xpartial.X_SpeedXP_auto_WP7B-P040VA1-R8000_WP7B-P040VA1-R8000_WP7B-P040VA1-R8000_WP7B-P040VA1-R8000_CH1_CH1.nd_en_4
1.000000e+00 (V)  X_CH1.Xpartial.X_SpeedXP_auto_WP7B-P040VA1-R8000_WP7B-P040VA1-R8000_WP7B-P040VA1-R8000_WP7B-P040VA1-R8000_CH1_CH1.nd_en_5
1.000000e+00 (V)  X_CH1.Xpartial.X_SpeedXP_auto_WP7B-P040VA1-R8000_WP7B-P040VA1-R8000_WP7B-P040VA1-R8000_WP7B-P040VA1-R8000_CH1_CH1.nd_en_6
1.000000e+00 (V)  X_CH1.Xpartial.X_SpeedXP_auto_WP7B-P040VA1-R8000_WP7B-P040VA1-R8000_WP7B-P040VA1-R8000_WP7B-P040VA1-R8000_CH1_CH1.nd_en_7
1.000000e+00 (V)  X_CH1.Xpartial.X_SpeedXP_auto_WP7B-P040VA1-R8000_WP7B-P040VA1-R8000_WP7B-P040VA1-R8000_WP7B-P040VA1-R8000_CH1_CH1.nd_en_8
1.000000e+00 (V)  X_CH1.Xpartial.X_SpeedXP_auto_WP7B-P040VA1-R8000_WP7B-P040VA1-R8000_WP7B-P040VA1-R8000_WP7B-P040VA1-R8000_CH1_CH1.nd_en_9
1.000000e+00 (V)  X_CH1.Xpartial.X_SpeedXP_auto_WP7B-P040VA1-R8000_WP7B-P040VA1-R8000_WP7B-P040VA1-R8000_WP7B-P040VA1-R8000_CH1_CH1.nd_in_1
0.000000e+00 (V)  X_CH1.Xpartial.X_SpeedXP_auto_WP7B-P040VA1-R8000_WP7B-P040VA1-R8000_WP7B-P040VA1-R8000_WP7B-P040VA1-R8000_CH1_CH1.nd_in_10
0.000000e+00 (V)  X_CH1.Xpartial.X_SpeedXP_auto_WP7B-P040VA1-R8000_WP7B-P040VA1-R8000_WP7B-P040VA1-R8000_WP7B-P040VA1-R8000_CH1_CH1.nd_in_11
1.000000e+00 (V)  X_CH1.Xpartial.X_SpeedXP_auto_WP7B-P040VA1-R8000_WP7B-P040VA1-R8000_WP7B-P040VA1-R8000_WP7B-P040VA1-R8000_CH1_CH1.nd_in_12
0.000000e+00 (V)  X_CH1.Xpartial.X_SpeedXP_auto_WP7B-P040VA1-R8000_WP7B-P040VA1-R8000_WP7B-P040VA1-R8000_WP7B-P040VA1-R8000_CH1_CH1.nd_in_13
1.000000e+00 (V)  X_CH1.Xpartial.X_SpeedXP_auto_WP7B-P040VA1-R8000_WP7B-P040VA1-R8000_WP7B-P040VA1-R8000_WP7B-P040VA1-R8000_CH1_CH1.nd_in_14
0.000000e+00 (V)  X_CH1.Xpartial.X_SpeedXP_auto_WP7B-P040VA1-R8000_WP7B-P040VA1-R8000_WP7B-P040VA1-R8000_WP7B-P040VA1-R8000_CH1_CH1.nd_in_15
1.000000e+00 (V)  X_CH1.Xpartial.X_SpeedXP_auto_WP7B-P040VA1-R8000_WP7B-P040VA1-R8000_WP7B-P040VA1-R8000_WP7B-P040VA1-R8000_CH1_CH1.nd_in_16
0.000000e+00 (V)  X_CH1.Xpartial.X_SpeedXP_auto_WP7B-P040VA1-R8000_WP7B-P040VA1-R8000_WP7B-P040VA1-R8000_WP7B-P040VA1-R8000_CH1_CH1.nd_in_17
1.000000e+00 (V)  X_CH1.Xpartial.X_SpeedXP_auto_WP7B-P040VA1-R8000_WP7B-P040VA1-R8000_WP7B-P040VA1-R8000_WP7B-P040VA1-R8000_CH1_CH1.nd_in_18
0.000000e+00 (V)  X_CH1.Xpartial.X_SpeedXP_auto_WP7B-P040VA1-R8000_WP7B-P040VA1-R8000_WP7B-P040VA1-R8000_WP7B-P040VA1-R8000_CH1_CH1.nd_in_19
0.000000e+00 (V)  X_CH1.Xpartial.X_SpeedXP_auto_WP7B-P040VA1-R8000_WP7B-P040VA1-R8000_WP7B-P040VA1-R8000_WP7B-P040VA1-R8000_CH1_CH1.nd_in_2
1.000000e+00 (V)  X_CH1.Xpartial.X_SpeedXP_auto_WP7B-P040VA1-R8000_WP7B-P040VA1-R8000_WP7B-P040VA1-R8000_WP7B-P040VA1-R8000_CH1_CH1.nd_in_20
1.000000e+00 (V)  X_CH1.Xpartial.X_SpeedXP_auto_WP7B-P040VA1-R8000_WP7B-P040VA1-R8000_WP7B-P040VA1-R8000_WP7B-P040VA1-R8000_CH1_CH1.nd_in_3
0.000000e+00 (V)  X_CH1.Xpartial.X_SpeedXP_auto_WP7B-P040VA1-R8000_WP7B-P040VA1-R8000_WP7B-P040VA1-R8000_WP7B-P040VA1-R8000_CH1_CH1.nd_in_4
1.000000e+00 (V)  X_CH1.Xpartial.X_SpeedXP_auto_WP7B-P040VA1-R8000_WP7B-P040VA1-R8000_WP7B-P040VA1-R8000_WP7B-P040VA1-R8000_CH1_CH1.nd_in_5
0.000000e+00 (V)  X_CH1.Xpartial.X_SpeedXP_auto_WP7B-P040VA1-R8000_WP7B-P040VA1-R8000_WP7B-P040VA1-R8000_WP7B-P040VA1-R8000_CH1_CH1.nd_in_6
1.000000e+00 (V)  X_CH1.Xpartial.X_SpeedXP_auto_WP7B-P040VA1-R8000_WP7B-P040VA1-R8000_WP7B-P040VA1-R8000_WP7B-P040VA1-R8000_CH1_CH1.nd_in_7
0.000000e+00 (V)  X_CH1.Xpartial.X_SpeedXP_auto_WP7B-P040VA1-R8000_WP7B-P040VA1-R8000_WP7B-P040VA1-R8000_WP7B-P040VA1-R8000_CH1_CH1.nd_in_8
1.000000e+00 (V)  X_CH1.Xpartial.X_SpeedXP_auto_WP7B-P040VA1-R8000_WP7B-P040VA1-R8000_WP7B-P040VA1-R8000_WP7B-P040VA1-R8000_CH1_CH1.nd_in_9
5.000000e-01 (V)  X_CH1.Xpartial.X_SpeedXP_auto_WP7B-P040VA1-R8000_WP7B-P040VA1-R8000_WP7B-P040VA1-R8000_WP7B-P040VA1-R8000_CH1_CH1.nd_out_of_in_13
5.000000e-01 (V)  X_CH1.Xpartial.X_SpeedXP_auto_WP7B-P040VA1-R8000_WP7B-P040VA1-R8000_WP7B-P040VA1-R8000_WP7B-P040VA1-R8000_CH1_CH1.nd_out_of_in_14
2.500000e+00 (V)  X_CH1.Xpartial.X_SpeedXP_auto_WP7B-P040VA1-R8000_WP7B-P040VA1-R8000_WP7B-P040VA1-R8000_WP7B-P040VA1-R8000_CH1_CH1.Power_13
2.500000e+00 (V)  X_CH1.Xpartial.X_SpeedXP_auto_WP7B-P040VA1-R8000_WP7B-P040VA1-R8000_WP7B-P040VA1-R8000_WP7B-P040VA1-R8000_CH1_CH1.Power_14
0.000000e+00 (V)  X_ESD1.Xpartial.X_SpeedXP_auto_IP4292CZ10_DFN2510A-10_IP4292CZ10-TBR_115_IP4292CZ10-TBR_115_ESD1_ESD1.nd_en_1
0.000000e+00 (V)  X_ESD1.Xpartial.X_SpeedXP_auto_IP4292CZ10_DFN2510A-10_IP4292CZ10-TBR_115_IP4292CZ10-TBR_115_ESD1_ESD1.nd_en_10
0.000000e+00 (V)  X_ESD1.Xpartial.X_SpeedXP_auto_IP4292CZ10_DFN2510A-10_IP4292CZ10-TBR_115_IP4292CZ10-TBR_115_ESD1_ESD1.nd_en_2
0.000000e+00 (V)  X_ESD1.Xpartial.X_SpeedXP_auto_IP4292CZ10_DFN2510A-10_IP4292CZ10-TBR_115_IP4292CZ10-TBR_115_ESD1_ESD1.nd_en_4
0.000000e+00 (V)  X_ESD1.Xpartial.X_SpeedXP_auto_IP4292CZ10_DFN2510A-10_IP4292CZ10-TBR_115_IP4292CZ10-TBR_115_ESD1_ESD1.nd_en_5
0.000000e+00 (V)  X_ESD1.Xpartial.X_SpeedXP_auto_IP4292CZ10_DFN2510A-10_IP4292CZ10-TBR_115_IP4292CZ10-TBR_115_ESD1_ESD1.nd_en_6
0.000000e+00 (V)  X_ESD1.Xpartial.X_SpeedXP_auto_IP4292CZ10_DFN2510A-10_IP4292CZ10-TBR_115_IP4292CZ10-TBR_115_ESD1_ESD1.nd_en_7
0.000000e+00 (V)  X_ESD1.Xpartial.X_SpeedXP_auto_IP4292CZ10_DFN2510A-10_IP4292CZ10-TBR_115_IP4292CZ10-TBR_115_ESD1_ESD1.nd_en_9
0.000000e+00 (V)  X_ESD2.Xpartial.X_SpeedXP_auto_IP4292CZ10_DFN2510A-10_IP4292CZ10-TBR_115_IP4292CZ10-TBR_115_ESD2_ESD2_ESD2.nd_en_1
0.000000e+00 (V)  X_ESD2.Xpartial.X_SpeedXP_auto_IP4292CZ10_DFN2510A-10_IP4292CZ10-TBR_115_IP4292CZ10-TBR_115_ESD2_ESD2_ESD2.nd_en_10
0.000000e+00 (V)  X_ESD2.Xpartial.X_SpeedXP_auto_IP4292CZ10_DFN2510A-10_IP4292CZ10-TBR_115_IP4292CZ10-TBR_115_ESD2_ESD2_ESD2.nd_en_2
0.000000e+00 (V)  X_ESD2.Xpartial.X_SpeedXP_auto_IP4292CZ10_DFN2510A-10_IP4292CZ10-TBR_115_IP4292CZ10-TBR_115_ESD2_ESD2_ESD2.nd_en_4
0.000000e+00 (V)  X_ESD2.Xpartial.X_SpeedXP_auto_IP4292CZ10_DFN2510A-10_IP4292CZ10-TBR_115_IP4292CZ10-TBR_115_ESD2_ESD2_ESD2.nd_en_5
0.000000e+00 (V)  X_ESD2.Xpartial.X_SpeedXP_auto_IP4292CZ10_DFN2510A-10_IP4292CZ10-TBR_115_IP4292CZ10-TBR_115_ESD2_ESD2_ESD2.nd_en_6
0.000000e+00 (V)  X_ESD2.Xpartial.X_SpeedXP_auto_IP4292CZ10_DFN2510A-10_IP4292CZ10-TBR_115_IP4292CZ10-TBR_115_ESD2_ESD2_ESD2.nd_en_7
0.000000e+00 (V)  X_ESD2.Xpartial.X_SpeedXP_auto_IP4292CZ10_DFN2510A-10_IP4292CZ10-TBR_115_IP4292CZ10-TBR_115_ESD2_ESD2_ESD2.nd_en_9
1.000000e+00 (V)  X_HDMI1.Xpartial.X_SpeedXP_auto_HDMI-A_HDMI-001S_HDMI-001S_HDMI-001S_HDMI1_HDMI1.nd_en_1
1.000000e+00 (V)  X_HDMI1.Xpartial.X_SpeedXP_auto_HDMI-A_HDMI-001S_HDMI-001S_HDMI-001S_HDMI1_HDMI1.nd_en_10
1.000000e+00 (V)  X_HDMI1.Xpartial.X_SpeedXP_auto_HDMI-A_HDMI-001S_HDMI-001S_HDMI-001S_HDMI1_HDMI1.nd_en_12
1.000000e+00 (V)  X_HDMI1.Xpartial.X_SpeedXP_auto_HDMI-A_HDMI-001S_HDMI-001S_HDMI-001S_HDMI1_HDMI1.nd_en_3
1.000000e+00 (V)  X_HDMI1.Xpartial.X_SpeedXP_auto_HDMI-A_HDMI-001S_HDMI-001S_HDMI-001S_HDMI1_HDMI1.nd_en_4
1.000000e+00 (V)  X_HDMI1.Xpartial.X_SpeedXP_auto_HDMI-A_HDMI-001S_HDMI-001S_HDMI-001S_HDMI1_HDMI1.nd_en_6
1.000000e+00 (V)  X_HDMI1.Xpartial.X_SpeedXP_auto_HDMI-A_HDMI-001S_HDMI-001S_HDMI-001S_HDMI1_HDMI1.nd_en_7
1.000000e+00 (V)  X_HDMI1.Xpartial.X_SpeedXP_auto_HDMI-A_HDMI-001S_HDMI-001S_HDMI-001S_HDMI1_HDMI1.nd_en_9
0.000000e+00 (V)  X_HDMI1.Xpartial.X_SpeedXP_auto_HDMI-A_HDMI-001S_HDMI-001S_HDMI-001S_HDMI1_HDMI1.nd_in_1
0.000000e+00 (V)  X_HDMI1.Xpartial.X_SpeedXP_auto_HDMI-A_HDMI-001S_HDMI-001S_HDMI-001S_HDMI1_HDMI1.nd_in_10
1.000000e+00 (V)  X_HDMI1.Xpartial.X_SpeedXP_auto_HDMI-A_HDMI-001S_HDMI-001S_HDMI-001S_HDMI1_HDMI1.nd_in_12
1.000000e+00 (V)  X_HDMI1.Xpartial.X_SpeedXP_auto_HDMI-A_HDMI-001S_HDMI-001S_HDMI-001S_HDMI1_HDMI1.nd_in_3
0.000000e+00 (V)  X_HDMI1.Xpartial.X_SpeedXP_auto_HDMI-A_HDMI-001S_HDMI-001S_HDMI-001S_HDMI1_HDMI1.nd_in_4
1.000000e+00 (V)  X_HDMI1.Xpartial.X_SpeedXP_auto_HDMI-A_HDMI-001S_HDMI-001S_HDMI-001S_HDMI1_HDMI1.nd_in_6
0.000000e+00 (V)  X_HDMI1.Xpartial.X_SpeedXP_auto_HDMI-A_HDMI-001S_HDMI-001S_HDMI-001S_HDMI1_HDMI1.nd_in_7
1.000000e+00 (V)  X_HDMI1.Xpartial.X_SpeedXP_auto_HDMI-A_HDMI-001S_HDMI-001S_HDMI-001S_HDMI1_HDMI1.nd_in_9
1.006305e-10 (V)  X_U8.Xpartial.X_SpeedXP_auto_TC358870XBG_1_VFBGA80_(S1+S2+S3+S4)_TC358870XBG(NOK)_TC358870XBG(NOK)_U8_U8.B_SpeedXP_auto_A8.Output0
1.006305e-10 (V)  X_U8.Xpartial.X_SpeedXP_auto_TC358870XBG_1_VFBGA80_(S1+S2+S3+S4)_TC358870XBG(NOK)_TC358870XBG(NOK)_U8_U8.B_SpeedXP_auto_A8.Output1
2.500000e+00 (V)  X_U8.Xpartial.X_SpeedXP_auto_TC358870XBG_1_VFBGA80_(S1+S2+S3+S4)_TC358870XBG(NOK)_TC358870XBG(NOK)_U8_U8.B_SpeedXP_auto_B8.Output0
2.500000e+00 (V)  X_U8.Xpartial.X_SpeedXP_auto_TC358870XBG_1_VFBGA80_(S1+S2+S3+S4)_TC358870XBG(NOK)_TC358870XBG(NOK)_U8_U8.B_SpeedXP_auto_B8.Output1
0.000000e+00 (V)  X_U8.Xpartial.X_SpeedXP_auto_TC358870XBG_1_VFBGA80_(S1+S2+S3+S4)_TC358870XBG(NOK)_TC358870XBG(NOK)_U8_U8.nd_en_A5
0.000000e+00 (V)  X_U8.Xpartial.X_SpeedXP_auto_TC358870XBG_1_VFBGA80_(S1+S2+S3+S4)_TC358870XBG(NOK)_TC358870XBG(NOK)_U8_U8.nd_en_A6
0.000000e+00 (V)  X_U8.Xpartial.X_SpeedXP_auto_TC358870XBG_1_VFBGA80_(S1+S2+S3+S4)_TC358870XBG(NOK)_TC358870XBG(NOK)_U8_U8.nd_en_A7
0.000000e+00 (V)  X_U8.Xpartial.X_SpeedXP_auto_TC358870XBG_1_VFBGA80_(S1+S2+S3+S4)_TC358870XBG(NOK)_TC358870XBG(NOK)_U8_U8.nd_en_A8
0.000000e+00 (V)  X_U8.Xpartial.X_SpeedXP_auto_TC358870XBG_1_VFBGA80_(S1+S2+S3+S4)_TC358870XBG(NOK)_TC358870XBG(NOK)_U8_U8.nd_en_A9
0.000000e+00 (V)  X_U8.Xpartial.X_SpeedXP_auto_TC358870XBG_1_VFBGA80_(S1+S2+S3+S4)_TC358870XBG(NOK)_TC358870XBG(NOK)_U8_U8.nd_en_B5
0.000000e+00 (V)  X_U8.Xpartial.X_SpeedXP_auto_TC358870XBG_1_VFBGA80_(S1+S2+S3+S4)_TC358870XBG(NOK)_TC358870XBG(NOK)_U8_U8.nd_en_B6
0.000000e+00 (V)  X_U8.Xpartial.X_SpeedXP_auto_TC358870XBG_1_VFBGA80_(S1+S2+S3+S4)_TC358870XBG(NOK)_TC358870XBG(NOK)_U8_U8.nd_en_B7
0.000000e+00 (V)  X_U8.Xpartial.X_SpeedXP_auto_TC358870XBG_1_VFBGA80_(S1+S2+S3+S4)_TC358870XBG(NOK)_TC358870XBG(NOK)_U8_U8.nd_en_B8
0.000000e+00 (V)  X_U8.Xpartial.X_SpeedXP_auto_TC358870XBG_1_VFBGA80_(S1+S2+S3+S4)_TC358870XBG(NOK)_TC358870XBG(NOK)_U8_U8.nd_en_B9
0.000000e+00 (V)  X_U8.Xpartial.X_SpeedXP_auto_TC358870XBG_1_VFBGA80_(S1+S2+S3+S4)_TC358870XBG(NOK)_TC358870XBG(NOK)_U8_U8.nd_en_C1
0.000000e+00 (V)  X_U8.Xpartial.X_SpeedXP_auto_TC358870XBG_1_VFBGA80_(S1+S2+S3+S4)_TC358870XBG(NOK)_TC358870XBG(NOK)_U8_U8.nd_en_C2
0.000000e+00 (V)  X_U8.Xpartial.X_SpeedXP_auto_TC358870XBG_1_VFBGA80_(S1+S2+S3+S4)_TC358870XBG(NOK)_TC358870XBG(NOK)_U8_U8.nd_en_D1
0.000000e+00 (V)  X_U8.Xpartial.X_SpeedXP_auto_TC358870XBG_1_VFBGA80_(S1+S2+S3+S4)_TC358870XBG(NOK)_TC358870XBG(NOK)_U8_U8.nd_en_D10
0.000000e+00 (V)  X_U8.Xpartial.X_SpeedXP_auto_TC358870XBG_1_VFBGA80_(S1+S2+S3+S4)_TC358870XBG(NOK)_TC358870XBG(NOK)_U8_U8.nd_en_D2
0.000000e+00 (V)  X_U8.Xpartial.X_SpeedXP_auto_TC358870XBG_1_VFBGA80_(S1+S2+S3+S4)_TC358870XBG(NOK)_TC358870XBG(NOK)_U8_U8.nd_en_D9
0.000000e+00 (V)  X_U8.Xpartial.X_SpeedXP_auto_TC358870XBG_1_VFBGA80_(S1+S2+S3+S4)_TC358870XBG(NOK)_TC358870XBG(NOK)_U8_U8.nd_en_E1
0.000000e+00 (V)  X_U8.Xpartial.X_SpeedXP_auto_TC358870XBG_1_VFBGA80_(S1+S2+S3+S4)_TC358870XBG(NOK)_TC358870XBG(NOK)_U8_U8.nd_en_E10
0.000000e+00 (V)  X_U8.Xpartial.X_SpeedXP_auto_TC358870XBG_1_VFBGA80_(S1+S2+S3+S4)_TC358870XBG(NOK)_TC358870XBG(NOK)_U8_U8.nd_en_E2
0.000000e+00 (V)  X_U8.Xpartial.X_SpeedXP_auto_TC358870XBG_1_VFBGA80_(S1+S2+S3+S4)_TC358870XBG(NOK)_TC358870XBG(NOK)_U8_U8.nd_en_E9
0.000000e+00 (V)  X_U8.Xpartial.X_SpeedXP_auto_TC358870XBG_1_VFBGA80_(S1+S2+S3+S4)_TC358870XBG(NOK)_TC358870XBG(NOK)_U8_U8.nd_en_F1
0.000000e+00 (V)  X_U8.Xpartial.X_SpeedXP_auto_TC358870XBG_1_VFBGA80_(S1+S2+S3+S4)_TC358870XBG(NOK)_TC358870XBG(NOK)_U8_U8.nd_en_F10
0.000000e+00 (V)  X_U8.Xpartial.X_SpeedXP_auto_TC358870XBG_1_VFBGA80_(S1+S2+S3+S4)_TC358870XBG(NOK)_TC358870XBG(NOK)_U8_U8.nd_en_F2
0.000000e+00 (V)  X_U8.Xpartial.X_SpeedXP_auto_TC358870XBG_1_VFBGA80_(S1+S2+S3+S4)_TC358870XBG(NOK)_TC358870XBG(NOK)_U8_U8.nd_en_F9
0.000000e+00 (V)  X_U8.Xpartial.X_SpeedXP_auto_TC358870XBG_1_VFBGA80_(S1+S2+S3+S4)_TC358870XBG(NOK)_TC358870XBG(NOK)_U8_U8.nd_en_G10
0.000000e+00 (V)  X_U8.Xpartial.X_SpeedXP_auto_TC358870XBG_1_VFBGA80_(S1+S2+S3+S4)_TC358870XBG(NOK)_TC358870XBG(NOK)_U8_U8.nd_en_G9
0.000000e+00 (V)  X_U8.Xpartial.X_SpeedXP_auto_TC358870XBG_1_VFBGA80_(S1+S2+S3+S4)_TC358870XBG(NOK)_TC358870XBG(NOK)_U8_U8.nd_en_H10
0.000000e+00 (V)  X_U8.Xpartial.X_SpeedXP_auto_TC358870XBG_1_VFBGA80_(S1+S2+S3+S4)_TC358870XBG(NOK)_TC358870XBG(NOK)_U8_U8.nd_en_H9
0.000000e+00 (V)  X_U8.Xpartial.X_SpeedXP_auto_TC358870XBG_1_VFBGA80_(S1+S2+S3+S4)_TC358870XBG(NOK)_TC358870XBG(NOK)_U8_U8.nd_in_A8
0.000000e+00 (V)  X_U8.Xpartial.X_SpeedXP_auto_TC358870XBG_1_VFBGA80_(S1+S2+S3+S4)_TC358870XBG(NOK)_TC358870XBG(NOK)_U8_U8.nd_in_B8
0.000000e+00 (V)  X_U8.Xpartial.X_SpeedXP_auto_TC358870XBG_1_VFBGA80_(S1+S2+S3+S4)_TC358870XBG(NOK)_TC358870XBG(NOK)_U8_U8.nd_out_of_in_A8
1.000000e+00 (V)  X_U8.Xpartial.X_SpeedXP_auto_TC358870XBG_1_VFBGA80_(S1+S2+S3+S4)_TC358870XBG(NOK)_TC358870XBG(NOK)_U8_U8.nd_out_of_in_B8
2.500000e+00 (V)  X_U8.Xpartial.X_SpeedXP_auto_TC358870XBG_1_VFBGA80_(S1+S2+S3+S4)_TC358870XBG(NOK)_TC358870XBG(NOK)_U8_U8.Power_A8
2.500000e+00 (V)  X_U8.Xpartial.X_SpeedXP_auto_TC358870XBG_1_VFBGA80_(S1+S2+S3+S4)_TC358870XBG(NOK)_TC358870XBG(NOK)_U8_U8.Power_B8
2.500000e+00 (V)  Xvia0.Node1778::MIPI_DSI1_DATA1_Ntmp
1.001645e-10 (V)  Xvia0.Node2009::MIPI_DSI1_DATA1_Ptmp
-1.100000e-12 (A)  V_PWR_VCC_1V1
-1.200000e-12 (A)  V_PWR_VCC_1V2
-1.800000e-12 (A)  V_PWR_VCC_1V8
-3.300000e-12 (A)  V_PWR_VCC_3V3
-5.000000e-12 (A)  V_PWR_VCC_5V
-5.000000e-12 (A)  V_PWR_VCC_5V5
-5.000000e-12 (A)  V_X_CH1.Xpartial.X_SpeedXP_auto_WP7B-P040VA1-R8000_WP7B-P040VA1-R8000_WP7B-P040VA1-R8000_WP7B-P040VA1-R8000_CH1_CH1.B_SpeedXP_auto_13.L_pkg
-5.000000e-12 (A)  V_X_CH1.Xpartial.X_SpeedXP_auto_WP7B-P040VA1-R8000_WP7B-P040VA1-R8000_WP7B-P040VA1-R8000_WP7B-P040VA1-R8000_CH1_CH1.B_SpeedXP_auto_13.R_pkg
1.875011e-10 (A)  V_X_CH1.Xpartial.X_SpeedXP_auto_WP7B-P040VA1-R8000_WP7B-P040VA1-R8000_WP7B-P040VA1-R8000_WP7B-P040VA1-R8000_CH1_CH1.B_SpeedXP_auto_14.L_pkg
1.900011e-10 (A)  V_X_CH1.Xpartial.X_SpeedXP_auto_WP7B-P040VA1-R8000_WP7B-P040VA1-R8000_WP7B-P040VA1-R8000_WP7B-P040VA1-R8000_CH1_CH1.B_SpeedXP_auto_14.R_pkg
5.000000e-12 (A)  V_X_U8.Xpartial.X_SpeedXP_auto_TC358870XBG_1_VFBGA80_(S1+S2+S3+S4)_TC358870XBG(NOK)_TC358870XBG(NOK)_U8_U8.B_SpeedXP_auto_A8.L_pkg
5.000000e-12 (A)  V_X_U8.Xpartial.X_SpeedXP_auto_TC358870XBG_1_VFBGA80_(S1+S2+S3+S4)_TC358870XBG(NOK)_TC358870XBG(NOK)_U8_U8.B_SpeedXP_auto_A8.R_pkg
-1.000003e-11 (A)  V_X_U8.Xpartial.X_SpeedXP_auto_TC358870XBG_1_VFBGA80_(S1+S2+S3+S4)_TC358870XBG(NOK)_TC358870XBG(NOK)_U8_U8.B_SpeedXP_auto_B8.L_pkg
-7.500001e-12 (A)  V_X_U8.Xpartial.X_SpeedXP_auto_TC358870XBG_1_VFBGA80_(S1+S2+S3+S4)_TC358870XBG(NOK)_TC358870XBG(NOK)_U8_U8.B_SpeedXP_auto_B8.R_pkg
-1.450008e-10 (A)  W_Trace1347::MIPI_DSI1_DATA1_N~0
1.400008e-10 (A)  W_Trace1350::MIPI_DSI1_DATA1_N~0
-1.350007e-10 (A)  W_Trace1371::MIPI_DSI1_DATA1_N~0
-1.250006e-10 (A)  W_Trace1373::MIPI_DSI1_DATA1_N~0
-1.300007e-10 (A)  W_Trace1373_Auto_70::MIPI_DSI1_DATA1_N~0
1.225006e-10 (A)  W_Trace1375::MIPI_DSI1_DATA1_N~0
1.200006e-10 (A)  W_Trace1377::MIPI_DSI1_DATA1_N~0
1.150005e-10 (A)  W_Trace1378::MIPI_DSI1_DATA1_N~0
1.125005e-10 (A)  W_Trace1381::MIPI_DSI1_DATA1_N~0
1.075005e-10 (A)  W_Trace1382::MIPI_DSI1_DATA1_N~0
1.050005e-10 (A)  W_Trace1387::MIPI_DSI1_DATA1_N~0
-1.000005e-10 (A)  W_Trace1396::MIPI_DSI1_DATA1_N~0
9.500048e-11 (A)  W_Trace1398_Auto_58::MIPI_DSI1_DATA1_N~0
-9.250052e-11 (A)  W_Trace1402::MIPI_DSI1_DATA1_N~0
-8.500044e-11 (A)  W_Trace1404::MIPI_DSI1_DATA1_N~0
-9.000052e-11 (A)  W_Trace1404_Auto_30::MIPI_DSI1_DATA1_N~0
-8.250040e-11 (A)  W_Trace1408::MIPI_DSI1_DATA1_N~0
-8.000039e-11 (A)  W_Trace1410_Auto_48::MIPI_DSI1_DATA1_N~0
-7.500033e-11 (A)  W_Trace1419::MIPI_DSI1_DATA1_N~0
-7.000028e-11 (A)  W_Trace1421::MIPI_DSI1_DATA1_N~0
-6.250026e-11 (A)  W_Trace1422::MIPI_DSI1_DATA1_N~0
-6.750028e-11 (A)  W_Trace1422_Auto_113::MIPI_DSI1_DATA1_N~0
-5.500016e-11 (A)  W_Trace1423::MIPI_DSI1_DATA1_N~0
-6.000021e-11 (A)  W_Trace1423_Auto_111::MIPI_DSI1_DATA1_N~0
-4.750014e-11 (A)  W_Trace1424::MIPI_DSI1_DATA1_N~0
-5.250018e-11 (A)  W_Trace1424_Auto_107::MIPI_DSI1_DATA1_N~0
-4.500011e-11 (A)  W_Trace1425_Auto_105::MIPI_DSI1_DATA1_N~0
-3.500008e-11 (A)  W_Trace1427::MIPI_DSI1_DATA1_N~0
-2.750001e-11 (A)  W_Trace1428::MIPI_DSI1_DATA1_N~0
-3.250005e-11 (A)  W_Trace1428_Auto_72::MIPI_DSI1_DATA1_N~0
2.500002e-11 (A)  W_Trace1430::MIPI_DSI1_DATA1_N~0
-1.999998e-11 (A)  W_Trace1432::MIPI_DSI1_DATA1_N~0
-1.500004e-11 (A)  W_Trace1433::MIPI_DSI1_DATA1_N~0
-1.250004e-11 (A)  W_Trace1437::MIPI_DSI1_DATA1_N~0
1.525008e-10 (A)  W_Trace1439::MIPI_DSI1_DATA1_N~0
-1.575008e-10 (A)  W_Trace1442::MIPI_DSI1_DATA1_N~0
-1.625009e-10 (A)  W_Trace1444#BP0_Auto_150::MIPI_DSI1_DATA1_N~0
-1.650009e-10 (A)  W_Trace1446::MIPI_DSI1_DATA1_N~0
-1.675010e-10 (A)  W_Trace1448::MIPI_DSI1_DATA1_N~0
-1.725010e-10 (A)  W_Trace1449::MIPI_DSI1_DATA1_N~0
-1.775011e-10 (A)  W_Trace1450_Auto_187::MIPI_DSI1_DATA1_N~0
-1.825011e-10 (A)  W_Trace1451::MIPI_DSI1_DATA1_N~0
5.000000e-12 (A)  W_Trace1556_Auto_48::MIPI_DSI1_DATA1_P~0
5.000000e-12 (A)  W_Trace1558::MIPI_DSI1_DATA1_P~0
5.000000e-12 (A)  W_Trace1561_Auto_101::MIPI_DSI1_DATA1_P~0
-5.000000e-12 (A)  W_Trace1562::MIPI_DSI1_DATA1_P~0
-5.000000e-12 (A)  W_Trace1562_Auto_103::MIPI_DSI1_DATA1_P~0
5.000000e-12 (A)  W_Trace1563::MIPI_DSI1_DATA1_P~0
-5.000000e-12 (A)  W_Trace1576::MIPI_DSI1_DATA1_P~0
5.000000e-12 (A)  W_Trace1578::MIPI_DSI1_DATA1_P~0
-5.000000e-12 (A)  W_Trace1582::MIPI_DSI1_DATA1_P~0
-5.000000e-12 (A)  W_Trace1588::MIPI_DSI1_DATA1_P~0
-5.000000e-12 (A)  W_Trace1590::MIPI_DSI1_DATA1_P~0
-5.000000e-12 (A)  W_Trace1599::MIPI_DSI1_DATA1_P~0
-5.000000e-12 (A)  W_Trace1601_Auto_60::MIPI_DSI1_DATA1_P~0
-5.000000e-12 (A)  W_Trace1605::MIPI_DSI1_DATA1_P~0
-5.000000e-12 (A)  W_Trace1607_Auto_62::MIPI_DSI1_DATA1_P~0
-5.000000e-12 (A)  W_Trace1609::MIPI_DSI1_DATA1_P~0
-5.000000e-12 (A)  W_Trace1611_Auto_64::MIPI_DSI1_DATA1_P~0
-5.000000e-12 (A)  W_Trace1613::MIPI_DSI1_DATA1_P~0
-5.000000e-12 (A)  W_Trace1658::MIPI_DSI1_DATA1_P~0
-5.000000e-12 (A)  W_Trace1660#BP0::MIPI_DSI1_DATA1_P~0
-5.000000e-12 (A)  W_Trace1660#BP0_Auto_66::MIPI_DSI1_DATA1_P~0
5.000000e-12 (A)  W_Trace1660_Auto_72::MIPI_DSI1_DATA1_P~0
-5.000000e-12 (A)  W_Trace1666::MIPI_DSI1_DATA1_P~0
5.000000e-12 (A)  W_Trace1667::MIPI_DSI1_DATA1_P~0
5.000000e-12 (A)  W_Trace1667_Auto_130::MIPI_DSI1_DATA1_P~0
5.000000e-12 (A)  W_Trace1669::MIPI_DSI1_DATA1_P~0
5.000000e-12 (A)  W_Trace1671::MIPI_DSI1_DATA1_P~0
5.000000e-12 (A)  W_Trace1673::MIPI_DSI1_DATA1_P~0
5.000000e-12 (A)  W_Trace1676::MIPI_DSI1_DATA1_P~0
5.000000e-12 (A)  W_Trace1677_Auto_185::MIPI_DSI1_DATA1_P~0
5.000000e-12 (A)  W_Trace1678::MIPI_DSI1_DATA1_P~0
1.425008e-10 (A)  WCPL_Trace1348::MIPI_DSI1_DATA1_N~0
-5.000000e-12 (A)  WCPL_Trace1348::MIPI_DSI1_DATA1_N~1
1.375007e-10 (A)  WCPL_Trace1350_Auto_67::MIPI_DSI1_DATA1_N~0
-5.000000e-12 (A)  WCPL_Trace1350_Auto_67::MIPI_DSI1_DATA1_N~1
1.175006e-10 (A)  WCPL_Trace1377_Auto_63::MIPI_DSI1_DATA1_N~0
-5.000000e-12 (A)  WCPL_Trace1377_Auto_63::MIPI_DSI1_DATA1_N~1
1.100005e-10 (A)  WCPL_Trace1381_Auto_61::MIPI_DSI1_DATA1_N~0
-5.000000e-12 (A)  WCPL_Trace1381_Auto_61::MIPI_DSI1_DATA1_N~1
1.025005e-10 (A)  WCPL_Trace1387_Auto_59::MIPI_DSI1_DATA1_N~0
-5.000000e-12 (A)  WCPL_Trace1387_Auto_59::MIPI_DSI1_DATA1_N~1
9.750049e-11 (A)  WCPL_Trace1398::MIPI_DSI1_DATA1_N~0
-5.000000e-12 (A)  WCPL_Trace1398::MIPI_DSI1_DATA1_N~1
4.000013e-11 (A)  WCPL_Trace1426::MIPI_DSI1_DATA1_N~0
-5.000000e-12 (A)  WCPL_Trace1426::MIPI_DSI1_DATA1_N~1
5.000000e-12 (A)  WCPL_Trace1555::MIPI_DSI1_DATA1_P~0
-1.750003e-11 (A)  WCPL_Trace1555::MIPI_DSI1_DATA1_P~1
5.000000e-12 (A)  WCPL_Trace1556::MIPI_DSI1_DATA1_P~0
-2.249998e-11 (A)  WCPL_Trace1556::MIPI_DSI1_DATA1_P~1
5.000000e-12 (A)  WCPL_Trace1560::MIPI_DSI1_DATA1_P~0
-3.000001e-11 (A)  WCPL_Trace1560::MIPI_DSI1_DATA1_P~1
5.000000e-12 (A)  WCPL_Trace1561::MIPI_DSI1_DATA1_P~0
-3.750010e-11 (A)  WCPL_Trace1561::MIPI_DSI1_DATA1_P~1
5.000000e-12 (A)  WCPL_Trace1563_Auto_104::MIPI_DSI1_DATA1_P~0
-4.250012e-11 (A)  WCPL_Trace1563_Auto_104::MIPI_DSI1_DATA1_P~1
5.000000e-12 (A)  WCPL_Trace1564::MIPI_DSI1_DATA1_P~0
-5.000011e-11 (A)  WCPL_Trace1564::MIPI_DSI1_DATA1_P~1
5.000000e-12 (A)  WCPL_Trace1565::MIPI_DSI1_DATA1_P~0
-5.750016e-11 (A)  WCPL_Trace1565::MIPI_DSI1_DATA1_P~1
5.000000e-12 (A)  WCPL_Trace1566::MIPI_DSI1_DATA1_P~0
-6.500027e-11 (A)  WCPL_Trace1566::MIPI_DSI1_DATA1_P~1
5.000000e-12 (A)  WCPL_Trace1567::MIPI_DSI1_DATA1_P~0
-7.250028e-11 (A)  WCPL_Trace1567::MIPI_DSI1_DATA1_P~1
5.000000e-12 (A)  WCPL_Trace1578_Auto_47::MIPI_DSI1_DATA1_P~0
-7.750038e-11 (A)  WCPL_Trace1578_Auto_47::MIPI_DSI1_DATA1_P~1
5.000000e-12 (A)  WCPL_Trace1584::MIPI_DSI1_DATA1_P~0
-8.750049e-11 (A)  WCPL_Trace1584::MIPI_DSI1_DATA1_P~1
5.000000e-12 (A)  WCPL_Trace1615::MIPI_DSI1_DATA1_P~0
-1.275007e-10 (A)  WCPL_Trace1615::MIPI_DSI1_DATA1_P~1
5.000000e-12 (A)  WCPL_Trace1660_Auto_68::MIPI_DSI1_DATA1_P~0
-1.325007e-10 (A)  WCPL_Trace1660_Auto_68::MIPI_DSI1_DATA1_P~1
5.000000e-12 (A)  WCPL_Trace1667_Auto_129::MIPI_DSI1_DATA1_P~0
-1.550008e-10 (A)  WCPL_Trace1667_Auto_129::MIPI_DSI1_DATA1_P~1
5.000000e-12 (A)  WCPL_Trace1671_Auto_149::MIPI_DSI1_DATA1_P~0
-1.600009e-10 (A)  WCPL_Trace1671_Auto_149::MIPI_DSI1_DATA1_P~1
5.000000e-12 (A)  WCPL_Trace1675::MIPI_DSI1_DATA1_P~0
-1.700010e-10 (A)  WCPL_Trace1675::MIPI_DSI1_DATA1_P~1
5.000000e-12 (A)  WCPL_Trace1675_Auto_186::MIPI_DSI1_DATA1_P~0
-1.750011e-10 (A)  WCPL_Trace1675_Auto_186::MIPI_DSI1_DATA1_P~1
5.000000e-12 (A)  WCPL_Trace1677::MIPI_DSI1_DATA1_P~0
-1.800011e-10 (A)  WCPL_Trace1677::MIPI_DSI1_DATA1_P~1
5.000000e-12 (A)  WCPL_Trace1680::MIPI_DSI1_DATA1_P~0
-1.850011e-10 (A)  WCPL_Trace1680::MIPI_DSI1_DATA1_P~1
-5.050000e-11 (A)  X_CH1.Xpartial.X_SpeedXP_auto_WP7B-P040VA1-R8000_WP7B-P040VA1-R8000_WP7B-P040VA1-R8000_WP7B-P040VA1-R8000_CH1_CH1.B_SpeedXP_auto_13_OutOfIn
-5.050000e-11 (A)  X_CH1.Xpartial.X_SpeedXP_auto_WP7B-P040VA1-R8000_WP7B-P040VA1-R8000_WP7B-P040VA1-R8000_WP7B-P040VA1-R8000_CH1_CH1.B_SpeedXP_auto_14_OutOfIn
-1.000000e-12 (A)  X_CH1.Xpartial.X_SpeedXP_auto_WP7B-P040VA1-R8000_WP7B-P040VA1-R8000_WP7B-P040VA1-R8000_WP7B-P040VA1-R8000_CH1_CH1.V_SpeedXP_auto_10_En
-1.000000e-12 (A)  X_CH1.Xpartial.X_SpeedXP_auto_WP7B-P040VA1-R8000_WP7B-P040VA1-R8000_WP7B-P040VA1-R8000_WP7B-P040VA1-R8000_CH1_CH1.V_SpeedXP_auto_11_En
-1.000000e-12 (A)  X_CH1.Xpartial.X_SpeedXP_auto_WP7B-P040VA1-R8000_WP7B-P040VA1-R8000_WP7B-P040VA1-R8000_WP7B-P040VA1-R8000_CH1_CH1.V_SpeedXP_auto_12_En
-1.010000e-10 (A)  X_CH1.Xpartial.X_SpeedXP_auto_WP7B-P040VA1-R8000_WP7B-P040VA1-R8000_WP7B-P040VA1-R8000_WP7B-P040VA1-R8000_CH1_CH1.V_SpeedXP_auto_13_En
-1.010000e-10 (A)  X_CH1.Xpartial.X_SpeedXP_auto_WP7B-P040VA1-R8000_WP7B-P040VA1-R8000_WP7B-P040VA1-R8000_WP7B-P040VA1-R8000_CH1_CH1.V_SpeedXP_auto_14_En
-1.000000e-12 (A)  X_CH1.Xpartial.X_SpeedXP_auto_WP7B-P040VA1-R8000_WP7B-P040VA1-R8000_WP7B-P040VA1-R8000_WP7B-P040VA1-R8000_CH1_CH1.V_SpeedXP_auto_15_En
-1.000000e-12 (A)  X_CH1.Xpartial.X_SpeedXP_auto_WP7B-P040VA1-R8000_WP7B-P040VA1-R8000_WP7B-P040VA1-R8000_WP7B-P040VA1-R8000_CH1_CH1.V_SpeedXP_auto_16_En
-1.000000e-12 (A)  X_CH1.Xpartial.X_SpeedXP_auto_WP7B-P040VA1-R8000_WP7B-P040VA1-R8000_WP7B-P040VA1-R8000_WP7B-P040VA1-R8000_CH1_CH1.V_SpeedXP_auto_17_En
-1.000000e-12 (A)  X_CH1.Xpartial.X_SpeedXP_auto_WP7B-P040VA1-R8000_WP7B-P040VA1-R8000_WP7B-P040VA1-R8000_WP7B-P040VA1-R8000_CH1_CH1.V_SpeedXP_auto_18_En
-1.000000e-12 (A)  X_CH1.Xpartial.X_SpeedXP_auto_WP7B-P040VA1-R8000_WP7B-P040VA1-R8000_WP7B-P040VA1-R8000_WP7B-P040VA1-R8000_CH1_CH1.V_SpeedXP_auto_19_En
-1.000000e-12 (A)  X_CH1.Xpartial.X_SpeedXP_auto_WP7B-P040VA1-R8000_WP7B-P040VA1-R8000_WP7B-P040VA1-R8000_WP7B-P040VA1-R8000_CH1_CH1.V_SpeedXP_auto_1_En
-1.000000e-12 (A)  X_CH1.Xpartial.X_SpeedXP_auto_WP7B-P040VA1-R8000_WP7B-P040VA1-R8000_WP7B-P040VA1-R8000_WP7B-P040VA1-R8000_CH1_CH1.V_SpeedXP_auto_20_En
-1.000000e-12 (A)  X_CH1.Xpartial.X_SpeedXP_auto_WP7B-P040VA1-R8000_WP7B-P040VA1-R8000_WP7B-P040VA1-R8000_WP7B-P040VA1-R8000_CH1_CH1.V_SpeedXP_auto_2_En
-1.000000e-12 (A)  X_CH1.Xpartial.X_SpeedXP_auto_WP7B-P040VA1-R8000_WP7B-P040VA1-R8000_WP7B-P040VA1-R8000_WP7B-P040VA1-R8000_CH1_CH1.V_SpeedXP_auto_3_En
-1.000000e-12 (A)  X_CH1.Xpartial.X_SpeedXP_auto_WP7B-P040VA1-R8000_WP7B-P040VA1-R8000_WP7B-P040VA1-R8000_WP7B-P040VA1-R8000_CH1_CH1.V_SpeedXP_auto_4_En
-1.000000e-12 (A)  X_CH1.Xpartial.X_SpeedXP_auto_WP7B-P040VA1-R8000_WP7B-P040VA1-R8000_WP7B-P040VA1-R8000_WP7B-P040VA1-R8000_CH1_CH1.V_SpeedXP_auto_5_En
-1.000000e-12 (A)  X_CH1.Xpartial.X_SpeedXP_auto_WP7B-P040VA1-R8000_WP7B-P040VA1-R8000_WP7B-P040VA1-R8000_WP7B-P040VA1-R8000_CH1_CH1.V_SpeedXP_auto_6_En
-1.000000e-12 (A)  X_CH1.Xpartial.X_SpeedXP_auto_WP7B-P040VA1-R8000_WP7B-P040VA1-R8000_WP7B-P040VA1-R8000_WP7B-P040VA1-R8000_CH1_CH1.V_SpeedXP_auto_7_En
-1.000000e-12 (A)  X_CH1.Xpartial.X_SpeedXP_auto_WP7B-P040VA1-R8000_WP7B-P040VA1-R8000_WP7B-P040VA1-R8000_WP7B-P040VA1-R8000_CH1_CH1.V_SpeedXP_auto_8_En
-1.000000e-12 (A)  X_CH1.Xpartial.X_SpeedXP_auto_WP7B-P040VA1-R8000_WP7B-P040VA1-R8000_WP7B-P040VA1-R8000_WP7B-P040VA1-R8000_CH1_CH1.V_SpeedXP_auto_9_En
-7.500000e-12 (A)  X_CH1.Xpartial.X_SpeedXP_auto_WP7B-P040VA1-R8000_WP7B-P040VA1-R8000_WP7B-P040VA1-R8000_WP7B-P040VA1-R8000_CH1_CH1.Vpwr_13
-2.000011e-10 (A)  X_CH1.Xpartial.X_SpeedXP_auto_WP7B-P040VA1-R8000_WP7B-P040VA1-R8000_WP7B-P040VA1-R8000_WP7B-P040VA1-R8000_CH1_CH1.Vpwr_14
0.000000e+00 (A)  X_CH1.Xpartial.X_SpeedXP_auto_WP7B-P040VA1-R8000_WP7B-P040VA1-R8000_WP7B-P040VA1-R8000_WP7B-P040VA1-R8000_CH1_CH1.X_SpeedXP_auto_10_St.v1
0.000000e+00 (A)  X_CH1.Xpartial.X_SpeedXP_auto_WP7B-P040VA1-R8000_WP7B-P040VA1-R8000_WP7B-P040VA1-R8000_WP7B-P040VA1-R8000_CH1_CH1.X_SpeedXP_auto_11_St.v1
-1.000000e-12 (A)  X_CH1.Xpartial.X_SpeedXP_auto_WP7B-P040VA1-R8000_WP7B-P040VA1-R8000_WP7B-P040VA1-R8000_WP7B-P040VA1-R8000_CH1_CH1.X_SpeedXP_auto_12_St.v1
0.000000e+00 (A)  X_CH1.Xpartial.X_SpeedXP_auto_WP7B-P040VA1-R8000_WP7B-P040VA1-R8000_WP7B-P040VA1-R8000_WP7B-P040VA1-R8000_CH1_CH1.X_SpeedXP_auto_13_St.v1
-1.010000e-10 (A)  X_CH1.Xpartial.X_SpeedXP_auto_WP7B-P040VA1-R8000_WP7B-P040VA1-R8000_WP7B-P040VA1-R8000_WP7B-P040VA1-R8000_CH1_CH1.X_SpeedXP_auto_14_St.v1
0.000000e+00 (A)  X_CH1.Xpartial.X_SpeedXP_auto_WP7B-P040VA1-R8000_WP7B-P040VA1-R8000_WP7B-P040VA1-R8000_WP7B-P040VA1-R8000_CH1_CH1.X_SpeedXP_auto_15_St.v1
-1.000000e-12 (A)  X_CH1.Xpartial.X_SpeedXP_auto_WP7B-P040VA1-R8000_WP7B-P040VA1-R8000_WP7B-P040VA1-R8000_WP7B-P040VA1-R8000_CH1_CH1.X_SpeedXP_auto_16_St.v1
0.000000e+00 (A)  X_CH1.Xpartial.X_SpeedXP_auto_WP7B-P040VA1-R8000_WP7B-P040VA1-R8000_WP7B-P040VA1-R8000_WP7B-P040VA1-R8000_CH1_CH1.X_SpeedXP_auto_17_St.v1
-1.000000e-12 (A)  X_CH1.Xpartial.X_SpeedXP_auto_WP7B-P040VA1-R8000_WP7B-P040VA1-R8000_WP7B-P040VA1-R8000_WP7B-P040VA1-R8000_CH1_CH1.X_SpeedXP_auto_18_St.v1
0.000000e+00 (A)  X_CH1.Xpartial.X_SpeedXP_auto_WP7B-P040VA1-R8000_WP7B-P040VA1-R8000_WP7B-P040VA1-R8000_WP7B-P040VA1-R8000_CH1_CH1.X_SpeedXP_auto_19_St.v1
-1.000000e-12 (A)  X_CH1.Xpartial.X_SpeedXP_auto_WP7B-P040VA1-R8000_WP7B-P040VA1-R8000_WP7B-P040VA1-R8000_WP7B-P040VA1-R8000_CH1_CH1.X_SpeedXP_auto_1_St.v1
-1.000000e-12 (A)  X_CH1.Xpartial.X_SpeedXP_auto_WP7B-P040VA1-R8000_WP7B-P040VA1-R8000_WP7B-P040VA1-R8000_WP7B-P040VA1-R8000_CH1_CH1.X_SpeedXP_auto_20_St.v1
0.000000e+00 (A)  X_CH1.Xpartial.X_SpeedXP_auto_WP7B-P040VA1-R8000_WP7B-P040VA1-R8000_WP7B-P040VA1-R8000_WP7B-P040VA1-R8000_CH1_CH1.X_SpeedXP_auto_2_St.v1
-1.000000e-12 (A)  X_CH1.Xpartial.X_SpeedXP_auto_WP7B-P040VA1-R8000_WP7B-P040VA1-R8000_WP7B-P040VA1-R8000_WP7B-P040VA1-R8000_CH1_CH1.X_SpeedXP_auto_3_St.v1
0.000000e+00 (A)  X_CH1.Xpartial.X_SpeedXP_auto_WP7B-P040VA1-R8000_WP7B-P040VA1-R8000_WP7B-P040VA1-R8000_WP7B-P040VA1-R8000_CH1_CH1.X_SpeedXP_auto_4_St.v1
-1.000000e-12 (A)  X_CH1.Xpartial.X_SpeedXP_auto_WP7B-P040VA1-R8000_WP7B-P040VA1-R8000_WP7B-P040VA1-R8000_WP7B-P040VA1-R8000_CH1_CH1.X_SpeedXP_auto_5_St.v1
0.000000e+00 (A)  X_CH1.Xpartial.X_SpeedXP_auto_WP7B-P040VA1-R8000_WP7B-P040VA1-R8000_WP7B-P040VA1-R8000_WP7B-P040VA1-R8000_CH1_CH1.X_SpeedXP_auto_6_St.v1
-1.000000e-12 (A)  X_CH1.Xpartial.X_SpeedXP_auto_WP7B-P040VA1-R8000_WP7B-P040VA1-R8000_WP7B-P040VA1-R8000_WP7B-P040VA1-R8000_CH1_CH1.X_SpeedXP_auto_7_St.v1
0.000000e+00 (A)  X_CH1.Xpartial.X_SpeedXP_auto_WP7B-P040VA1-R8000_WP7B-P040VA1-R8000_WP7B-P040VA1-R8000_WP7B-P040VA1-R8000_CH1_CH1.X_SpeedXP_auto_8_St.v1
-1.000000e-12 (A)  X_CH1.Xpartial.X_SpeedXP_auto_WP7B-P040VA1-R8000_WP7B-P040VA1-R8000_WP7B-P040VA1-R8000_WP7B-P040VA1-R8000_CH1_CH1.X_SpeedXP_auto_9_St.v1
0.000000e+00 (A)  X_ESD1.Xpartial.X_SpeedXP_auto_IP4292CZ10_DFN2510A-10_IP4292CZ10-TBR_115_IP4292CZ10-TBR_115_ESD1_ESD1.V_SpeedXP_auto_10_En
0.000000e+00 (A)  X_ESD1.Xpartial.X_SpeedXP_auto_IP4292CZ10_DFN2510A-10_IP4292CZ10-TBR_115_IP4292CZ10-TBR_115_ESD1_ESD1.V_SpeedXP_auto_1_En
0.000000e+00 (A)  X_ESD1.Xpartial.X_SpeedXP_auto_IP4292CZ10_DFN2510A-10_IP4292CZ10-TBR_115_IP4292CZ10-TBR_115_ESD1_ESD1.V_SpeedXP_auto_2_En
0.000000e+00 (A)  X_ESD1.Xpartial.X_SpeedXP_auto_IP4292CZ10_DFN2510A-10_IP4292CZ10-TBR_115_IP4292CZ10-TBR_115_ESD1_ESD1.V_SpeedXP_auto_4_En
0.000000e+00 (A)  X_ESD1.Xpartial.X_SpeedXP_auto_IP4292CZ10_DFN2510A-10_IP4292CZ10-TBR_115_IP4292CZ10-TBR_115_ESD1_ESD1.V_SpeedXP_auto_5_En
0.000000e+00 (A)  X_ESD1.Xpartial.X_SpeedXP_auto_IP4292CZ10_DFN2510A-10_IP4292CZ10-TBR_115_IP4292CZ10-TBR_115_ESD1_ESD1.V_SpeedXP_auto_6_En
0.000000e+00 (A)  X_ESD1.Xpartial.X_SpeedXP_auto_IP4292CZ10_DFN2510A-10_IP4292CZ10-TBR_115_IP4292CZ10-TBR_115_ESD1_ESD1.V_SpeedXP_auto_7_En
0.000000e+00 (A)  X_ESD1.Xpartial.X_SpeedXP_auto_IP4292CZ10_DFN2510A-10_IP4292CZ10-TBR_115_IP4292CZ10-TBR_115_ESD1_ESD1.V_SpeedXP_auto_9_En
0.000000e+00 (A)  X_ESD2.Xpartial.X_SpeedXP_auto_IP4292CZ10_DFN2510A-10_IP4292CZ10-TBR_115_IP4292CZ10-TBR_115_ESD2_ESD2_ESD2.V_SpeedXP_auto_10_En
0.000000e+00 (A)  X_ESD2.Xpartial.X_SpeedXP_auto_IP4292CZ10_DFN2510A-10_IP4292CZ10-TBR_115_IP4292CZ10-TBR_115_ESD2_ESD2_ESD2.V_SpeedXP_auto_1_En
0.000000e+00 (A)  X_ESD2.Xpartial.X_SpeedXP_auto_IP4292CZ10_DFN2510A-10_IP4292CZ10-TBR_115_IP4292CZ10-TBR_115_ESD2_ESD2_ESD2.V_SpeedXP_auto_2_En
0.000000e+00 (A)  X_ESD2.Xpartial.X_SpeedXP_auto_IP4292CZ10_DFN2510A-10_IP4292CZ10-TBR_115_IP4292CZ10-TBR_115_ESD2_ESD2_ESD2.V_SpeedXP_auto_4_En
0.000000e+00 (A)  X_ESD2.Xpartial.X_SpeedXP_auto_IP4292CZ10_DFN2510A-10_IP4292CZ10-TBR_115_IP4292CZ10-TBR_115_ESD2_ESD2_ESD2.V_SpeedXP_auto_5_En
0.000000e+00 (A)  X_ESD2.Xpartial.X_SpeedXP_auto_IP4292CZ10_DFN2510A-10_IP4292CZ10-TBR_115_IP4292CZ10-TBR_115_ESD2_ESD2_ESD2.V_SpeedXP_auto_6_En
0.000000e+00 (A)  X_ESD2.Xpartial.X_SpeedXP_auto_IP4292CZ10_DFN2510A-10_IP4292CZ10-TBR_115_IP4292CZ10-TBR_115_ESD2_ESD2_ESD2.V_SpeedXP_auto_7_En
0.000000e+00 (A)  X_ESD2.Xpartial.X_SpeedXP_auto_IP4292CZ10_DFN2510A-10_IP4292CZ10-TBR_115_IP4292CZ10-TBR_115_ESD2_ESD2_ESD2.V_SpeedXP_auto_9_En
-1.000000e-12 (A)  X_HDMI1.Xpartial.X_SpeedXP_auto_HDMI-A_HDMI-001S_HDMI-001S_HDMI-001S_HDMI1_HDMI1.V_SpeedXP_auto_10_En
-1.000000e-12 (A)  X_HDMI1.Xpartial.X_SpeedXP_auto_HDMI-A_HDMI-001S_HDMI-001S_HDMI-001S_HDMI1_HDMI1.V_SpeedXP_auto_12_En
-1.000000e-12 (A)  X_HDMI1.Xpartial.X_SpeedXP_auto_HDMI-A_HDMI-001S_HDMI-001S_HDMI-001S_HDMI1_HDMI1.V_SpeedXP_auto_1_En
-1.000000e-12 (A)  X_HDMI1.Xpartial.X_SpeedXP_auto_HDMI-A_HDMI-001S_HDMI-001S_HDMI-001S_HDMI1_HDMI1.V_SpeedXP_auto_3_En
-1.000000e-12 (A)  X_HDMI1.Xpartial.X_SpeedXP_auto_HDMI-A_HDMI-001S_HDMI-001S_HDMI-001S_HDMI1_HDMI1.V_SpeedXP_auto_4_En
-1.000000e-12 (A)  X_HDMI1.Xpartial.X_SpeedXP_auto_HDMI-A_HDMI-001S_HDMI-001S_HDMI-001S_HDMI1_HDMI1.V_SpeedXP_auto_6_En
-1.000000e-12 (A)  X_HDMI1.Xpartial.X_SpeedXP_auto_HDMI-A_HDMI-001S_HDMI-001S_HDMI-001S_HDMI1_HDMI1.V_SpeedXP_auto_7_En
-1.000000e-12 (A)  X_HDMI1.Xpartial.X_SpeedXP_auto_HDMI-A_HDMI-001S_HDMI-001S_HDMI-001S_HDMI1_HDMI1.V_SpeedXP_auto_9_En
0.000000e+00 (A)  X_HDMI1.Xpartial.X_SpeedXP_auto_HDMI-A_HDMI-001S_HDMI-001S_HDMI-001S_HDMI1_HDMI1.X_SpeedXP_auto_10_St.v1
-1.000000e-12 (A)  X_HDMI1.Xpartial.X_SpeedXP_auto_HDMI-A_HDMI-001S_HDMI-001S_HDMI-001S_HDMI1_HDMI1.X_SpeedXP_auto_12_St.v1
0.000000e+00 (A)  X_HDMI1.Xpartial.X_SpeedXP_auto_HDMI-A_HDMI-001S_HDMI-001S_HDMI-001S_HDMI1_HDMI1.X_SpeedXP_auto_1_St.v1
-1.000000e-12 (A)  X_HDMI1.Xpartial.X_SpeedXP_auto_HDMI-A_HDMI-001S_HDMI-001S_HDMI-001S_HDMI1_HDMI1.X_SpeedXP_auto_3_St.v1
0.000000e+00 (A)  X_HDMI1.Xpartial.X_SpeedXP_auto_HDMI-A_HDMI-001S_HDMI-001S_HDMI-001S_HDMI1_HDMI1.X_SpeedXP_auto_4_St.v1
-1.000000e-12 (A)  X_HDMI1.Xpartial.X_SpeedXP_auto_HDMI-A_HDMI-001S_HDMI-001S_HDMI-001S_HDMI1_HDMI1.X_SpeedXP_auto_6_St.v1
0.000000e+00 (A)  X_HDMI1.Xpartial.X_SpeedXP_auto_HDMI-A_HDMI-001S_HDMI-001S_HDMI-001S_HDMI1_HDMI1.X_SpeedXP_auto_7_St.v1
-1.000000e-12 (A)  X_HDMI1.Xpartial.X_SpeedXP_auto_HDMI-A_HDMI-001S_HDMI-001S_HDMI-001S_HDMI1_HDMI1.X_SpeedXP_auto_9_St.v1
0.000000e+00 (A)  X_U8.Xpartial.X_SpeedXP_auto_TC358870XBG_1_VFBGA80_(S1+S2+S3+S4)_TC358870XBG(NOK)_TC358870XBG(NOK)_U8_U8.B_SpeedXP_auto_A8_OutOfIn
-1.010000e-10 (A)  X_U8.Xpartial.X_SpeedXP_auto_TC358870XBG_1_VFBGA80_(S1+S2+S3+S4)_TC358870XBG(NOK)_TC358870XBG(NOK)_U8_U8.B_SpeedXP_auto_B8_OutOfIn
0.000000e+00 (A)  X_U8.Xpartial.X_SpeedXP_auto_TC358870XBG_1_VFBGA80_(S1+S2+S3+S4)_TC358870XBG(NOK)_TC358870XBG(NOK)_U8_U8.V_SpeedXP_auto_A5_En
0.000000e+00 (A)  X_U8.Xpartial.X_SpeedXP_auto_TC358870XBG_1_VFBGA80_(S1+S2+S3+S4)_TC358870XBG(NOK)_TC358870XBG(NOK)_U8_U8.V_SpeedXP_auto_A6_En
0.000000e+00 (A)  X_U8.Xpartial.X_SpeedXP_auto_TC358870XBG_1_VFBGA80_(S1+S2+S3+S4)_TC358870XBG(NOK)_TC358870XBG(NOK)_U8_U8.V_SpeedXP_auto_A7_En
0.000000e+00 (A)  X_U8.Xpartial.X_SpeedXP_auto_TC358870XBG_1_VFBGA80_(S1+S2+S3+S4)_TC358870XBG(NOK)_TC358870XBG(NOK)_U8_U8.V_SpeedXP_auto_A8_En
0.000000e+00 (A)  X_U8.Xpartial.X_SpeedXP_auto_TC358870XBG_1_VFBGA80_(S1+S2+S3+S4)_TC358870XBG(NOK)_TC358870XBG(NOK)_U8_U8.V_SpeedXP_auto_A9_En
0.000000e+00 (A)  X_U8.Xpartial.X_SpeedXP_auto_TC358870XBG_1_VFBGA80_(S1+S2+S3+S4)_TC358870XBG(NOK)_TC358870XBG(NOK)_U8_U8.V_SpeedXP_auto_B5_En
0.000000e+00 (A)  X_U8.Xpartial.X_SpeedXP_auto_TC358870XBG_1_VFBGA80_(S1+S2+S3+S4)_TC358870XBG(NOK)_TC358870XBG(NOK)_U8_U8.V_SpeedXP_auto_B6_En
0.000000e+00 (A)  X_U8.Xpartial.X_SpeedXP_auto_TC358870XBG_1_VFBGA80_(S1+S2+S3+S4)_TC358870XBG(NOK)_TC358870XBG(NOK)_U8_U8.V_SpeedXP_auto_B7_En
0.000000e+00 (A)  X_U8.Xpartial.X_SpeedXP_auto_TC358870XBG_1_VFBGA80_(S1+S2+S3+S4)_TC358870XBG(NOK)_TC358870XBG(NOK)_U8_U8.V_SpeedXP_auto_B8_En
0.000000e+00 (A)  X_U8.Xpartial.X_SpeedXP_auto_TC358870XBG_1_VFBGA80_(S1+S2+S3+S4)_TC358870XBG(NOK)_TC358870XBG(NOK)_U8_U8.V_SpeedXP_auto_B9_En
0.000000e+00 (A)  X_U8.Xpartial.X_SpeedXP_auto_TC358870XBG_1_VFBGA80_(S1+S2+S3+S4)_TC358870XBG(NOK)_TC358870XBG(NOK)_U8_U8.V_SpeedXP_auto_C1_En
0.000000e+00 (A)  X_U8.Xpartial.X_SpeedXP_auto_TC358870XBG_1_VFBGA80_(S1+S2+S3+S4)_TC358870XBG(NOK)_TC358870XBG(NOK)_U8_U8.V_SpeedXP_auto_C2_En
0.000000e+00 (A)  X_U8.Xpartial.X_SpeedXP_auto_TC358870XBG_1_VFBGA80_(S1+S2+S3+S4)_TC358870XBG(NOK)_TC358870XBG(NOK)_U8_U8.V_SpeedXP_auto_D10_En
0.000000e+00 (A)  X_U8.Xpartial.X_SpeedXP_auto_TC358870XBG_1_VFBGA80_(S1+S2+S3+S4)_TC358870XBG(NOK)_TC358870XBG(NOK)_U8_U8.V_SpeedXP_auto_D1_En
0.000000e+00 (A)  X_U8.Xpartial.X_SpeedXP_auto_TC358870XBG_1_VFBGA80_(S1+S2+S3+S4)_TC358870XBG(NOK)_TC358870XBG(NOK)_U8_U8.V_SpeedXP_auto_D2_En
0.000000e+00 (A)  X_U8.Xpartial.X_SpeedXP_auto_TC358870XBG_1_VFBGA80_(S1+S2+S3+S4)_TC358870XBG(NOK)_TC358870XBG(NOK)_U8_U8.V_SpeedXP_auto_D9_En
0.000000e+00 (A)  X_U8.Xpartial.X_SpeedXP_auto_TC358870XBG_1_VFBGA80_(S1+S2+S3+S4)_TC358870XBG(NOK)_TC358870XBG(NOK)_U8_U8.V_SpeedXP_auto_E10_En
0.000000e+00 (A)  X_U8.Xpartial.X_SpeedXP_auto_TC358870XBG_1_VFBGA80_(S1+S2+S3+S4)_TC358870XBG(NOK)_TC358870XBG(NOK)_U8_U8.V_SpeedXP_auto_E1_En
0.000000e+00 (A)  X_U8.Xpartial.X_SpeedXP_auto_TC358870XBG_1_VFBGA80_(S1+S2+S3+S4)_TC358870XBG(NOK)_TC358870XBG(NOK)_U8_U8.V_SpeedXP_auto_E2_En
0.000000e+00 (A)  X_U8.Xpartial.X_SpeedXP_auto_TC358870XBG_1_VFBGA80_(S1+S2+S3+S4)_TC358870XBG(NOK)_TC358870XBG(NOK)_U8_U8.V_SpeedXP_auto_E9_En
0.000000e+00 (A)  X_U8.Xpartial.X_SpeedXP_auto_TC358870XBG_1_VFBGA80_(S1+S2+S3+S4)_TC358870XBG(NOK)_TC358870XBG(NOK)_U8_U8.V_SpeedXP_auto_F10_En
0.000000e+00 (A)  X_U8.Xpartial.X_SpeedXP_auto_TC358870XBG_1_VFBGA80_(S1+S2+S3+S4)_TC358870XBG(NOK)_TC358870XBG(NOK)_U8_U8.V_SpeedXP_auto_F1_En
0.000000e+00 (A)  X_U8.Xpartial.X_SpeedXP_auto_TC358870XBG_1_VFBGA80_(S1+S2+S3+S4)_TC358870XBG(NOK)_TC358870XBG(NOK)_U8_U8.V_SpeedXP_auto_F2_En
0.000000e+00 (A)  X_U8.Xpartial.X_SpeedXP_auto_TC358870XBG_1_VFBGA80_(S1+S2+S3+S4)_TC358870XBG(NOK)_TC358870XBG(NOK)_U8_U8.V_SpeedXP_auto_F9_En
0.000000e+00 (A)  X_U8.Xpartial.X_SpeedXP_auto_TC358870XBG_1_VFBGA80_(S1+S2+S3+S4)_TC358870XBG(NOK)_TC358870XBG(NOK)_U8_U8.V_SpeedXP_auto_G10_En
0.000000e+00 (A)  X_U8.Xpartial.X_SpeedXP_auto_TC358870XBG_1_VFBGA80_(S1+S2+S3+S4)_TC358870XBG(NOK)_TC358870XBG(NOK)_U8_U8.V_SpeedXP_auto_G9_En
0.000000e+00 (A)  X_U8.Xpartial.X_SpeedXP_auto_TC358870XBG_1_VFBGA80_(S1+S2+S3+S4)_TC358870XBG(NOK)_TC358870XBG(NOK)_U8_U8.V_SpeedXP_auto_H10_En
0.000000e+00 (A)  X_U8.Xpartial.X_SpeedXP_auto_TC358870XBG_1_VFBGA80_(S1+S2+S3+S4)_TC358870XBG(NOK)_TC358870XBG(NOK)_U8_U8.V_SpeedXP_auto_H9_En
-7.500000e-12 (A)  X_U8.Xpartial.X_SpeedXP_auto_TC358870XBG_1_VFBGA80_(S1+S2+S3+S4)_TC358870XBG(NOK)_TC358870XBG(NOK)_U8_U8.Vpwr_A8
-2.500000e-12 (A)  X_U8.Xpartial.X_SpeedXP_auto_TC358870XBG_1_VFBGA80_(S1+S2+S3+S4)_TC358870XBG(NOK)_TC358870XBG(NOK)_U8_U8.Vpwr_B8
-1.475008e-10 (A)  xvia0.lnode1686::mipi_dsi1_data1_n
5.000000e-12 (A)  xvia0.lnode2008::mipi_dsi1_data1_p
-1.500008e-10 (A)  Xvia0.VRLNode1686::MIPI_DSI1_DATA1_N
5.000000e-12 (A)  Xvia0.VRLNode2008::MIPI_DSI1_DATA1_P
