2.500000e+00 (V) X_CH1.Xpartial.11 0 
2.500000e+00 (V) X_CH1.Xpartial.11 X_CH1.Xpartial.12 
1.000000e-10 (V) X_CH1.Xpartial.12 0 
2.500000e+00 (V) X_CH1.Xpartial.15 0 
2.500000e+00 (V) X_CH1.Xpartial.15 X_CH1.Xpartial.16 
1.000000e-10 (V) X_CH1.Xpartial.16 0 
2.500000e+00 (V) X_CH1.Xpartial.19 0 
2.500000e+00 (V) X_CH1.Xpartial.19 X_CH1.Xpartial.20 
1.000000e-10 (V) X_CH1.Xpartial.20 0 
2.500000e+00 (V) X_R25.Xpartial.1 0 
2.500000e+00 (V) X_U8.Xpartial.A4 0 
2.500000e+00 (V) X_U8.Xpartial.A5 0 
2.500000e+00 (V) X_U8.Xpartial.A5 X_U8.Xpartial.B5 
2.500000e+00 (V) X_U8.Xpartial.A6 0 
2.500000e+00 (V) X_U8.Xpartial.A6 X_U8.Xpartial.B6 
2.500000e+00 (V) X_U8.Xpartial.A7 0 
2.500000e+00 (V) X_U8.Xpartial.A7 X_U8.Xpartial.B7 
1.006303e-10 (V) X_U8.Xpartial.B5 0 
1.006284e-10 (V) X_U8.Xpartial.B6 0 
1.006302e-10 (V) X_U8.Xpartial.B7 0 
