2.500000e+00 (V) X_CH1.Xpartial.10 0 
2.500000e+00 (V) X_CH1.Xpartial.10 X_CH1.Xpartial.9 
2.500000e+00 (V) X_CH1.Xpartial.11 0 
2.500000e+00 (V) X_CH1.Xpartial.11 X_CH1.Xpartial.12 
1.000000e-10 (V) X_CH1.Xpartial.12 0 
2.500000e+00 (V) X_CH1.Xpartial.13 0 
2.500000e+00 (V) X_CH1.Xpartial.13 X_CH1.Xpartial.14 
1.000000e-10 (V) X_CH1.Xpartial.14 0 
2.500000e+00 (V) X_CH1.Xpartial.15 0 
2.500000e+00 (V) X_CH1.Xpartial.15 X_CH1.Xpartial.16 
1.000000e-10 (V) X_CH1.Xpartial.16 0 
2.500000e+00 (V) X_CH1.Xpartial.19 0 
2.500000e+00 (V) X_CH1.Xpartial.19 X_CH1.Xpartial.20 
1.000000e-10 (V) X_CH1.Xpartial.20 0 
1.000000e-10 (V) X_CH1.Xpartial.9 0 
2.500000e+00 (V) X_U8.Xpartial.A5 0 
2.500000e+00 (V) X_U8.Xpartial.A5 X_U8.Xpartial.B5 
2.500000e+00 (V) X_U8.Xpartial.A6 0 
2.500000e+00 (V) X_U8.Xpartial.A6 X_U8.Xpartial.B6 
2.500000e+00 (V) X_U8.Xpartial.A7 0 
2.500000e+00 (V) X_U8.Xpartial.A7 X_U8.Xpartial.B7 
2.500000e+00 (V) X_U8.Xpartial.A8 0 
2.500000e+00 (V) X_U8.Xpartial.A8 X_U8.Xpartial.B8 
1.006310e-10 (V) X_U8.Xpartial.B5 0 
1.006253e-10 (V) X_U8.Xpartial.B6 0 
1.006273e-10 (V) X_U8.Xpartial.B7 0 
1.006367e-10 (V) X_U8.Xpartial.B8 0 
2.500000e+00 (V) X_U8.Xpartial.E10 0 
2.500000e+00 (V) X_U8.Xpartial.E10 X_U8.Xpartial.E9 
1.003722e-10 (V) X_U8.Xpartial.E9 0 
