0.000000e+00 (V)  __Gnd
2.500000e+00 (V)  FILLETpad~polygon0115::mipi_dsi1_data0_n
2.500000e+00 (V)  FILLETpad~polygon0124::mipi_dsi1_data0_n
1.006279e-10 (V)  FILLETpad~polygon0130::mipi_dsi1_data0_p
2.500000e+00 (V)  FILLETpad~polygon0333::mipi_dsi1_data0_n
1.001877e-10 (V)  FILLETpad~polygon0341::mipi_dsi1_data0_p
2.500000e+00 (V)  FILLETpad~polygon0423::mipi_dsi1_data0_n
1.000000e-10 (V)  FILLETpad~polygon0429::mipi_dsi1_data0_p
1.001894e-10 (V)  FILLETpad~polygon095::mipi_dsi1_data0_p
1.100000e+00 (V)  IPGPWR_VCC_1V1
1.200000e+00 (V)  IPGPWR_VCC_1V2
1.800000e+00 (V)  IPGPWR_VCC_1V8
3.300000e+00 (V)  IPGPWR_VCC_3V3
5.000000e+00 (V)  IPGPWR_VCC_5V
5.000000e+00 (V)  IPGPWR_VCC_5V5
0.000000e+00 (V)  Node101!!A8::MIPI_DSI1_DATA1_P
0.000000e+00 (V)  Node104!!F9::MIPI_DSI0_CLK_N
0.000000e+00 (V)  Node105!!D9::MIPI_DSI0_DATA3_N
0.000000e+00 (V)  Node106!!E9::MIPI_DSI0_DATA2_N
0.000000e+00 (V)  Node107!!G9::MIPI_DSI0_DATA1_N
0.000000e+00 (V)  Node108!!H9::MIPI_DSI0_DATA0_N
0.000000e+00 (V)  Node1081!!15::MIPI_DSI1_CLK_P
0.000000e+00 (V)  Node109!!F10::MIPI_DSI0_CLK_P
0.000000e+00 (V)  Node11!!B4::VCC_HDMIRX_IN
0.000000e+00 (V)  Node110!!D10::MIPI_DSI0_DATA3_P
0.000000e+00 (V)  Node111!!E10::MIPI_DSI0_DATA2_P
0.000000e+00 (V)  Node112!!G10::MIPI_DSI0_DATA1_P
0.000000e+00 (V)  Node1207!!20::MIPI_DSI1_DATA3_N
0.000000e+00 (V)  Node1276!!19::MIPI_DSI1_DATA3_P
0.000000e+00 (V)  Node14!!F2::HDMI_DATA2_N
0.000000e+00 (V)  Node15!!2::HDMI_DATA2_N
0.000000e+00 (V)  Node1525!!12::MIPI_DSI1_DATA2_N
0.000000e+00 (V)  Node16!!3::HDMI_DATA2_N
0.000000e+00 (V)  Node1685!!11::MIPI_DSI1_DATA2_P
0.000000e+00 (V)  Node17!!9::HDMI_DATA2_N
0.000000e+00 (V)  Node1792!!14::MIPI_DSI1_DATA1_N
0.000000e+00 (V)  Node18!!F1::HDMI_DATA2_P
0.000000e+00 (V)  Node180!!H10::MIPI_DSI0_DATA0_P
0.000000e+00 (V)  Node181!!J3::INT
0.000000e+00 (V)  Node182!!K4::I2C_SCL
0.000000e+00 (V)  Node183!!K3::I2C_SDA
0.000000e+00 (V)  Node188!!K8::RESETN
0.000000e+00 (V)  Node19!!1::HDMI_DATA2_P
0.000000e+00 (V)  Node20!!1::HDMI_DATA2_P
0.000000e+00 (V)  Node2029!!13::MIPI_DSI1_DATA1_P
2.500000e+00 (V)  Node2032::MIPI_DSI1_DATA0_N
2.500000e+00 (V)  Node2032_Auto_37::MIPI_DSI1_DATA0_N
2.500000e+00 (V)  Node2034::MIPI_DSI1_DATA0_N
2.500000e+00 (V)  Node2035::MIPI_DSI1_DATA0_N
2.500000e+00 (V)  Node2036::MIPI_DSI1_DATA0_N
2.500000e+00 (V)  Node2036_Auto_89::MIPI_DSI1_DATA0_N
2.500000e+00 (V)  Node2037::MIPI_DSI1_DATA0_N
2.500000e+00 (V)  Node2037_Auto_90::MIPI_DSI1_DATA0_N
2.500000e+00 (V)  Node2037_Auto_91::MIPI_DSI1_DATA0_N
2.500000e+00 (V)  Node2039::MIPI_DSI1_DATA0_N
2.500000e+00 (V)  Node2040::MIPI_DSI1_DATA0_N
2.500000e+00 (V)  Node2040_Auto_117::MIPI_DSI1_DATA0_N
2.500000e+00 (V)  Node2042::MIPI_DSI1_DATA0_N
2.500000e+00 (V)  Node2042_Auto_119::MIPI_DSI1_DATA0_N
2.500000e+00 (V)  Node2042_Auto_121::MIPI_DSI1_DATA0_N
2.500000e+00 (V)  Node2044::MIPI_DSI1_DATA0_N
2.500000e+00 (V)  Node2052::MIPI_DSI1_DATA0_N
2.500000e+00 (V)  Node2052_Auto_28::MIPI_DSI1_DATA0_N
2.500000e+00 (V)  Node2054::MIPI_DSI1_DATA0_N
2.500000e+00 (V)  Node2057::MIPI_DSI1_DATA0_N
2.500000e+00 (V)  Node2059::MIPI_DSI1_DATA0_N
2.500000e+00 (V)  Node2059_Auto_14::MIPI_DSI1_DATA0_N
2.500000e+00 (V)  Node2059_Auto_16::MIPI_DSI1_DATA0_N
2.500000e+00 (V)  Node2061::MIPI_DSI1_DATA0_N
2.500000e+00 (V)  Node2069::MIPI_DSI1_DATA0_N
2.500000e+00 (V)  Node2069_Auto_17::MIPI_DSI1_DATA0_N
2.500000e+00 (V)  Node2071::MIPI_DSI1_DATA0_N
2.500000e+00 (V)  Node2074::MIPI_DSI1_DATA0_N
2.500000e+00 (V)  Node2074_Auto_48::MIPI_DSI1_DATA0_N
2.500000e+00 (V)  Node2074_Auto_50::MIPI_DSI1_DATA0_N
2.500000e+00 (V)  Node2076::MIPI_DSI1_DATA0_N
2.500000e+00 (V)  Node2077::MIPI_DSI1_DATA0_N
2.500000e+00 (V)  Node2086::MIPI_DSI1_DATA0_N
2.500000e+00 (V)  Node2086_Auto_126::MIPI_DSI1_DATA0_N
2.500000e+00 (V)  Node2086_Auto_128::MIPI_DSI1_DATA0_N
2.500000e+00 (V)  Node2088::MIPI_DSI1_DATA0_N
2.500000e+00 (V)  Node2089::MIPI_DSI1_DATA0_N
2.500000e+00 (V)  Node2089_Auto_140::MIPI_DSI1_DATA0_N
2.500000e+00 (V)  Node2092::MIPI_DSI1_DATA0_N
2.500000e+00 (V)  Node2095::MIPI_DSI1_DATA0_N
2.500000e+00 (V)  Node2095_Auto_156::MIPI_DSI1_DATA0_N
2.500000e+00 (V)  Node2098::MIPI_DSI1_DATA0_N
0.000000e+00 (V)  Node21!!10::HDMI_DATA2_P
2.500000e+00 (V)  Node2106::MIPI_DSI1_DATA0_N
2.500000e+00 (V)  Node2106_Auto_159::MIPI_DSI1_DATA0_N
2.500000e+00 (V)  Node2109::MIPI_DSI1_DATA0_N
2.500000e+00 (V)  Node2117::MIPI_DSI1_DATA0_N
2.500000e+00 (V)  Node2117_Auto_202::MIPI_DSI1_DATA0_N
2.500000e+00 (V)  Node2120::MIPI_DSI1_DATA0_N
2.500000e+00 (V)  Node2128::MIPI_DSI1_DATA0_N
2.500000e+00 (V)  Node2128_Auto_203::MIPI_DSI1_DATA0_N
2.500000e+00 (V)  Node2131::MIPI_DSI1_DATA0_N
2.500000e+00 (V)  Node2136::MIPI_DSI1_DATA0_N
2.500000e+00 (V)  Node2136_Auto_205::MIPI_DSI1_DATA0_N
2.500000e+00 (V)  Node2136_Auto_206::MIPI_DSI1_DATA0_N
2.500000e+00 (V)  Node2138::MIPI_DSI1_DATA0_N
2.500000e+00 (V)  Node2141::MIPI_DSI1_DATA0_N
2.500000e+00 (V)  Node2141_Auto_213::MIPI_DSI1_DATA0_N
2.500000e+00 (V)  Node2144::MIPI_DSI1_DATA0_N
2.500000e+00 (V)  Node2145::MIPI_DSI1_DATA0_N
2.500000e+00 (V)  Node2147::MIPI_DSI1_DATA0_N
2.500000e+00 (V)  Node2148::MIPI_DSI1_DATA0_N
2.500000e+00 (V)  Node2149::MIPI_DSI1_DATA0_N
2.500000e+00 (V)  Node2149_Auto_232::MIPI_DSI1_DATA0_N
2.500000e+00 (V)  Node2149_Auto_234::MIPI_DSI1_DATA0_N
2.500000e+00 (V)  Node2151::MIPI_DSI1_DATA0_N
2.500000e+00 (V)  Node2154::MIPI_DSI1_DATA0_N
2.500000e+00 (V)  Node2154_Auto_239::MIPI_DSI1_DATA0_N
2.500000e+00 (V)  Node2156::MIPI_DSI1_DATA0_N
2.500000e+00 (V)  Node2157::MIPI_DSI1_DATA0_N
2.500000e+00 (V)  Node2157_Auto_238::MIPI_DSI1_DATA0_N
2.500000e+00 (V)  Node2158::MIPI_DSI1_DATA0_N
2.500000e+00 (V)  Node2158_Auto_244::MIPI_DSI1_DATA0_N
1.002043e-10 (V)  Node2162::MIPI_DSI1_DATA0_P
1.002070e-10 (V)  Node2162_Auto_127::MIPI_DSI1_DATA0_P
1.002157e-10 (V)  Node2164::MIPI_DSI1_DATA0_P
1.002175e-10 (V)  Node2165::MIPI_DSI1_DATA0_P
1.002180e-10 (V)  Node2165_Auto_141::MIPI_DSI1_DATA0_P
1.002333e-10 (V)  Node2165_Auto_142::MIPI_DSI1_DATA0_P
1.002344e-10 (V)  Node2168::MIPI_DSI1_DATA0_P
1.002428e-10 (V)  Node2171::MIPI_DSI1_DATA0_P
1.002438e-10 (V)  Node2171_Auto_155::MIPI_DSI1_DATA0_P
1.002989e-10 (V)  Node2174::MIPI_DSI1_DATA0_P
1.003071e-10 (V)  Node2182::MIPI_DSI1_DATA0_P
1.003620e-10 (V)  Node2182_Auto_160::MIPI_DSI1_DATA0_P
1.003630e-10 (V)  Node2185::MIPI_DSI1_DATA0_P
1.003899e-10 (V)  Node2193::MIPI_DSI1_DATA0_P
1.003909e-10 (V)  Node2193_Auto_201::MIPI_DSI1_DATA0_P
1.004328e-10 (V)  Node2196::MIPI_DSI1_DATA0_P
0.000000e+00 (V)  Node22!!D1::HDMI_DATA0_P
1.004409e-10 (V)  Node2204::MIPI_DSI1_DATA0_P
1.004830e-10 (V)  Node2204_Auto_204::MIPI_DSI1_DATA0_P
1.004840e-10 (V)  Node2207::MIPI_DSI1_DATA0_P
1.004961e-10 (V)  Node2212::MIPI_DSI1_DATA0_P
1.005308e-10 (V)  Node2214::MIPI_DSI1_DATA0_P
1.005331e-10 (V)  Node2217::MIPI_DSI1_DATA0_P
1.005358e-10 (V)  Node2217_Auto_214::MIPI_DSI1_DATA0_P
1.005369e-10 (V)  Node2220::MIPI_DSI1_DATA0_P
1.005397e-10 (V)  Node2221::MIPI_DSI1_DATA0_P
1.005407e-10 (V)  Node2221_Auto_218::MIPI_DSI1_DATA0_P
1.005427e-10 (V)  Node2221_Auto_219::MIPI_DSI1_DATA0_P
1.005454e-10 (V)  Node2223::MIPI_DSI1_DATA0_P
1.005481e-10 (V)  Node2223_Auto_220::MIPI_DSI1_DATA0_P
1.005506e-10 (V)  Node2223_Auto_221::MIPI_DSI1_DATA0_P
1.005547e-10 (V)  Node2224::MIPI_DSI1_DATA0_P
1.005564e-10 (V)  Node2224_Auto_226::MIPI_DSI1_DATA0_P
1.005595e-10 (V)  Node2224_Auto_227::MIPI_DSI1_DATA0_P
1.005612e-10 (V)  Node2225::MIPI_DSI1_DATA0_P
1.005653e-10 (V)  Node2225_Auto_233::MIPI_DSI1_DATA0_P
1.005779e-10 (V)  Node2227::MIPI_DSI1_DATA0_P
1.005809e-10 (V)  Node2230::MIPI_DSI1_DATA0_P
1.006021e-10 (V)  Node2230_Auto_240::MIPI_DSI1_DATA0_P
1.006044e-10 (V)  Node2232::MIPI_DSI1_DATA0_P
1.006049e-10 (V)  Node2233::MIPI_DSI1_DATA0_P
1.006121e-10 (V)  Node2233_Auto_236::MIPI_DSI1_DATA0_P
1.006149e-10 (V)  Node2234::MIPI_DSI1_DATA0_P
1.006186e-10 (V)  Node2236::MIPI_DSI1_DATA0_P
1.000153e-10 (V)  Node2241::MIPI_DSI1_DATA0_P
1.000256e-10 (V)  Node2242::MIPI_DSI1_DATA0_P
1.000259e-10 (V)  Node2243::MIPI_DSI1_DATA0_P
1.000293e-10 (V)  Node2244::MIPI_DSI1_DATA0_P
1.000325e-10 (V)  Node2246::MIPI_DSI1_DATA0_P
1.000335e-10 (V)  Node2247::MIPI_DSI1_DATA0_P
1.000453e-10 (V)  Node2247_Auto_118::MIPI_DSI1_DATA0_P
1.000476e-10 (V)  Node2250::MIPI_DSI1_DATA0_P
1.000533e-10 (V)  Node2253::MIPI_DSI1_DATA0_P
1.000556e-10 (V)  Node2253_Auto_120::MIPI_DSI1_DATA0_P
1.000590e-10 (V)  Node2256::MIPI_DSI1_DATA0_P
1.000671e-10 (V)  Node2264::MIPI_DSI1_DATA0_P
1.000698e-10 (V)  Node2264_Auto_29::MIPI_DSI1_DATA0_P
1.000709e-10 (V)  Node2266::MIPI_DSI1_DATA0_P
1.000791e-10 (V)  Node2269::MIPI_DSI1_DATA0_P
1.000812e-10 (V)  Node2269_Auto_12::MIPI_DSI1_DATA0_P
1.000861e-10 (V)  Node2269_Auto_13::MIPI_DSI1_DATA0_P
1.000865e-10 (V)  Node2271::MIPI_DSI1_DATA0_P
1.000941e-10 (V)  Node2275::MIPI_DSI1_DATA0_P
1.000964e-10 (V)  Node2275_Auto_15::MIPI_DSI1_DATA0_P
1.000998e-10 (V)  Node2278::MIPI_DSI1_DATA0_P
1.001079e-10 (V)  Node2286::MIPI_DSI1_DATA0_P
1.001106e-10 (V)  Node2286_Auto_18::MIPI_DSI1_DATA0_P
1.001116e-10 (V)  Node2288::MIPI_DSI1_DATA0_P
1.001199e-10 (V)  Node2291::MIPI_DSI1_DATA0_P
1.001219e-10 (V)  Node2291_Auto_49::MIPI_DSI1_DATA0_P
1.001417e-10 (V)  Node2294::MIPI_DSI1_DATA0_P
0.000000e+00 (V)  Node23!!1::HDMI_DATA0_P
1.001749e-10 (V)  Node2314::MIPI_DSI1_DATA0_P
1.001801e-10 (V)  Node2316::MIPI_DSI1_DATA0_P
1.001839e-10 (V)  Node2317::MIPI_DSI1_DATA0_P
0.000000e+00 (V)  Node2321!!5::MIPI_DSI0_CLK_N
0.000000e+00 (V)  Node24!!7::HDMI_DATA0_P
0.000000e+00 (V)  Node2411!!1::MIPI_DSI0_DATA3_N
0.000000e+00 (V)  Node2468!!9::MIPI_DSI0_DATA2_N
0.000000e+00 (V)  Node2489!!7::MIPI_DSI0_DATA1_N
0.000000e+00 (V)  Node25!!10::HDMI_DATA0_P
0.000000e+00 (V)  Node26!!E1::HDMI_DATA1_P
0.000000e+00 (V)  Node2636!!3::MIPI_DSI0_DATA0_N
0.000000e+00 (V)  Node27!!4::HDMI_DATA1_P
0.000000e+00 (V)  Node270!!K9::N284871
0.000000e+00 (V)  Node273!!K2::N284174
0.000000e+00 (V)  Node275!!K1::N284159
0.000000e+00 (V)  Node277!!J1::N284077
0.000000e+00 (V)  Node2782!!6::MIPI_DSI0_CLK_P
0.000000e+00 (V)  Node279!!19::HDP
0.000000e+00 (V)  Node28!!4::HDMI_DATA1_P
0.000000e+00 (V)  Node282!!B3::SDA
0.000000e+00 (V)  Node283!!16::SDA
0.000000e+00 (V)  Node288!!15::SCL
0.000000e+00 (V)  Node29!!7::HDMI_DATA1_P
0.000000e+00 (V)  Node290!!A3::SCL
0.000000e+00 (V)  Node2941!!2::MIPI_DSI0_DATA3_P
0.000000e+00 (V)  Node2996!!10::MIPI_DSI0_DATA2_P
0.000000e+00 (V)  Node30!!D2::HDMI_DATA0_N
0.000000e+00 (V)  Node3024!!8::MIPI_DSI0_DATA1_P
0.000000e+00 (V)  Node307!!A1::N27399713
0.000000e+00 (V)  Node31!!2::HDMI_DATA0_N
0.000000e+00 (V)  Node319!!A2::N279408
0.000000e+00 (V)  Node32!!9::HDMI_DATA0_N
0.000000e+00 (V)  Node320!!A4::N2739972
0.000000e+00 (V)  Node33!!9::HDMI_DATA0_N
0.000000e+00 (V)  Node337!!14
0.000000e+00 (V)  Node338!!13
0.000000e+00 (V)  Node34!!C1::HDMI_CLK_P
0.000000e+00 (V)  Node3405!!4::MIPI_DSI0_DATA0_P
0.000000e+00 (V)  Node341!!G6
0.000000e+00 (V)  Node342!!J2
0.000000e+00 (V)  Node343!!K5
0.000000e+00 (V)  Node344!!J5
0.000000e+00 (V)  Node345!!J6
0.000000e+00 (V)  Node346!!J8
0.000000e+00 (V)  Node347!!J9
0.000000e+00 (V)  Node348!!K7
0.000000e+00 (V)  Node349!!J4
0.000000e+00 (V)  Node35!!4::HDMI_CLK_P
0.000000e+00 (V)  Node36!!7::HDMI_CLK_P
0.000000e+00 (V)  Node37!!10::HDMI_CLK_P
0.000000e+00 (V)  Node38!!E2::HDMI_DATA1_N
0.000000e+00 (V)  Node39!!5::HDMI_DATA1_N
0.000000e+00 (V)  Node40!!6::HDMI_DATA1_N
0.000000e+00 (V)  Node4001!!32::PWM
0.000000e+00 (V)  Node4060!!29::RESX
0.000000e+00 (V)  Node41!!6::HDMI_DATA1_N
0.000000e+00 (V)  Node42!!C2::HDMI_CLK_N
0.000000e+00 (V)  Node4268!!20::N271809
0.000000e+00 (V)  Node4269!!21::N271809
0.000000e+00 (V)  Node4270!!22::N271809
0.000000e+00 (V)  Node4275!!23::N271809
0.000000e+00 (V)  Node43!!5::HDMI_CLK_N
0.000000e+00 (V)  Node44!!12::HDMI_CLK_N
0.000000e+00 (V)  Node45!!6::HDMI_CLK_N
0.000000e+00 (V)  Node4811!!39::VCC_LED_AB
0.000000e+00 (V)  Node4812!!40::VCC_LED_AB
0.000000e+00 (V)  Node4822!!P4
0.000000e+00 (V)  Node4823!!P3
0.000000e+00 (V)  Node4824!!P2
0.000000e+00 (V)  Node4825!!P1
0.000000e+00 (V)  Node4826!!31
0.000000e+00 (V)  Node4827!!30
0.000000e+00 (V)  Node63!!B7::MIPI_DSI1_CLK_N
0.000000e+00 (V)  Node64!!A7::MIPI_DSI1_CLK_P
0.000000e+00 (V)  Node65!!B5::MIPI_DSI1_DATA3_N
0.000000e+00 (V)  Node66!!A5::MIPI_DSI1_DATA3_P
0.000000e+00 (V)  Node67!!B6::MIPI_DSI1_DATA2_N
0.000000e+00 (V)  Node68!!A6::MIPI_DSI1_DATA2_P
0.000000e+00 (V)  Node69!!B8::MIPI_DSI1_DATA1_N
0.000000e+00 (V)  Node9!!18::VCC_HDMIRX_IN
0.000000e+00 (V)  Node973!!16::MIPI_DSI1_CLK_N
2.500000e+00 (V)  Trace1749#BP0::MIPI_DSI1_DATA0_N
2.500000e+00 (V)  Trace1750#BP0::MIPI_DSI1_DATA0_N
2.500000e+00 (V)  Trace1755#BP0::MIPI_DSI1_DATA0_N
2.500000e+00 (V)  Trace1756#BP0::MIPI_DSI1_DATA0_N
1.002030e-10 (V)  Trace1810#BP1::MIPI_DSI1_DATA0_P
1.002030e-10 (V)  Trace1810#BP2::MIPI_DSI1_DATA0_P
1.006279e-10 (V)  X_CH1.Xpartial.X_SpeedXP_auto_WP7B-P040VA1-R8000_WP7B-P040VA1-R8000_WP7B-P040VA1-R8000_WP7B-P040VA1-R8000_CH1_CH1.B_SpeedXP_auto_17.Output0
1.006279e-10 (V)  X_CH1.Xpartial.X_SpeedXP_auto_WP7B-P040VA1-R8000_WP7B-P040VA1-R8000_WP7B-P040VA1-R8000_WP7B-P040VA1-R8000_CH1_CH1.B_SpeedXP_auto_17.Output1
2.500000e+00 (V)  X_CH1.Xpartial.X_SpeedXP_auto_WP7B-P040VA1-R8000_WP7B-P040VA1-R8000_WP7B-P040VA1-R8000_WP7B-P040VA1-R8000_CH1_CH1.B_SpeedXP_auto_18.Output0
2.500000e+00 (V)  X_CH1.Xpartial.X_SpeedXP_auto_WP7B-P040VA1-R8000_WP7B-P040VA1-R8000_WP7B-P040VA1-R8000_WP7B-P040VA1-R8000_CH1_CH1.B_SpeedXP_auto_18.Output1
0.000000e+00 (V)  X_CH1.Xpartial.X_SpeedXP_auto_WP7B-P040VA1-R8000_WP7B-P040VA1-R8000_WP7B-P040VA1-R8000_WP7B-P040VA1-R8000_CH1_CH1.nd_en_1
0.000000e+00 (V)  X_CH1.Xpartial.X_SpeedXP_auto_WP7B-P040VA1-R8000_WP7B-P040VA1-R8000_WP7B-P040VA1-R8000_WP7B-P040VA1-R8000_CH1_CH1.nd_en_10
0.000000e+00 (V)  X_CH1.Xpartial.X_SpeedXP_auto_WP7B-P040VA1-R8000_WP7B-P040VA1-R8000_WP7B-P040VA1-R8000_WP7B-P040VA1-R8000_CH1_CH1.nd_en_11
0.000000e+00 (V)  X_CH1.Xpartial.X_SpeedXP_auto_WP7B-P040VA1-R8000_WP7B-P040VA1-R8000_WP7B-P040VA1-R8000_WP7B-P040VA1-R8000_CH1_CH1.nd_en_12
0.000000e+00 (V)  X_CH1.Xpartial.X_SpeedXP_auto_WP7B-P040VA1-R8000_WP7B-P040VA1-R8000_WP7B-P040VA1-R8000_WP7B-P040VA1-R8000_CH1_CH1.nd_en_13
0.000000e+00 (V)  X_CH1.Xpartial.X_SpeedXP_auto_WP7B-P040VA1-R8000_WP7B-P040VA1-R8000_WP7B-P040VA1-R8000_WP7B-P040VA1-R8000_CH1_CH1.nd_en_14
0.000000e+00 (V)  X_CH1.Xpartial.X_SpeedXP_auto_WP7B-P040VA1-R8000_WP7B-P040VA1-R8000_WP7B-P040VA1-R8000_WP7B-P040VA1-R8000_CH1_CH1.nd_en_15
0.000000e+00 (V)  X_CH1.Xpartial.X_SpeedXP_auto_WP7B-P040VA1-R8000_WP7B-P040VA1-R8000_WP7B-P040VA1-R8000_WP7B-P040VA1-R8000_CH1_CH1.nd_en_16
0.000000e+00 (V)  X_CH1.Xpartial.X_SpeedXP_auto_WP7B-P040VA1-R8000_WP7B-P040VA1-R8000_WP7B-P040VA1-R8000_WP7B-P040VA1-R8000_CH1_CH1.nd_en_17
0.000000e+00 (V)  X_CH1.Xpartial.X_SpeedXP_auto_WP7B-P040VA1-R8000_WP7B-P040VA1-R8000_WP7B-P040VA1-R8000_WP7B-P040VA1-R8000_CH1_CH1.nd_en_18
0.000000e+00 (V)  X_CH1.Xpartial.X_SpeedXP_auto_WP7B-P040VA1-R8000_WP7B-P040VA1-R8000_WP7B-P040VA1-R8000_WP7B-P040VA1-R8000_CH1_CH1.nd_en_19
0.000000e+00 (V)  X_CH1.Xpartial.X_SpeedXP_auto_WP7B-P040VA1-R8000_WP7B-P040VA1-R8000_WP7B-P040VA1-R8000_WP7B-P040VA1-R8000_CH1_CH1.nd_en_2
0.000000e+00 (V)  X_CH1.Xpartial.X_SpeedXP_auto_WP7B-P040VA1-R8000_WP7B-P040VA1-R8000_WP7B-P040VA1-R8000_WP7B-P040VA1-R8000_CH1_CH1.nd_en_20
0.000000e+00 (V)  X_CH1.Xpartial.X_SpeedXP_auto_WP7B-P040VA1-R8000_WP7B-P040VA1-R8000_WP7B-P040VA1-R8000_WP7B-P040VA1-R8000_CH1_CH1.nd_en_3
0.000000e+00 (V)  X_CH1.Xpartial.X_SpeedXP_auto_WP7B-P040VA1-R8000_WP7B-P040VA1-R8000_WP7B-P040VA1-R8000_WP7B-P040VA1-R8000_CH1_CH1.nd_en_4
0.000000e+00 (V)  X_CH1.Xpartial.X_SpeedXP_auto_WP7B-P040VA1-R8000_WP7B-P040VA1-R8000_WP7B-P040VA1-R8000_WP7B-P040VA1-R8000_CH1_CH1.nd_en_5
0.000000e+00 (V)  X_CH1.Xpartial.X_SpeedXP_auto_WP7B-P040VA1-R8000_WP7B-P040VA1-R8000_WP7B-P040VA1-R8000_WP7B-P040VA1-R8000_CH1_CH1.nd_en_6
0.000000e+00 (V)  X_CH1.Xpartial.X_SpeedXP_auto_WP7B-P040VA1-R8000_WP7B-P040VA1-R8000_WP7B-P040VA1-R8000_WP7B-P040VA1-R8000_CH1_CH1.nd_en_7
0.000000e+00 (V)  X_CH1.Xpartial.X_SpeedXP_auto_WP7B-P040VA1-R8000_WP7B-P040VA1-R8000_WP7B-P040VA1-R8000_WP7B-P040VA1-R8000_CH1_CH1.nd_en_8
0.000000e+00 (V)  X_CH1.Xpartial.X_SpeedXP_auto_WP7B-P040VA1-R8000_WP7B-P040VA1-R8000_WP7B-P040VA1-R8000_WP7B-P040VA1-R8000_CH1_CH1.nd_en_9
0.000000e+00 (V)  X_CH1.Xpartial.X_SpeedXP_auto_WP7B-P040VA1-R8000_WP7B-P040VA1-R8000_WP7B-P040VA1-R8000_WP7B-P040VA1-R8000_CH1_CH1.nd_in_17
0.000000e+00 (V)  X_CH1.Xpartial.X_SpeedXP_auto_WP7B-P040VA1-R8000_WP7B-P040VA1-R8000_WP7B-P040VA1-R8000_WP7B-P040VA1-R8000_CH1_CH1.nd_in_18
0.000000e+00 (V)  X_CH1.Xpartial.X_SpeedXP_auto_WP7B-P040VA1-R8000_WP7B-P040VA1-R8000_WP7B-P040VA1-R8000_WP7B-P040VA1-R8000_CH1_CH1.nd_out_of_in_17
1.000000e+00 (V)  X_CH1.Xpartial.X_SpeedXP_auto_WP7B-P040VA1-R8000_WP7B-P040VA1-R8000_WP7B-P040VA1-R8000_WP7B-P040VA1-R8000_CH1_CH1.nd_out_of_in_18
2.500000e+00 (V)  X_CH1.Xpartial.X_SpeedXP_auto_WP7B-P040VA1-R8000_WP7B-P040VA1-R8000_WP7B-P040VA1-R8000_WP7B-P040VA1-R8000_CH1_CH1.Power_17
2.500000e+00 (V)  X_CH1.Xpartial.X_SpeedXP_auto_WP7B-P040VA1-R8000_WP7B-P040VA1-R8000_WP7B-P040VA1-R8000_WP7B-P040VA1-R8000_CH1_CH1.Power_18
0.000000e+00 (V)  X_ESD1.Xpartial.X_SpeedXP_auto_IP4292CZ10_DFN2510A-10_IP4292CZ10-TBR_115_IP4292CZ10-TBR_115_ESD1_ESD1.nd_en_1
0.000000e+00 (V)  X_ESD1.Xpartial.X_SpeedXP_auto_IP4292CZ10_DFN2510A-10_IP4292CZ10-TBR_115_IP4292CZ10-TBR_115_ESD1_ESD1.nd_en_10
0.000000e+00 (V)  X_ESD1.Xpartial.X_SpeedXP_auto_IP4292CZ10_DFN2510A-10_IP4292CZ10-TBR_115_IP4292CZ10-TBR_115_ESD1_ESD1.nd_en_2
0.000000e+00 (V)  X_ESD1.Xpartial.X_SpeedXP_auto_IP4292CZ10_DFN2510A-10_IP4292CZ10-TBR_115_IP4292CZ10-TBR_115_ESD1_ESD1.nd_en_4
0.000000e+00 (V)  X_ESD1.Xpartial.X_SpeedXP_auto_IP4292CZ10_DFN2510A-10_IP4292CZ10-TBR_115_IP4292CZ10-TBR_115_ESD1_ESD1.nd_en_5
0.000000e+00 (V)  X_ESD1.Xpartial.X_SpeedXP_auto_IP4292CZ10_DFN2510A-10_IP4292CZ10-TBR_115_IP4292CZ10-TBR_115_ESD1_ESD1.nd_en_6
0.000000e+00 (V)  X_ESD1.Xpartial.X_SpeedXP_auto_IP4292CZ10_DFN2510A-10_IP4292CZ10-TBR_115_IP4292CZ10-TBR_115_ESD1_ESD1.nd_en_7
0.000000e+00 (V)  X_ESD1.Xpartial.X_SpeedXP_auto_IP4292CZ10_DFN2510A-10_IP4292CZ10-TBR_115_IP4292CZ10-TBR_115_ESD1_ESD1.nd_en_9
0.000000e+00 (V)  X_ESD2.Xpartial.X_SpeedXP_auto_IP4292CZ10_DFN2510A-10_IP4292CZ10-TBR_115_IP4292CZ10-TBR_115_ESD2_ESD2_ESD2.nd_en_1
0.000000e+00 (V)  X_ESD2.Xpartial.X_SpeedXP_auto_IP4292CZ10_DFN2510A-10_IP4292CZ10-TBR_115_IP4292CZ10-TBR_115_ESD2_ESD2_ESD2.nd_en_10
0.000000e+00 (V)  X_ESD2.Xpartial.X_SpeedXP_auto_IP4292CZ10_DFN2510A-10_IP4292CZ10-TBR_115_IP4292CZ10-TBR_115_ESD2_ESD2_ESD2.nd_en_2
0.000000e+00 (V)  X_ESD2.Xpartial.X_SpeedXP_auto_IP4292CZ10_DFN2510A-10_IP4292CZ10-TBR_115_IP4292CZ10-TBR_115_ESD2_ESD2_ESD2.nd_en_4
0.000000e+00 (V)  X_ESD2.Xpartial.X_SpeedXP_auto_IP4292CZ10_DFN2510A-10_IP4292CZ10-TBR_115_IP4292CZ10-TBR_115_ESD2_ESD2_ESD2.nd_en_5
0.000000e+00 (V)  X_ESD2.Xpartial.X_SpeedXP_auto_IP4292CZ10_DFN2510A-10_IP4292CZ10-TBR_115_IP4292CZ10-TBR_115_ESD2_ESD2_ESD2.nd_en_6
0.000000e+00 (V)  X_ESD2.Xpartial.X_SpeedXP_auto_IP4292CZ10_DFN2510A-10_IP4292CZ10-TBR_115_IP4292CZ10-TBR_115_ESD2_ESD2_ESD2.nd_en_7
0.000000e+00 (V)  X_ESD2.Xpartial.X_SpeedXP_auto_IP4292CZ10_DFN2510A-10_IP4292CZ10-TBR_115_IP4292CZ10-TBR_115_ESD2_ESD2_ESD2.nd_en_9
0.000000e+00 (V)  X_HDMI1.Xpartial.X_SpeedXP_auto_HDMI-A_HDMI-001S_HDMI-001S_HDMI-001S_HDMI1_HDMI1.nd_en_1
0.000000e+00 (V)  X_HDMI1.Xpartial.X_SpeedXP_auto_HDMI-A_HDMI-001S_HDMI-001S_HDMI-001S_HDMI1_HDMI1.nd_en_10
0.000000e+00 (V)  X_HDMI1.Xpartial.X_SpeedXP_auto_HDMI-A_HDMI-001S_HDMI-001S_HDMI-001S_HDMI1_HDMI1.nd_en_12
0.000000e+00 (V)  X_HDMI1.Xpartial.X_SpeedXP_auto_HDMI-A_HDMI-001S_HDMI-001S_HDMI-001S_HDMI1_HDMI1.nd_en_3
0.000000e+00 (V)  X_HDMI1.Xpartial.X_SpeedXP_auto_HDMI-A_HDMI-001S_HDMI-001S_HDMI-001S_HDMI1_HDMI1.nd_en_4
0.000000e+00 (V)  X_HDMI1.Xpartial.X_SpeedXP_auto_HDMI-A_HDMI-001S_HDMI-001S_HDMI-001S_HDMI1_HDMI1.nd_en_6
0.000000e+00 (V)  X_HDMI1.Xpartial.X_SpeedXP_auto_HDMI-A_HDMI-001S_HDMI-001S_HDMI-001S_HDMI1_HDMI1.nd_en_7
0.000000e+00 (V)  X_HDMI1.Xpartial.X_SpeedXP_auto_HDMI-A_HDMI-001S_HDMI-001S_HDMI-001S_HDMI1_HDMI1.nd_en_9
1.000000e-10 (V)  X_U8.Xpartial.X_SpeedXP_auto_TC358870XBG_1_VFBGA80_(S1+S2+S3+S4)_TC358870XBG(NOK)_TC358870XBG(NOK)_U8_U8.B_SpeedXP_auto_A9.Output0
1.000000e-10 (V)  X_U8.Xpartial.X_SpeedXP_auto_TC358870XBG_1_VFBGA80_(S1+S2+S3+S4)_TC358870XBG(NOK)_TC358870XBG(NOK)_U8_U8.B_SpeedXP_auto_A9.Output1
2.500000e+00 (V)  X_U8.Xpartial.X_SpeedXP_auto_TC358870XBG_1_VFBGA80_(S1+S2+S3+S4)_TC358870XBG(NOK)_TC358870XBG(NOK)_U8_U8.B_SpeedXP_auto_B9.Output0
2.500000e+00 (V)  X_U8.Xpartial.X_SpeedXP_auto_TC358870XBG_1_VFBGA80_(S1+S2+S3+S4)_TC358870XBG(NOK)_TC358870XBG(NOK)_U8_U8.B_SpeedXP_auto_B9.Output1
1.000000e+00 (V)  X_U8.Xpartial.X_SpeedXP_auto_TC358870XBG_1_VFBGA80_(S1+S2+S3+S4)_TC358870XBG(NOK)_TC358870XBG(NOK)_U8_U8.nd_en_A5
1.000000e+00 (V)  X_U8.Xpartial.X_SpeedXP_auto_TC358870XBG_1_VFBGA80_(S1+S2+S3+S4)_TC358870XBG(NOK)_TC358870XBG(NOK)_U8_U8.nd_en_A6
1.000000e+00 (V)  X_U8.Xpartial.X_SpeedXP_auto_TC358870XBG_1_VFBGA80_(S1+S2+S3+S4)_TC358870XBG(NOK)_TC358870XBG(NOK)_U8_U8.nd_en_A7
1.000000e+00 (V)  X_U8.Xpartial.X_SpeedXP_auto_TC358870XBG_1_VFBGA80_(S1+S2+S3+S4)_TC358870XBG(NOK)_TC358870XBG(NOK)_U8_U8.nd_en_A8
1.000000e+00 (V)  X_U8.Xpartial.X_SpeedXP_auto_TC358870XBG_1_VFBGA80_(S1+S2+S3+S4)_TC358870XBG(NOK)_TC358870XBG(NOK)_U8_U8.nd_en_A9
1.000000e+00 (V)  X_U8.Xpartial.X_SpeedXP_auto_TC358870XBG_1_VFBGA80_(S1+S2+S3+S4)_TC358870XBG(NOK)_TC358870XBG(NOK)_U8_U8.nd_en_B5
1.000000e+00 (V)  X_U8.Xpartial.X_SpeedXP_auto_TC358870XBG_1_VFBGA80_(S1+S2+S3+S4)_TC358870XBG(NOK)_TC358870XBG(NOK)_U8_U8.nd_en_B6
1.000000e+00 (V)  X_U8.Xpartial.X_SpeedXP_auto_TC358870XBG_1_VFBGA80_(S1+S2+S3+S4)_TC358870XBG(NOK)_TC358870XBG(NOK)_U8_U8.nd_en_B7
1.000000e+00 (V)  X_U8.Xpartial.X_SpeedXP_auto_TC358870XBG_1_VFBGA80_(S1+S2+S3+S4)_TC358870XBG(NOK)_TC358870XBG(NOK)_U8_U8.nd_en_B8
1.000000e+00 (V)  X_U8.Xpartial.X_SpeedXP_auto_TC358870XBG_1_VFBGA80_(S1+S2+S3+S4)_TC358870XBG(NOK)_TC358870XBG(NOK)_U8_U8.nd_en_B9
1.000000e+00 (V)  X_U8.Xpartial.X_SpeedXP_auto_TC358870XBG_1_VFBGA80_(S1+S2+S3+S4)_TC358870XBG(NOK)_TC358870XBG(NOK)_U8_U8.nd_en_C1
1.000000e+00 (V)  X_U8.Xpartial.X_SpeedXP_auto_TC358870XBG_1_VFBGA80_(S1+S2+S3+S4)_TC358870XBG(NOK)_TC358870XBG(NOK)_U8_U8.nd_en_C2
1.000000e+00 (V)  X_U8.Xpartial.X_SpeedXP_auto_TC358870XBG_1_VFBGA80_(S1+S2+S3+S4)_TC358870XBG(NOK)_TC358870XBG(NOK)_U8_U8.nd_en_D1
1.000000e+00 (V)  X_U8.Xpartial.X_SpeedXP_auto_TC358870XBG_1_VFBGA80_(S1+S2+S3+S4)_TC358870XBG(NOK)_TC358870XBG(NOK)_U8_U8.nd_en_D10
1.000000e+00 (V)  X_U8.Xpartial.X_SpeedXP_auto_TC358870XBG_1_VFBGA80_(S1+S2+S3+S4)_TC358870XBG(NOK)_TC358870XBG(NOK)_U8_U8.nd_en_D2
1.000000e+00 (V)  X_U8.Xpartial.X_SpeedXP_auto_TC358870XBG_1_VFBGA80_(S1+S2+S3+S4)_TC358870XBG(NOK)_TC358870XBG(NOK)_U8_U8.nd_en_D9
1.000000e+00 (V)  X_U8.Xpartial.X_SpeedXP_auto_TC358870XBG_1_VFBGA80_(S1+S2+S3+S4)_TC358870XBG(NOK)_TC358870XBG(NOK)_U8_U8.nd_en_E1
1.000000e+00 (V)  X_U8.Xpartial.X_SpeedXP_auto_TC358870XBG_1_VFBGA80_(S1+S2+S3+S4)_TC358870XBG(NOK)_TC358870XBG(NOK)_U8_U8.nd_en_E10
1.000000e+00 (V)  X_U8.Xpartial.X_SpeedXP_auto_TC358870XBG_1_VFBGA80_(S1+S2+S3+S4)_TC358870XBG(NOK)_TC358870XBG(NOK)_U8_U8.nd_en_E2
1.000000e+00 (V)  X_U8.Xpartial.X_SpeedXP_auto_TC358870XBG_1_VFBGA80_(S1+S2+S3+S4)_TC358870XBG(NOK)_TC358870XBG(NOK)_U8_U8.nd_en_E9
1.000000e+00 (V)  X_U8.Xpartial.X_SpeedXP_auto_TC358870XBG_1_VFBGA80_(S1+S2+S3+S4)_TC358870XBG(NOK)_TC358870XBG(NOK)_U8_U8.nd_en_F1
1.000000e+00 (V)  X_U8.Xpartial.X_SpeedXP_auto_TC358870XBG_1_VFBGA80_(S1+S2+S3+S4)_TC358870XBG(NOK)_TC358870XBG(NOK)_U8_U8.nd_en_F10
1.000000e+00 (V)  X_U8.Xpartial.X_SpeedXP_auto_TC358870XBG_1_VFBGA80_(S1+S2+S3+S4)_TC358870XBG(NOK)_TC358870XBG(NOK)_U8_U8.nd_en_F2
1.000000e+00 (V)  X_U8.Xpartial.X_SpeedXP_auto_TC358870XBG_1_VFBGA80_(S1+S2+S3+S4)_TC358870XBG(NOK)_TC358870XBG(NOK)_U8_U8.nd_en_F9
1.000000e+00 (V)  X_U8.Xpartial.X_SpeedXP_auto_TC358870XBG_1_VFBGA80_(S1+S2+S3+S4)_TC358870XBG(NOK)_TC358870XBG(NOK)_U8_U8.nd_en_G10
1.000000e+00 (V)  X_U8.Xpartial.X_SpeedXP_auto_TC358870XBG_1_VFBGA80_(S1+S2+S3+S4)_TC358870XBG(NOK)_TC358870XBG(NOK)_U8_U8.nd_en_G9
1.000000e+00 (V)  X_U8.Xpartial.X_SpeedXP_auto_TC358870XBG_1_VFBGA80_(S1+S2+S3+S4)_TC358870XBG(NOK)_TC358870XBG(NOK)_U8_U8.nd_en_H10
1.000000e+00 (V)  X_U8.Xpartial.X_SpeedXP_auto_TC358870XBG_1_VFBGA80_(S1+S2+S3+S4)_TC358870XBG(NOK)_TC358870XBG(NOK)_U8_U8.nd_en_H9
0.000000e+00 (V)  X_U8.Xpartial.X_SpeedXP_auto_TC358870XBG_1_VFBGA80_(S1+S2+S3+S4)_TC358870XBG(NOK)_TC358870XBG(NOK)_U8_U8.nd_in_A5
0.000000e+00 (V)  X_U8.Xpartial.X_SpeedXP_auto_TC358870XBG_1_VFBGA80_(S1+S2+S3+S4)_TC358870XBG(NOK)_TC358870XBG(NOK)_U8_U8.nd_in_A6
0.000000e+00 (V)  X_U8.Xpartial.X_SpeedXP_auto_TC358870XBG_1_VFBGA80_(S1+S2+S3+S4)_TC358870XBG(NOK)_TC358870XBG(NOK)_U8_U8.nd_in_A7
0.000000e+00 (V)  X_U8.Xpartial.X_SpeedXP_auto_TC358870XBG_1_VFBGA80_(S1+S2+S3+S4)_TC358870XBG(NOK)_TC358870XBG(NOK)_U8_U8.nd_in_A8
0.000000e+00 (V)  X_U8.Xpartial.X_SpeedXP_auto_TC358870XBG_1_VFBGA80_(S1+S2+S3+S4)_TC358870XBG(NOK)_TC358870XBG(NOK)_U8_U8.nd_in_A9
1.000000e+00 (V)  X_U8.Xpartial.X_SpeedXP_auto_TC358870XBG_1_VFBGA80_(S1+S2+S3+S4)_TC358870XBG(NOK)_TC358870XBG(NOK)_U8_U8.nd_in_B5
1.000000e+00 (V)  X_U8.Xpartial.X_SpeedXP_auto_TC358870XBG_1_VFBGA80_(S1+S2+S3+S4)_TC358870XBG(NOK)_TC358870XBG(NOK)_U8_U8.nd_in_B6
1.000000e+00 (V)  X_U8.Xpartial.X_SpeedXP_auto_TC358870XBG_1_VFBGA80_(S1+S2+S3+S4)_TC358870XBG(NOK)_TC358870XBG(NOK)_U8_U8.nd_in_B7
1.000000e+00 (V)  X_U8.Xpartial.X_SpeedXP_auto_TC358870XBG_1_VFBGA80_(S1+S2+S3+S4)_TC358870XBG(NOK)_TC358870XBG(NOK)_U8_U8.nd_in_B8
1.000000e+00 (V)  X_U8.Xpartial.X_SpeedXP_auto_TC358870XBG_1_VFBGA80_(S1+S2+S3+S4)_TC358870XBG(NOK)_TC358870XBG(NOK)_U8_U8.nd_in_B9
0.000000e+00 (V)  X_U8.Xpartial.X_SpeedXP_auto_TC358870XBG_1_VFBGA80_(S1+S2+S3+S4)_TC358870XBG(NOK)_TC358870XBG(NOK)_U8_U8.nd_in_C1
1.000000e+00 (V)  X_U8.Xpartial.X_SpeedXP_auto_TC358870XBG_1_VFBGA80_(S1+S2+S3+S4)_TC358870XBG(NOK)_TC358870XBG(NOK)_U8_U8.nd_in_C2
0.000000e+00 (V)  X_U8.Xpartial.X_SpeedXP_auto_TC358870XBG_1_VFBGA80_(S1+S2+S3+S4)_TC358870XBG(NOK)_TC358870XBG(NOK)_U8_U8.nd_in_D1
0.000000e+00 (V)  X_U8.Xpartial.X_SpeedXP_auto_TC358870XBG_1_VFBGA80_(S1+S2+S3+S4)_TC358870XBG(NOK)_TC358870XBG(NOK)_U8_U8.nd_in_D10
1.000000e+00 (V)  X_U8.Xpartial.X_SpeedXP_auto_TC358870XBG_1_VFBGA80_(S1+S2+S3+S4)_TC358870XBG(NOK)_TC358870XBG(NOK)_U8_U8.nd_in_D2
1.000000e+00 (V)  X_U8.Xpartial.X_SpeedXP_auto_TC358870XBG_1_VFBGA80_(S1+S2+S3+S4)_TC358870XBG(NOK)_TC358870XBG(NOK)_U8_U8.nd_in_D9
0.000000e+00 (V)  X_U8.Xpartial.X_SpeedXP_auto_TC358870XBG_1_VFBGA80_(S1+S2+S3+S4)_TC358870XBG(NOK)_TC358870XBG(NOK)_U8_U8.nd_in_E1
0.000000e+00 (V)  X_U8.Xpartial.X_SpeedXP_auto_TC358870XBG_1_VFBGA80_(S1+S2+S3+S4)_TC358870XBG(NOK)_TC358870XBG(NOK)_U8_U8.nd_in_E10
1.000000e+00 (V)  X_U8.Xpartial.X_SpeedXP_auto_TC358870XBG_1_VFBGA80_(S1+S2+S3+S4)_TC358870XBG(NOK)_TC358870XBG(NOK)_U8_U8.nd_in_E2
1.000000e+00 (V)  X_U8.Xpartial.X_SpeedXP_auto_TC358870XBG_1_VFBGA80_(S1+S2+S3+S4)_TC358870XBG(NOK)_TC358870XBG(NOK)_U8_U8.nd_in_E9
0.000000e+00 (V)  X_U8.Xpartial.X_SpeedXP_auto_TC358870XBG_1_VFBGA80_(S1+S2+S3+S4)_TC358870XBG(NOK)_TC358870XBG(NOK)_U8_U8.nd_in_F1
0.000000e+00 (V)  X_U8.Xpartial.X_SpeedXP_auto_TC358870XBG_1_VFBGA80_(S1+S2+S3+S4)_TC358870XBG(NOK)_TC358870XBG(NOK)_U8_U8.nd_in_F10
1.000000e+00 (V)  X_U8.Xpartial.X_SpeedXP_auto_TC358870XBG_1_VFBGA80_(S1+S2+S3+S4)_TC358870XBG(NOK)_TC358870XBG(NOK)_U8_U8.nd_in_F2
1.000000e+00 (V)  X_U8.Xpartial.X_SpeedXP_auto_TC358870XBG_1_VFBGA80_(S1+S2+S3+S4)_TC358870XBG(NOK)_TC358870XBG(NOK)_U8_U8.nd_in_F9
0.000000e+00 (V)  X_U8.Xpartial.X_SpeedXP_auto_TC358870XBG_1_VFBGA80_(S1+S2+S3+S4)_TC358870XBG(NOK)_TC358870XBG(NOK)_U8_U8.nd_in_G10
1.000000e+00 (V)  X_U8.Xpartial.X_SpeedXP_auto_TC358870XBG_1_VFBGA80_(S1+S2+S3+S4)_TC358870XBG(NOK)_TC358870XBG(NOK)_U8_U8.nd_in_G9
0.000000e+00 (V)  X_U8.Xpartial.X_SpeedXP_auto_TC358870XBG_1_VFBGA80_(S1+S2+S3+S4)_TC358870XBG(NOK)_TC358870XBG(NOK)_U8_U8.nd_in_H10
1.000000e+00 (V)  X_U8.Xpartial.X_SpeedXP_auto_TC358870XBG_1_VFBGA80_(S1+S2+S3+S4)_TC358870XBG(NOK)_TC358870XBG(NOK)_U8_U8.nd_in_H9
5.000000e-01 (V)  X_U8.Xpartial.X_SpeedXP_auto_TC358870XBG_1_VFBGA80_(S1+S2+S3+S4)_TC358870XBG(NOK)_TC358870XBG(NOK)_U8_U8.nd_out_of_in_A9
5.000000e-01 (V)  X_U8.Xpartial.X_SpeedXP_auto_TC358870XBG_1_VFBGA80_(S1+S2+S3+S4)_TC358870XBG(NOK)_TC358870XBG(NOK)_U8_U8.nd_out_of_in_B9
2.500000e+00 (V)  X_U8.Xpartial.X_SpeedXP_auto_TC358870XBG_1_VFBGA80_(S1+S2+S3+S4)_TC358870XBG(NOK)_TC358870XBG(NOK)_U8_U8.Power_A9
2.500000e+00 (V)  X_U8.Xpartial.X_SpeedXP_auto_TC358870XBG_1_VFBGA80_(S1+S2+S3+S4)_TC358870XBG(NOK)_TC358870XBG(NOK)_U8_U8.Power_B9
2.500000e+00 (V)  Xvia0.Node2081::MIPI_DSI1_DATA0_Ntmp
1.001877e-10 (V)  Xvia0.Node2160::MIPI_DSI1_DATA0_Ptmp
-1.100000e-12 (A)  V_PWR_VCC_1V1
-1.200000e-12 (A)  V_PWR_VCC_1V2
-1.800000e-12 (A)  V_PWR_VCC_1V8
-3.300000e-12 (A)  V_PWR_VCC_3V3
-5.000000e-12 (A)  V_PWR_VCC_5V
-5.000000e-12 (A)  V_PWR_VCC_5V5
5.000000e-12 (A)  V_X_CH1.Xpartial.X_SpeedXP_auto_WP7B-P040VA1-R8000_WP7B-P040VA1-R8000_WP7B-P040VA1-R8000_WP7B-P040VA1-R8000_CH1_CH1.B_SpeedXP_auto_17.L_pkg
5.000000e-12 (A)  V_X_CH1.Xpartial.X_SpeedXP_auto_WP7B-P040VA1-R8000_WP7B-P040VA1-R8000_WP7B-P040VA1-R8000_WP7B-P040VA1-R8000_CH1_CH1.B_SpeedXP_auto_17.R_pkg
-1.000000e-11 (A)  V_X_CH1.Xpartial.X_SpeedXP_auto_WP7B-P040VA1-R8000_WP7B-P040VA1-R8000_WP7B-P040VA1-R8000_WP7B-P040VA1-R8000_CH1_CH1.B_SpeedXP_auto_18.L_pkg
-7.500000e-12 (A)  V_X_CH1.Xpartial.X_SpeedXP_auto_WP7B-P040VA1-R8000_WP7B-P040VA1-R8000_WP7B-P040VA1-R8000_WP7B-P040VA1-R8000_CH1_CH1.B_SpeedXP_auto_18.R_pkg
-5.000000e-12 (A)  V_X_U8.Xpartial.X_SpeedXP_auto_TC358870XBG_1_VFBGA80_(S1+S2+S3+S4)_TC358870XBG(NOK)_TC358870XBG(NOK)_U8_U8.B_SpeedXP_auto_A9.L_pkg
-5.000000e-12 (A)  V_X_U8.Xpartial.X_SpeedXP_auto_TC358870XBG_1_VFBGA80_(S1+S2+S3+S4)_TC358870XBG(NOK)_TC358870XBG(NOK)_U8_U8.B_SpeedXP_auto_A9.R_pkg
2.125000e-10 (A)  V_X_U8.Xpartial.X_SpeedXP_auto_TC358870XBG_1_VFBGA80_(S1+S2+S3+S4)_TC358870XBG(NOK)_TC358870XBG(NOK)_U8_U8.B_SpeedXP_auto_B9.L_pkg
2.150000e-10 (A)  V_X_U8.Xpartial.X_SpeedXP_auto_TC358870XBG_1_VFBGA80_(S1+S2+S3+S4)_TC358870XBG(NOK)_TC358870XBG(NOK)_U8_U8.B_SpeedXP_auto_B9.R_pkg
-2.100000e-10 (A)  W_Trace1683::MIPI_DSI1_DATA0_N~0
2.075000e-10 (A)  W_Trace1685::MIPI_DSI1_DATA0_N~0
2.000000e-10 (A)  W_Trace1687::MIPI_DSI1_DATA0_N~0
1.950000e-10 (A)  W_Trace1688_Auto_89::MIPI_DSI1_DATA0_N~0
1.925000e-10 (A)  W_Trace1689::MIPI_DSI1_DATA0_N~0
1.875000e-10 (A)  W_Trace1689_Auto_91::MIPI_DSI1_DATA0_N~0
1.850000e-10 (A)  W_Trace1691::MIPI_DSI1_DATA0_N~0
1.825000e-10 (A)  W_Trace1693::MIPI_DSI1_DATA0_N~0
1.775000e-10 (A)  W_Trace1695::MIPI_DSI1_DATA0_N~0
1.725000e-10 (A)  W_Trace1695_Auto_121::MIPI_DSI1_DATA0_N~0
-1.700000e-10 (A)  W_Trace1703::MIPI_DSI1_DATA0_N~0
1.675000e-10 (A)  W_Trace1704::MIPI_DSI1_DATA0_N~0
-1.625000e-10 (A)  W_Trace1708::MIPI_DSI1_DATA0_N~0
1.575000e-10 (A)  W_Trace1712::MIPI_DSI1_DATA0_N~0
1.525000e-10 (A)  W_Trace1712_Auto_16::MIPI_DSI1_DATA0_N~0
-1.500000e-10 (A)  W_Trace1720::MIPI_DSI1_DATA0_N~0
1.475000e-10 (A)  W_Trace1721::MIPI_DSI1_DATA0_N~0
-1.425000e-10 (A)  W_Trace1725::MIPI_DSI1_DATA0_N~0
1.375000e-10 (A)  W_Trace1727_Auto_50::MIPI_DSI1_DATA0_N~0
1.300000e-10 (A)  W_Trace1729::MIPI_DSI1_DATA0_N~0
1.225000e-10 (A)  W_Trace1736::MIPI_DSI1_DATA0_N~0
1.200000e-10 (A)  W_Trace1737::MIPI_DSI1_DATA0_N~0
1.150000e-10 (A)  W_Trace1737_Auto_128::MIPI_DSI1_DATA0_N~0
1.125000e-10 (A)  W_Trace1739::MIPI_DSI1_DATA0_N~0
1.100000e-10 (A)  W_Trace1741::MIPI_DSI1_DATA0_N~0
-1.050000e-10 (A)  W_Trace1745::MIPI_DSI1_DATA0_N~0
1.000000e-10 (A)  W_Trace1747_Auto_156::MIPI_DSI1_DATA0_N~0
9.750000e-11 (A)  W_Trace1749::MIPI_DSI1_DATA0_N~0
-9.500000e-11 (A)  W_Trace1750::MIPI_DSI1_DATA0_N~0
-9.250000e-11 (A)  W_Trace1755::MIPI_DSI1_DATA0_N~0
8.750000e-11 (A)  W_Trace1756#BP0::MIPI_DSI1_DATA0_N~0
-9.000000e-11 (A)  W_Trace1756::MIPI_DSI1_DATA0_N~0
8.500000e-11 (A)  W_Trace1758::MIPI_DSI1_DATA0_N~0
-8.000000e-11 (A)  W_Trace1767::MIPI_DSI1_DATA0_N~0
7.500000e-11 (A)  W_Trace1769_Auto_202::MIPI_DSI1_DATA0_N~0
-7.250000e-11 (A)  W_Trace1778::MIPI_DSI1_DATA0_N~0
7.000000e-11 (A)  W_Trace1780::MIPI_DSI1_DATA0_N~0
-6.500000e-11 (A)  W_Trace1786::MIPI_DSI1_DATA0_N~0
6.250000e-11 (A)  W_Trace1787::MIPI_DSI1_DATA0_N~0
5.750000e-11 (A)  W_Trace1787_Auto_206::MIPI_DSI1_DATA0_N~0
-5.500000e-11 (A)  W_Trace1791::MIPI_DSI1_DATA0_N~0
5.250000e-11 (A)  W_Trace1792::MIPI_DSI1_DATA0_N~0
4.750000e-11 (A)  W_Trace1795::MIPI_DSI1_DATA0_N~0
3.750000e-11 (A)  W_Trace1800::MIPI_DSI1_DATA0_N~0
3.250000e-11 (A)  W_Trace1800_Auto_234::MIPI_DSI1_DATA0_N~0
-3.000000e-11 (A)  W_Trace1804::MIPI_DSI1_DATA0_N~0
2.750000e-11 (A)  W_Trace1806::MIPI_DSI1_DATA0_N~0
2.250000e-11 (A)  W_Trace1807::MIPI_DSI1_DATA0_N~0
1.500000e-11 (A)  W_Trace1809::MIPI_DSI1_DATA0_N~0
-5.000000e-12 (A)  W_Trace1810#BP0::MIPI_DSI1_DATA0_P~0
-5.000000e-12 (A)  W_Trace1810#BP1::MIPI_DSI1_DATA0_P~0
5.000000e-12 (A)  W_Trace1811::MIPI_DSI1_DATA0_P~0
-5.000000e-12 (A)  W_Trace1812::MIPI_DSI1_DATA0_P~0
-5.000000e-12 (A)  W_Trace1814::MIPI_DSI1_DATA0_P~0
-5.000000e-12 (A)  W_Trace1816::MIPI_DSI1_DATA0_P~0
-5.000000e-12 (A)  W_Trace1816_Auto_142::MIPI_DSI1_DATA0_P~0
5.000000e-12 (A)  W_Trace1820::MIPI_DSI1_DATA0_P~0
-5.000000e-12 (A)  W_Trace1822::MIPI_DSI1_DATA0_P~0
5.000000e-12 (A)  W_Trace1831::MIPI_DSI1_DATA0_P~0
-5.000000e-12 (A)  W_Trace1833_Auto_160::MIPI_DSI1_DATA0_P~0
5.000000e-12 (A)  W_Trace1842::MIPI_DSI1_DATA0_P~0
-5.000000e-12 (A)  W_Trace1844::MIPI_DSI1_DATA0_P~0
5.000000e-12 (A)  W_Trace1853::MIPI_DSI1_DATA0_P~0
-5.000000e-12 (A)  W_Trace1855_Auto_204::MIPI_DSI1_DATA0_P~0
5.000000e-12 (A)  W_Trace1860::MIPI_DSI1_DATA0_P~0
5.000000e-12 (A)  W_Trace1866::MIPI_DSI1_DATA0_P~0
-5.000000e-12 (A)  W_Trace1869_Auto_214::MIPI_DSI1_DATA0_P~0
-5.000000e-12 (A)  W_Trace1870::MIPI_DSI1_DATA0_P~0
-5.000000e-12 (A)  W_Trace1872::MIPI_DSI1_DATA0_P~0
-5.000000e-12 (A)  W_Trace1872_Auto_219::MIPI_DSI1_DATA0_P~0
-5.000000e-12 (A)  W_Trace1873::MIPI_DSI1_DATA0_P~0
-5.000000e-12 (A)  W_Trace1873_Auto_221::MIPI_DSI1_DATA0_P~0
-5.000000e-12 (A)  W_Trace1874::MIPI_DSI1_DATA0_P~0
-5.000000e-12 (A)  W_Trace1874_Auto_227::MIPI_DSI1_DATA0_P~0
-5.000000e-12 (A)  W_Trace1875::MIPI_DSI1_DATA0_P~0
5.000000e-12 (A)  W_Trace1879::MIPI_DSI1_DATA0_P~0
-5.000000e-12 (A)  W_Trace1882::MIPI_DSI1_DATA0_P~0
-5.000000e-12 (A)  W_Trace1883_Auto_236::MIPI_DSI1_DATA0_P~0
5.000000e-12 (A)  W_Trace1885::MIPI_DSI1_DATA0_P~0
-5.000000e-12 (A)  W_Trace1892::MIPI_DSI1_DATA0_P~0
-5.000000e-12 (A)  W_Trace1896::MIPI_DSI1_DATA0_P~0
-5.000000e-12 (A)  W_Trace1898_Auto_118::MIPI_DSI1_DATA0_P~0
5.000000e-12 (A)  W_Trace1902::MIPI_DSI1_DATA0_P~0
-5.000000e-12 (A)  W_Trace1904::MIPI_DSI1_DATA0_P~0
5.000000e-12 (A)  W_Trace1913::MIPI_DSI1_DATA0_P~0
-5.000000e-12 (A)  W_Trace1915_Auto_29::MIPI_DSI1_DATA0_P~0
5.000000e-12 (A)  W_Trace1918::MIPI_DSI1_DATA0_P~0
-5.000000e-12 (A)  W_Trace1920::MIPI_DSI1_DATA0_P~0
-5.000000e-12 (A)  W_Trace1920_Auto_13::MIPI_DSI1_DATA0_P~0
5.000000e-12 (A)  W_Trace1924::MIPI_DSI1_DATA0_P~0
-5.000000e-12 (A)  W_Trace1926::MIPI_DSI1_DATA0_P~0
5.000000e-12 (A)  W_Trace1935::MIPI_DSI1_DATA0_P~0
-5.000000e-12 (A)  W_Trace1937_Auto_18::MIPI_DSI1_DATA0_P~0
5.000000e-12 (A)  W_Trace1940::MIPI_DSI1_DATA0_P~0
-5.000000e-12 (A)  W_Trace1942::MIPI_DSI1_DATA0_P~0
5.000000e-12 (A)  W_Trace1963::MIPI_DSI1_DATA0_P~0
-5.000000e-12 (A)  W_Trace1967::MIPI_DSI1_DATA0_P~0
-5.000000e-12 (A)  WCPL_Trace1812_Auto_127::MIPI_DSI1_DATA0_P~0
1.175000e-10 (A)  WCPL_Trace1812_Auto_127::MIPI_DSI1_DATA0_P~1
-5.000000e-12 (A)  WCPL_Trace1816_Auto_141::MIPI_DSI1_DATA0_P~0
1.075000e-10 (A)  WCPL_Trace1816_Auto_141::MIPI_DSI1_DATA0_P~1
-5.000000e-12 (A)  WCPL_Trace1822_Auto_155::MIPI_DSI1_DATA0_P~0
1.025000e-10 (A)  WCPL_Trace1822_Auto_155::MIPI_DSI1_DATA0_P~1
-5.000000e-12 (A)  WCPL_Trace1833::MIPI_DSI1_DATA0_P~0
8.250000e-11 (A)  WCPL_Trace1833::MIPI_DSI1_DATA0_P~1
-5.000000e-12 (A)  WCPL_Trace1844_Auto_201::MIPI_DSI1_DATA0_P~0
7.750000e-11 (A)  WCPL_Trace1844_Auto_201::MIPI_DSI1_DATA0_P~1
-5.000000e-12 (A)  WCPL_Trace1855::MIPI_DSI1_DATA0_P~0
6.750000e-11 (A)  WCPL_Trace1855::MIPI_DSI1_DATA0_P~1
-5.000000e-12 (A)  WCPL_Trace1862::MIPI_DSI1_DATA0_P~0
6.000000e-11 (A)  WCPL_Trace1862::MIPI_DSI1_DATA0_P~1
-5.000000e-12 (A)  WCPL_Trace1869::MIPI_DSI1_DATA0_P~0
5.000000e-11 (A)  WCPL_Trace1869::MIPI_DSI1_DATA0_P~1
-5.000000e-12 (A)  WCPL_Trace1872_Auto_218::MIPI_DSI1_DATA0_P~0
4.500000e-11 (A)  WCPL_Trace1872_Auto_218::MIPI_DSI1_DATA0_P~1
-5.000000e-12 (A)  WCPL_Trace1873_Auto_220::MIPI_DSI1_DATA0_P~0
4.250000e-11 (A)  WCPL_Trace1873_Auto_220::MIPI_DSI1_DATA0_P~1
-5.000000e-12 (A)  WCPL_Trace1874_Auto_226::MIPI_DSI1_DATA0_P~0
4.000000e-11 (A)  WCPL_Trace1874_Auto_226::MIPI_DSI1_DATA0_P~1
-5.000000e-12 (A)  WCPL_Trace1875_Auto_233::MIPI_DSI1_DATA0_P~0
3.500000e-11 (A)  WCPL_Trace1875_Auto_233::MIPI_DSI1_DATA0_P~1
-5.000000e-12 (A)  WCPL_Trace1881::MIPI_DSI1_DATA0_P~0
2.500000e-11 (A)  WCPL_Trace1881::MIPI_DSI1_DATA0_P~1
-5.000000e-12 (A)  WCPL_Trace1881_Auto_237::MIPI_DSI1_DATA0_P~0
2.000000e-11 (A)  WCPL_Trace1881_Auto_237::MIPI_DSI1_DATA0_P~1
-5.000000e-12 (A)  WCPL_Trace1883::MIPI_DSI1_DATA0_P~0
1.750000e-11 (A)  WCPL_Trace1883::MIPI_DSI1_DATA0_P~1
-5.000000e-12 (A)  WCPL_Trace1886::MIPI_DSI1_DATA0_P~0
1.250000e-11 (A)  WCPL_Trace1886::MIPI_DSI1_DATA0_P~1
-5.000000e-12 (A)  WCPL_Trace1890::MIPI_DSI1_DATA0_P~0
2.050000e-10 (A)  WCPL_Trace1890::MIPI_DSI1_DATA0_P~1
-5.000000e-12 (A)  WCPL_Trace1891::MIPI_DSI1_DATA0_P~0
2.025000e-10 (A)  WCPL_Trace1891::MIPI_DSI1_DATA0_P~1
-5.000000e-12 (A)  WCPL_Trace1893::MIPI_DSI1_DATA0_P~0
1.975000e-10 (A)  WCPL_Trace1893::MIPI_DSI1_DATA0_P~1
-5.000000e-12 (A)  WCPL_Trace1894::MIPI_DSI1_DATA0_P~0
1.900000e-10 (A)  WCPL_Trace1894::MIPI_DSI1_DATA0_P~1
-5.000000e-12 (A)  WCPL_Trace1898::MIPI_DSI1_DATA0_P~0
1.800000e-10 (A)  WCPL_Trace1898::MIPI_DSI1_DATA0_P~1
-5.000000e-12 (A)  WCPL_Trace1904_Auto_120::MIPI_DSI1_DATA0_P~0
1.750000e-10 (A)  WCPL_Trace1904_Auto_120::MIPI_DSI1_DATA0_P~1
-5.000000e-12 (A)  WCPL_Trace1915::MIPI_DSI1_DATA0_P~0
1.650000e-10 (A)  WCPL_Trace1915::MIPI_DSI1_DATA0_P~1
-5.000000e-12 (A)  WCPL_Trace1920_Auto_12::MIPI_DSI1_DATA0_P~0
1.600000e-10 (A)  WCPL_Trace1920_Auto_12::MIPI_DSI1_DATA0_P~1
-5.000000e-12 (A)  WCPL_Trace1926_Auto_15::MIPI_DSI1_DATA0_P~0
1.550000e-10 (A)  WCPL_Trace1926_Auto_15::MIPI_DSI1_DATA0_P~1
-5.000000e-12 (A)  WCPL_Trace1937::MIPI_DSI1_DATA0_P~0
1.450000e-10 (A)  WCPL_Trace1937::MIPI_DSI1_DATA0_P~1
-5.000000e-12 (A)  WCPL_Trace1942_Auto_49::MIPI_DSI1_DATA0_P~0
1.400000e-10 (A)  WCPL_Trace1942_Auto_49::MIPI_DSI1_DATA0_P~1
-5.000000e-12 (A)  WCPL_Trace1965::MIPI_DSI1_DATA0_P~0
1.350000e-10 (A)  WCPL_Trace1965::MIPI_DSI1_DATA0_P~1
-5.000000e-12 (A)  WCPL_Trace1966#BP0::MIPI_DSI1_DATA0_P~0
1.325000e-10 (A)  WCPL_Trace1966#BP0::MIPI_DSI1_DATA0_P~1
0.000000e+00 (A)  X_CH1.Xpartial.X_SpeedXP_auto_WP7B-P040VA1-R8000_WP7B-P040VA1-R8000_WP7B-P040VA1-R8000_WP7B-P040VA1-R8000_CH1_CH1.B_SpeedXP_auto_17_OutOfIn
-1.010000e-10 (A)  X_CH1.Xpartial.X_SpeedXP_auto_WP7B-P040VA1-R8000_WP7B-P040VA1-R8000_WP7B-P040VA1-R8000_WP7B-P040VA1-R8000_CH1_CH1.B_SpeedXP_auto_18_OutOfIn
0.000000e+00 (A)  X_CH1.Xpartial.X_SpeedXP_auto_WP7B-P040VA1-R8000_WP7B-P040VA1-R8000_WP7B-P040VA1-R8000_WP7B-P040VA1-R8000_CH1_CH1.V_SpeedXP_auto_10_En
0.000000e+00 (A)  X_CH1.Xpartial.X_SpeedXP_auto_WP7B-P040VA1-R8000_WP7B-P040VA1-R8000_WP7B-P040VA1-R8000_WP7B-P040VA1-R8000_CH1_CH1.V_SpeedXP_auto_11_En
0.000000e+00 (A)  X_CH1.Xpartial.X_SpeedXP_auto_WP7B-P040VA1-R8000_WP7B-P040VA1-R8000_WP7B-P040VA1-R8000_WP7B-P040VA1-R8000_CH1_CH1.V_SpeedXP_auto_12_En
0.000000e+00 (A)  X_CH1.Xpartial.X_SpeedXP_auto_WP7B-P040VA1-R8000_WP7B-P040VA1-R8000_WP7B-P040VA1-R8000_WP7B-P040VA1-R8000_CH1_CH1.V_SpeedXP_auto_13_En
0.000000e+00 (A)  X_CH1.Xpartial.X_SpeedXP_auto_WP7B-P040VA1-R8000_WP7B-P040VA1-R8000_WP7B-P040VA1-R8000_WP7B-P040VA1-R8000_CH1_CH1.V_SpeedXP_auto_14_En
0.000000e+00 (A)  X_CH1.Xpartial.X_SpeedXP_auto_WP7B-P040VA1-R8000_WP7B-P040VA1-R8000_WP7B-P040VA1-R8000_WP7B-P040VA1-R8000_CH1_CH1.V_SpeedXP_auto_15_En
0.000000e+00 (A)  X_CH1.Xpartial.X_SpeedXP_auto_WP7B-P040VA1-R8000_WP7B-P040VA1-R8000_WP7B-P040VA1-R8000_WP7B-P040VA1-R8000_CH1_CH1.V_SpeedXP_auto_16_En
0.000000e+00 (A)  X_CH1.Xpartial.X_SpeedXP_auto_WP7B-P040VA1-R8000_WP7B-P040VA1-R8000_WP7B-P040VA1-R8000_WP7B-P040VA1-R8000_CH1_CH1.V_SpeedXP_auto_17_En
0.000000e+00 (A)  X_CH1.Xpartial.X_SpeedXP_auto_WP7B-P040VA1-R8000_WP7B-P040VA1-R8000_WP7B-P040VA1-R8000_WP7B-P040VA1-R8000_CH1_CH1.V_SpeedXP_auto_18_En
0.000000e+00 (A)  X_CH1.Xpartial.X_SpeedXP_auto_WP7B-P040VA1-R8000_WP7B-P040VA1-R8000_WP7B-P040VA1-R8000_WP7B-P040VA1-R8000_CH1_CH1.V_SpeedXP_auto_19_En
0.000000e+00 (A)  X_CH1.Xpartial.X_SpeedXP_auto_WP7B-P040VA1-R8000_WP7B-P040VA1-R8000_WP7B-P040VA1-R8000_WP7B-P040VA1-R8000_CH1_CH1.V_SpeedXP_auto_1_En
0.000000e+00 (A)  X_CH1.Xpartial.X_SpeedXP_auto_WP7B-P040VA1-R8000_WP7B-P040VA1-R8000_WP7B-P040VA1-R8000_WP7B-P040VA1-R8000_CH1_CH1.V_SpeedXP_auto_20_En
0.000000e+00 (A)  X_CH1.Xpartial.X_SpeedXP_auto_WP7B-P040VA1-R8000_WP7B-P040VA1-R8000_WP7B-P040VA1-R8000_WP7B-P040VA1-R8000_CH1_CH1.V_SpeedXP_auto_2_En
0.000000e+00 (A)  X_CH1.Xpartial.X_SpeedXP_auto_WP7B-P040VA1-R8000_WP7B-P040VA1-R8000_WP7B-P040VA1-R8000_WP7B-P040VA1-R8000_CH1_CH1.V_SpeedXP_auto_3_En
0.000000e+00 (A)  X_CH1.Xpartial.X_SpeedXP_auto_WP7B-P040VA1-R8000_WP7B-P040VA1-R8000_WP7B-P040VA1-R8000_WP7B-P040VA1-R8000_CH1_CH1.V_SpeedXP_auto_4_En
0.000000e+00 (A)  X_CH1.Xpartial.X_SpeedXP_auto_WP7B-P040VA1-R8000_WP7B-P040VA1-R8000_WP7B-P040VA1-R8000_WP7B-P040VA1-R8000_CH1_CH1.V_SpeedXP_auto_5_En
0.000000e+00 (A)  X_CH1.Xpartial.X_SpeedXP_auto_WP7B-P040VA1-R8000_WP7B-P040VA1-R8000_WP7B-P040VA1-R8000_WP7B-P040VA1-R8000_CH1_CH1.V_SpeedXP_auto_6_En
0.000000e+00 (A)  X_CH1.Xpartial.X_SpeedXP_auto_WP7B-P040VA1-R8000_WP7B-P040VA1-R8000_WP7B-P040VA1-R8000_WP7B-P040VA1-R8000_CH1_CH1.V_SpeedXP_auto_7_En
0.000000e+00 (A)  X_CH1.Xpartial.X_SpeedXP_auto_WP7B-P040VA1-R8000_WP7B-P040VA1-R8000_WP7B-P040VA1-R8000_WP7B-P040VA1-R8000_CH1_CH1.V_SpeedXP_auto_8_En
0.000000e+00 (A)  X_CH1.Xpartial.X_SpeedXP_auto_WP7B-P040VA1-R8000_WP7B-P040VA1-R8000_WP7B-P040VA1-R8000_WP7B-P040VA1-R8000_CH1_CH1.V_SpeedXP_auto_9_En
-7.500000e-12 (A)  X_CH1.Xpartial.X_SpeedXP_auto_WP7B-P040VA1-R8000_WP7B-P040VA1-R8000_WP7B-P040VA1-R8000_WP7B-P040VA1-R8000_CH1_CH1.Vpwr_17
-2.500000e-12 (A)  X_CH1.Xpartial.X_SpeedXP_auto_WP7B-P040VA1-R8000_WP7B-P040VA1-R8000_WP7B-P040VA1-R8000_WP7B-P040VA1-R8000_CH1_CH1.Vpwr_18
0.000000e+00 (A)  X_ESD1.Xpartial.X_SpeedXP_auto_IP4292CZ10_DFN2510A-10_IP4292CZ10-TBR_115_IP4292CZ10-TBR_115_ESD1_ESD1.V_SpeedXP_auto_10_En
0.000000e+00 (A)  X_ESD1.Xpartial.X_SpeedXP_auto_IP4292CZ10_DFN2510A-10_IP4292CZ10-TBR_115_IP4292CZ10-TBR_115_ESD1_ESD1.V_SpeedXP_auto_1_En
0.000000e+00 (A)  X_ESD1.Xpartial.X_SpeedXP_auto_IP4292CZ10_DFN2510A-10_IP4292CZ10-TBR_115_IP4292CZ10-TBR_115_ESD1_ESD1.V_SpeedXP_auto_2_En
0.000000e+00 (A)  X_ESD1.Xpartial.X_SpeedXP_auto_IP4292CZ10_DFN2510A-10_IP4292CZ10-TBR_115_IP4292CZ10-TBR_115_ESD1_ESD1.V_SpeedXP_auto_4_En
0.000000e+00 (A)  X_ESD1.Xpartial.X_SpeedXP_auto_IP4292CZ10_DFN2510A-10_IP4292CZ10-TBR_115_IP4292CZ10-TBR_115_ESD1_ESD1.V_SpeedXP_auto_5_En
0.000000e+00 (A)  X_ESD1.Xpartial.X_SpeedXP_auto_IP4292CZ10_DFN2510A-10_IP4292CZ10-TBR_115_IP4292CZ10-TBR_115_ESD1_ESD1.V_SpeedXP_auto_6_En
0.000000e+00 (A)  X_ESD1.Xpartial.X_SpeedXP_auto_IP4292CZ10_DFN2510A-10_IP4292CZ10-TBR_115_IP4292CZ10-TBR_115_ESD1_ESD1.V_SpeedXP_auto_7_En
0.000000e+00 (A)  X_ESD1.Xpartial.X_SpeedXP_auto_IP4292CZ10_DFN2510A-10_IP4292CZ10-TBR_115_IP4292CZ10-TBR_115_ESD1_ESD1.V_SpeedXP_auto_9_En
0.000000e+00 (A)  X_ESD2.Xpartial.X_SpeedXP_auto_IP4292CZ10_DFN2510A-10_IP4292CZ10-TBR_115_IP4292CZ10-TBR_115_ESD2_ESD2_ESD2.V_SpeedXP_auto_10_En
0.000000e+00 (A)  X_ESD2.Xpartial.X_SpeedXP_auto_IP4292CZ10_DFN2510A-10_IP4292CZ10-TBR_115_IP4292CZ10-TBR_115_ESD2_ESD2_ESD2.V_SpeedXP_auto_1_En
0.000000e+00 (A)  X_ESD2.Xpartial.X_SpeedXP_auto_IP4292CZ10_DFN2510A-10_IP4292CZ10-TBR_115_IP4292CZ10-TBR_115_ESD2_ESD2_ESD2.V_SpeedXP_auto_2_En
0.000000e+00 (A)  X_ESD2.Xpartial.X_SpeedXP_auto_IP4292CZ10_DFN2510A-10_IP4292CZ10-TBR_115_IP4292CZ10-TBR_115_ESD2_ESD2_ESD2.V_SpeedXP_auto_4_En
0.000000e+00 (A)  X_ESD2.Xpartial.X_SpeedXP_auto_IP4292CZ10_DFN2510A-10_IP4292CZ10-TBR_115_IP4292CZ10-TBR_115_ESD2_ESD2_ESD2.V_SpeedXP_auto_5_En
0.000000e+00 (A)  X_ESD2.Xpartial.X_SpeedXP_auto_IP4292CZ10_DFN2510A-10_IP4292CZ10-TBR_115_IP4292CZ10-TBR_115_ESD2_ESD2_ESD2.V_SpeedXP_auto_6_En
0.000000e+00 (A)  X_ESD2.Xpartial.X_SpeedXP_auto_IP4292CZ10_DFN2510A-10_IP4292CZ10-TBR_115_IP4292CZ10-TBR_115_ESD2_ESD2_ESD2.V_SpeedXP_auto_7_En
0.000000e+00 (A)  X_ESD2.Xpartial.X_SpeedXP_auto_IP4292CZ10_DFN2510A-10_IP4292CZ10-TBR_115_IP4292CZ10-TBR_115_ESD2_ESD2_ESD2.V_SpeedXP_auto_9_En
0.000000e+00 (A)  X_HDMI1.Xpartial.X_SpeedXP_auto_HDMI-A_HDMI-001S_HDMI-001S_HDMI-001S_HDMI1_HDMI1.V_SpeedXP_auto_10_En
0.000000e+00 (A)  X_HDMI1.Xpartial.X_SpeedXP_auto_HDMI-A_HDMI-001S_HDMI-001S_HDMI-001S_HDMI1_HDMI1.V_SpeedXP_auto_12_En
0.000000e+00 (A)  X_HDMI1.Xpartial.X_SpeedXP_auto_HDMI-A_HDMI-001S_HDMI-001S_HDMI-001S_HDMI1_HDMI1.V_SpeedXP_auto_1_En
0.000000e+00 (A)  X_HDMI1.Xpartial.X_SpeedXP_auto_HDMI-A_HDMI-001S_HDMI-001S_HDMI-001S_HDMI1_HDMI1.V_SpeedXP_auto_3_En
0.000000e+00 (A)  X_HDMI1.Xpartial.X_SpeedXP_auto_HDMI-A_HDMI-001S_HDMI-001S_HDMI-001S_HDMI1_HDMI1.V_SpeedXP_auto_4_En
0.000000e+00 (A)  X_HDMI1.Xpartial.X_SpeedXP_auto_HDMI-A_HDMI-001S_HDMI-001S_HDMI-001S_HDMI1_HDMI1.V_SpeedXP_auto_6_En
0.000000e+00 (A)  X_HDMI1.Xpartial.X_SpeedXP_auto_HDMI-A_HDMI-001S_HDMI-001S_HDMI-001S_HDMI1_HDMI1.V_SpeedXP_auto_7_En
0.000000e+00 (A)  X_HDMI1.Xpartial.X_SpeedXP_auto_HDMI-A_HDMI-001S_HDMI-001S_HDMI-001S_HDMI1_HDMI1.V_SpeedXP_auto_9_En
-5.050000e-11 (A)  X_U8.Xpartial.X_SpeedXP_auto_TC358870XBG_1_VFBGA80_(S1+S2+S3+S4)_TC358870XBG(NOK)_TC358870XBG(NOK)_U8_U8.B_SpeedXP_auto_A9_OutOfIn
-5.050000e-11 (A)  X_U8.Xpartial.X_SpeedXP_auto_TC358870XBG_1_VFBGA80_(S1+S2+S3+S4)_TC358870XBG(NOK)_TC358870XBG(NOK)_U8_U8.B_SpeedXP_auto_B9_OutOfIn
-1.000000e-12 (A)  X_U8.Xpartial.X_SpeedXP_auto_TC358870XBG_1_VFBGA80_(S1+S2+S3+S4)_TC358870XBG(NOK)_TC358870XBG(NOK)_U8_U8.V_SpeedXP_auto_A5_En
-1.000000e-12 (A)  X_U8.Xpartial.X_SpeedXP_auto_TC358870XBG_1_VFBGA80_(S1+S2+S3+S4)_TC358870XBG(NOK)_TC358870XBG(NOK)_U8_U8.V_SpeedXP_auto_A6_En
-1.000000e-12 (A)  X_U8.Xpartial.X_SpeedXP_auto_TC358870XBG_1_VFBGA80_(S1+S2+S3+S4)_TC358870XBG(NOK)_TC358870XBG(NOK)_U8_U8.V_SpeedXP_auto_A7_En
-1.000000e-12 (A)  X_U8.Xpartial.X_SpeedXP_auto_TC358870XBG_1_VFBGA80_(S1+S2+S3+S4)_TC358870XBG(NOK)_TC358870XBG(NOK)_U8_U8.V_SpeedXP_auto_A8_En
-1.010000e-10 (A)  X_U8.Xpartial.X_SpeedXP_auto_TC358870XBG_1_VFBGA80_(S1+S2+S3+S4)_TC358870XBG(NOK)_TC358870XBG(NOK)_U8_U8.V_SpeedXP_auto_A9_En
-1.000000e-12 (A)  X_U8.Xpartial.X_SpeedXP_auto_TC358870XBG_1_VFBGA80_(S1+S2+S3+S4)_TC358870XBG(NOK)_TC358870XBG(NOK)_U8_U8.V_SpeedXP_auto_B5_En
-1.000000e-12 (A)  X_U8.Xpartial.X_SpeedXP_auto_TC358870XBG_1_VFBGA80_(S1+S2+S3+S4)_TC358870XBG(NOK)_TC358870XBG(NOK)_U8_U8.V_SpeedXP_auto_B6_En
-1.000000e-12 (A)  X_U8.Xpartial.X_SpeedXP_auto_TC358870XBG_1_VFBGA80_(S1+S2+S3+S4)_TC358870XBG(NOK)_TC358870XBG(NOK)_U8_U8.V_SpeedXP_auto_B7_En
-1.000000e-12 (A)  X_U8.Xpartial.X_SpeedXP_auto_TC358870XBG_1_VFBGA80_(S1+S2+S3+S4)_TC358870XBG(NOK)_TC358870XBG(NOK)_U8_U8.V_SpeedXP_auto_B8_En
-1.010000e-10 (A)  X_U8.Xpartial.X_SpeedXP_auto_TC358870XBG_1_VFBGA80_(S1+S2+S3+S4)_TC358870XBG(NOK)_TC358870XBG(NOK)_U8_U8.V_SpeedXP_auto_B9_En
-1.000000e-12 (A)  X_U8.Xpartial.X_SpeedXP_auto_TC358870XBG_1_VFBGA80_(S1+S2+S3+S4)_TC358870XBG(NOK)_TC358870XBG(NOK)_U8_U8.V_SpeedXP_auto_C1_En
-1.000000e-12 (A)  X_U8.Xpartial.X_SpeedXP_auto_TC358870XBG_1_VFBGA80_(S1+S2+S3+S4)_TC358870XBG(NOK)_TC358870XBG(NOK)_U8_U8.V_SpeedXP_auto_C2_En
-1.000000e-12 (A)  X_U8.Xpartial.X_SpeedXP_auto_TC358870XBG_1_VFBGA80_(S1+S2+S3+S4)_TC358870XBG(NOK)_TC358870XBG(NOK)_U8_U8.V_SpeedXP_auto_D10_En
-1.000000e-12 (A)  X_U8.Xpartial.X_SpeedXP_auto_TC358870XBG_1_VFBGA80_(S1+S2+S3+S4)_TC358870XBG(NOK)_TC358870XBG(NOK)_U8_U8.V_SpeedXP_auto_D1_En
-1.000000e-12 (A)  X_U8.Xpartial.X_SpeedXP_auto_TC358870XBG_1_VFBGA80_(S1+S2+S3+S4)_TC358870XBG(NOK)_TC358870XBG(NOK)_U8_U8.V_SpeedXP_auto_D2_En
-1.000000e-12 (A)  X_U8.Xpartial.X_SpeedXP_auto_TC358870XBG_1_VFBGA80_(S1+S2+S3+S4)_TC358870XBG(NOK)_TC358870XBG(NOK)_U8_U8.V_SpeedXP_auto_D9_En
-1.000000e-12 (A)  X_U8.Xpartial.X_SpeedXP_auto_TC358870XBG_1_VFBGA80_(S1+S2+S3+S4)_TC358870XBG(NOK)_TC358870XBG(NOK)_U8_U8.V_SpeedXP_auto_E10_En
-1.000000e-12 (A)  X_U8.Xpartial.X_SpeedXP_auto_TC358870XBG_1_VFBGA80_(S1+S2+S3+S4)_TC358870XBG(NOK)_TC358870XBG(NOK)_U8_U8.V_SpeedXP_auto_E1_En
-1.000000e-12 (A)  X_U8.Xpartial.X_SpeedXP_auto_TC358870XBG_1_VFBGA80_(S1+S2+S3+S4)_TC358870XBG(NOK)_TC358870XBG(NOK)_U8_U8.V_SpeedXP_auto_E2_En
-1.000000e-12 (A)  X_U8.Xpartial.X_SpeedXP_auto_TC358870XBG_1_VFBGA80_(S1+S2+S3+S4)_TC358870XBG(NOK)_TC358870XBG(NOK)_U8_U8.V_SpeedXP_auto_E9_En
-1.000000e-12 (A)  X_U8.Xpartial.X_SpeedXP_auto_TC358870XBG_1_VFBGA80_(S1+S2+S3+S4)_TC358870XBG(NOK)_TC358870XBG(NOK)_U8_U8.V_SpeedXP_auto_F10_En
-1.000000e-12 (A)  X_U8.Xpartial.X_SpeedXP_auto_TC358870XBG_1_VFBGA80_(S1+S2+S3+S4)_TC358870XBG(NOK)_TC358870XBG(NOK)_U8_U8.V_SpeedXP_auto_F1_En
-1.000000e-12 (A)  X_U8.Xpartial.X_SpeedXP_auto_TC358870XBG_1_VFBGA80_(S1+S2+S3+S4)_TC358870XBG(NOK)_TC358870XBG(NOK)_U8_U8.V_SpeedXP_auto_F2_En
-1.000000e-12 (A)  X_U8.Xpartial.X_SpeedXP_auto_TC358870XBG_1_VFBGA80_(S1+S2+S3+S4)_TC358870XBG(NOK)_TC358870XBG(NOK)_U8_U8.V_SpeedXP_auto_F9_En
-1.000000e-12 (A)  X_U8.Xpartial.X_SpeedXP_auto_TC358870XBG_1_VFBGA80_(S1+S2+S3+S4)_TC358870XBG(NOK)_TC358870XBG(NOK)_U8_U8.V_SpeedXP_auto_G10_En
-1.000000e-12 (A)  X_U8.Xpartial.X_SpeedXP_auto_TC358870XBG_1_VFBGA80_(S1+S2+S3+S4)_TC358870XBG(NOK)_TC358870XBG(NOK)_U8_U8.V_SpeedXP_auto_G9_En
-1.000000e-12 (A)  X_U8.Xpartial.X_SpeedXP_auto_TC358870XBG_1_VFBGA80_(S1+S2+S3+S4)_TC358870XBG(NOK)_TC358870XBG(NOK)_U8_U8.V_SpeedXP_auto_H10_En
-1.000000e-12 (A)  X_U8.Xpartial.X_SpeedXP_auto_TC358870XBG_1_VFBGA80_(S1+S2+S3+S4)_TC358870XBG(NOK)_TC358870XBG(NOK)_U8_U8.V_SpeedXP_auto_H9_En
-7.500000e-12 (A)  X_U8.Xpartial.X_SpeedXP_auto_TC358870XBG_1_VFBGA80_(S1+S2+S3+S4)_TC358870XBG(NOK)_TC358870XBG(NOK)_U8_U8.Vpwr_A9
-2.250001e-10 (A)  X_U8.Xpartial.X_SpeedXP_auto_TC358870XBG_1_VFBGA80_(S1+S2+S3+S4)_TC358870XBG(NOK)_TC358870XBG(NOK)_U8_U8.Vpwr_B9
0.000000e+00 (A)  X_U8.Xpartial.X_SpeedXP_auto_TC358870XBG_1_VFBGA80_(S1+S2+S3+S4)_TC358870XBG(NOK)_TC358870XBG(NOK)_U8_U8.X_SpeedXP_auto_A5_St.v1
0.000000e+00 (A)  X_U8.Xpartial.X_SpeedXP_auto_TC358870XBG_1_VFBGA80_(S1+S2+S3+S4)_TC358870XBG(NOK)_TC358870XBG(NOK)_U8_U8.X_SpeedXP_auto_A6_St.v1
0.000000e+00 (A)  X_U8.Xpartial.X_SpeedXP_auto_TC358870XBG_1_VFBGA80_(S1+S2+S3+S4)_TC358870XBG(NOK)_TC358870XBG(NOK)_U8_U8.X_SpeedXP_auto_A7_St.v1
0.000000e+00 (A)  X_U8.Xpartial.X_SpeedXP_auto_TC358870XBG_1_VFBGA80_(S1+S2+S3+S4)_TC358870XBG(NOK)_TC358870XBG(NOK)_U8_U8.X_SpeedXP_auto_A8_St.v1
0.000000e+00 (A)  X_U8.Xpartial.X_SpeedXP_auto_TC358870XBG_1_VFBGA80_(S1+S2+S3+S4)_TC358870XBG(NOK)_TC358870XBG(NOK)_U8_U8.X_SpeedXP_auto_A9_St.v1
-1.000000e-12 (A)  X_U8.Xpartial.X_SpeedXP_auto_TC358870XBG_1_VFBGA80_(S1+S2+S3+S4)_TC358870XBG(NOK)_TC358870XBG(NOK)_U8_U8.X_SpeedXP_auto_B5_St.v1
-1.000000e-12 (A)  X_U8.Xpartial.X_SpeedXP_auto_TC358870XBG_1_VFBGA80_(S1+S2+S3+S4)_TC358870XBG(NOK)_TC358870XBG(NOK)_U8_U8.X_SpeedXP_auto_B6_St.v1
-1.000000e-12 (A)  X_U8.Xpartial.X_SpeedXP_auto_TC358870XBG_1_VFBGA80_(S1+S2+S3+S4)_TC358870XBG(NOK)_TC358870XBG(NOK)_U8_U8.X_SpeedXP_auto_B7_St.v1
-1.000000e-12 (A)  X_U8.Xpartial.X_SpeedXP_auto_TC358870XBG_1_VFBGA80_(S1+S2+S3+S4)_TC358870XBG(NOK)_TC358870XBG(NOK)_U8_U8.X_SpeedXP_auto_B8_St.v1
-1.010000e-10 (A)  X_U8.Xpartial.X_SpeedXP_auto_TC358870XBG_1_VFBGA80_(S1+S2+S3+S4)_TC358870XBG(NOK)_TC358870XBG(NOK)_U8_U8.X_SpeedXP_auto_B9_St.v1
0.000000e+00 (A)  X_U8.Xpartial.X_SpeedXP_auto_TC358870XBG_1_VFBGA80_(S1+S2+S3+S4)_TC358870XBG(NOK)_TC358870XBG(NOK)_U8_U8.X_SpeedXP_auto_C1_St.v1
-1.000000e-12 (A)  X_U8.Xpartial.X_SpeedXP_auto_TC358870XBG_1_VFBGA80_(S1+S2+S3+S4)_TC358870XBG(NOK)_TC358870XBG(NOK)_U8_U8.X_SpeedXP_auto_C2_St.v1
0.000000e+00 (A)  X_U8.Xpartial.X_SpeedXP_auto_TC358870XBG_1_VFBGA80_(S1+S2+S3+S4)_TC358870XBG(NOK)_TC358870XBG(NOK)_U8_U8.X_SpeedXP_auto_D10_St.v1
0.000000e+00 (A)  X_U8.Xpartial.X_SpeedXP_auto_TC358870XBG_1_VFBGA80_(S1+S2+S3+S4)_TC358870XBG(NOK)_TC358870XBG(NOK)_U8_U8.X_SpeedXP_auto_D1_St.v1
-1.000000e-12 (A)  X_U8.Xpartial.X_SpeedXP_auto_TC358870XBG_1_VFBGA80_(S1+S2+S3+S4)_TC358870XBG(NOK)_TC358870XBG(NOK)_U8_U8.X_SpeedXP_auto_D2_St.v1
-1.000000e-12 (A)  X_U8.Xpartial.X_SpeedXP_auto_TC358870XBG_1_VFBGA80_(S1+S2+S3+S4)_TC358870XBG(NOK)_TC358870XBG(NOK)_U8_U8.X_SpeedXP_auto_D9_St.v1
0.000000e+00 (A)  X_U8.Xpartial.X_SpeedXP_auto_TC358870XBG_1_VFBGA80_(S1+S2+S3+S4)_TC358870XBG(NOK)_TC358870XBG(NOK)_U8_U8.X_SpeedXP_auto_E10_St.v1
0.000000e+00 (A)  X_U8.Xpartial.X_SpeedXP_auto_TC358870XBG_1_VFBGA80_(S1+S2+S3+S4)_TC358870XBG(NOK)_TC358870XBG(NOK)_U8_U8.X_SpeedXP_auto_E1_St.v1
-1.000000e-12 (A)  X_U8.Xpartial.X_SpeedXP_auto_TC358870XBG_1_VFBGA80_(S1+S2+S3+S4)_TC358870XBG(NOK)_TC358870XBG(NOK)_U8_U8.X_SpeedXP_auto_E2_St.v1
-1.000000e-12 (A)  X_U8.Xpartial.X_SpeedXP_auto_TC358870XBG_1_VFBGA80_(S1+S2+S3+S4)_TC358870XBG(NOK)_TC358870XBG(NOK)_U8_U8.X_SpeedXP_auto_E9_St.v1
0.000000e+00 (A)  X_U8.Xpartial.X_SpeedXP_auto_TC358870XBG_1_VFBGA80_(S1+S2+S3+S4)_TC358870XBG(NOK)_TC358870XBG(NOK)_U8_U8.X_SpeedXP_auto_F10_St.v1
0.000000e+00 (A)  X_U8.Xpartial.X_SpeedXP_auto_TC358870XBG_1_VFBGA80_(S1+S2+S3+S4)_TC358870XBG(NOK)_TC358870XBG(NOK)_U8_U8.X_SpeedXP_auto_F1_St.v1
-1.000000e-12 (A)  X_U8.Xpartial.X_SpeedXP_auto_TC358870XBG_1_VFBGA80_(S1+S2+S3+S4)_TC358870XBG(NOK)_TC358870XBG(NOK)_U8_U8.X_SpeedXP_auto_F2_St.v1
-1.000000e-12 (A)  X_U8.Xpartial.X_SpeedXP_auto_TC358870XBG_1_VFBGA80_(S1+S2+S3+S4)_TC358870XBG(NOK)_TC358870XBG(NOK)_U8_U8.X_SpeedXP_auto_F9_St.v1
0.000000e+00 (A)  X_U8.Xpartial.X_SpeedXP_auto_TC358870XBG_1_VFBGA80_(S1+S2+S3+S4)_TC358870XBG(NOK)_TC358870XBG(NOK)_U8_U8.X_SpeedXP_auto_G10_St.v1
-1.000000e-12 (A)  X_U8.Xpartial.X_SpeedXP_auto_TC358870XBG_1_VFBGA80_(S1+S2+S3+S4)_TC358870XBG(NOK)_TC358870XBG(NOK)_U8_U8.X_SpeedXP_auto_G9_St.v1
0.000000e+00 (A)  X_U8.Xpartial.X_SpeedXP_auto_TC358870XBG_1_VFBGA80_(S1+S2+S3+S4)_TC358870XBG(NOK)_TC358870XBG(NOK)_U8_U8.X_SpeedXP_auto_H10_St.v1
-1.000000e-12 (A)  X_U8.Xpartial.X_SpeedXP_auto_TC358870XBG_1_VFBGA80_(S1+S2+S3+S4)_TC358870XBG(NOK)_TC358870XBG(NOK)_U8_U8.X_SpeedXP_auto_H9_St.v1
1.275000e-10 (A)  xvia0.lnode2080::mipi_dsi1_data0_n
-5.000000e-12 (A)  xvia0.lnode2320::mipi_dsi1_data0_p
1.250000e-10 (A)  Xvia0.VRLNode2080::MIPI_DSI1_DATA0_N
-5.000000e-12 (A)  Xvia0.VRLNode2320::MIPI_DSI1_DATA0_P
