0.000000e+00 (V)  __Gnd
1.001979e-10 (V)  FILLETpad~polygon0100::mipi_dsi0_data0_p
2.500000e+00 (V)  FILLETpad~polygon0101::mipi_dsi0_clk_n
1.001829e-10 (V)  FILLETpad~polygon0102::mipi_dsi0_data1_p
1.001013e-10 (V)  FILLETpad~polygon0111::mipi_dsi0_clk_p
2.500000e+00 (V)  FILLETpad~polygon0120::mipi_dsi0_clk_n
1.000000e-10 (V)  FILLETpad~polygon0126::mipi_dsi0_clk_p
1.000000e-10 (V)  FILLETpad~polygon0127::mipi_dsi0_data1_p
1.001031e-10 (V)  FILLETpad~polygon0274::mipi_dsi0_clk_p
2.500000e+00 (V)  FILLETpad~polygon0325::mipi_dsi0_data0_n
1.001847e-10 (V)  FILLETpad~polygon0327::mipi_dsi0_data1_p
2.500000e+00 (V)  FILLETpad~polygon0328::mipi_dsi0_clk_n
1.001997e-10 (V)  FILLETpad~polygon0329::mipi_dsi0_data0_p
2.500000e+00 (V)  FILLETpad~polygon0396::mipi_dsi0_data1_n
1.003685e-10 (V)  FILLETpad~polygon0407::mipi_dsi0_clk_p
2.500000e+00 (V)  FILLETpad~polygon0424::mipi_dsi0_clk_n
1.003774e-10 (V)  FILLETpad~polygon0436::mipi_dsi0_data0_p
2.500000e+00 (V)  FILLETpad~polygon0442::mipi_dsi0_data0_n
2.500000e+00 (V)  FILLETpad~polygon0444::mipi_dsi0_data1_n
2.500000e+00 (V)  FILLETpad~polygon048::mipi_dsi0_data1_n
2.500000e+00 (V)  FILLETpad~polygon096::mipi_dsi0_data0_n
1.100000e+00 (V)  IPGPWR_VCC_1V1
1.200000e+00 (V)  IPGPWR_VCC_1V2
1.800000e+00 (V)  IPGPWR_VCC_1V8
3.300000e+00 (V)  IPGPWR_VCC_3V3
5.000000e+00 (V)  IPGPWR_VCC_5V
5.000000e+00 (V)  IPGPWR_VCC_5V5
0.000000e+00 (V)  Node101!!A8::MIPI_DSI1_DATA1_P
0.000000e+00 (V)  Node102!!B9::MIPI_DSI1_DATA0_N
0.000000e+00 (V)  Node103!!A9::MIPI_DSI1_DATA0_P
0.000000e+00 (V)  Node105!!D9::MIPI_DSI0_DATA3_N
0.000000e+00 (V)  Node106!!E9::MIPI_DSI0_DATA2_N
0.000000e+00 (V)  Node1081!!15::MIPI_DSI1_CLK_P
0.000000e+00 (V)  Node11!!B4::VCC_HDMIRX_IN
0.000000e+00 (V)  Node110!!D10::MIPI_DSI0_DATA3_P
0.000000e+00 (V)  Node111!!E10::MIPI_DSI0_DATA2_P
1.003806e-10 (V)  Node112!!G10::MIPI_DSI0_DATA1_P
0.000000e+00 (V)  Node1207!!20::MIPI_DSI1_DATA3_N
0.000000e+00 (V)  Node1276!!19::MIPI_DSI1_DATA3_P
0.000000e+00 (V)  Node14!!F2::HDMI_DATA2_N
0.000000e+00 (V)  Node15!!2::HDMI_DATA2_N
0.000000e+00 (V)  Node1525!!12::MIPI_DSI1_DATA2_N
0.000000e+00 (V)  Node16!!3::HDMI_DATA2_N
0.000000e+00 (V)  Node1685!!11::MIPI_DSI1_DATA2_P
0.000000e+00 (V)  Node17!!9::HDMI_DATA2_N
0.000000e+00 (V)  Node1795!!14::MIPI_DSI1_DATA1_N
0.000000e+00 (V)  Node18!!F1::HDMI_DATA2_P
0.000000e+00 (V)  Node181!!J3::INT
0.000000e+00 (V)  Node182!!K4::I2C_SCL
0.000000e+00 (V)  Node183!!K3::I2C_SDA
0.000000e+00 (V)  Node184!!2::RESETN
0.000000e+00 (V)  Node185!!2::RESETN
0.000000e+00 (V)  Node186!!2::RESETN
0.000000e+00 (V)  Node187!!1::RESETN
0.000000e+00 (V)  Node188!!K8::RESETN
0.000000e+00 (V)  Node19!!1::HDMI_DATA2_P
0.000000e+00 (V)  Node20!!1::HDMI_DATA2_P
0.000000e+00 (V)  Node2035!!13::MIPI_DSI1_DATA1_P
0.000000e+00 (V)  Node21!!10::HDMI_DATA2_P
0.000000e+00 (V)  Node2165!!18::MIPI_DSI1_DATA0_N
0.000000e+00 (V)  Node22!!D1::HDMI_DATA0_P
0.000000e+00 (V)  Node2243!!17::MIPI_DSI1_DATA0_P
0.000000e+00 (V)  Node23!!1::HDMI_DATA0_P
2.500000e+00 (V)  Node2327!!5_Auto_965::MIPI_DSI0_CLK_N
2.500000e+00 (V)  Node2328::MIPI_DSI0_CLK_N
2.500000e+00 (V)  Node2328_Auto_1096::MIPI_DSI0_CLK_N
2.500000e+00 (V)  Node2328_Auto_1097::MIPI_DSI0_CLK_N
2.500000e+00 (V)  Node2328_Auto_1104::MIPI_DSI0_CLK_N
2.500000e+00 (V)  Node2328_Auto_1105::MIPI_DSI0_CLK_N
2.500000e+00 (V)  Node2328_Auto_1116::MIPI_DSI0_CLK_N
2.500000e+00 (V)  Node2328_Auto_1117::MIPI_DSI0_CLK_N
2.500000e+00 (V)  Node2328_Auto_1127::MIPI_DSI0_CLK_N
2.500000e+00 (V)  Node2328_Auto_1137::MIPI_DSI0_CLK_N
2.500000e+00 (V)  Node2328_Auto_1138::MIPI_DSI0_CLK_N
2.500000e+00 (V)  Node2328_Auto_1142::MIPI_DSI0_CLK_N
2.500000e+00 (V)  Node2329::MIPI_DSI0_CLK_N
2.500000e+00 (V)  Node2329_Auto_1056::MIPI_DSI0_CLK_N
2.500000e+00 (V)  Node2329_Auto_1057::MIPI_DSI0_CLK_N
2.500000e+00 (V)  Node2329_Auto_1058::MIPI_DSI0_CLK_N
2.500000e+00 (V)  Node2329_Auto_1059::MIPI_DSI0_CLK_N
2.500000e+00 (V)  Node2329_Auto_1060::MIPI_DSI0_CLK_N
2.500000e+00 (V)  Node2329_Auto_1061::MIPI_DSI0_CLK_N
2.500000e+00 (V)  Node2329_Auto_1062::MIPI_DSI0_CLK_N
2.500000e+00 (V)  Node2329_Auto_1063::MIPI_DSI0_CLK_N
2.500000e+00 (V)  Node2329_Auto_1064::MIPI_DSI0_CLK_N
2.500000e+00 (V)  Node2329_Auto_1065::MIPI_DSI0_CLK_N
2.500000e+00 (V)  Node2330::MIPI_DSI0_CLK_N
2.500000e+00 (V)  Node2355::MIPI_DSI0_CLK_N
2.500000e+00 (V)  Node2356::MIPI_DSI0_CLK_N
2.500000e+00 (V)  Node2358::MIPI_DSI0_CLK_N
2.500000e+00 (V)  Node2361::MIPI_DSI0_CLK_N
2.500000e+00 (V)  Node2364::MIPI_DSI0_CLK_N
2.500000e+00 (V)  Node2372::MIPI_DSI0_CLK_N
2.500000e+00 (V)  Node2375::MIPI_DSI0_CLK_N
2.500000e+00 (V)  Node2378::MIPI_DSI0_CLK_N
2.500000e+00 (V)  Node2380::MIPI_DSI0_CLK_N
2.500000e+00 (V)  Node2384::MIPI_DSI0_CLK_N
2.500000e+00 (V)  Node2387::MIPI_DSI0_CLK_N
2.500000e+00 (V)  Node2387_Auto_304::MIPI_DSI0_CLK_N
2.500000e+00 (V)  Node2387_Auto_306::MIPI_DSI0_CLK_N
2.500000e+00 (V)  Node2392::MIPI_DSI0_CLK_N
2.500000e+00 (V)  Node2392_Auto_132::MIPI_DSI0_CLK_N
2.500000e+00 (V)  Node2393::MIPI_DSI0_CLK_N
2.500000e+00 (V)  Node2395::MIPI_DSI0_CLK_N
2.500000e+00 (V)  Node2395_Auto_308::MIPI_DSI0_CLK_N
2.500000e+00 (V)  Node2395_Auto_309::MIPI_DSI0_CLK_N
2.500000e+00 (V)  Node2398::MIPI_DSI0_CLK_N
0.000000e+00 (V)  Node24!!7::HDMI_DATA0_P
2.500000e+00 (V)  Node2401::MIPI_DSI0_CLK_N
2.500000e+00 (V)  Node2401_Auto_133::MIPI_DSI0_CLK_N
2.500000e+00 (V)  Node2401_Auto_134::MIPI_DSI0_CLK_N
2.500000e+00 (V)  Node2401_Auto_155::MIPI_DSI0_CLK_N
2.500000e+00 (V)  Node2401_Auto_156::MIPI_DSI0_CLK_N
2.500000e+00 (V)  Node2401_Auto_160::MIPI_DSI0_CLK_N
2.500000e+00 (V)  Node2401_Auto_175::MIPI_DSI0_CLK_N
2.500000e+00 (V)  Node2401_Auto_176::MIPI_DSI0_CLK_N
2.500000e+00 (V)  Node2403::MIPI_DSI0_CLK_N
2.500000e+00 (V)  Node2403_Auto_869::MIPI_DSI0_CLK_N
2.500000e+00 (V)  Node2403_Auto_877::MIPI_DSI0_CLK_N
2.500000e+00 (V)  Node2403_Auto_880::MIPI_DSI0_CLK_N
2.500000e+00 (V)  Node2405::MIPI_DSI0_CLK_N
0.000000e+00 (V)  Node2417!!1::MIPI_DSI0_DATA3_N
0.000000e+00 (V)  Node2474!!9::MIPI_DSI0_DATA2_N
2.500000e+00 (V)  Node2495!!7::MIPI_DSI0_DATA1_N
2.500000e+00 (V)  Node2497::MIPI_DSI0_DATA1_N
2.500000e+00 (V)  Node2497_Auto_1092::MIPI_DSI0_DATA1_N
2.500000e+00 (V)  Node2497_Auto_1093::MIPI_DSI0_DATA1_N
2.500000e+00 (V)  Node2497_Auto_1100::MIPI_DSI0_DATA1_N
2.500000e+00 (V)  Node2497_Auto_1101::MIPI_DSI0_DATA1_N
2.500000e+00 (V)  Node2497_Auto_1108::MIPI_DSI0_DATA1_N
2.500000e+00 (V)  Node2497_Auto_1109::MIPI_DSI0_DATA1_N
2.500000e+00 (V)  Node2497_Auto_1112::MIPI_DSI0_DATA1_N
2.500000e+00 (V)  Node2497_Auto_1113::MIPI_DSI0_DATA1_N
2.500000e+00 (V)  Node2497_Auto_1132::MIPI_DSI0_DATA1_N
2.500000e+00 (V)  Node2497_Auto_1134::MIPI_DSI0_DATA1_N
2.500000e+00 (V)  Node2497_Auto_1139::MIPI_DSI0_DATA1_N
0.000000e+00 (V)  Node25!!10::HDMI_DATA0_P
2.500000e+00 (V)  Node2500::MIPI_DSI0_DATA1_N
2.500000e+00 (V)  Node2500_Auto_967::MIPI_DSI0_DATA1_N
2.500000e+00 (V)  Node2500_Auto_968::MIPI_DSI0_DATA1_N
2.500000e+00 (V)  Node2501::MIPI_DSI0_DATA1_N
2.500000e+00 (V)  Node2501_Auto_969::MIPI_DSI0_DATA1_N
2.500000e+00 (V)  Node2501_Auto_970::MIPI_DSI0_DATA1_N
2.500000e+00 (V)  Node2502::MIPI_DSI0_DATA1_N
2.500000e+00 (V)  Node2503::MIPI_DSI0_DATA1_N
2.500000e+00 (V)  Node2505::MIPI_DSI0_DATA1_N
2.500000e+00 (V)  Node2505_Auto_972::MIPI_DSI0_DATA1_N
2.500000e+00 (V)  Node2506::MIPI_DSI0_DATA1_N
2.500000e+00 (V)  Node2508::MIPI_DSI0_DATA1_N
2.500000e+00 (V)  Node2509::MIPI_DSI0_DATA1_N
2.500000e+00 (V)  Node2509_Auto_978::MIPI_DSI0_DATA1_N
2.500000e+00 (V)  Node2510::MIPI_DSI0_DATA1_N
2.500000e+00 (V)  Node2510_Auto_979::MIPI_DSI0_DATA1_N
2.500000e+00 (V)  Node2510_Auto_981::MIPI_DSI0_DATA1_N
2.500000e+00 (V)  Node2513::MIPI_DSI0_DATA1_N
2.500000e+00 (V)  Node2514::MIPI_DSI0_DATA1_N
2.500000e+00 (V)  Node2514_Auto_982::MIPI_DSI0_DATA1_N
2.500000e+00 (V)  Node2516::MIPI_DSI0_DATA1_N
2.500000e+00 (V)  Node2518::MIPI_DSI0_DATA1_N
2.500000e+00 (V)  Node2518_Auto_987::MIPI_DSI0_DATA1_N
2.500000e+00 (V)  Node2521::MIPI_DSI0_DATA1_N
2.500000e+00 (V)  Node2522::MIPI_DSI0_DATA1_N
2.500000e+00 (V)  Node2524::MIPI_DSI0_DATA1_N
2.500000e+00 (V)  Node2525::MIPI_DSI0_DATA1_N
2.500000e+00 (V)  Node2540::MIPI_DSI0_DATA1_N
2.500000e+00 (V)  Node2541::MIPI_DSI0_DATA1_N
2.500000e+00 (V)  Node2543::MIPI_DSI0_DATA1_N
2.500000e+00 (V)  Node2547::MIPI_DSI0_DATA1_N
2.500000e+00 (V)  Node2547_Auto_24::MIPI_DSI0_DATA1_N
2.500000e+00 (V)  Node2547_Auto_27::MIPI_DSI0_DATA1_N
2.500000e+00 (V)  Node2550::MIPI_DSI0_DATA1_N
2.500000e+00 (V)  Node2555::MIPI_DSI0_DATA1_N
2.500000e+00 (V)  Node2556::MIPI_DSI0_DATA1_N
2.500000e+00 (V)  Node2557::MIPI_DSI0_DATA1_N
2.500000e+00 (V)  Node2558::MIPI_DSI0_DATA1_N
2.500000e+00 (V)  Node2561::MIPI_DSI0_DATA1_N
2.500000e+00 (V)  Node2561_Auto_28::MIPI_DSI0_DATA1_N
2.500000e+00 (V)  Node2561_Auto_29::MIPI_DSI0_DATA1_N
2.500000e+00 (V)  Node2564::MIPI_DSI0_DATA1_N
2.500000e+00 (V)  Node2564_Auto_164::MIPI_DSI0_DATA1_N
2.500000e+00 (V)  Node2567::MIPI_DSI0_DATA1_N
2.500000e+00 (V)  Node2567_Auto_141::MIPI_DSI0_DATA1_N
2.500000e+00 (V)  Node2568::MIPI_DSI0_DATA1_N
2.500000e+00 (V)  Node2571::MIPI_DSI0_DATA1_N
2.500000e+00 (V)  Node2571_Auto_145::MIPI_DSI0_DATA1_N
2.500000e+00 (V)  Node2571_Auto_165::MIPI_DSI0_DATA1_N
2.500000e+00 (V)  Node2571_Auto_167::MIPI_DSI0_DATA1_N
2.500000e+00 (V)  Node2572::MIPI_DSI0_DATA1_N
2.500000e+00 (V)  Node2572_Auto_151::MIPI_DSI0_DATA1_N
2.500000e+00 (V)  Node2572_Auto_152::MIPI_DSI0_DATA1_N
2.500000e+00 (V)  Node2572_Auto_170::MIPI_DSI0_DATA1_N
2.500000e+00 (V)  Node2572_Auto_173::MIPI_DSI0_DATA1_N
2.500000e+00 (V)  Node2574::MIPI_DSI0_DATA1_N
2.500000e+00 (V)  Node2576::MIPI_DSI0_DATA1_N
2.500000e+00 (V)  Node2577::MIPI_DSI0_DATA1_N
2.500000e+00 (V)  Node2578::MIPI_DSI0_DATA1_N
2.500000e+00 (V)  Node2578_Auto_872::MIPI_DSI0_DATA1_N
2.500000e+00 (V)  Node2578_Auto_882::MIPI_DSI0_DATA1_N
2.500000e+00 (V)  Node2578_Auto_886::MIPI_DSI0_DATA1_N
2.500000e+00 (V)  Node2580::MIPI_DSI0_DATA1_N
2.500000e+00 (V)  Node2588::MIPI_DSI0_DATA0_N
2.500000e+00 (V)  Node2589::MIPI_DSI0_DATA0_N
2.500000e+00 (V)  Node2589_Auto_875::MIPI_DSI0_DATA0_N
2.500000e+00 (V)  Node2589_Auto_884::MIPI_DSI0_DATA0_N
2.500000e+00 (V)  Node2589_Auto_885::MIPI_DSI0_DATA0_N
2.500000e+00 (V)  Node2590::MIPI_DSI0_DATA0_N
2.500000e+00 (V)  Node2590_Auto_871::MIPI_DSI0_DATA0_N
2.500000e+00 (V)  Node2591::MIPI_DSI0_DATA0_N
0.000000e+00 (V)  Node26!!E1::HDMI_DATA1_P
2.500000e+00 (V)  Node2607::MIPI_DSI0_DATA0_N
2.500000e+00 (V)  Node2607_Auto_150::MIPI_DSI0_DATA0_N
2.500000e+00 (V)  Node2608::MIPI_DSI0_DATA0_N
2.500000e+00 (V)  Node2610::MIPI_DSI0_DATA0_N
2.500000e+00 (V)  Node2610_Auto_139::MIPI_DSI0_DATA0_N
2.500000e+00 (V)  Node2610_Auto_140::MIPI_DSI0_DATA0_N
2.500000e+00 (V)  Node2611::MIPI_DSI0_DATA0_N
2.500000e+00 (V)  Node2611_Auto_127::MIPI_DSI0_DATA0_N
2.500000e+00 (V)  Node2613::MIPI_DSI0_DATA0_N
2.500000e+00 (V)  Node2613_Auto_10::MIPI_DSI0_DATA0_N
2.500000e+00 (V)  Node2613_Auto_13::MIPI_DSI0_DATA0_N
2.500000e+00 (V)  Node2613_Auto_15::MIPI_DSI0_DATA0_N
2.500000e+00 (V)  Node2613_Auto_19::MIPI_DSI0_DATA0_N
2.500000e+00 (V)  Node2613_Auto_20::MIPI_DSI0_DATA0_N
2.500000e+00 (V)  Node2613_Auto_22::MIPI_DSI0_DATA0_N
2.500000e+00 (V)  Node2613_Auto_9::MIPI_DSI0_DATA0_N
2.500000e+00 (V)  Node2632::MIPI_DSI0_DATA0_N
2.500000e+00 (V)  Node2634::MIPI_DSI0_DATA0_N
2.500000e+00 (V)  Node2634_Auto_1::MIPI_DSI0_DATA0_N
2.500000e+00 (V)  Node2634_Auto_363::MIPI_DSI0_DATA0_N
2.500000e+00 (V)  Node2634_Auto_364::MIPI_DSI0_DATA0_N
2.500000e+00 (V)  Node2635::MIPI_DSI0_DATA0_N
2.500000e+00 (V)  Node2636::MIPI_DSI0_DATA0_N
2.500000e+00 (V)  Node2638::MIPI_DSI0_DATA0_N
2.500000e+00 (V)  Node2642!!3::MIPI_DSI0_DATA0_N
2.500000e+00 (V)  Node2644_Auto_1102::MIPI_DSI0_DATA0_N
2.500000e+00 (V)  Node2645::MIPI_DSI0_DATA0_N
2.500000e+00 (V)  Node2646::MIPI_DSI0_DATA0_N
2.500000e+00 (V)  Node2646_Auto_1120::MIPI_DSI0_DATA0_N
2.500000e+00 (V)  Node2646_Auto_1121::MIPI_DSI0_DATA0_N
2.500000e+00 (V)  Node2646_Auto_1129::MIPI_DSI0_DATA0_N
2.500000e+00 (V)  Node2646_Auto_1144::MIPI_DSI0_DATA0_N
2.500000e+00 (V)  Node2646_Auto_1146::MIPI_DSI0_DATA0_N
2.500000e+00 (V)  Node2646_Auto_1147::MIPI_DSI0_DATA0_N
2.500000e+00 (V)  Node2646_Auto_1148::MIPI_DSI0_DATA0_N
2.500000e+00 (V)  Node2648::MIPI_DSI0_DATA0_N
2.500000e+00 (V)  Node2649::MIPI_DSI0_DATA0_N
2.500000e+00 (V)  Node2649_Auto_1110::MIPI_DSI0_DATA0_N
2.500000e+00 (V)  Node2649_Auto_1111::MIPI_DSI0_DATA0_N
2.500000e+00 (V)  Node2649_Auto_1150::MIPI_DSI0_DATA0_N
2.500000e+00 (V)  Node2652::MIPI_DSI0_DATA0_N
2.500000e+00 (V)  Node2655::MIPI_DSI0_DATA0_N
2.500000e+00 (V)  Node2655_Auto_1868::MIPI_DSI0_DATA0_N
2.500000e+00 (V)  Node2658::MIPI_DSI0_DATA0_N
2.500000e+00 (V)  Node2666::MIPI_DSI0_DATA0_N
2.500000e+00 (V)  Node2669::MIPI_DSI0_DATA0_N
2.500000e+00 (V)  Node2669_Auto_1870::MIPI_DSI0_DATA0_N
2.500000e+00 (V)  Node2678::MIPI_DSI0_DATA0_N
2.500000e+00 (V)  Node2678_Auto_1866::MIPI_DSI0_DATA0_N
2.500000e+00 (V)  Node2681::MIPI_DSI0_DATA0_N
2.500000e+00 (V)  Node2689::MIPI_DSI0_DATA0_N
2.500000e+00 (V)  Node2689_Auto_1871::MIPI_DSI0_DATA0_N
2.500000e+00 (V)  Node2692::MIPI_DSI0_DATA0_N
2.500000e+00 (V)  Node2695::MIPI_DSI0_DATA0_N
2.500000e+00 (V)  Node2695_Auto_1914::MIPI_DSI0_DATA0_N
2.500000e+00 (V)  Node2697::MIPI_DSI0_DATA0_N
0.000000e+00 (V)  Node27!!4::HDMI_DATA1_P
0.000000e+00 (V)  Node270!!K9::N284871
1.001215e-10 (V)  Node2708::MIPI_DSI0_CLK_P
1.001220e-10 (V)  Node2708_Auto_128::MIPI_DSI0_CLK_P
1.001260e-10 (V)  Node2711::MIPI_DSI0_CLK_P
1.001341e-10 (V)  Node2719::MIPI_DSI0_CLK_P
1.001415e-10 (V)  Node2722::MIPI_DSI0_CLK_P
1.001381e-10 (V)  Node2722_Auto_127::MIPI_DSI0_CLK_P
0.000000e+00 (V)  Node273!!K2::N284174
1.001496e-10 (V)  Node2730::MIPI_DSI0_CLK_P
1.001531e-10 (V)  Node2730_Auto_125::MIPI_DSI0_CLK_P
1.001570e-10 (V)  Node2733::MIPI_DSI0_CLK_P
1.001652e-10 (V)  Node2741::MIPI_DSI0_CLK_P
1.001694e-10 (V)  Node2744::MIPI_DSI0_CLK_P
1.001691e-10 (V)  Node2744_Auto_126::MIPI_DSI0_CLK_P
0.000000e+00 (V)  Node275!!K1::N284159
1.001861e-10 (V)  Node2753::MIPI_DSI0_CLK_P
1.001889e-10 (V)  Node2753_Auto_236::MIPI_DSI0_CLK_P
1.002133e-10 (V)  Node2753_Auto_237::MIPI_DSI0_CLK_P
1.002159e-10 (V)  Node2754::MIPI_DSI0_CLK_P
1.002187e-10 (V)  Node2754_Auto_275::MIPI_DSI0_CLK_P
1.002215e-10 (V)  Node2754_Auto_276::MIPI_DSI0_CLK_P
1.002361e-10 (V)  Node2754_Auto_277::MIPI_DSI0_CLK_P
1.002460e-10 (V)  Node2754_Auto_278::MIPI_DSI0_CLK_P
1.002491e-10 (V)  Node2756::MIPI_DSI0_CLK_P
1.002592e-10 (V)  Node2759::MIPI_DSI0_CLK_P
1.002652e-10 (V)  Node2762::MIPI_DSI0_CLK_P
1.002623e-10 (V)  Node2762_Auto_305::MIPI_DSI0_CLK_P
0.000000e+00 (V)  Node277!!J1::N284077
1.002758e-10 (V)  Node2770::MIPI_DSI0_CLK_P
1.002788e-10 (V)  Node2770_Auto_307::MIPI_DSI0_CLK_P
1.002819e-10 (V)  Node2773::MIPI_DSI0_CLK_P
1.002934e-10 (V)  Node2776::MIPI_DSI0_CLK_P
1.003193e-10 (V)  Node2776_Auto_135::MIPI_DSI0_CLK_P
1.003230e-10 (V)  Node2776_Auto_136::MIPI_DSI0_CLK_P
1.003276e-10 (V)  Node2776_Auto_157::MIPI_DSI0_CLK_P
1.003318e-10 (V)  Node2776_Auto_158::MIPI_DSI0_CLK_P
1.003241e-10 (V)  Node2776_Auto_161::MIPI_DSI0_CLK_P
1.003418e-10 (V)  Node2776_Auto_177::MIPI_DSI0_CLK_P
1.003533e-10 (V)  Node2776_Auto_178::MIPI_DSI0_CLK_P
1.002954e-10 (V)  Node2776_Auto_180::MIPI_DSI0_CLK_P
1.003558e-10 (V)  Node2778::MIPI_DSI0_CLK_P
1.003595e-10 (V)  Node2782::MIPI_DSI0_CLK_P
1.003621e-10 (V)  Node2782_Auto_879::MIPI_DSI0_CLK_P
1.000014e-10 (V)  Node2788!!6_Auto_963::MIPI_DSI0_CLK_P
1.000082e-10 (V)  Node2788!!6_Auto_964::MIPI_DSI0_CLK_P
1.000090e-10 (V)  Node2789::MIPI_DSI0_CLK_P
0.000000e+00 (V)  Node279!!19::HDP
1.000111e-10 (V)  Node2790::MIPI_DSI0_CLK_P
1.000113e-10 (V)  Node2791::MIPI_DSI0_CLK_P
1.000202e-10 (V)  Node2791_Auto_1098::MIPI_DSI0_CLK_P
1.000228e-10 (V)  Node2791_Auto_1099::MIPI_DSI0_CLK_P
1.000231e-10 (V)  Node2791_Auto_1106::MIPI_DSI0_CLK_P
1.000255e-10 (V)  Node2791_Auto_1107::MIPI_DSI0_CLK_P
1.000291e-10 (V)  Node2791_Auto_1114::MIPI_DSI0_CLK_P
1.000346e-10 (V)  Node2791_Auto_1115::MIPI_DSI0_CLK_P
1.000402e-10 (V)  Node2791_Auto_1126::MIPI_DSI0_CLK_P
1.000151e-10 (V)  Node2791_Auto_1135::MIPI_DSI0_CLK_P
1.000189e-10 (V)  Node2791_Auto_1136::MIPI_DSI0_CLK_P
1.000140e-10 (V)  Node2791_Auto_1140::MIPI_DSI0_CLK_P
1.000480e-10 (V)  Node2792::MIPI_DSI0_CLK_P
1.000549e-10 (V)  Node2794::MIPI_DSI0_CLK_P
1.000575e-10 (V)  Node2798::MIPI_DSI0_CLK_P
0.000000e+00 (V)  Node28!!4::HDMI_DATA1_P
1.000684e-10 (V)  Node2810::MIPI_DSI0_CLK_P
1.000710e-10 (V)  Node2815::MIPI_DSI0_CLK_P
1.000760e-10 (V)  Node2817::MIPI_DSI0_CLK_P
0.000000e+00 (V)  Node282!!B3::SDA
1.000793e-10 (V)  Node2822::MIPI_DSI0_CLK_P
0.000000e+00 (V)  Node283!!16::SDA
1.000901e-10 (V)  Node2834::MIPI_DSI0_CLK_P
1.000928e-10 (V)  Node2839::MIPI_DSI0_CLK_P
1.000951e-10 (V)  Node2841::MIPI_DSI0_CLK_P
1.000976e-10 (V)  Node2842::MIPI_DSI0_CLK_P
0.000000e+00 (V)  Node288!!15::SCL
0.000000e+00 (V)  Node29!!7::HDMI_DATA1_P
0.000000e+00 (V)  Node290!!A3::SCL
0.000000e+00 (V)  Node2947!!2::MIPI_DSI0_DATA3_P
0.000000e+00 (V)  Node30!!D2::HDMI_DATA0_N
0.000000e+00 (V)  Node3002!!10::MIPI_DSI0_DATA2_P
1.000014e-10 (V)  Node3030!!8_Auto_961::MIPI_DSI0_DATA1_P
1.000082e-10 (V)  Node3030!!8_Auto_962::MIPI_DSI0_DATA1_P
1.000109e-10 (V)  Node3031::MIPI_DSI0_DATA1_P
1.000208e-10 (V)  Node3031_Auto_1094::MIPI_DSI0_DATA1_P
1.000228e-10 (V)  Node3031_Auto_1095::MIPI_DSI0_DATA1_P
1.000255e-10 (V)  Node3031_Auto_1133::MIPI_DSI0_DATA1_P
1.000136e-10 (V)  Node3031_Auto_1141::MIPI_DSI0_DATA1_P
1.000293e-10 (V)  Node3033::MIPI_DSI0_DATA1_P
1.000327e-10 (V)  Node3036::MIPI_DSI0_DATA1_P
1.000433e-10 (V)  Node3039::MIPI_DSI0_DATA1_P
1.000332e-10 (V)  Node3039_Auto_966::MIPI_DSI0_DATA1_P
1.000514e-10 (V)  Node3047::MIPI_DSI0_DATA1_P
1.000615e-10 (V)  Node3050::MIPI_DSI0_DATA1_P
1.000651e-10 (V)  Node3053::MIPI_DSI0_DATA1_P
1.000707e-10 (V)  Node3055::MIPI_DSI0_DATA1_P
1.000790e-10 (V)  Node3056::MIPI_DSI0_DATA1_P
1.000844e-10 (V)  Node3057::MIPI_DSI0_DATA1_P
1.000849e-10 (V)  Node3058::MIPI_DSI0_DATA1_P
1.000885e-10 (V)  Node3058_Auto_973::MIPI_DSI0_DATA1_P
1.000988e-10 (V)  Node3058_Auto_974::MIPI_DSI0_DATA1_P
1.000991e-10 (V)  Node3060::MIPI_DSI0_DATA1_P
1.001006e-10 (V)  Node3060_Auto_971::MIPI_DSI0_DATA1_P
1.001030e-10 (V)  Node3061::MIPI_DSI0_DATA1_P
1.001071e-10 (V)  Node3064::MIPI_DSI0_DATA1_P
1.001080e-10 (V)  Node3064_Auto_975::MIPI_DSI0_DATA1_P
1.001108e-10 (V)  Node3064_Auto_976::MIPI_DSI0_DATA1_P
1.001111e-10 (V)  Node3065::MIPI_DSI0_DATA1_P
1.001126e-10 (V)  Node3065_Auto_977::MIPI_DSI0_DATA1_P
1.001150e-10 (V)  Node3066::MIPI_DSI0_DATA1_P
1.001169e-10 (V)  Node3066_Auto_980::MIPI_DSI0_DATA1_P
0.000000e+00 (V)  Node307!!A1::N27399713
1.001255e-10 (V)  Node3070::MIPI_DSI0_DATA1_P
1.001274e-10 (V)  Node3071::MIPI_DSI0_DATA1_P
1.001455e-10 (V)  Node3073::MIPI_DSI0_DATA1_P
1.001484e-10 (V)  Node3075::MIPI_DSI0_DATA1_P
1.001489e-10 (V)  Node3075_Auto_988::MIPI_DSI0_DATA1_P
1.001546e-10 (V)  Node3075_Auto_989::MIPI_DSI0_DATA1_P
1.001556e-10 (V)  Node3078::MIPI_DSI0_DATA1_P
1.001591e-10 (V)  Node3079::MIPI_DSI0_DATA1_P
1.001688e-10 (V)  Node3079_Auto_984::MIPI_DSI0_DATA1_P
1.001601e-10 (V)  Node3079_Auto_985::MIPI_DSI0_DATA1_P
1.001650e-10 (V)  Node3079_Auto_986::MIPI_DSI0_DATA1_P
1.001963e-10 (V)  Node3087::MIPI_DSI0_DATA1_P
1.001973e-10 (V)  Node3087_Auto_311::MIPI_DSI0_DATA1_P
1.002117e-10 (V)  Node3087_Auto_313::MIPI_DSI0_DATA1_P
1.002127e-10 (V)  Node3090::MIPI_DSI0_DATA1_P
1.002165e-10 (V)  Node3091::MIPI_DSI0_DATA1_P
1.002175e-10 (V)  Node3091_Auto_310::MIPI_DSI0_DATA1_P
1.002218e-10 (V)  Node3093::MIPI_DSI0_DATA1_P
1.002352e-10 (V)  Node3097::MIPI_DSI0_DATA1_P
1.002365e-10 (V)  Node3097_Auto_25::MIPI_DSI0_DATA1_P
0.000000e+00 (V)  Node31!!2::HDMI_DATA0_N
1.002536e-10 (V)  Node3100::MIPI_DSI0_DATA1_P
1.002642e-10 (V)  Node3108::MIPI_DSI0_DATA1_P
1.002826e-10 (V)  Node3111::MIPI_DSI0_DATA1_P
1.002813e-10 (V)  Node3111_Auto_26::MIPI_DSI0_DATA1_P
1.002893e-10 (V)  Node3113::MIPI_DSI0_DATA1_P
1.002904e-10 (V)  Node3113_Auto_131::MIPI_DSI0_DATA1_P
1.002927e-10 (V)  Node3114::MIPI_DSI0_DATA1_P
1.002937e-10 (V)  Node3114_Auto_163::MIPI_DSI0_DATA1_P
1.003055e-10 (V)  Node3117::MIPI_DSI0_DATA1_P
1.003073e-10 (V)  Node3118::MIPI_DSI0_DATA1_P
1.003275e-10 (V)  Node3121::MIPI_DSI0_DATA1_P
1.003100e-10 (V)  Node3121_Auto_148::MIPI_DSI0_DATA1_P
1.003229e-10 (V)  Node3121_Auto_166::MIPI_DSI0_DATA1_P
1.003255e-10 (V)  Node3121_Auto_169::MIPI_DSI0_DATA1_P
1.003312e-10 (V)  Node3122::MIPI_DSI0_DATA1_P
1.003357e-10 (V)  Node3122_Auto_153::MIPI_DSI0_DATA1_P
1.003399e-10 (V)  Node3122_Auto_154::MIPI_DSI0_DATA1_P
1.003322e-10 (V)  Node3122_Auto_159::MIPI_DSI0_DATA1_P
1.003499e-10 (V)  Node3122_Auto_172::MIPI_DSI0_DATA1_P
1.003614e-10 (V)  Node3124::MIPI_DSI0_DATA1_P
1.003629e-10 (V)  Node3125::MIPI_DSI0_DATA1_P
1.003654e-10 (V)  Node3126::MIPI_DSI0_DATA1_P
1.003683e-10 (V)  Node3127::MIPI_DSI0_DATA1_P
1.003718e-10 (V)  Node3128::MIPI_DSI0_DATA1_P
1.003782e-10 (V)  Node3128_Auto_881::MIPI_DSI0_DATA1_P
1.003796e-10 (V)  Node3130::MIPI_DSI0_DATA1_P
0.000000e+00 (V)  Node319!!A2::N279408
0.000000e+00 (V)  Node32!!9::HDMI_DATA0_N
0.000000e+00 (V)  Node320!!A4::N2739972
0.000000e+00 (V)  Node33!!9::HDMI_DATA0_N
0.000000e+00 (V)  Node337!!14
0.000000e+00 (V)  Node338!!13
0.000000e+00 (V)  Node34!!C1::HDMI_CLK_P
0.000000e+00 (V)  Node341!!G6
1.000000e-10 (V)  Node3411!!4::MIPI_DSI0_DATA0_P
1.000023e-10 (V)  Node3415::MIPI_DSI0_DATA0_P
1.000049e-10 (V)  Node3417::MIPI_DSI0_DATA0_P
1.000054e-10 (V)  Node3418::MIPI_DSI0_DATA0_P
1.000078e-10 (V)  Node3418_Auto_1103::MIPI_DSI0_DATA0_P
1.000114e-10 (V)  Node3418_Auto_1118::MIPI_DSI0_DATA0_P
1.000169e-10 (V)  Node3418_Auto_1119::MIPI_DSI0_DATA0_P
1.000225e-10 (V)  Node3418_Auto_1128::MIPI_DSI0_DATA0_P
1.000303e-10 (V)  Node3418_Auto_1143::MIPI_DSI0_DATA0_P
1.000335e-10 (V)  Node3418_Auto_1145::MIPI_DSI0_DATA0_P
0.000000e+00 (V)  Node342!!J2
1.000411e-10 (V)  Node3420::MIPI_DSI0_DATA0_P
1.000421e-10 (V)  Node3421::MIPI_DSI0_DATA0_P
1.000472e-10 (V)  Node3423::MIPI_DSI0_DATA0_P
1.000510e-10 (V)  Node3428::MIPI_DSI0_DATA0_P
0.000000e+00 (V)  Node343!!K5
1.000540e-10 (V)  Node3433::MIPI_DSI0_DATA0_P
1.000564e-10 (V)  Node3435::MIPI_DSI0_DATA0_P
0.000000e+00 (V)  Node344!!J5
1.000602e-10 (V)  Node3440::MIPI_DSI0_DATA0_P
1.000633e-10 (V)  Node3445::MIPI_DSI0_DATA0_P
1.000643e-10 (V)  Node3445_Auto_1149::MIPI_DSI0_DATA0_P
1.000716e-10 (V)  Node3445_Auto_1151::MIPI_DSI0_DATA0_P
1.000726e-10 (V)  Node3448::MIPI_DSI0_DATA0_P
0.000000e+00 (V)  Node345!!J6
1.000833e-10 (V)  Node3451::MIPI_DSI0_DATA0_P
1.000843e-10 (V)  Node3451_Auto_1867::MIPI_DSI0_DATA0_P
1.000898e-10 (V)  Node3454::MIPI_DSI0_DATA0_P
0.000000e+00 (V)  Node346!!J8
1.001021e-10 (V)  Node3462::MIPI_DSI0_DATA0_P
1.001089e-10 (V)  Node3465::MIPI_DSI0_DATA0_P
1.001078e-10 (V)  Node3465_Auto_1869::MIPI_DSI0_DATA0_P
0.000000e+00 (V)  Node347!!J9
1.001373e-10 (V)  Node3474::MIPI_DSI0_DATA0_P
1.001384e-10 (V)  Node3474_Auto_1865::MIPI_DSI0_DATA0_P
1.001438e-10 (V)  Node3477::MIPI_DSI0_DATA0_P
0.000000e+00 (V)  Node348!!K7
1.001562e-10 (V)  Node3485::MIPI_DSI0_DATA0_P
1.001634e-10 (V)  Node3485_Auto_1872::MIPI_DSI0_DATA0_P
1.001644e-10 (V)  Node3488::MIPI_DSI0_DATA0_P
0.000000e+00 (V)  Node349!!J4
1.001727e-10 (V)  Node3491::MIPI_DSI0_DATA0_P
1.001748e-10 (V)  Node3491_Auto_1913::MIPI_DSI0_DATA0_P
1.001839e-10 (V)  Node3493::MIPI_DSI0_DATA0_P
1.001845e-10 (V)  Node3494::MIPI_DSI0_DATA0_P
1.001868e-10 (V)  Node3494_Auto_1912::MIPI_DSI0_DATA0_P
1.001877e-10 (V)  Node3496::MIPI_DSI0_DATA0_P
0.000000e+00 (V)  Node35!!4::HDMI_CLK_P
1.002106e-10 (V)  Node3503::MIPI_DSI0_DATA0_P
1.002173e-10 (V)  Node3504::MIPI_DSI0_DATA0_P
1.002143e-10 (V)  Node3504_Auto_360::MIPI_DSI0_DATA0_P
1.002151e-10 (V)  Node3504_Auto_362::MIPI_DSI0_DATA0_P
1.002180e-10 (V)  Node3505::MIPI_DSI0_DATA0_P
1.002388e-10 (V)  Node3506::MIPI_DSI0_DATA0_P
1.002430e-10 (V)  Node3506_Auto_2::MIPI_DSI0_DATA0_P
1.002447e-10 (V)  Node3508::MIPI_DSI0_DATA0_P
1.002589e-10 (V)  Node3527::MIPI_DSI0_DATA0_P
1.002719e-10 (V)  Node3527_Auto_11::MIPI_DSI0_DATA0_P
1.002752e-10 (V)  Node3527_Auto_12::MIPI_DSI0_DATA0_P
1.002644e-10 (V)  Node3527_Auto_17::MIPI_DSI0_DATA0_P
1.002677e-10 (V)  Node3527_Auto_18::MIPI_DSI0_DATA0_P
1.002596e-10 (V)  Node3527_Auto_21::MIPI_DSI0_DATA0_P
1.002682e-10 (V)  Node3527_Auto_7::MIPI_DSI0_DATA0_P
1.002716e-10 (V)  Node3527_Auto_8::MIPI_DSI0_DATA0_P
1.002867e-10 (V)  Node3529::MIPI_DSI0_DATA0_P
1.002900e-10 (V)  Node3529_Auto_128::MIPI_DSI0_DATA0_P
1.002927e-10 (V)  Node3530::MIPI_DSI0_DATA0_P
1.003032e-10 (V)  Node3530_Auto_137::MIPI_DSI0_DATA0_P
1.003062e-10 (V)  Node3530_Auto_138::MIPI_DSI0_DATA0_P
1.002954e-10 (V)  Node3530_Auto_162::MIPI_DSI0_DATA0_P
1.003225e-10 (V)  Node3532::MIPI_DSI0_DATA0_P
1.003069e-10 (V)  Node3532_Auto_143::MIPI_DSI0_DATA0_P
1.003096e-10 (V)  Node3532_Auto_168::MIPI_DSI0_DATA0_P
1.003257e-10 (V)  Node3533::MIPI_DSI0_DATA0_P
1.003298e-10 (V)  Node3535::MIPI_DSI0_DATA0_P
1.003460e-10 (V)  Node3556::MIPI_DSI0_DATA0_P
1.003575e-10 (V)  Node3556_Auto_174::MIPI_DSI0_DATA0_P
1.003602e-10 (V)  Node3556_Auto_179::MIPI_DSI0_DATA0_P
1.003611e-10 (V)  Node3558::MIPI_DSI0_DATA0_P
1.003621e-10 (V)  Node3560::MIPI_DSI0_DATA0_P
1.003662e-10 (V)  Node3561::MIPI_DSI0_DATA0_P
1.003650e-10 (V)  Node3561_Auto_870::MIPI_DSI0_DATA0_P
1.003671e-10 (V)  Node3562::MIPI_DSI0_DATA0_P
1.003735e-10 (V)  Node3562_Auto_883::MIPI_DSI0_DATA0_P
0.000000e+00 (V)  Node36!!7::HDMI_CLK_P
0.000000e+00 (V)  Node37!!10::HDMI_CLK_P
0.000000e+00 (V)  Node38!!E2::HDMI_DATA1_N
0.000000e+00 (V)  Node39!!5::HDMI_DATA1_N
0.000000e+00 (V)  Node40!!6::HDMI_DATA1_N
0.000000e+00 (V)  Node4007!!32::PWM
0.000000e+00 (V)  Node4066!!29::RESX
0.000000e+00 (V)  Node41!!6::HDMI_DATA1_N
0.000000e+00 (V)  Node42!!C2::HDMI_CLK_N
0.000000e+00 (V)  Node4274!!20::N271809
0.000000e+00 (V)  Node4275!!21::N271809
0.000000e+00 (V)  Node4276!!22::N271809
0.000000e+00 (V)  Node4281!!23::N271809
0.000000e+00 (V)  Node43!!5::HDMI_CLK_N
0.000000e+00 (V)  Node44!!12::HDMI_CLK_N
0.000000e+00 (V)  Node45!!6::HDMI_CLK_N
0.000000e+00 (V)  Node4737!!2::HDP
0.000000e+00 (V)  Node4774!!39::VCC_LED_AB
0.000000e+00 (V)  Node4775!!40::VCC_LED_AB
0.000000e+00 (V)  Node4783!!1::N2739972
0.000000e+00 (V)  Node4785!!P4
0.000000e+00 (V)  Node4786!!P3
0.000000e+00 (V)  Node4787!!P2
0.000000e+00 (V)  Node4788!!P1
0.000000e+00 (V)  Node4789!!31
0.000000e+00 (V)  Node4790!!30
0.000000e+00 (V)  Node63!!B7::MIPI_DSI1_CLK_N
0.000000e+00 (V)  Node64!!A7::MIPI_DSI1_CLK_P
0.000000e+00 (V)  Node65!!B5::MIPI_DSI1_DATA3_N
0.000000e+00 (V)  Node66!!A5::MIPI_DSI1_DATA3_P
0.000000e+00 (V)  Node67!!B6::MIPI_DSI1_DATA2_N
0.000000e+00 (V)  Node68!!A6::MIPI_DSI1_DATA2_P
0.000000e+00 (V)  Node69!!B8::MIPI_DSI1_DATA1_N
0.000000e+00 (V)  Node9!!18::VCC_HDMIRX_IN
0.000000e+00 (V)  Node973!!16::MIPI_DSI1_CLK_N
2.500000e+00 (V)  Trace2183#BP0::MIPI_DSI0_DATA1_N
2.500000e+00 (V)  Trace2183#BP0_Auto_312::MIPI_DSI0_DATA1_N
1.001693e-10 (V)  Trace2721#BP0::MIPI_DSI0_DATA1_P
0.000000e+00 (V)  X_C80.Xpartial.X_SpeedXP_auto_CAP_NP_C0603_100N_100N_C80_C80.nd_en_2
2.500000e+00 (V)  X_CH1.Xpartial.X_SpeedXP_auto_WP7B-P040VA1-R8000_WP7B-P040VA1-R8000_WP7B-P040VA1-R8000_WP7B-P040VA1-R8000_CH1.B_SpeedXP_auto_3.Output0
2.500000e+00 (V)  X_CH1.Xpartial.X_SpeedXP_auto_WP7B-P040VA1-R8000_WP7B-P040VA1-R8000_WP7B-P040VA1-R8000_WP7B-P040VA1-R8000_CH1.B_SpeedXP_auto_3.Output1
1.000000e-10 (V)  X_CH1.Xpartial.X_SpeedXP_auto_WP7B-P040VA1-R8000_WP7B-P040VA1-R8000_WP7B-P040VA1-R8000_WP7B-P040VA1-R8000_CH1.B_SpeedXP_auto_4.Output0
1.000000e-10 (V)  X_CH1.Xpartial.X_SpeedXP_auto_WP7B-P040VA1-R8000_WP7B-P040VA1-R8000_WP7B-P040VA1-R8000_WP7B-P040VA1-R8000_CH1.B_SpeedXP_auto_4.Output1
2.500000e+00 (V)  X_CH1.Xpartial.X_SpeedXP_auto_WP7B-P040VA1-R8000_WP7B-P040VA1-R8000_WP7B-P040VA1-R8000_WP7B-P040VA1-R8000_CH1.B_SpeedXP_auto_5.Output0
2.500000e+00 (V)  X_CH1.Xpartial.X_SpeedXP_auto_WP7B-P040VA1-R8000_WP7B-P040VA1-R8000_WP7B-P040VA1-R8000_WP7B-P040VA1-R8000_CH1.B_SpeedXP_auto_5.Output1
1.000000e-10 (V)  X_CH1.Xpartial.X_SpeedXP_auto_WP7B-P040VA1-R8000_WP7B-P040VA1-R8000_WP7B-P040VA1-R8000_WP7B-P040VA1-R8000_CH1.B_SpeedXP_auto_6.Output0
1.000000e-10 (V)  X_CH1.Xpartial.X_SpeedXP_auto_WP7B-P040VA1-R8000_WP7B-P040VA1-R8000_WP7B-P040VA1-R8000_WP7B-P040VA1-R8000_CH1.B_SpeedXP_auto_6.Output1
2.500000e+00 (V)  X_CH1.Xpartial.X_SpeedXP_auto_WP7B-P040VA1-R8000_WP7B-P040VA1-R8000_WP7B-P040VA1-R8000_WP7B-P040VA1-R8000_CH1.B_SpeedXP_auto_7.Output0
2.500000e+00 (V)  X_CH1.Xpartial.X_SpeedXP_auto_WP7B-P040VA1-R8000_WP7B-P040VA1-R8000_WP7B-P040VA1-R8000_WP7B-P040VA1-R8000_CH1.B_SpeedXP_auto_7.Output1
1.000000e-10 (V)  X_CH1.Xpartial.X_SpeedXP_auto_WP7B-P040VA1-R8000_WP7B-P040VA1-R8000_WP7B-P040VA1-R8000_WP7B-P040VA1-R8000_CH1.B_SpeedXP_auto_8.Output0
1.000000e-10 (V)  X_CH1.Xpartial.X_SpeedXP_auto_WP7B-P040VA1-R8000_WP7B-P040VA1-R8000_WP7B-P040VA1-R8000_WP7B-P040VA1-R8000_CH1.B_SpeedXP_auto_8.Output1
1.000000e+00 (V)  X_CH1.Xpartial.X_SpeedXP_auto_WP7B-P040VA1-R8000_WP7B-P040VA1-R8000_WP7B-P040VA1-R8000_WP7B-P040VA1-R8000_CH1.nd_en_1
1.000000e+00 (V)  X_CH1.Xpartial.X_SpeedXP_auto_WP7B-P040VA1-R8000_WP7B-P040VA1-R8000_WP7B-P040VA1-R8000_WP7B-P040VA1-R8000_CH1.nd_en_10
1.000000e+00 (V)  X_CH1.Xpartial.X_SpeedXP_auto_WP7B-P040VA1-R8000_WP7B-P040VA1-R8000_WP7B-P040VA1-R8000_WP7B-P040VA1-R8000_CH1.nd_en_11
1.000000e+00 (V)  X_CH1.Xpartial.X_SpeedXP_auto_WP7B-P040VA1-R8000_WP7B-P040VA1-R8000_WP7B-P040VA1-R8000_WP7B-P040VA1-R8000_CH1.nd_en_12
1.000000e+00 (V)  X_CH1.Xpartial.X_SpeedXP_auto_WP7B-P040VA1-R8000_WP7B-P040VA1-R8000_WP7B-P040VA1-R8000_WP7B-P040VA1-R8000_CH1.nd_en_13
1.000000e+00 (V)  X_CH1.Xpartial.X_SpeedXP_auto_WP7B-P040VA1-R8000_WP7B-P040VA1-R8000_WP7B-P040VA1-R8000_WP7B-P040VA1-R8000_CH1.nd_en_14
1.000000e+00 (V)  X_CH1.Xpartial.X_SpeedXP_auto_WP7B-P040VA1-R8000_WP7B-P040VA1-R8000_WP7B-P040VA1-R8000_WP7B-P040VA1-R8000_CH1.nd_en_15
1.000000e+00 (V)  X_CH1.Xpartial.X_SpeedXP_auto_WP7B-P040VA1-R8000_WP7B-P040VA1-R8000_WP7B-P040VA1-R8000_WP7B-P040VA1-R8000_CH1.nd_en_16
1.000000e+00 (V)  X_CH1.Xpartial.X_SpeedXP_auto_WP7B-P040VA1-R8000_WP7B-P040VA1-R8000_WP7B-P040VA1-R8000_WP7B-P040VA1-R8000_CH1.nd_en_17
1.000000e+00 (V)  X_CH1.Xpartial.X_SpeedXP_auto_WP7B-P040VA1-R8000_WP7B-P040VA1-R8000_WP7B-P040VA1-R8000_WP7B-P040VA1-R8000_CH1.nd_en_18
1.000000e+00 (V)  X_CH1.Xpartial.X_SpeedXP_auto_WP7B-P040VA1-R8000_WP7B-P040VA1-R8000_WP7B-P040VA1-R8000_WP7B-P040VA1-R8000_CH1.nd_en_19
1.000000e+00 (V)  X_CH1.Xpartial.X_SpeedXP_auto_WP7B-P040VA1-R8000_WP7B-P040VA1-R8000_WP7B-P040VA1-R8000_WP7B-P040VA1-R8000_CH1.nd_en_2
1.000000e+00 (V)  X_CH1.Xpartial.X_SpeedXP_auto_WP7B-P040VA1-R8000_WP7B-P040VA1-R8000_WP7B-P040VA1-R8000_WP7B-P040VA1-R8000_CH1.nd_en_20
1.000000e+00 (V)  X_CH1.Xpartial.X_SpeedXP_auto_WP7B-P040VA1-R8000_WP7B-P040VA1-R8000_WP7B-P040VA1-R8000_WP7B-P040VA1-R8000_CH1.nd_en_3
1.000000e+00 (V)  X_CH1.Xpartial.X_SpeedXP_auto_WP7B-P040VA1-R8000_WP7B-P040VA1-R8000_WP7B-P040VA1-R8000_WP7B-P040VA1-R8000_CH1.nd_en_4
1.000000e+00 (V)  X_CH1.Xpartial.X_SpeedXP_auto_WP7B-P040VA1-R8000_WP7B-P040VA1-R8000_WP7B-P040VA1-R8000_WP7B-P040VA1-R8000_CH1.nd_en_5
1.000000e+00 (V)  X_CH1.Xpartial.X_SpeedXP_auto_WP7B-P040VA1-R8000_WP7B-P040VA1-R8000_WP7B-P040VA1-R8000_WP7B-P040VA1-R8000_CH1.nd_en_6
1.000000e+00 (V)  X_CH1.Xpartial.X_SpeedXP_auto_WP7B-P040VA1-R8000_WP7B-P040VA1-R8000_WP7B-P040VA1-R8000_WP7B-P040VA1-R8000_CH1.nd_en_7
1.000000e+00 (V)  X_CH1.Xpartial.X_SpeedXP_auto_WP7B-P040VA1-R8000_WP7B-P040VA1-R8000_WP7B-P040VA1-R8000_WP7B-P040VA1-R8000_CH1.nd_en_8
1.000000e+00 (V)  X_CH1.Xpartial.X_SpeedXP_auto_WP7B-P040VA1-R8000_WP7B-P040VA1-R8000_WP7B-P040VA1-R8000_WP7B-P040VA1-R8000_CH1.nd_en_9
0.000000e+00 (V)  X_CH1.Xpartial.X_SpeedXP_auto_WP7B-P040VA1-R8000_WP7B-P040VA1-R8000_WP7B-P040VA1-R8000_WP7B-P040VA1-R8000_CH1.nd_in_1
0.000000e+00 (V)  X_CH1.Xpartial.X_SpeedXP_auto_WP7B-P040VA1-R8000_WP7B-P040VA1-R8000_WP7B-P040VA1-R8000_WP7B-P040VA1-R8000_CH1.nd_in_10
0.000000e+00 (V)  X_CH1.Xpartial.X_SpeedXP_auto_WP7B-P040VA1-R8000_WP7B-P040VA1-R8000_WP7B-P040VA1-R8000_WP7B-P040VA1-R8000_CH1.nd_in_11
0.000000e+00 (V)  X_CH1.Xpartial.X_SpeedXP_auto_WP7B-P040VA1-R8000_WP7B-P040VA1-R8000_WP7B-P040VA1-R8000_WP7B-P040VA1-R8000_CH1.nd_in_12
0.000000e+00 (V)  X_CH1.Xpartial.X_SpeedXP_auto_WP7B-P040VA1-R8000_WP7B-P040VA1-R8000_WP7B-P040VA1-R8000_WP7B-P040VA1-R8000_CH1.nd_in_13
0.000000e+00 (V)  X_CH1.Xpartial.X_SpeedXP_auto_WP7B-P040VA1-R8000_WP7B-P040VA1-R8000_WP7B-P040VA1-R8000_WP7B-P040VA1-R8000_CH1.nd_in_14
0.000000e+00 (V)  X_CH1.Xpartial.X_SpeedXP_auto_WP7B-P040VA1-R8000_WP7B-P040VA1-R8000_WP7B-P040VA1-R8000_WP7B-P040VA1-R8000_CH1.nd_in_15
0.000000e+00 (V)  X_CH1.Xpartial.X_SpeedXP_auto_WP7B-P040VA1-R8000_WP7B-P040VA1-R8000_WP7B-P040VA1-R8000_WP7B-P040VA1-R8000_CH1.nd_in_16
0.000000e+00 (V)  X_CH1.Xpartial.X_SpeedXP_auto_WP7B-P040VA1-R8000_WP7B-P040VA1-R8000_WP7B-P040VA1-R8000_WP7B-P040VA1-R8000_CH1.nd_in_17
0.000000e+00 (V)  X_CH1.Xpartial.X_SpeedXP_auto_WP7B-P040VA1-R8000_WP7B-P040VA1-R8000_WP7B-P040VA1-R8000_WP7B-P040VA1-R8000_CH1.nd_in_18
0.000000e+00 (V)  X_CH1.Xpartial.X_SpeedXP_auto_WP7B-P040VA1-R8000_WP7B-P040VA1-R8000_WP7B-P040VA1-R8000_WP7B-P040VA1-R8000_CH1.nd_in_19
0.000000e+00 (V)  X_CH1.Xpartial.X_SpeedXP_auto_WP7B-P040VA1-R8000_WP7B-P040VA1-R8000_WP7B-P040VA1-R8000_WP7B-P040VA1-R8000_CH1.nd_in_2
0.000000e+00 (V)  X_CH1.Xpartial.X_SpeedXP_auto_WP7B-P040VA1-R8000_WP7B-P040VA1-R8000_WP7B-P040VA1-R8000_WP7B-P040VA1-R8000_CH1.nd_in_20
1.000000e+00 (V)  X_CH1.Xpartial.X_SpeedXP_auto_WP7B-P040VA1-R8000_WP7B-P040VA1-R8000_WP7B-P040VA1-R8000_WP7B-P040VA1-R8000_CH1.nd_in_3
0.000000e+00 (V)  X_CH1.Xpartial.X_SpeedXP_auto_WP7B-P040VA1-R8000_WP7B-P040VA1-R8000_WP7B-P040VA1-R8000_WP7B-P040VA1-R8000_CH1.nd_in_4
1.000000e+00 (V)  X_CH1.Xpartial.X_SpeedXP_auto_WP7B-P040VA1-R8000_WP7B-P040VA1-R8000_WP7B-P040VA1-R8000_WP7B-P040VA1-R8000_CH1.nd_in_5
0.000000e+00 (V)  X_CH1.Xpartial.X_SpeedXP_auto_WP7B-P040VA1-R8000_WP7B-P040VA1-R8000_WP7B-P040VA1-R8000_WP7B-P040VA1-R8000_CH1.nd_in_6
1.000000e+00 (V)  X_CH1.Xpartial.X_SpeedXP_auto_WP7B-P040VA1-R8000_WP7B-P040VA1-R8000_WP7B-P040VA1-R8000_WP7B-P040VA1-R8000_CH1.nd_in_7
0.000000e+00 (V)  X_CH1.Xpartial.X_SpeedXP_auto_WP7B-P040VA1-R8000_WP7B-P040VA1-R8000_WP7B-P040VA1-R8000_WP7B-P040VA1-R8000_CH1.nd_in_8
0.000000e+00 (V)  X_CH1.Xpartial.X_SpeedXP_auto_WP7B-P040VA1-R8000_WP7B-P040VA1-R8000_WP7B-P040VA1-R8000_WP7B-P040VA1-R8000_CH1.nd_in_9
5.000000e-01 (V)  X_CH1.Xpartial.X_SpeedXP_auto_WP7B-P040VA1-R8000_WP7B-P040VA1-R8000_WP7B-P040VA1-R8000_WP7B-P040VA1-R8000_CH1.nd_out_of_in_3
5.000000e-01 (V)  X_CH1.Xpartial.X_SpeedXP_auto_WP7B-P040VA1-R8000_WP7B-P040VA1-R8000_WP7B-P040VA1-R8000_WP7B-P040VA1-R8000_CH1.nd_out_of_in_4
5.000000e-01 (V)  X_CH1.Xpartial.X_SpeedXP_auto_WP7B-P040VA1-R8000_WP7B-P040VA1-R8000_WP7B-P040VA1-R8000_WP7B-P040VA1-R8000_CH1.nd_out_of_in_5
5.000000e-01 (V)  X_CH1.Xpartial.X_SpeedXP_auto_WP7B-P040VA1-R8000_WP7B-P040VA1-R8000_WP7B-P040VA1-R8000_WP7B-P040VA1-R8000_CH1.nd_out_of_in_6
5.000000e-01 (V)  X_CH1.Xpartial.X_SpeedXP_auto_WP7B-P040VA1-R8000_WP7B-P040VA1-R8000_WP7B-P040VA1-R8000_WP7B-P040VA1-R8000_CH1.nd_out_of_in_7
5.000000e-01 (V)  X_CH1.Xpartial.X_SpeedXP_auto_WP7B-P040VA1-R8000_WP7B-P040VA1-R8000_WP7B-P040VA1-R8000_WP7B-P040VA1-R8000_CH1.nd_out_of_in_8
2.500000e+00 (V)  X_CH1.Xpartial.X_SpeedXP_auto_WP7B-P040VA1-R8000_WP7B-P040VA1-R8000_WP7B-P040VA1-R8000_WP7B-P040VA1-R8000_CH1.Power_3
2.500000e+00 (V)  X_CH1.Xpartial.X_SpeedXP_auto_WP7B-P040VA1-R8000_WP7B-P040VA1-R8000_WP7B-P040VA1-R8000_WP7B-P040VA1-R8000_CH1.Power_4
2.500000e+00 (V)  X_CH1.Xpartial.X_SpeedXP_auto_WP7B-P040VA1-R8000_WP7B-P040VA1-R8000_WP7B-P040VA1-R8000_WP7B-P040VA1-R8000_CH1.Power_5
2.500000e+00 (V)  X_CH1.Xpartial.X_SpeedXP_auto_WP7B-P040VA1-R8000_WP7B-P040VA1-R8000_WP7B-P040VA1-R8000_WP7B-P040VA1-R8000_CH1.Power_6
2.500000e+00 (V)  X_CH1.Xpartial.X_SpeedXP_auto_WP7B-P040VA1-R8000_WP7B-P040VA1-R8000_WP7B-P040VA1-R8000_WP7B-P040VA1-R8000_CH1.Power_7
2.500000e+00 (V)  X_CH1.Xpartial.X_SpeedXP_auto_WP7B-P040VA1-R8000_WP7B-P040VA1-R8000_WP7B-P040VA1-R8000_WP7B-P040VA1-R8000_CH1.Power_8
0.000000e+00 (V)  X_D5.Xpartial.X_SpeedXP_auto_TVS/ESD_SOD-323_H3V3HD3U_H3V3HD3U_D5.nd_en_1
1.000000e+00 (V)  X_ESD1.Xpartial.X_SpeedXP_auto_IP4292CZ10_DFN2510A-10_IP4292CZ10-TBR_115_IP4292CZ10-TBR_115_ESD1_ESD1.nd_en_1
0.000000e+00 (V)  X_ESD1.Xpartial.X_SpeedXP_auto_IP4292CZ10_DFN2510A-10_IP4292CZ10-TBR_115_IP4292CZ10-TBR_115_ESD1_ESD1.nd_en_10
1.000000e+00 (V)  X_ESD1.Xpartial.X_SpeedXP_auto_IP4292CZ10_DFN2510A-10_IP4292CZ10-TBR_115_IP4292CZ10-TBR_115_ESD1_ESD1.nd_en_2
1.000000e+00 (V)  X_ESD1.Xpartial.X_SpeedXP_auto_IP4292CZ10_DFN2510A-10_IP4292CZ10-TBR_115_IP4292CZ10-TBR_115_ESD1_ESD1.nd_en_4
1.000000e+00 (V)  X_ESD1.Xpartial.X_SpeedXP_auto_IP4292CZ10_DFN2510A-10_IP4292CZ10-TBR_115_IP4292CZ10-TBR_115_ESD1_ESD1.nd_en_5
0.000000e+00 (V)  X_ESD1.Xpartial.X_SpeedXP_auto_IP4292CZ10_DFN2510A-10_IP4292CZ10-TBR_115_IP4292CZ10-TBR_115_ESD1_ESD1.nd_en_6
0.000000e+00 (V)  X_ESD1.Xpartial.X_SpeedXP_auto_IP4292CZ10_DFN2510A-10_IP4292CZ10-TBR_115_IP4292CZ10-TBR_115_ESD1_ESD1.nd_en_7
0.000000e+00 (V)  X_ESD1.Xpartial.X_SpeedXP_auto_IP4292CZ10_DFN2510A-10_IP4292CZ10-TBR_115_IP4292CZ10-TBR_115_ESD1_ESD1.nd_en_9
0.000000e+00 (V)  X_ESD1.Xpartial.X_SpeedXP_auto_IP4292CZ10_DFN2510A-10_IP4292CZ10-TBR_115_IP4292CZ10-TBR_115_ESD1_ESD1.nd_in_1
0.000000e+00 (V)  X_ESD1.Xpartial.X_SpeedXP_auto_IP4292CZ10_DFN2510A-10_IP4292CZ10-TBR_115_IP4292CZ10-TBR_115_ESD1_ESD1.nd_in_2
0.000000e+00 (V)  X_ESD1.Xpartial.X_SpeedXP_auto_IP4292CZ10_DFN2510A-10_IP4292CZ10-TBR_115_IP4292CZ10-TBR_115_ESD1_ESD1.nd_in_4
0.000000e+00 (V)  X_ESD1.Xpartial.X_SpeedXP_auto_IP4292CZ10_DFN2510A-10_IP4292CZ10-TBR_115_IP4292CZ10-TBR_115_ESD1_ESD1.nd_in_5
1.000000e+00 (V)  X_ESD2.Xpartial.X_SpeedXP_auto_IP4292CZ10_DFN2510A-10_IP4292CZ10-TBR_115_IP4292CZ10-TBR_115_ESD2_ESD2.nd_en_1
0.000000e+00 (V)  X_ESD2.Xpartial.X_SpeedXP_auto_IP4292CZ10_DFN2510A-10_IP4292CZ10-TBR_115_IP4292CZ10-TBR_115_ESD2_ESD2.nd_en_10
1.000000e+00 (V)  X_ESD2.Xpartial.X_SpeedXP_auto_IP4292CZ10_DFN2510A-10_IP4292CZ10-TBR_115_IP4292CZ10-TBR_115_ESD2_ESD2.nd_en_2
1.000000e+00 (V)  X_ESD2.Xpartial.X_SpeedXP_auto_IP4292CZ10_DFN2510A-10_IP4292CZ10-TBR_115_IP4292CZ10-TBR_115_ESD2_ESD2.nd_en_4
1.000000e+00 (V)  X_ESD2.Xpartial.X_SpeedXP_auto_IP4292CZ10_DFN2510A-10_IP4292CZ10-TBR_115_IP4292CZ10-TBR_115_ESD2_ESD2.nd_en_5
0.000000e+00 (V)  X_ESD2.Xpartial.X_SpeedXP_auto_IP4292CZ10_DFN2510A-10_IP4292CZ10-TBR_115_IP4292CZ10-TBR_115_ESD2_ESD2.nd_en_6
0.000000e+00 (V)  X_ESD2.Xpartial.X_SpeedXP_auto_IP4292CZ10_DFN2510A-10_IP4292CZ10-TBR_115_IP4292CZ10-TBR_115_ESD2_ESD2.nd_en_7
0.000000e+00 (V)  X_ESD2.Xpartial.X_SpeedXP_auto_IP4292CZ10_DFN2510A-10_IP4292CZ10-TBR_115_IP4292CZ10-TBR_115_ESD2_ESD2.nd_en_9
0.000000e+00 (V)  X_ESD2.Xpartial.X_SpeedXP_auto_IP4292CZ10_DFN2510A-10_IP4292CZ10-TBR_115_IP4292CZ10-TBR_115_ESD2_ESD2.nd_in_1
0.000000e+00 (V)  X_ESD2.Xpartial.X_SpeedXP_auto_IP4292CZ10_DFN2510A-10_IP4292CZ10-TBR_115_IP4292CZ10-TBR_115_ESD2_ESD2.nd_in_2
0.000000e+00 (V)  X_ESD2.Xpartial.X_SpeedXP_auto_IP4292CZ10_DFN2510A-10_IP4292CZ10-TBR_115_IP4292CZ10-TBR_115_ESD2_ESD2.nd_in_4
0.000000e+00 (V)  X_ESD2.Xpartial.X_SpeedXP_auto_IP4292CZ10_DFN2510A-10_IP4292CZ10-TBR_115_IP4292CZ10-TBR_115_ESD2_ESD2.nd_in_5
0.000000e+00 (V)  X_HDMI1.Xpartial.X_SpeedXP_auto_HDMI-A_HDMI-001S_HDMI-001S_HDMI-001S_HDMI1.nd_en_1
0.000000e+00 (V)  X_HDMI1.Xpartial.X_SpeedXP_auto_HDMI-A_HDMI-001S_HDMI-001S_HDMI-001S_HDMI1.nd_en_10
0.000000e+00 (V)  X_HDMI1.Xpartial.X_SpeedXP_auto_HDMI-A_HDMI-001S_HDMI-001S_HDMI-001S_HDMI1.nd_en_12
0.000000e+00 (V)  X_HDMI1.Xpartial.X_SpeedXP_auto_HDMI-A_HDMI-001S_HDMI-001S_HDMI-001S_HDMI1.nd_en_3
0.000000e+00 (V)  X_HDMI1.Xpartial.X_SpeedXP_auto_HDMI-A_HDMI-001S_HDMI-001S_HDMI-001S_HDMI1.nd_en_4
0.000000e+00 (V)  X_HDMI1.Xpartial.X_SpeedXP_auto_HDMI-A_HDMI-001S_HDMI-001S_HDMI-001S_HDMI1.nd_en_6
0.000000e+00 (V)  X_HDMI1.Xpartial.X_SpeedXP_auto_HDMI-A_HDMI-001S_HDMI-001S_HDMI-001S_HDMI1.nd_en_7
0.000000e+00 (V)  X_HDMI1.Xpartial.X_SpeedXP_auto_HDMI-A_HDMI-001S_HDMI-001S_HDMI-001S_HDMI1.nd_en_9
0.000000e+00 (V)  X_R24.Xpartial.X_SpeedXP_auto_RES_R0603_10K_10K_R24_R24.nd_en_2
1.000000e+00 (V)  X_R25.Xpartial.X_SpeedXP_auto_RES_R0603_1K_1K_R25_R25.nd_en_1
0.000000e+00 (V)  X_R25.Xpartial.X_SpeedXP_auto_RES_R0603_1K_1K_R25_R25.nd_in_1
0.000000e+00 (V)  X_SW1.Xpartial.X_SpeedXP_auto_SWITCH-2P_SMD4030_1_6N_1_6N_SW1.nd_en_2
1.003685e-10 (V)  X_U8.Xpartial.X_SpeedXP_auto_TC358870XBG_1_VFBGA80_(S1+S2+S3+S4)_TC358870XBG(NOK)_TC358870XBG(NOK)_U8.B_SpeedXP_auto_F10.Output0
1.003685e-10 (V)  X_U8.Xpartial.X_SpeedXP_auto_TC358870XBG_1_VFBGA80_(S1+S2+S3+S4)_TC358870XBG(NOK)_TC358870XBG(NOK)_U8.B_SpeedXP_auto_F10.Output1
2.500000e+00 (V)  X_U8.Xpartial.X_SpeedXP_auto_TC358870XBG_1_VFBGA80_(S1+S2+S3+S4)_TC358870XBG(NOK)_TC358870XBG(NOK)_U8.B_SpeedXP_auto_F9.Output0
2.500000e+00 (V)  X_U8.Xpartial.X_SpeedXP_auto_TC358870XBG_1_VFBGA80_(S1+S2+S3+S4)_TC358870XBG(NOK)_TC358870XBG(NOK)_U8.B_SpeedXP_auto_F9.Output1
1.003806e-10 (V)  X_U8.Xpartial.X_SpeedXP_auto_TC358870XBG_1_VFBGA80_(S1+S2+S3+S4)_TC358870XBG(NOK)_TC358870XBG(NOK)_U8.B_SpeedXP_auto_G10.Output0
1.003806e-10 (V)  X_U8.Xpartial.X_SpeedXP_auto_TC358870XBG_1_VFBGA80_(S1+S2+S3+S4)_TC358870XBG(NOK)_TC358870XBG(NOK)_U8.B_SpeedXP_auto_G10.Output1
2.500000e+00 (V)  X_U8.Xpartial.X_SpeedXP_auto_TC358870XBG_1_VFBGA80_(S1+S2+S3+S4)_TC358870XBG(NOK)_TC358870XBG(NOK)_U8.B_SpeedXP_auto_G9.Output0
2.500000e+00 (V)  X_U8.Xpartial.X_SpeedXP_auto_TC358870XBG_1_VFBGA80_(S1+S2+S3+S4)_TC358870XBG(NOK)_TC358870XBG(NOK)_U8.B_SpeedXP_auto_G9.Output1
1.003774e-10 (V)  X_U8.Xpartial.X_SpeedXP_auto_TC358870XBG_1_VFBGA80_(S1+S2+S3+S4)_TC358870XBG(NOK)_TC358870XBG(NOK)_U8.B_SpeedXP_auto_H10.Output0
1.003774e-10 (V)  X_U8.Xpartial.X_SpeedXP_auto_TC358870XBG_1_VFBGA80_(S1+S2+S3+S4)_TC358870XBG(NOK)_TC358870XBG(NOK)_U8.B_SpeedXP_auto_H10.Output1
2.500000e+00 (V)  X_U8.Xpartial.X_SpeedXP_auto_TC358870XBG_1_VFBGA80_(S1+S2+S3+S4)_TC358870XBG(NOK)_TC358870XBG(NOK)_U8.B_SpeedXP_auto_H9.Output0
2.500000e+00 (V)  X_U8.Xpartial.X_SpeedXP_auto_TC358870XBG_1_VFBGA80_(S1+S2+S3+S4)_TC358870XBG(NOK)_TC358870XBG(NOK)_U8.B_SpeedXP_auto_H9.Output1
0.000000e+00 (V)  X_U8.Xpartial.X_SpeedXP_auto_TC358870XBG_1_VFBGA80_(S1+S2+S3+S4)_TC358870XBG(NOK)_TC358870XBG(NOK)_U8.nd_en_A4
0.000000e+00 (V)  X_U8.Xpartial.X_SpeedXP_auto_TC358870XBG_1_VFBGA80_(S1+S2+S3+S4)_TC358870XBG(NOK)_TC358870XBG(NOK)_U8.nd_en_A5
0.000000e+00 (V)  X_U8.Xpartial.X_SpeedXP_auto_TC358870XBG_1_VFBGA80_(S1+S2+S3+S4)_TC358870XBG(NOK)_TC358870XBG(NOK)_U8.nd_en_A6
0.000000e+00 (V)  X_U8.Xpartial.X_SpeedXP_auto_TC358870XBG_1_VFBGA80_(S1+S2+S3+S4)_TC358870XBG(NOK)_TC358870XBG(NOK)_U8.nd_en_A7
0.000000e+00 (V)  X_U8.Xpartial.X_SpeedXP_auto_TC358870XBG_1_VFBGA80_(S1+S2+S3+S4)_TC358870XBG(NOK)_TC358870XBG(NOK)_U8.nd_en_A8
0.000000e+00 (V)  X_U8.Xpartial.X_SpeedXP_auto_TC358870XBG_1_VFBGA80_(S1+S2+S3+S4)_TC358870XBG(NOK)_TC358870XBG(NOK)_U8.nd_en_A9
0.000000e+00 (V)  X_U8.Xpartial.X_SpeedXP_auto_TC358870XBG_1_VFBGA80_(S1+S2+S3+S4)_TC358870XBG(NOK)_TC358870XBG(NOK)_U8.nd_en_B5
0.000000e+00 (V)  X_U8.Xpartial.X_SpeedXP_auto_TC358870XBG_1_VFBGA80_(S1+S2+S3+S4)_TC358870XBG(NOK)_TC358870XBG(NOK)_U8.nd_en_B6
0.000000e+00 (V)  X_U8.Xpartial.X_SpeedXP_auto_TC358870XBG_1_VFBGA80_(S1+S2+S3+S4)_TC358870XBG(NOK)_TC358870XBG(NOK)_U8.nd_en_B7
0.000000e+00 (V)  X_U8.Xpartial.X_SpeedXP_auto_TC358870XBG_1_VFBGA80_(S1+S2+S3+S4)_TC358870XBG(NOK)_TC358870XBG(NOK)_U8.nd_en_B8
0.000000e+00 (V)  X_U8.Xpartial.X_SpeedXP_auto_TC358870XBG_1_VFBGA80_(S1+S2+S3+S4)_TC358870XBG(NOK)_TC358870XBG(NOK)_U8.nd_en_B9
0.000000e+00 (V)  X_U8.Xpartial.X_SpeedXP_auto_TC358870XBG_1_VFBGA80_(S1+S2+S3+S4)_TC358870XBG(NOK)_TC358870XBG(NOK)_U8.nd_en_C1
0.000000e+00 (V)  X_U8.Xpartial.X_SpeedXP_auto_TC358870XBG_1_VFBGA80_(S1+S2+S3+S4)_TC358870XBG(NOK)_TC358870XBG(NOK)_U8.nd_en_C2
0.000000e+00 (V)  X_U8.Xpartial.X_SpeedXP_auto_TC358870XBG_1_VFBGA80_(S1+S2+S3+S4)_TC358870XBG(NOK)_TC358870XBG(NOK)_U8.nd_en_D1
0.000000e+00 (V)  X_U8.Xpartial.X_SpeedXP_auto_TC358870XBG_1_VFBGA80_(S1+S2+S3+S4)_TC358870XBG(NOK)_TC358870XBG(NOK)_U8.nd_en_D10
0.000000e+00 (V)  X_U8.Xpartial.X_SpeedXP_auto_TC358870XBG_1_VFBGA80_(S1+S2+S3+S4)_TC358870XBG(NOK)_TC358870XBG(NOK)_U8.nd_en_D2
0.000000e+00 (V)  X_U8.Xpartial.X_SpeedXP_auto_TC358870XBG_1_VFBGA80_(S1+S2+S3+S4)_TC358870XBG(NOK)_TC358870XBG(NOK)_U8.nd_en_D9
0.000000e+00 (V)  X_U8.Xpartial.X_SpeedXP_auto_TC358870XBG_1_VFBGA80_(S1+S2+S3+S4)_TC358870XBG(NOK)_TC358870XBG(NOK)_U8.nd_en_E1
0.000000e+00 (V)  X_U8.Xpartial.X_SpeedXP_auto_TC358870XBG_1_VFBGA80_(S1+S2+S3+S4)_TC358870XBG(NOK)_TC358870XBG(NOK)_U8.nd_en_E10
0.000000e+00 (V)  X_U8.Xpartial.X_SpeedXP_auto_TC358870XBG_1_VFBGA80_(S1+S2+S3+S4)_TC358870XBG(NOK)_TC358870XBG(NOK)_U8.nd_en_E2
0.000000e+00 (V)  X_U8.Xpartial.X_SpeedXP_auto_TC358870XBG_1_VFBGA80_(S1+S2+S3+S4)_TC358870XBG(NOK)_TC358870XBG(NOK)_U8.nd_en_E9
0.000000e+00 (V)  X_U8.Xpartial.X_SpeedXP_auto_TC358870XBG_1_VFBGA80_(S1+S2+S3+S4)_TC358870XBG(NOK)_TC358870XBG(NOK)_U8.nd_en_F1
0.000000e+00 (V)  X_U8.Xpartial.X_SpeedXP_auto_TC358870XBG_1_VFBGA80_(S1+S2+S3+S4)_TC358870XBG(NOK)_TC358870XBG(NOK)_U8.nd_en_F10
0.000000e+00 (V)  X_U8.Xpartial.X_SpeedXP_auto_TC358870XBG_1_VFBGA80_(S1+S2+S3+S4)_TC358870XBG(NOK)_TC358870XBG(NOK)_U8.nd_en_F2
0.000000e+00 (V)  X_U8.Xpartial.X_SpeedXP_auto_TC358870XBG_1_VFBGA80_(S1+S2+S3+S4)_TC358870XBG(NOK)_TC358870XBG(NOK)_U8.nd_en_F9
0.000000e+00 (V)  X_U8.Xpartial.X_SpeedXP_auto_TC358870XBG_1_VFBGA80_(S1+S2+S3+S4)_TC358870XBG(NOK)_TC358870XBG(NOK)_U8.nd_en_G10
0.000000e+00 (V)  X_U8.Xpartial.X_SpeedXP_auto_TC358870XBG_1_VFBGA80_(S1+S2+S3+S4)_TC358870XBG(NOK)_TC358870XBG(NOK)_U8.nd_en_G9
0.000000e+00 (V)  X_U8.Xpartial.X_SpeedXP_auto_TC358870XBG_1_VFBGA80_(S1+S2+S3+S4)_TC358870XBG(NOK)_TC358870XBG(NOK)_U8.nd_en_H10
0.000000e+00 (V)  X_U8.Xpartial.X_SpeedXP_auto_TC358870XBG_1_VFBGA80_(S1+S2+S3+S4)_TC358870XBG(NOK)_TC358870XBG(NOK)_U8.nd_en_H9
0.000000e+00 (V)  X_U8.Xpartial.X_SpeedXP_auto_TC358870XBG_1_VFBGA80_(S1+S2+S3+S4)_TC358870XBG(NOK)_TC358870XBG(NOK)_U8.nd_en_K8
0.000000e+00 (V)  X_U8.Xpartial.X_SpeedXP_auto_TC358870XBG_1_VFBGA80_(S1+S2+S3+S4)_TC358870XBG(NOK)_TC358870XBG(NOK)_U8.nd_in_F10
0.000000e+00 (V)  X_U8.Xpartial.X_SpeedXP_auto_TC358870XBG_1_VFBGA80_(S1+S2+S3+S4)_TC358870XBG(NOK)_TC358870XBG(NOK)_U8.nd_in_F9
0.000000e+00 (V)  X_U8.Xpartial.X_SpeedXP_auto_TC358870XBG_1_VFBGA80_(S1+S2+S3+S4)_TC358870XBG(NOK)_TC358870XBG(NOK)_U8.nd_in_G10
0.000000e+00 (V)  X_U8.Xpartial.X_SpeedXP_auto_TC358870XBG_1_VFBGA80_(S1+S2+S3+S4)_TC358870XBG(NOK)_TC358870XBG(NOK)_U8.nd_in_G9
0.000000e+00 (V)  X_U8.Xpartial.X_SpeedXP_auto_TC358870XBG_1_VFBGA80_(S1+S2+S3+S4)_TC358870XBG(NOK)_TC358870XBG(NOK)_U8.nd_in_H10
0.000000e+00 (V)  X_U8.Xpartial.X_SpeedXP_auto_TC358870XBG_1_VFBGA80_(S1+S2+S3+S4)_TC358870XBG(NOK)_TC358870XBG(NOK)_U8.nd_in_H9
0.000000e+00 (V)  X_U8.Xpartial.X_SpeedXP_auto_TC358870XBG_1_VFBGA80_(S1+S2+S3+S4)_TC358870XBG(NOK)_TC358870XBG(NOK)_U8.nd_out_of_in_F10
1.000000e+00 (V)  X_U8.Xpartial.X_SpeedXP_auto_TC358870XBG_1_VFBGA80_(S1+S2+S3+S4)_TC358870XBG(NOK)_TC358870XBG(NOK)_U8.nd_out_of_in_F9
0.000000e+00 (V)  X_U8.Xpartial.X_SpeedXP_auto_TC358870XBG_1_VFBGA80_(S1+S2+S3+S4)_TC358870XBG(NOK)_TC358870XBG(NOK)_U8.nd_out_of_in_G10
1.000000e+00 (V)  X_U8.Xpartial.X_SpeedXP_auto_TC358870XBG_1_VFBGA80_(S1+S2+S3+S4)_TC358870XBG(NOK)_TC358870XBG(NOK)_U8.nd_out_of_in_G9
0.000000e+00 (V)  X_U8.Xpartial.X_SpeedXP_auto_TC358870XBG_1_VFBGA80_(S1+S2+S3+S4)_TC358870XBG(NOK)_TC358870XBG(NOK)_U8.nd_out_of_in_H10
1.000000e+00 (V)  X_U8.Xpartial.X_SpeedXP_auto_TC358870XBG_1_VFBGA80_(S1+S2+S3+S4)_TC358870XBG(NOK)_TC358870XBG(NOK)_U8.nd_out_of_in_H9
2.500000e+00 (V)  X_U8.Xpartial.X_SpeedXP_auto_TC358870XBG_1_VFBGA80_(S1+S2+S3+S4)_TC358870XBG(NOK)_TC358870XBG(NOK)_U8.Power_F10
2.500000e+00 (V)  X_U8.Xpartial.X_SpeedXP_auto_TC358870XBG_1_VFBGA80_(S1+S2+S3+S4)_TC358870XBG(NOK)_TC358870XBG(NOK)_U8.Power_F9
2.500000e+00 (V)  X_U8.Xpartial.X_SpeedXP_auto_TC358870XBG_1_VFBGA80_(S1+S2+S3+S4)_TC358870XBG(NOK)_TC358870XBG(NOK)_U8.Power_G10
2.500000e+00 (V)  X_U8.Xpartial.X_SpeedXP_auto_TC358870XBG_1_VFBGA80_(S1+S2+S3+S4)_TC358870XBG(NOK)_TC358870XBG(NOK)_U8.Power_G9
2.500000e+00 (V)  X_U8.Xpartial.X_SpeedXP_auto_TC358870XBG_1_VFBGA80_(S1+S2+S3+S4)_TC358870XBG(NOK)_TC358870XBG(NOK)_U8.Power_H10
2.500000e+00 (V)  X_U8.Xpartial.X_SpeedXP_auto_TC358870XBG_1_VFBGA80_(S1+S2+S3+S4)_TC358870XBG(NOK)_TC358870XBG(NOK)_U8.Power_H9
2.500000e+00 (V)  Xvia0.Node2529::MIPI_DSI0_DATA1_Ntmp
1.001847e-10 (V)  Xvia0.Node3081::MIPI_DSI0_DATA1_Ptmp
2.500000e+00 (V)  Xvia1.Node2341::MIPI_DSI0_CLK_Ntmp
1.001031e-10 (V)  Xvia1.Node2845::MIPI_DSI0_CLK_Ptmp
2.500000e+00 (V)  Xvia2.Node2701::MIPI_DSI0_DATA0_Ntmp
1.001997e-10 (V)  Xvia2.Node3499::MIPI_DSI0_DATA0_Ptmp
-1.100000e-12 (A)  V_PWR_VCC_1V1
-1.200000e-12 (A)  V_PWR_VCC_1V2
-1.800000e-12 (A)  V_PWR_VCC_1V8
-3.300000e-12 (A)  V_PWR_VCC_3V3
-5.000000e-12 (A)  V_PWR_VCC_5V
-5.000000e-12 (A)  V_PWR_VCC_5V5
1.800005e-10 (A)  V_X_CH1.Xpartial.X_SpeedXP_auto_WP7B-P040VA1-R8000_WP7B-P040VA1-R8000_WP7B-P040VA1-R8000_WP7B-P040VA1-R8000_CH1.B_SpeedXP_auto_3.L_pkg
1.825005e-10 (A)  V_X_CH1.Xpartial.X_SpeedXP_auto_WP7B-P040VA1-R8000_WP7B-P040VA1-R8000_WP7B-P040VA1-R8000_WP7B-P040VA1-R8000_CH1.B_SpeedXP_auto_3.R_pkg
-5.000000e-12 (A)  V_X_CH1.Xpartial.X_SpeedXP_auto_WP7B-P040VA1-R8000_WP7B-P040VA1-R8000_WP7B-P040VA1-R8000_WP7B-P040VA1-R8000_CH1.B_SpeedXP_auto_4.L_pkg
-5.000000e-12 (A)  V_X_CH1.Xpartial.X_SpeedXP_auto_WP7B-P040VA1-R8000_WP7B-P040VA1-R8000_WP7B-P040VA1-R8000_WP7B-P040VA1-R8000_CH1.B_SpeedXP_auto_4.R_pkg
1.650013e-10 (A)  V_X_CH1.Xpartial.X_SpeedXP_auto_WP7B-P040VA1-R8000_WP7B-P040VA1-R8000_WP7B-P040VA1-R8000_WP7B-P040VA1-R8000_CH1.B_SpeedXP_auto_5.L_pkg
1.675014e-10 (A)  V_X_CH1.Xpartial.X_SpeedXP_auto_WP7B-P040VA1-R8000_WP7B-P040VA1-R8000_WP7B-P040VA1-R8000_WP7B-P040VA1-R8000_CH1.B_SpeedXP_auto_5.R_pkg
-5.000000e-12 (A)  V_X_CH1.Xpartial.X_SpeedXP_auto_WP7B-P040VA1-R8000_WP7B-P040VA1-R8000_WP7B-P040VA1-R8000_WP7B-P040VA1-R8000_CH1.B_SpeedXP_auto_6.L_pkg
-5.000000e-12 (A)  V_X_CH1.Xpartial.X_SpeedXP_auto_WP7B-P040VA1-R8000_WP7B-P040VA1-R8000_WP7B-P040VA1-R8000_WP7B-P040VA1-R8000_CH1.B_SpeedXP_auto_6.R_pkg
2.150015e-10 (A)  V_X_CH1.Xpartial.X_SpeedXP_auto_WP7B-P040VA1-R8000_WP7B-P040VA1-R8000_WP7B-P040VA1-R8000_WP7B-P040VA1-R8000_CH1.B_SpeedXP_auto_7.L_pkg
2.175015e-10 (A)  V_X_CH1.Xpartial.X_SpeedXP_auto_WP7B-P040VA1-R8000_WP7B-P040VA1-R8000_WP7B-P040VA1-R8000_WP7B-P040VA1-R8000_CH1.B_SpeedXP_auto_7.R_pkg
-5.000000e-12 (A)  V_X_CH1.Xpartial.X_SpeedXP_auto_WP7B-P040VA1-R8000_WP7B-P040VA1-R8000_WP7B-P040VA1-R8000_WP7B-P040VA1-R8000_CH1.B_SpeedXP_auto_8.L_pkg
-5.000000e-12 (A)  V_X_CH1.Xpartial.X_SpeedXP_auto_WP7B-P040VA1-R8000_WP7B-P040VA1-R8000_WP7B-P040VA1-R8000_WP7B-P040VA1-R8000_CH1.B_SpeedXP_auto_8.R_pkg
5.000000e-12 (A)  V_X_U8.Xpartial.X_SpeedXP_auto_TC358870XBG_1_VFBGA80_(S1+S2+S3+S4)_TC358870XBG(NOK)_TC358870XBG(NOK)_U8.B_SpeedXP_auto_F10.L_pkg
5.000000e-12 (A)  V_X_U8.Xpartial.X_SpeedXP_auto_TC358870XBG_1_VFBGA80_(S1+S2+S3+S4)_TC358870XBG(NOK)_TC358870XBG(NOK)_U8.B_SpeedXP_auto_F10.R_pkg
-1.000000e-11 (A)  V_X_U8.Xpartial.X_SpeedXP_auto_TC358870XBG_1_VFBGA80_(S1+S2+S3+S4)_TC358870XBG(NOK)_TC358870XBG(NOK)_U8.B_SpeedXP_auto_F9.L_pkg
-7.500001e-12 (A)  V_X_U8.Xpartial.X_SpeedXP_auto_TC358870XBG_1_VFBGA80_(S1+S2+S3+S4)_TC358870XBG(NOK)_TC358870XBG(NOK)_U8.B_SpeedXP_auto_F9.R_pkg
5.000000e-12 (A)  V_X_U8.Xpartial.X_SpeedXP_auto_TC358870XBG_1_VFBGA80_(S1+S2+S3+S4)_TC358870XBG(NOK)_TC358870XBG(NOK)_U8.B_SpeedXP_auto_G10.L_pkg
5.000000e-12 (A)  V_X_U8.Xpartial.X_SpeedXP_auto_TC358870XBG_1_VFBGA80_(S1+S2+S3+S4)_TC358870XBG(NOK)_TC358870XBG(NOK)_U8.B_SpeedXP_auto_G10.R_pkg
-1.000000e-11 (A)  V_X_U8.Xpartial.X_SpeedXP_auto_TC358870XBG_1_VFBGA80_(S1+S2+S3+S4)_TC358870XBG(NOK)_TC358870XBG(NOK)_U8.B_SpeedXP_auto_G9.L_pkg
-7.500001e-12 (A)  V_X_U8.Xpartial.X_SpeedXP_auto_TC358870XBG_1_VFBGA80_(S1+S2+S3+S4)_TC358870XBG(NOK)_TC358870XBG(NOK)_U8.B_SpeedXP_auto_G9.R_pkg
5.000000e-12 (A)  V_X_U8.Xpartial.X_SpeedXP_auto_TC358870XBG_1_VFBGA80_(S1+S2+S3+S4)_TC358870XBG(NOK)_TC358870XBG(NOK)_U8.B_SpeedXP_auto_H10.L_pkg
5.000000e-12 (A)  V_X_U8.Xpartial.X_SpeedXP_auto_TC358870XBG_1_VFBGA80_(S1+S2+S3+S4)_TC358870XBG(NOK)_TC358870XBG(NOK)_U8.B_SpeedXP_auto_H10.R_pkg
-1.000000e-11 (A)  V_X_U8.Xpartial.X_SpeedXP_auto_TC358870XBG_1_VFBGA80_(S1+S2+S3+S4)_TC358870XBG(NOK)_TC358870XBG(NOK)_U8.B_SpeedXP_auto_H9.L_pkg
-7.500001e-12 (A)  V_X_U8.Xpartial.X_SpeedXP_auto_TC358870XBG_1_VFBGA80_(S1+S2+S3+S4)_TC358870XBG(NOK)_TC358870XBG(NOK)_U8.B_SpeedXP_auto_H9.R_pkg
1.625013e-10 (A)  W_Trace1976::MIPI_DSI0_CLK_N~0
1.575013e-10 (A)  W_Trace1977::MIPI_DSI0_CLK_N~0
1.475012e-10 (A)  W_Trace1977_Auto_1097::MIPI_DSI0_CLK_N~0
1.525012e-10 (A)  W_Trace1977_Auto_1138::MIPI_DSI0_CLK_N~0
1.300011e-10 (A)  W_Trace1978::MIPI_DSI0_CLK_N~0
1.100009e-10 (A)  W_Trace1978_Auto_1057::MIPI_DSI0_CLK_N~0
1.200011e-10 (A)  W_Trace1978_Auto_1059::MIPI_DSI0_CLK_N~0
1.050010e-10 (A)  W_Trace1978_Auto_1061::MIPI_DSI0_CLK_N~0
1.150010e-10 (A)  W_Trace1978_Auto_1063::MIPI_DSI0_CLK_N~0
1.250011e-10 (A)  W_Trace1978_Auto_1065::MIPI_DSI0_CLK_N~0
-1.025009e-10 (A)  W_Trace1989::MIPI_DSI0_CLK_N~0
-9.500087e-11 (A)  W_Trace2002::MIPI_DSI0_CLK_N~0
-8.750074e-11 (A)  W_Trace2008::MIPI_DSI0_CLK_N~0
-8.250064e-11 (A)  W_Trace2019::MIPI_DSI0_CLK_N~0
-7.750056e-11 (A)  W_Trace2025::MIPI_DSI0_CLK_N~0
-7.250057e-11 (A)  W_Trace2031::MIPI_DSI0_CLK_N~0
-6.500051e-11 (A)  W_Trace2033::MIPI_DSI0_CLK_N~0
-7.000054e-11 (A)  W_Trace2033_Auto_306::MIPI_DSI0_CLK_N~0
6.250053e-11 (A)  W_Trace2035::MIPI_DSI0_CLK_N~0
5.750051e-11 (A)  W_Trace2040_Auto_132::MIPI_DSI0_CLK_N~0
-5.500050e-11 (A)  W_Trace2042::MIPI_DSI0_CLK_N~0
5.250051e-11 (A)  W_Trace2043_Auto_301::MIPI_DSI0_CLK_N~0
4.750048e-11 (A)  W_Trace2043_Auto_309::MIPI_DSI0_CLK_N~0
-4.500046e-11 (A)  W_Trace2048::MIPI_DSI0_CLK_N~0
3.750037e-11 (A)  W_Trace2050_Auto_134::MIPI_DSI0_CLK_N~0
2.000011e-11 (A)  W_Trace2051_Auto_869::MIPI_DSI0_CLK_N~0
1.500004e-11 (A)  W_Trace2051_Auto_878::MIPI_DSI0_CLK_N~0
-1.250003e-11 (A)  W_Trace2055::MIPI_DSI0_CLK_N~0
1.925013e-10 (A)  W_Trace2145_Auto_1101::MIPI_DSI0_DATA1_N~0
1.975013e-10 (A)  W_Trace2145_Auto_1134::MIPI_DSI0_DATA1_N~0
2.025013e-10 (A)  W_Trace2145_Auto_1139::MIPI_DSI0_DATA1_N~0
1.800012e-10 (A)  W_Trace2146::MIPI_DSI0_DATA1_N~0
1.750011e-10 (A)  W_Trace2146_Auto_968::MIPI_DSI0_DATA1_N~0
1.725010e-10 (A)  W_Trace2147::MIPI_DSI0_DATA1_N~0
1.675010e-10 (A)  W_Trace2147_Auto_970::MIPI_DSI0_DATA1_N~0
1.650010e-10 (A)  W_Trace2148::MIPI_DSI0_DATA1_N~0
1.575009e-10 (A)  W_Trace2151_Auto_972::MIPI_DSI0_DATA1_N~0
1.550009e-10 (A)  W_Trace2152::MIPI_DSI0_DATA1_N~0
1.475008e-10 (A)  W_Trace2155_Auto_978::MIPI_DSI0_DATA1_N~0
1.450008e-10 (A)  W_Trace2157::MIPI_DSI0_DATA1_N~0
1.400008e-10 (A)  W_Trace2157_Auto_981::MIPI_DSI0_DATA1_N~0
1.375007e-10 (A)  W_Trace2159#BP0::MIPI_DSI0_DATA1_N~0
1.350007e-10 (A)  W_Trace2161#BP0::MIPI_DSI0_DATA1_N~0
-1.300007e-10 (A)  W_Trace2163::MIPI_DSI0_DATA1_N~0
1.275006e-10 (A)  W_Trace2165::MIPI_DSI0_DATA1_N~0
1.225006e-10 (A)  W_Trace2167::MIPI_DSI0_DATA1_N~0
-1.150005e-10 (A)  W_Trace2173::MIPI_DSI0_DATA1_N~0
1.050006e-10 (A)  W_Trace2183#BP0::MIPI_DSI0_DATA1_N~0
1.075005e-10 (A)  W_Trace2183::MIPI_DSI0_DATA1_N~0
1.000006e-10 (A)  W_Trace2185::MIPI_DSI0_DATA1_N~0
-9.500056e-11 (A)  W_Trace2191::MIPI_DSI0_DATA1_N~0
9.250055e-11 (A)  W_Trace2193::MIPI_DSI0_DATA1_N~0
8.750057e-11 (A)  W_Trace2193_Auto_24::MIPI_DSI0_DATA1_N~0
8.500056e-11 (A)  W_Trace2195::MIPI_DSI0_DATA1_N~0
-7.000045e-11 (A)  W_Trace2204::MIPI_DSI0_DATA1_N~0
-7.500049e-11 (A)  W_Trace2204_Auto_29::MIPI_DSI0_DATA1_N~0
-6.750042e-11 (A)  W_Trace2208::MIPI_DSI0_DATA1_N~0
6.250041e-11 (A)  W_Trace2210_Auto_164::MIPI_DSI0_DATA1_N~0
6.000033e-11 (A)  W_Trace2212::MIPI_DSI0_DATA1_N~0
-5.500032e-11 (A)  W_Trace2214_Auto_145::MIPI_DSI0_DATA1_N~0
4.500029e-11 (A)  W_Trace2216::MIPI_DSI0_DATA1_N~0
-3.000016e-11 (A)  W_Trace2220::MIPI_DSI0_DATA1_N~0
2.500012e-11 (A)  W_Trace2222::MIPI_DSI0_DATA1_N~0
2.250011e-11 (A)  W_Trace2223::MIPI_DSI0_DATA1_N~0
1.500002e-11 (A)  W_Trace2223_Auto_886::MIPI_DSI0_DATA1_N~0
-1.250004e-11 (A)  W_Trace2227::MIPI_DSI0_DATA1_N~0
1.250003e-11 (A)  W_Trace2233::MIPI_DSI0_DATA0_N~0
2.250011e-11 (A)  W_Trace2234::MIPI_DSI0_DATA0_N~0
1.500004e-11 (A)  W_Trace2234_Auto_885::MIPI_DSI0_DATA0_N~0
-2.500014e-11 (A)  W_Trace2235::MIPI_DSI0_DATA0_N~0
-3.000019e-11 (A)  W_Trace2236_Auto_871::MIPI_DSI0_DATA0_N~0
3.250021e-11 (A)  W_Trace2251::MIPI_DSI0_DATA0_N~0
-3.500021e-11 (A)  W_Trace2253_Auto_146::MIPI_DSI0_DATA0_N~0
4.000024e-11 (A)  W_Trace2255_Auto_140::MIPI_DSI0_DATA0_N~0
5.000024e-11 (A)  W_Trace2256::MIPI_DSI0_DATA0_N~0
6.000025e-11 (A)  W_Trace2257_Auto_10::MIPI_DSI0_DATA0_N~0
6.500024e-11 (A)  W_Trace2257_Auto_20::MIPI_DSI0_DATA0_N~0
5.250028e-11 (A)  W_Trace2257_Auto_22::MIPI_DSI0_DATA0_N~0
7.250029e-11 (A)  W_Trace2277::MIPI_DSI0_DATA0_N~0
7.750030e-11 (A)  W_Trace2279::MIPI_DSI0_DATA0_N~0
-8.000030e-11 (A)  W_Trace2280::MIPI_DSI0_DATA0_N~0
-8.750037e-11 (A)  W_Trace2281::MIPI_DSI0_DATA0_N~0
9.250037e-11 (A)  W_Trace2286::MIPI_DSI0_DATA0_N~0
1.775005e-10 (A)  W_Trace2289::MIPI_DSI0_DATA0_N~0
1.725005e-10 (A)  W_Trace2290::MIPI_DSI0_DATA0_N~0
1.575005e-10 (A)  W_Trace2291_Auto_1146::MIPI_DSI0_DATA0_N~0
1.525005e-10 (A)  W_Trace2291_Auto_1148::MIPI_DSI0_DATA0_N~0
1.500006e-10 (A)  W_Trace2293::MIPI_DSI0_DATA0_N~0
1.475006e-10 (A)  W_Trace2295::MIPI_DSI0_DATA0_N~0
1.425006e-10 (A)  W_Trace2295_Auto_1111::MIPI_DSI0_DATA0_N~0
-1.375006e-10 (A)  W_Trace2299::MIPI_DSI0_DATA0_N~0
1.325006e-10 (A)  W_Trace2302_Auto_1868::MIPI_DSI0_DATA0_N~0
1.300006e-10 (A)  W_Trace2303::MIPI_DSI0_DATA0_N~0
-1.275005e-10 (A)  W_Trace2311_Auto_1870::MIPI_DSI0_DATA0_N~0
-1.225006e-10 (A)  W_Trace2322::MIPI_DSI0_DATA0_N~0
1.175005e-10 (A)  W_Trace2325_Auto_1866::MIPI_DSI0_DATA0_N~0
1.150005e-10 (A)  W_Trace2326::MIPI_DSI0_DATA0_N~0
1.125005e-10 (A)  W_Trace2335::MIPI_DSI0_DATA0_N~0
-1.075005e-10 (A)  W_Trace2339::MIPI_DSI0_DATA0_N~0
-1.000004e-10 (A)  W_Trace2344::MIPI_DSI0_DATA0_N~0
5.000000e-12 (A)  W_Trace2351::MIPI_DSI0_CLK_P~0
-5.000000e-12 (A)  W_Trace2353::MIPI_DSI0_CLK_P~0
5.000000e-12 (A)  W_Trace2362::MIPI_DSI0_CLK_P~0
5.000000e-12 (A)  W_Trace2373::MIPI_DSI0_CLK_P~0
5.000000e-12 (A)  W_Trace2384::MIPI_DSI0_CLK_P~0
5.000000e-12 (A)  W_Trace2386::MIPI_DSI0_CLK_P~0
5.000000e-12 (A)  W_Trace2396::MIPI_DSI0_CLK_P~0
-5.000000e-12 (A)  W_Trace2397::MIPI_DSI0_CLK_P~0
-5.000000e-12 (A)  W_Trace2397_Auto_237::MIPI_DSI0_CLK_P~0
-5.000000e-12 (A)  W_Trace2398::MIPI_DSI0_CLK_P~0
-5.000000e-12 (A)  W_Trace2398_Auto_276::MIPI_DSI0_CLK_P~0
-5.000000e-12 (A)  W_Trace2398_Auto_278::MIPI_DSI0_CLK_P~0
5.000000e-12 (A)  W_Trace2402::MIPI_DSI0_CLK_P~0
5.000000e-12 (A)  W_Trace2403_Auto_303::MIPI_DSI0_CLK_P~0
5.000000e-12 (A)  W_Trace2413::MIPI_DSI0_CLK_P~0
-5.000000e-12 (A)  W_Trace2416_Auto_302::MIPI_DSI0_CLK_P~0
-5.000000e-12 (A)  W_Trace2417::MIPI_DSI0_CLK_P~0
-5.000000e-12 (A)  W_Trace2421::MIPI_DSI0_CLK_P~0
-5.000000e-12 (A)  W_Trace2421_Auto_136::MIPI_DSI0_CLK_P~0
5.000000e-12 (A)  W_Trace2425::MIPI_DSI0_CLK_P~0
-5.000000e-12 (A)  W_Trace2426::MIPI_DSI0_CLK_P~0
-5.000000e-12 (A)  W_Trace2432::MIPI_DSI0_CLK_P~0
-5.000000e-12 (A)  W_Trace2432_Auto_964::MIPI_DSI0_CLK_P~0
-5.000000e-12 (A)  W_Trace2434::MIPI_DSI0_CLK_P~0
-5.000000e-12 (A)  W_Trace2435_Auto_1099::MIPI_DSI0_CLK_P~0
-5.000000e-12 (A)  W_Trace2435_Auto_1136::MIPI_DSI0_CLK_P~0
-5.000000e-12 (A)  W_Trace2435_Auto_1140::MIPI_DSI0_CLK_P~0
5.000000e-12 (A)  W_Trace2441::MIPI_DSI0_CLK_P~0
5.000000e-12 (A)  W_Trace2453::MIPI_DSI0_CLK_P~0
5.000000e-12 (A)  W_Trace2458::MIPI_DSI0_CLK_P~0
5.000000e-12 (A)  W_Trace2465::MIPI_DSI0_CLK_P~0
5.000000e-12 (A)  W_Trace2477::MIPI_DSI0_CLK_P~0
5.000000e-12 (A)  W_Trace2482::MIPI_DSI0_CLK_P~0
5.000000e-12 (A)  W_Trace2487::MIPI_DSI0_CLK_P~0
-5.000000e-12 (A)  W_Trace2671::MIPI_DSI0_DATA1_P~0
-5.000000e-12 (A)  W_Trace2671_Auto_962::MIPI_DSI0_DATA1_P~0
-5.000000e-12 (A)  W_Trace2672::MIPI_DSI0_DATA1_P~0
5.000000e-12 (A)  W_Trace2676::MIPI_DSI0_DATA1_P~0
5.000000e-12 (A)  W_Trace2678_Auto_966::MIPI_DSI0_DATA1_P~0
5.000000e-12 (A)  W_Trace2687::MIPI_DSI0_DATA1_P~0
5.000000e-12 (A)  W_Trace2693::MIPI_DSI0_DATA1_P~0
-5.000000e-12 (A)  W_Trace2698::MIPI_DSI0_DATA1_P~0
-5.000000e-12 (A)  W_Trace2699::MIPI_DSI0_DATA1_P~0
-5.000000e-12 (A)  W_Trace2699_Auto_974::MIPI_DSI0_DATA1_P~0
-5.000000e-12 (A)  W_Trace2701::MIPI_DSI0_DATA1_P~0
-5.000000e-12 (A)  W_Trace2702::MIPI_DSI0_DATA1_P~0
-5.000000e-12 (A)  W_Trace2705::MIPI_DSI0_DATA1_P~0
-5.000000e-12 (A)  W_Trace2705_Auto_976::MIPI_DSI0_DATA1_P~0
-5.000000e-12 (A)  W_Trace2706::MIPI_DSI0_DATA1_P~0
-5.000000e-12 (A)  W_Trace2709#BP0::MIPI_DSI0_DATA1_P~0
-5.000000e-12 (A)  W_Trace2711::MIPI_DSI0_DATA1_P~0
5.000000e-12 (A)  W_Trace2715::MIPI_DSI0_DATA1_P~0
-5.000000e-12 (A)  W_Trace2717::MIPI_DSI0_DATA1_P~0
-5.000000e-12 (A)  W_Trace2717_Auto_989::MIPI_DSI0_DATA1_P~0
-5.000000e-12 (A)  W_Trace2719::MIPI_DSI0_DATA1_P~0
-5.000000e-12 (A)  W_Trace2721#BP0::MIPI_DSI0_DATA1_P~0
-5.000000e-12 (A)  W_Trace2721::MIPI_DSI0_DATA1_P~0
-5.000000e-12 (A)  W_Trace2721_Auto_984::MIPI_DSI0_DATA1_P~0
5.000000e-12 (A)  W_Trace2726::MIPI_DSI0_DATA1_P~0
-5.000000e-12 (A)  W_Trace2728#BP0::MIPI_DSI0_DATA1_P~0
-5.000000e-12 (A)  W_Trace2728#BP0_Auto_313::MIPI_DSI0_DATA1_P~0
-5.000000e-12 (A)  W_Trace2730::MIPI_DSI0_DATA1_P~0
-5.000000e-12 (A)  W_Trace2732::MIPI_DSI0_DATA1_P~0
-5.000000e-12 (A)  W_Trace2733::MIPI_DSI0_DATA1_P~0
-5.000000e-12 (A)  W_Trace2738_Auto_23::MIPI_DSI0_DATA1_P~0
5.000000e-12 (A)  W_Trace2747::MIPI_DSI0_DATA1_P~0
5.000000e-12 (A)  W_Trace2749::MIPI_DSI0_DATA1_P~0
-5.000000e-12 (A)  W_Trace2751::MIPI_DSI0_DATA1_P~0
-5.000000e-12 (A)  W_Trace2753::MIPI_DSI0_DATA1_P~0
-5.000000e-12 (A)  W_Trace2755::MIPI_DSI0_DATA1_P~0
-5.000000e-12 (A)  W_Trace2757::MIPI_DSI0_DATA1_P~0
5.000000e-12 (A)  W_Trace2759::MIPI_DSI0_DATA1_P~0
-5.000000e-12 (A)  W_Trace2763::MIPI_DSI0_DATA1_P~0
-5.000000e-12 (A)  W_Trace2764::MIPI_DSI0_DATA1_P~0
-5.000000e-12 (A)  W_Trace2767::MIPI_DSI0_DATA1_P~0
-5.000000e-12 (A)  W_Trace2768_Auto_881::MIPI_DSI0_DATA1_P~0
-5.000000e-12 (A)  W_Trace2770::MIPI_DSI0_DATA1_P~0
5.000000e-12 (A)  W_Trace3059::MIPI_DSI0_DATA0_P~0
-5.000000e-12 (A)  W_Trace3062::MIPI_DSI0_DATA0_P~0
-5.000000e-12 (A)  W_Trace3065::MIPI_DSI0_DATA0_P~0
5.000000e-12 (A)  W_Trace3072::MIPI_DSI0_DATA0_P~0
5.000000e-12 (A)  W_Trace3077::MIPI_DSI0_DATA0_P~0
5.000000e-12 (A)  W_Trace3084::MIPI_DSI0_DATA0_P~0
5.000000e-12 (A)  W_Trace3089::MIPI_DSI0_DATA0_P~0
-5.000000e-12 (A)  W_Trace3091::MIPI_DSI0_DATA0_P~0
-5.000000e-12 (A)  W_Trace3091_Auto_1151::MIPI_DSI0_DATA0_P~0
-5.000000e-12 (A)  W_Trace3093::MIPI_DSI0_DATA0_P~0
-5.000000e-12 (A)  W_Trace3096::MIPI_DSI0_DATA0_P~0
5.000000e-12 (A)  W_Trace3106::MIPI_DSI0_DATA0_P~0
5.000000e-12 (A)  W_Trace3109::MIPI_DSI0_DATA0_P~0
5.000000e-12 (A)  W_Trace3118::MIPI_DSI0_DATA0_P~0
-5.000000e-12 (A)  W_Trace3119::MIPI_DSI0_DATA0_P~0
5.000000e-12 (A)  W_Trace3129::MIPI_DSI0_DATA0_P~0
-5.000000e-12 (A)  W_Trace3131_Auto_1872::MIPI_DSI0_DATA0_P~0
5.000000e-12 (A)  W_Trace3135::MIPI_DSI0_DATA0_P~0
-5.000000e-12 (A)  W_Trace3137::MIPI_DSI0_DATA0_P~0
-5.000000e-12 (A)  W_Trace3138::MIPI_DSI0_DATA0_P~0
-5.000000e-12 (A)  W_Trace3139_Auto_1912::MIPI_DSI0_DATA0_P~0
5.000000e-12 (A)  W_Trace3143::MIPI_DSI0_DATA0_P~0
5.000000e-12 (A)  W_Trace3146::MIPI_DSI0_DATA0_P~0
5.000000e-12 (A)  W_Trace3147_Auto_362::MIPI_DSI0_DATA0_P~0
-5.000000e-12 (A)  W_Trace3148::MIPI_DSI0_DATA0_P~0
-5.000000e-12 (A)  W_Trace3150_Auto_2::MIPI_DSI0_DATA0_P~0
5.000000e-12 (A)  W_Trace3170::MIPI_DSI0_DATA0_P~0
-5.000000e-12 (A)  W_Trace3172::MIPI_DSI0_DATA0_P~0
-5.000000e-12 (A)  W_Trace3172_Auto_18::MIPI_DSI0_DATA0_P~0
-5.000000e-12 (A)  W_Trace3172_Auto_8::MIPI_DSI0_DATA0_P~0
-5.000000e-12 (A)  W_Trace3173_Auto_128::MIPI_DSI0_DATA0_P~0
-5.000000e-12 (A)  W_Trace3174::MIPI_DSI0_DATA0_P~0
5.000000e-12 (A)  W_Trace3174_Auto_143::MIPI_DSI0_DATA0_P~0
-5.000000e-12 (A)  W_Trace3176::MIPI_DSI0_DATA0_P~0
5.000000e-12 (A)  W_Trace3199::MIPI_DSI0_DATA0_P~0
-5.000000e-12 (A)  W_Trace3201_Auto_179::MIPI_DSI0_DATA0_P~0
5.000000e-12 (A)  W_Trace3203::MIPI_DSI0_DATA0_P~0
5.000000e-12 (A)  W_Trace3204::MIPI_DSI0_DATA0_P~0
-5.000000e-12 (A)  W_Trace3205::MIPI_DSI0_DATA0_P~0
1.325011e-10 (A)  WCPL_Trace1977_Auto_1142::MIPI_DSI0_CLK_N~0
-5.000000e-12 (A)  WCPL_Trace1977_Auto_1142::MIPI_DSI0_CLK_N~1
1.600005e-10 (A)  WCPL_Trace1977_Auto_1142::MIPI_DSI0_CLK_N~2
1.225011e-10 (A)  WCPL_Trace1978_Auto_1058::MIPI_DSI0_CLK_N~0
-5.000000e-12 (A)  WCPL_Trace1978_Auto_1058::MIPI_DSI0_CLK_N~1
-8.500070e-11 (A)  WCPL_Trace2010::MIPI_DSI0_CLK_N~0
8.000062e-11 (A)  WCPL_Trace2010::MIPI_DSI0_CLK_N~1
-6.750051e-11 (A)  WCPL_Trace2033_Auto_304::MIPI_DSI0_CLK_N~0
5.000000e-12 (A)  WCPL_Trace2033_Auto_304::MIPI_DSI0_CLK_N~1
-5.000000e-12 (A)  WCPL_Trace2033_Auto_304::MIPI_DSI0_CLK_N~2
5.000050e-11 (A)  WCPL_Trace2033_Auto_304::MIPI_DSI0_CLK_N~3
6.000048e-11 (A)  WCPL_Trace2040::MIPI_DSI0_CLK_N~0
-5.000000e-12 (A)  WCPL_Trace2040::MIPI_DSI0_CLK_N~1
2.250014e-11 (A)  WCPL_Trace2051::MIPI_DSI0_CLK_N~0
-5.000000e-12 (A)  WCPL_Trace2051::MIPI_DSI0_CLK_N~1
2.750013e-11 (A)  WCPL_Trace2051::MIPI_DSI0_CLK_N~2
1.950013e-10 (A)  WCPL_Trace2145_Auto_1100::MIPI_DSI0_DATA1_N~0
-5.000000e-12 (A)  WCPL_Trace2145_Auto_1100::MIPI_DSI0_DATA1_N~1
1.500012e-10 (A)  WCPL_Trace2145_Auto_1100::MIPI_DSI0_DATA1_N~2
-5.000000e-12 (A)  WCPL_Trace2145_Auto_1100::MIPI_DSI0_DATA1_N~3
1.900013e-10 (A)  WCPL_Trace2145_Auto_1108::MIPI_DSI0_DATA1_N~0
-5.000000e-12 (A)  WCPL_Trace2145_Auto_1108::MIPI_DSI0_DATA1_N~1
1.450012e-10 (A)  WCPL_Trace2145_Auto_1108::MIPI_DSI0_DATA1_N~2
-5.000000e-12 (A)  WCPL_Trace2145_Auto_1108::MIPI_DSI0_DATA1_N~3
1.750005e-10 (A)  WCPL_Trace2145_Auto_1108::MIPI_DSI0_DATA1_N~4
1.825012e-10 (A)  WCPL_Trace2145_Auto_1113::MIPI_DSI0_DATA1_N~0
-5.000000e-12 (A)  WCPL_Trace2145_Auto_1113::MIPI_DSI0_DATA1_N~1
1.375011e-10 (A)  WCPL_Trace2145_Auto_1113::MIPI_DSI0_DATA1_N~2
-5.000000e-12 (A)  WCPL_Trace2145_Auto_1113::MIPI_DSI0_DATA1_N~3
1.650005e-10 (A)  WCPL_Trace2145_Auto_1113::MIPI_DSI0_DATA1_N~4
1.875013e-10 (A)  WCPL_Trace2145_Auto_1125::MIPI_DSI0_DATA1_N~0
-5.000000e-12 (A)  WCPL_Trace2145_Auto_1125::MIPI_DSI0_DATA1_N~1
1.425012e-10 (A)  WCPL_Trace2145_Auto_1125::MIPI_DSI0_DATA1_N~2
-5.000000e-12 (A)  WCPL_Trace2145_Auto_1125::MIPI_DSI0_DATA1_N~3
1.700005e-10 (A)  WCPL_Trace2145_Auto_1125::MIPI_DSI0_DATA1_N~4
8.250052e-11 (A)  WCPL_Trace2200::MIPI_DSI0_DATA1_N~0
-5.000000e-12 (A)  WCPL_Trace2200::MIPI_DSI0_DATA1_N~1
6.750025e-11 (A)  WCPL_Trace2200::MIPI_DSI0_DATA1_N~2
8.000051e-11 (A)  WCPL_Trace2201::MIPI_DSI0_DATA1_N~0
-5.000000e-12 (A)  WCPL_Trace2201::MIPI_DSI0_DATA1_N~1
6.250024e-11 (A)  WCPL_Trace2201::MIPI_DSI0_DATA1_N~2
7.750051e-11 (A)  WCPL_Trace2202::MIPI_DSI0_DATA1_N~0
-5.000000e-12 (A)  WCPL_Trace2202::MIPI_DSI0_DATA1_N~1
5.750025e-11 (A)  WCPL_Trace2202::MIPI_DSI0_DATA1_N~2
-7.250050e-11 (A)  WCPL_Trace2204_Auto_28::MIPI_DSI0_DATA1_N~0
5.000000e-12 (A)  WCPL_Trace2204_Auto_28::MIPI_DSI0_DATA1_N~1
-5.000000e-12 (A)  WCPL_Trace2204_Auto_28::MIPI_DSI0_DATA1_N~2
9.000057e-11 (A)  WCPL_Trace2204_Auto_28::MIPI_DSI0_DATA1_N~3
5.750031e-11 (A)  WCPL_Trace2212_Auto_141::MIPI_DSI0_DATA1_N~0
-5.000000e-12 (A)  WCPL_Trace2212_Auto_141::MIPI_DSI0_DATA1_N~1
4.250026e-11 (A)  WCPL_Trace2212_Auto_141::MIPI_DSI0_DATA1_N~2
-4.750030e-11 (A)  WCPL_Trace2214_Auto_144::MIPI_DSI0_DATA1_N~0
5.000000e-12 (A)  WCPL_Trace2214_Auto_144::MIPI_DSI0_DATA1_N~1
3.250018e-11 (A)  WCPL_Trace2218_Auto_173::MIPI_DSI0_DATA1_N~0
-5.000000e-12 (A)  WCPL_Trace2218_Auto_173::MIPI_DSI0_DATA1_N~1
1.750007e-11 (A)  WCPL_Trace2223_Auto_873::MIPI_DSI0_DATA1_N~0
-5.000000e-12 (A)  WCPL_Trace2223_Auto_873::MIPI_DSI0_DATA1_N~1
1.750010e-11 (A)  WCPL_Trace2223_Auto_873::MIPI_DSI0_DATA1_N~2
-2.750017e-11 (A)  WCPL_Trace2236::MIPI_DSI0_DATA0_N~0
5.000000e-12 (A)  WCPL_Trace2236::MIPI_DSI0_DATA0_N~1
-3.750021e-11 (A)  WCPL_Trace2253_Auto_150::MIPI_DSI0_DATA0_N~0
5.000000e-12 (A)  WCPL_Trace2253_Auto_150::MIPI_DSI0_DATA0_N~1
-5.250030e-11 (A)  WCPL_Trace2253_Auto_150::MIPI_DSI0_DATA0_N~2
5.000000e-12 (A)  WCPL_Trace2253_Auto_150::MIPI_DSI0_DATA0_N~3
-8.500036e-11 (A)  WCPL_Trace2280_Auto_361::MIPI_DSI0_DATA0_N~0
5.000000e-12 (A)  WCPL_Trace2280_Auto_361::MIPI_DSI0_DATA0_N~1
-8.250031e-11 (A)  WCPL_Trace2280_Auto_363::MIPI_DSI0_DATA0_N~0
5.000000e-12 (A)  WCPL_Trace2280_Auto_363::MIPI_DSI0_DATA0_N~1
-9.000038e-11 (A)  WCPL_Trace2282::MIPI_DSI0_DATA0_N~0
5.000000e-12 (A)  WCPL_Trace2282::MIPI_DSI0_DATA0_N~1
-1.250006e-10 (A)  WCPL_Trace2311::MIPI_DSI0_DATA0_N~0
5.000000e-12 (A)  WCPL_Trace2311::MIPI_DSI0_DATA0_N~1
-5.000000e-12 (A)  WCPL_Trace2375_Auto_124::MIPI_DSI0_CLK_P~0
5.000000e-12 (A)  WCPL_Trace2375_Auto_124::MIPI_DSI0_CLK_P~1
5.000000e-12 (A)  WCPL_Trace2386_Auto_126::MIPI_DSI0_CLK_P~0
-5.000000e-12 (A)  WCPL_Trace2386_Auto_126::MIPI_DSI0_CLK_P~1
5.000000e-12 (A)  WCPL_Trace2386_Auto_126::MIPI_DSI0_CLK_P~2
-5.000000e-12 (A)  WCPL_Trace2386_Auto_126::MIPI_DSI0_CLK_P~3
-5.000000e-12 (A)  WCPL_Trace2397_Auto_236::MIPI_DSI0_CLK_P~0
9.250079e-11 (A)  WCPL_Trace2397_Auto_236::MIPI_DSI0_CLK_P~1
-5.000000e-12 (A)  WCPL_Trace2398_Auto_275::MIPI_DSI0_CLK_P~0
9.000077e-11 (A)  WCPL_Trace2398_Auto_275::MIPI_DSI0_CLK_P~1
-5.000000e-12 (A)  WCPL_Trace2398_Auto_277::MIPI_DSI0_CLK_P~0
7.500057e-11 (A)  WCPL_Trace2398_Auto_277::MIPI_DSI0_CLK_P~1
-5.000000e-12 (A)  WCPL_Trace2421_Auto_130::MIPI_DSI0_CLK_P~0
2.500017e-11 (A)  WCPL_Trace2421_Auto_130::MIPI_DSI0_CLK_P~1
-5.000000e-12 (A)  WCPL_Trace2421_Auto_130::MIPI_DSI0_CLK_P~2
-5.000000e-12 (A)  WCPL_Trace2421_Auto_135::MIPI_DSI0_CLK_P~0
4.000038e-11 (A)  WCPL_Trace2421_Auto_135::MIPI_DSI0_CLK_P~1
-5.000000e-12 (A)  WCPL_Trace2421_Auto_135::MIPI_DSI0_CLK_P~2
-5.000000e-12 (A)  WCPL_Trace2421_Auto_157::MIPI_DSI0_CLK_P~0
3.250031e-11 (A)  WCPL_Trace2421_Auto_157::MIPI_DSI0_CLK_P~1
-5.000000e-12 (A)  WCPL_Trace2421_Auto_157::MIPI_DSI0_CLK_P~2
4.000025e-11 (A)  WCPL_Trace2421_Auto_157::MIPI_DSI0_CLK_P~3
-5.000000e-12 (A)  WCPL_Trace2421_Auto_157::MIPI_DSI0_CLK_P~4
-5.000000e-12 (A)  WCPL_Trace2421_Auto_158::MIPI_DSI0_CLK_P~0
3.000026e-11 (A)  WCPL_Trace2421_Auto_158::MIPI_DSI0_CLK_P~1
-5.000000e-12 (A)  WCPL_Trace2421_Auto_158::MIPI_DSI0_CLK_P~2
3.750026e-11 (A)  WCPL_Trace2421_Auto_158::MIPI_DSI0_CLK_P~3
-5.000000e-12 (A)  WCPL_Trace2421_Auto_161::MIPI_DSI0_CLK_P~0
3.500029e-11 (A)  WCPL_Trace2421_Auto_161::MIPI_DSI0_CLK_P~1
-5.000000e-12 (A)  WCPL_Trace2421_Auto_161::MIPI_DSI0_CLK_P~2
4.250025e-11 (A)  WCPL_Trace2421_Auto_161::MIPI_DSI0_CLK_P~3
-5.000000e-12 (A)  WCPL_Trace2421_Auto_177::MIPI_DSI0_CLK_P~0
2.750024e-11 (A)  WCPL_Trace2421_Auto_177::MIPI_DSI0_CLK_P~1
-5.000000e-12 (A)  WCPL_Trace2421_Auto_177::MIPI_DSI0_CLK_P~2
3.500023e-11 (A)  WCPL_Trace2421_Auto_177::MIPI_DSI0_CLK_P~3
-5.000000e-12 (A)  WCPL_Trace2421_Auto_177::MIPI_DSI0_CLK_P~4
-5.000000e-12 (A)  WCPL_Trace2421_Auto_180::MIPI_DSI0_CLK_P~0
4.250044e-11 (A)  WCPL_Trace2421_Auto_180::MIPI_DSI0_CLK_P~1
-5.000000e-12 (A)  WCPL_Trace2426_Auto_879::MIPI_DSI0_CLK_P~0
1.750003e-11 (A)  WCPL_Trace2426_Auto_879::MIPI_DSI0_CLK_P~1
-5.000000e-12 (A)  WCPL_Trace2426_Auto_879::MIPI_DSI0_CLK_P~2
2.000010e-11 (A)  WCPL_Trace2426_Auto_879::MIPI_DSI0_CLK_P~3
-5.000000e-12 (A)  WCPL_Trace2426_Auto_879::MIPI_DSI0_CLK_P~4
2.000010e-11 (A)  WCPL_Trace2426_Auto_879::MIPI_DSI0_CLK_P~5
-5.000000e-12 (A)  WCPL_Trace2435_Auto_1126::MIPI_DSI0_CLK_P~0
1.350011e-10 (A)  WCPL_Trace2435_Auto_1126::MIPI_DSI0_CLK_P~1
-5.000000e-12 (A)  WCPL_Trace2435_Auto_1126::MIPI_DSI0_CLK_P~2
1.625005e-10 (A)  WCPL_Trace2435_Auto_1126::MIPI_DSI0_CLK_P~3
-5.000000e-12 (A)  WCPL_Trace2436::MIPI_DSI0_CLK_P~0
1.275011e-10 (A)  WCPL_Trace2436::MIPI_DSI0_CLK_P~1
-5.000000e-12 (A)  WCPL_Trace2460::MIPI_DSI0_CLK_P~0
1.175010e-10 (A)  WCPL_Trace2460::MIPI_DSI0_CLK_P~1
-5.000000e-12 (A)  WCPL_Trace2484#BP0::MIPI_DSI0_CLK_P~0
1.125010e-10 (A)  WCPL_Trace2484#BP0::MIPI_DSI0_CLK_P~1
-5.000000e-12 (A)  WCPL_Trace2485::MIPI_DSI0_CLK_P~0
1.075009e-10 (A)  WCPL_Trace2485::MIPI_DSI0_CLK_P~1
-5.000000e-12 (A)  WCPL_Trace2671_Auto_961::MIPI_DSI0_DATA1_P~0
2.125014e-10 (A)  WCPL_Trace2671_Auto_961::MIPI_DSI0_DATA1_P~1
-5.000000e-12 (A)  WCPL_Trace2671_Auto_961::MIPI_DSI0_DATA1_P~2
1.600013e-10 (A)  WCPL_Trace2671_Auto_961::MIPI_DSI0_DATA1_P~3
-5.000000e-12 (A)  WCPL_Trace2672_Auto_1094::MIPI_DSI0_DATA1_P~0
2.075014e-10 (A)  WCPL_Trace2672_Auto_1094::MIPI_DSI0_DATA1_P~1
-5.000000e-12 (A)  WCPL_Trace2672_Auto_1094::MIPI_DSI0_DATA1_P~2
-5.000000e-12 (A)  WCPL_Trace2672_Auto_1095::MIPI_DSI0_DATA1_P~0
2.050014e-10 (A)  WCPL_Trace2672_Auto_1095::MIPI_DSI0_DATA1_P~1
-5.000000e-12 (A)  WCPL_Trace2672_Auto_1095::MIPI_DSI0_DATA1_P~2
-5.000000e-12 (A)  WCPL_Trace2672_Auto_1133::MIPI_DSI0_DATA1_P~0
2.000013e-10 (A)  WCPL_Trace2672_Auto_1133::MIPI_DSI0_DATA1_P~1
-5.000000e-12 (A)  WCPL_Trace2672_Auto_1133::MIPI_DSI0_DATA1_P~2
1.550013e-10 (A)  WCPL_Trace2672_Auto_1133::MIPI_DSI0_DATA1_P~3
-5.000000e-12 (A)  WCPL_Trace2672_Auto_1141::MIPI_DSI0_DATA1_P~0
2.100014e-10 (A)  WCPL_Trace2672_Auto_1141::MIPI_DSI0_DATA1_P~1
-5.000000e-12 (A)  WCPL_Trace2689::MIPI_DSI0_DATA1_P~0
5.000000e-12 (A)  WCPL_Trace2689::MIPI_DSI0_DATA1_P~1
-5.000000e-12 (A)  WCPL_Trace2695::MIPI_DSI0_DATA1_P~0
1.850013e-10 (A)  WCPL_Trace2695::MIPI_DSI0_DATA1_P~1
-5.000000e-12 (A)  WCPL_Trace2695::MIPI_DSI0_DATA1_P~2
1.400012e-10 (A)  WCPL_Trace2695::MIPI_DSI0_DATA1_P~3
-5.000000e-12 (A)  WCPL_Trace2695::MIPI_DSI0_DATA1_P~4
1.675005e-10 (A)  WCPL_Trace2695::MIPI_DSI0_DATA1_P~5
-5.000000e-12 (A)  WCPL_Trace2696::MIPI_DSI0_DATA1_P~0
1.775011e-10 (A)  WCPL_Trace2696::MIPI_DSI0_DATA1_P~1
-5.000000e-12 (A)  WCPL_Trace2697::MIPI_DSI0_DATA1_P~0
1.700010e-10 (A)  WCPL_Trace2697::MIPI_DSI0_DATA1_P~1
-5.000000e-12 (A)  WCPL_Trace2699_Auto_973::MIPI_DSI0_DATA1_P~0
1.625010e-10 (A)  WCPL_Trace2699_Auto_973::MIPI_DSI0_DATA1_P~1
-5.000000e-12 (A)  WCPL_Trace2701_Auto_971::MIPI_DSI0_DATA1_P~0
1.600009e-10 (A)  WCPL_Trace2701_Auto_971::MIPI_DSI0_DATA1_P~1
-5.000000e-12 (A)  WCPL_Trace2705_Auto_975::MIPI_DSI0_DATA1_P~0
1.525009e-10 (A)  WCPL_Trace2705_Auto_975::MIPI_DSI0_DATA1_P~1
-5.000000e-12 (A)  WCPL_Trace2706_Auto_977::MIPI_DSI0_DATA1_P~0
1.500008e-10 (A)  WCPL_Trace2706_Auto_977::MIPI_DSI0_DATA1_P~1
-5.000000e-12 (A)  WCPL_Trace2709#BP0_Auto_980::MIPI_DSI0_DATA1_P~0
1.425008e-10 (A)  WCPL_Trace2709#BP0_Auto_980::MIPI_DSI0_DATA1_P~1
-5.000000e-12 (A)  WCPL_Trace2713::MIPI_DSI0_DATA1_P~0
1.325007e-10 (A)  WCPL_Trace2713::MIPI_DSI0_DATA1_P~1
-5.000000e-12 (A)  WCPL_Trace2717_Auto_988::MIPI_DSI0_DATA1_P~0
1.250006e-10 (A)  WCPL_Trace2717_Auto_988::MIPI_DSI0_DATA1_P~1
-5.000000e-12 (A)  WCPL_Trace2721_Auto_983::MIPI_DSI0_DATA1_P~0
1.175006e-10 (A)  WCPL_Trace2721_Auto_983::MIPI_DSI0_DATA1_P~1
-5.000000e-12 (A)  WCPL_Trace2721_Auto_985::MIPI_DSI0_DATA1_P~0
1.200006e-10 (A)  WCPL_Trace2721_Auto_985::MIPI_DSI0_DATA1_P~1
-5.000000e-12 (A)  WCPL_Trace2728#BP0_Auto_311::MIPI_DSI0_DATA1_P~0
1.025006e-10 (A)  WCPL_Trace2728#BP0_Auto_311::MIPI_DSI0_DATA1_P~1
-5.000000e-12 (A)  WCPL_Trace2732_Auto_310::MIPI_DSI0_DATA1_P~0
9.750058e-11 (A)  WCPL_Trace2732_Auto_310::MIPI_DSI0_DATA1_P~1
-5.000000e-12 (A)  WCPL_Trace2755_Auto_163::MIPI_DSI0_DATA1_P~0
6.500042e-11 (A)  WCPL_Trace2755_Auto_163::MIPI_DSI0_DATA1_P~1
-5.000000e-12 (A)  WCPL_Trace3063_Auto_1145::MIPI_DSI0_DATA0_P~0
1.550005e-10 (A)  WCPL_Trace3063_Auto_1145::MIPI_DSI0_DATA0_P~1
-5.000000e-12 (A)  WCPL_Trace3067::MIPI_DSI0_DATA0_P~0
1.450006e-10 (A)  WCPL_Trace3067::MIPI_DSI0_DATA0_P~1
-5.000000e-12 (A)  WCPL_Trace3091_Auto_1149::MIPI_DSI0_DATA0_P~0
1.400006e-10 (A)  WCPL_Trace3091_Auto_1149::MIPI_DSI0_DATA0_P~1
-5.000000e-12 (A)  WCPL_Trace3096_Auto_1867::MIPI_DSI0_DATA0_P~0
1.350006e-10 (A)  WCPL_Trace3096_Auto_1867::MIPI_DSI0_DATA0_P~1
-5.000000e-12 (A)  WCPL_Trace3119_Auto_1865::MIPI_DSI0_DATA0_P~0
1.200006e-10 (A)  WCPL_Trace3119_Auto_1865::MIPI_DSI0_DATA0_P~1
-5.000000e-12 (A)  WCPL_Trace3131::MIPI_DSI0_DATA0_P~0
1.100005e-10 (A)  WCPL_Trace3131::MIPI_DSI0_DATA0_P~1
-5.000000e-12 (A)  WCPL_Trace3137_Auto_1913::MIPI_DSI0_DATA0_P~0
1.050004e-10 (A)  WCPL_Trace3137_Auto_1913::MIPI_DSI0_DATA0_P~1
-5.000000e-12 (A)  WCPL_Trace3139::MIPI_DSI0_DATA0_P~0
1.025004e-10 (A)  WCPL_Trace3139::MIPI_DSI0_DATA0_P~1
-5.000000e-12 (A)  WCPL_Trace3150::MIPI_DSI0_DATA0_P~0
7.500027e-11 (A)  WCPL_Trace3150::MIPI_DSI0_DATA0_P~1
-5.000000e-12 (A)  WCPL_Trace3172_Auto_12::MIPI_DSI0_DATA0_P~0
5.500023e-11 (A)  WCPL_Trace3172_Auto_12::MIPI_DSI0_DATA0_P~1
-5.000000e-12 (A)  WCPL_Trace3172_Auto_21::MIPI_DSI0_DATA0_P~0
7.000023e-11 (A)  WCPL_Trace3172_Auto_21::MIPI_DSI0_DATA0_P~1
-5.000000e-12 (A)  WCPL_Trace3173::MIPI_DSI0_DATA0_P~0
4.750027e-11 (A)  WCPL_Trace3173::MIPI_DSI0_DATA0_P~1
5.000000e-12 (A)  WCPL_Trace3174_Auto_142::MIPI_DSI0_DATA0_P~0
-5.000028e-11 (A)  WCPL_Trace3174_Auto_142::MIPI_DSI0_DATA0_P~1
5.000000e-12 (A)  WCPL_Trace3174_Auto_142::MIPI_DSI0_DATA0_P~2
-5.000000e-12 (A)  WCPL_Trace3174_Auto_162::MIPI_DSI0_DATA0_P~0
4.500026e-11 (A)  WCPL_Trace3174_Auto_162::MIPI_DSI0_DATA0_P~1
0.000000e+00 (A)  X_C80.Xpartial.X_SpeedXP_auto_CAP_NP_C0603_100N_100N_C80_C80.V_SpeedXP_auto_2_En
-5.050000e-11 (A)  X_CH1.Xpartial.X_SpeedXP_auto_WP7B-P040VA1-R8000_WP7B-P040VA1-R8000_WP7B-P040VA1-R8000_WP7B-P040VA1-R8000_CH1.B_SpeedXP_auto_3_OutOfIn
-5.050000e-11 (A)  X_CH1.Xpartial.X_SpeedXP_auto_WP7B-P040VA1-R8000_WP7B-P040VA1-R8000_WP7B-P040VA1-R8000_WP7B-P040VA1-R8000_CH1.B_SpeedXP_auto_4_OutOfIn
-5.050000e-11 (A)  X_CH1.Xpartial.X_SpeedXP_auto_WP7B-P040VA1-R8000_WP7B-P040VA1-R8000_WP7B-P040VA1-R8000_WP7B-P040VA1-R8000_CH1.B_SpeedXP_auto_5_OutOfIn
-5.050000e-11 (A)  X_CH1.Xpartial.X_SpeedXP_auto_WP7B-P040VA1-R8000_WP7B-P040VA1-R8000_WP7B-P040VA1-R8000_WP7B-P040VA1-R8000_CH1.B_SpeedXP_auto_6_OutOfIn
-5.050000e-11 (A)  X_CH1.Xpartial.X_SpeedXP_auto_WP7B-P040VA1-R8000_WP7B-P040VA1-R8000_WP7B-P040VA1-R8000_WP7B-P040VA1-R8000_CH1.B_SpeedXP_auto_7_OutOfIn
-5.050000e-11 (A)  X_CH1.Xpartial.X_SpeedXP_auto_WP7B-P040VA1-R8000_WP7B-P040VA1-R8000_WP7B-P040VA1-R8000_WP7B-P040VA1-R8000_CH1.B_SpeedXP_auto_8_OutOfIn
-1.000000e-12 (A)  X_CH1.Xpartial.X_SpeedXP_auto_WP7B-P040VA1-R8000_WP7B-P040VA1-R8000_WP7B-P040VA1-R8000_WP7B-P040VA1-R8000_CH1.V_SpeedXP_auto_10_En
-1.000000e-12 (A)  X_CH1.Xpartial.X_SpeedXP_auto_WP7B-P040VA1-R8000_WP7B-P040VA1-R8000_WP7B-P040VA1-R8000_WP7B-P040VA1-R8000_CH1.V_SpeedXP_auto_11_En
-1.000000e-12 (A)  X_CH1.Xpartial.X_SpeedXP_auto_WP7B-P040VA1-R8000_WP7B-P040VA1-R8000_WP7B-P040VA1-R8000_WP7B-P040VA1-R8000_CH1.V_SpeedXP_auto_12_En
-1.000000e-12 (A)  X_CH1.Xpartial.X_SpeedXP_auto_WP7B-P040VA1-R8000_WP7B-P040VA1-R8000_WP7B-P040VA1-R8000_WP7B-P040VA1-R8000_CH1.V_SpeedXP_auto_13_En
-1.000000e-12 (A)  X_CH1.Xpartial.X_SpeedXP_auto_WP7B-P040VA1-R8000_WP7B-P040VA1-R8000_WP7B-P040VA1-R8000_WP7B-P040VA1-R8000_CH1.V_SpeedXP_auto_14_En
-1.000000e-12 (A)  X_CH1.Xpartial.X_SpeedXP_auto_WP7B-P040VA1-R8000_WP7B-P040VA1-R8000_WP7B-P040VA1-R8000_WP7B-P040VA1-R8000_CH1.V_SpeedXP_auto_15_En
-1.000000e-12 (A)  X_CH1.Xpartial.X_SpeedXP_auto_WP7B-P040VA1-R8000_WP7B-P040VA1-R8000_WP7B-P040VA1-R8000_WP7B-P040VA1-R8000_CH1.V_SpeedXP_auto_16_En
-1.000000e-12 (A)  X_CH1.Xpartial.X_SpeedXP_auto_WP7B-P040VA1-R8000_WP7B-P040VA1-R8000_WP7B-P040VA1-R8000_WP7B-P040VA1-R8000_CH1.V_SpeedXP_auto_17_En
-1.000000e-12 (A)  X_CH1.Xpartial.X_SpeedXP_auto_WP7B-P040VA1-R8000_WP7B-P040VA1-R8000_WP7B-P040VA1-R8000_WP7B-P040VA1-R8000_CH1.V_SpeedXP_auto_18_En
-1.000000e-12 (A)  X_CH1.Xpartial.X_SpeedXP_auto_WP7B-P040VA1-R8000_WP7B-P040VA1-R8000_WP7B-P040VA1-R8000_WP7B-P040VA1-R8000_CH1.V_SpeedXP_auto_19_En
-1.000000e-12 (A)  X_CH1.Xpartial.X_SpeedXP_auto_WP7B-P040VA1-R8000_WP7B-P040VA1-R8000_WP7B-P040VA1-R8000_WP7B-P040VA1-R8000_CH1.V_SpeedXP_auto_1_En
-1.000000e-12 (A)  X_CH1.Xpartial.X_SpeedXP_auto_WP7B-P040VA1-R8000_WP7B-P040VA1-R8000_WP7B-P040VA1-R8000_WP7B-P040VA1-R8000_CH1.V_SpeedXP_auto_20_En
-1.000000e-12 (A)  X_CH1.Xpartial.X_SpeedXP_auto_WP7B-P040VA1-R8000_WP7B-P040VA1-R8000_WP7B-P040VA1-R8000_WP7B-P040VA1-R8000_CH1.V_SpeedXP_auto_2_En
-1.010000e-10 (A)  X_CH1.Xpartial.X_SpeedXP_auto_WP7B-P040VA1-R8000_WP7B-P040VA1-R8000_WP7B-P040VA1-R8000_WP7B-P040VA1-R8000_CH1.V_SpeedXP_auto_3_En
-1.010000e-10 (A)  X_CH1.Xpartial.X_SpeedXP_auto_WP7B-P040VA1-R8000_WP7B-P040VA1-R8000_WP7B-P040VA1-R8000_WP7B-P040VA1-R8000_CH1.V_SpeedXP_auto_4_En
-1.010000e-10 (A)  X_CH1.Xpartial.X_SpeedXP_auto_WP7B-P040VA1-R8000_WP7B-P040VA1-R8000_WP7B-P040VA1-R8000_WP7B-P040VA1-R8000_CH1.V_SpeedXP_auto_5_En
-1.010000e-10 (A)  X_CH1.Xpartial.X_SpeedXP_auto_WP7B-P040VA1-R8000_WP7B-P040VA1-R8000_WP7B-P040VA1-R8000_WP7B-P040VA1-R8000_CH1.V_SpeedXP_auto_6_En
-1.010000e-10 (A)  X_CH1.Xpartial.X_SpeedXP_auto_WP7B-P040VA1-R8000_WP7B-P040VA1-R8000_WP7B-P040VA1-R8000_WP7B-P040VA1-R8000_CH1.V_SpeedXP_auto_7_En
-1.010000e-10 (A)  X_CH1.Xpartial.X_SpeedXP_auto_WP7B-P040VA1-R8000_WP7B-P040VA1-R8000_WP7B-P040VA1-R8000_WP7B-P040VA1-R8000_CH1.V_SpeedXP_auto_8_En
-1.000000e-12 (A)  X_CH1.Xpartial.X_SpeedXP_auto_WP7B-P040VA1-R8000_WP7B-P040VA1-R8000_WP7B-P040VA1-R8000_WP7B-P040VA1-R8000_CH1.V_SpeedXP_auto_9_En
-1.925006e-10 (A)  X_CH1.Xpartial.X_SpeedXP_auto_WP7B-P040VA1-R8000_WP7B-P040VA1-R8000_WP7B-P040VA1-R8000_WP7B-P040VA1-R8000_CH1.Vpwr_3
-7.500000e-12 (A)  X_CH1.Xpartial.X_SpeedXP_auto_WP7B-P040VA1-R8000_WP7B-P040VA1-R8000_WP7B-P040VA1-R8000_WP7B-P040VA1-R8000_CH1.Vpwr_4
-1.775014e-10 (A)  X_CH1.Xpartial.X_SpeedXP_auto_WP7B-P040VA1-R8000_WP7B-P040VA1-R8000_WP7B-P040VA1-R8000_WP7B-P040VA1-R8000_CH1.Vpwr_5
-7.500000e-12 (A)  X_CH1.Xpartial.X_SpeedXP_auto_WP7B-P040VA1-R8000_WP7B-P040VA1-R8000_WP7B-P040VA1-R8000_WP7B-P040VA1-R8000_CH1.Vpwr_6
-2.275015e-10 (A)  X_CH1.Xpartial.X_SpeedXP_auto_WP7B-P040VA1-R8000_WP7B-P040VA1-R8000_WP7B-P040VA1-R8000_WP7B-P040VA1-R8000_CH1.Vpwr_7
-7.500000e-12 (A)  X_CH1.Xpartial.X_SpeedXP_auto_WP7B-P040VA1-R8000_WP7B-P040VA1-R8000_WP7B-P040VA1-R8000_WP7B-P040VA1-R8000_CH1.Vpwr_8
0.000000e+00 (A)  X_CH1.Xpartial.X_SpeedXP_auto_WP7B-P040VA1-R8000_WP7B-P040VA1-R8000_WP7B-P040VA1-R8000_WP7B-P040VA1-R8000_CH1.X_SpeedXP_auto_10_St.v1
0.000000e+00 (A)  X_CH1.Xpartial.X_SpeedXP_auto_WP7B-P040VA1-R8000_WP7B-P040VA1-R8000_WP7B-P040VA1-R8000_WP7B-P040VA1-R8000_CH1.X_SpeedXP_auto_11_St.v1
0.000000e+00 (A)  X_CH1.Xpartial.X_SpeedXP_auto_WP7B-P040VA1-R8000_WP7B-P040VA1-R8000_WP7B-P040VA1-R8000_WP7B-P040VA1-R8000_CH1.X_SpeedXP_auto_12_St.v1
0.000000e+00 (A)  X_CH1.Xpartial.X_SpeedXP_auto_WP7B-P040VA1-R8000_WP7B-P040VA1-R8000_WP7B-P040VA1-R8000_WP7B-P040VA1-R8000_CH1.X_SpeedXP_auto_13_St.v1
0.000000e+00 (A)  X_CH1.Xpartial.X_SpeedXP_auto_WP7B-P040VA1-R8000_WP7B-P040VA1-R8000_WP7B-P040VA1-R8000_WP7B-P040VA1-R8000_CH1.X_SpeedXP_auto_14_St.v1
0.000000e+00 (A)  X_CH1.Xpartial.X_SpeedXP_auto_WP7B-P040VA1-R8000_WP7B-P040VA1-R8000_WP7B-P040VA1-R8000_WP7B-P040VA1-R8000_CH1.X_SpeedXP_auto_15_St.v1
0.000000e+00 (A)  X_CH1.Xpartial.X_SpeedXP_auto_WP7B-P040VA1-R8000_WP7B-P040VA1-R8000_WP7B-P040VA1-R8000_WP7B-P040VA1-R8000_CH1.X_SpeedXP_auto_16_St.v1
0.000000e+00 (A)  X_CH1.Xpartial.X_SpeedXP_auto_WP7B-P040VA1-R8000_WP7B-P040VA1-R8000_WP7B-P040VA1-R8000_WP7B-P040VA1-R8000_CH1.X_SpeedXP_auto_17_St.v1
0.000000e+00 (A)  X_CH1.Xpartial.X_SpeedXP_auto_WP7B-P040VA1-R8000_WP7B-P040VA1-R8000_WP7B-P040VA1-R8000_WP7B-P040VA1-R8000_CH1.X_SpeedXP_auto_18_St.v1
0.000000e+00 (A)  X_CH1.Xpartial.X_SpeedXP_auto_WP7B-P040VA1-R8000_WP7B-P040VA1-R8000_WP7B-P040VA1-R8000_WP7B-P040VA1-R8000_CH1.X_SpeedXP_auto_19_St.v1
0.000000e+00 (A)  X_CH1.Xpartial.X_SpeedXP_auto_WP7B-P040VA1-R8000_WP7B-P040VA1-R8000_WP7B-P040VA1-R8000_WP7B-P040VA1-R8000_CH1.X_SpeedXP_auto_1_St.v1
0.000000e+00 (A)  X_CH1.Xpartial.X_SpeedXP_auto_WP7B-P040VA1-R8000_WP7B-P040VA1-R8000_WP7B-P040VA1-R8000_WP7B-P040VA1-R8000_CH1.X_SpeedXP_auto_20_St.v1
0.000000e+00 (A)  X_CH1.Xpartial.X_SpeedXP_auto_WP7B-P040VA1-R8000_WP7B-P040VA1-R8000_WP7B-P040VA1-R8000_WP7B-P040VA1-R8000_CH1.X_SpeedXP_auto_2_St.v1
-1.010000e-10 (A)  X_CH1.Xpartial.X_SpeedXP_auto_WP7B-P040VA1-R8000_WP7B-P040VA1-R8000_WP7B-P040VA1-R8000_WP7B-P040VA1-R8000_CH1.X_SpeedXP_auto_3_St.v1
0.000000e+00 (A)  X_CH1.Xpartial.X_SpeedXP_auto_WP7B-P040VA1-R8000_WP7B-P040VA1-R8000_WP7B-P040VA1-R8000_WP7B-P040VA1-R8000_CH1.X_SpeedXP_auto_4_St.v1
-1.010000e-10 (A)  X_CH1.Xpartial.X_SpeedXP_auto_WP7B-P040VA1-R8000_WP7B-P040VA1-R8000_WP7B-P040VA1-R8000_WP7B-P040VA1-R8000_CH1.X_SpeedXP_auto_5_St.v1
0.000000e+00 (A)  X_CH1.Xpartial.X_SpeedXP_auto_WP7B-P040VA1-R8000_WP7B-P040VA1-R8000_WP7B-P040VA1-R8000_WP7B-P040VA1-R8000_CH1.X_SpeedXP_auto_6_St.v1
-1.010000e-10 (A)  X_CH1.Xpartial.X_SpeedXP_auto_WP7B-P040VA1-R8000_WP7B-P040VA1-R8000_WP7B-P040VA1-R8000_WP7B-P040VA1-R8000_CH1.X_SpeedXP_auto_7_St.v1
0.000000e+00 (A)  X_CH1.Xpartial.X_SpeedXP_auto_WP7B-P040VA1-R8000_WP7B-P040VA1-R8000_WP7B-P040VA1-R8000_WP7B-P040VA1-R8000_CH1.X_SpeedXP_auto_8_St.v1
0.000000e+00 (A)  X_CH1.Xpartial.X_SpeedXP_auto_WP7B-P040VA1-R8000_WP7B-P040VA1-R8000_WP7B-P040VA1-R8000_WP7B-P040VA1-R8000_CH1.X_SpeedXP_auto_9_St.v1
0.000000e+00 (A)  X_D5.Xpartial.X_SpeedXP_auto_TVS/ESD_SOD-323_H3V3HD3U_H3V3HD3U_D5.V_SpeedXP_auto_1_En
0.000000e+00 (A)  X_ESD1.Xpartial.X_SpeedXP_auto_IP4292CZ10_DFN2510A-10_IP4292CZ10-TBR_115_IP4292CZ10-TBR_115_ESD1_ESD1.V_SpeedXP_auto_10_En
-1.000000e-12 (A)  X_ESD1.Xpartial.X_SpeedXP_auto_IP4292CZ10_DFN2510A-10_IP4292CZ10-TBR_115_IP4292CZ10-TBR_115_ESD1_ESD1.V_SpeedXP_auto_1_En
-1.000000e-12 (A)  X_ESD1.Xpartial.X_SpeedXP_auto_IP4292CZ10_DFN2510A-10_IP4292CZ10-TBR_115_IP4292CZ10-TBR_115_ESD1_ESD1.V_SpeedXP_auto_2_En
-1.000000e-12 (A)  X_ESD1.Xpartial.X_SpeedXP_auto_IP4292CZ10_DFN2510A-10_IP4292CZ10-TBR_115_IP4292CZ10-TBR_115_ESD1_ESD1.V_SpeedXP_auto_4_En
-1.000000e-12 (A)  X_ESD1.Xpartial.X_SpeedXP_auto_IP4292CZ10_DFN2510A-10_IP4292CZ10-TBR_115_IP4292CZ10-TBR_115_ESD1_ESD1.V_SpeedXP_auto_5_En
0.000000e+00 (A)  X_ESD1.Xpartial.X_SpeedXP_auto_IP4292CZ10_DFN2510A-10_IP4292CZ10-TBR_115_IP4292CZ10-TBR_115_ESD1_ESD1.V_SpeedXP_auto_6_En
0.000000e+00 (A)  X_ESD1.Xpartial.X_SpeedXP_auto_IP4292CZ10_DFN2510A-10_IP4292CZ10-TBR_115_IP4292CZ10-TBR_115_ESD1_ESD1.V_SpeedXP_auto_7_En
0.000000e+00 (A)  X_ESD1.Xpartial.X_SpeedXP_auto_IP4292CZ10_DFN2510A-10_IP4292CZ10-TBR_115_IP4292CZ10-TBR_115_ESD1_ESD1.V_SpeedXP_auto_9_En
0.000000e+00 (A)  X_ESD1.Xpartial.X_SpeedXP_auto_IP4292CZ10_DFN2510A-10_IP4292CZ10-TBR_115_IP4292CZ10-TBR_115_ESD1_ESD1.X_SpeedXP_auto_1_St.v1
0.000000e+00 (A)  X_ESD1.Xpartial.X_SpeedXP_auto_IP4292CZ10_DFN2510A-10_IP4292CZ10-TBR_115_IP4292CZ10-TBR_115_ESD1_ESD1.X_SpeedXP_auto_2_St.v1
0.000000e+00 (A)  X_ESD1.Xpartial.X_SpeedXP_auto_IP4292CZ10_DFN2510A-10_IP4292CZ10-TBR_115_IP4292CZ10-TBR_115_ESD1_ESD1.X_SpeedXP_auto_4_St.v1
0.000000e+00 (A)  X_ESD1.Xpartial.X_SpeedXP_auto_IP4292CZ10_DFN2510A-10_IP4292CZ10-TBR_115_IP4292CZ10-TBR_115_ESD1_ESD1.X_SpeedXP_auto_5_St.v1
0.000000e+00 (A)  X_ESD2.Xpartial.X_SpeedXP_auto_IP4292CZ10_DFN2510A-10_IP4292CZ10-TBR_115_IP4292CZ10-TBR_115_ESD2_ESD2.V_SpeedXP_auto_10_En
-1.000000e-12 (A)  X_ESD2.Xpartial.X_SpeedXP_auto_IP4292CZ10_DFN2510A-10_IP4292CZ10-TBR_115_IP4292CZ10-TBR_115_ESD2_ESD2.V_SpeedXP_auto_1_En
-1.000000e-12 (A)  X_ESD2.Xpartial.X_SpeedXP_auto_IP4292CZ10_DFN2510A-10_IP4292CZ10-TBR_115_IP4292CZ10-TBR_115_ESD2_ESD2.V_SpeedXP_auto_2_En
-1.000000e-12 (A)  X_ESD2.Xpartial.X_SpeedXP_auto_IP4292CZ10_DFN2510A-10_IP4292CZ10-TBR_115_IP4292CZ10-TBR_115_ESD2_ESD2.V_SpeedXP_auto_4_En
-1.000000e-12 (A)  X_ESD2.Xpartial.X_SpeedXP_auto_IP4292CZ10_DFN2510A-10_IP4292CZ10-TBR_115_IP4292CZ10-TBR_115_ESD2_ESD2.V_SpeedXP_auto_5_En
0.000000e+00 (A)  X_ESD2.Xpartial.X_SpeedXP_auto_IP4292CZ10_DFN2510A-10_IP4292CZ10-TBR_115_IP4292CZ10-TBR_115_ESD2_ESD2.V_SpeedXP_auto_6_En
0.000000e+00 (A)  X_ESD2.Xpartial.X_SpeedXP_auto_IP4292CZ10_DFN2510A-10_IP4292CZ10-TBR_115_IP4292CZ10-TBR_115_ESD2_ESD2.V_SpeedXP_auto_7_En
0.000000e+00 (A)  X_ESD2.Xpartial.X_SpeedXP_auto_IP4292CZ10_DFN2510A-10_IP4292CZ10-TBR_115_IP4292CZ10-TBR_115_ESD2_ESD2.V_SpeedXP_auto_9_En
0.000000e+00 (A)  X_ESD2.Xpartial.X_SpeedXP_auto_IP4292CZ10_DFN2510A-10_IP4292CZ10-TBR_115_IP4292CZ10-TBR_115_ESD2_ESD2.X_SpeedXP_auto_1_St.v1
0.000000e+00 (A)  X_ESD2.Xpartial.X_SpeedXP_auto_IP4292CZ10_DFN2510A-10_IP4292CZ10-TBR_115_IP4292CZ10-TBR_115_ESD2_ESD2.X_SpeedXP_auto_2_St.v1
0.000000e+00 (A)  X_ESD2.Xpartial.X_SpeedXP_auto_IP4292CZ10_DFN2510A-10_IP4292CZ10-TBR_115_IP4292CZ10-TBR_115_ESD2_ESD2.X_SpeedXP_auto_4_St.v1
0.000000e+00 (A)  X_ESD2.Xpartial.X_SpeedXP_auto_IP4292CZ10_DFN2510A-10_IP4292CZ10-TBR_115_IP4292CZ10-TBR_115_ESD2_ESD2.X_SpeedXP_auto_5_St.v1
0.000000e+00 (A)  X_HDMI1.Xpartial.X_SpeedXP_auto_HDMI-A_HDMI-001S_HDMI-001S_HDMI-001S_HDMI1.V_SpeedXP_auto_10_En
0.000000e+00 (A)  X_HDMI1.Xpartial.X_SpeedXP_auto_HDMI-A_HDMI-001S_HDMI-001S_HDMI-001S_HDMI1.V_SpeedXP_auto_12_En
0.000000e+00 (A)  X_HDMI1.Xpartial.X_SpeedXP_auto_HDMI-A_HDMI-001S_HDMI-001S_HDMI-001S_HDMI1.V_SpeedXP_auto_1_En
0.000000e+00 (A)  X_HDMI1.Xpartial.X_SpeedXP_auto_HDMI-A_HDMI-001S_HDMI-001S_HDMI-001S_HDMI1.V_SpeedXP_auto_3_En
0.000000e+00 (A)  X_HDMI1.Xpartial.X_SpeedXP_auto_HDMI-A_HDMI-001S_HDMI-001S_HDMI-001S_HDMI1.V_SpeedXP_auto_4_En
0.000000e+00 (A)  X_HDMI1.Xpartial.X_SpeedXP_auto_HDMI-A_HDMI-001S_HDMI-001S_HDMI-001S_HDMI1.V_SpeedXP_auto_6_En
0.000000e+00 (A)  X_HDMI1.Xpartial.X_SpeedXP_auto_HDMI-A_HDMI-001S_HDMI-001S_HDMI-001S_HDMI1.V_SpeedXP_auto_7_En
0.000000e+00 (A)  X_HDMI1.Xpartial.X_SpeedXP_auto_HDMI-A_HDMI-001S_HDMI-001S_HDMI-001S_HDMI1.V_SpeedXP_auto_9_En
0.000000e+00 (A)  X_R24.Xpartial.X_SpeedXP_auto_RES_R0603_10K_10K_R24_R24.V_SpeedXP_auto_2_En
-1.000000e-12 (A)  X_R25.Xpartial.X_SpeedXP_auto_RES_R0603_1K_1K_R25_R25.V_SpeedXP_auto_1_En
0.000000e+00 (A)  X_R25.Xpartial.X_SpeedXP_auto_RES_R0603_1K_1K_R25_R25.X_SpeedXP_auto_1_St.v1
0.000000e+00 (A)  X_SW1.Xpartial.X_SpeedXP_auto_SWITCH-2P_SMD4030_1_6N_1_6N_SW1.V_SpeedXP_auto_2_En
0.000000e+00 (A)  X_U8.Xpartial.X_SpeedXP_auto_TC358870XBG_1_VFBGA80_(S1+S2+S3+S4)_TC358870XBG(NOK)_TC358870XBG(NOK)_U8.B_SpeedXP_auto_F10_OutOfIn
-1.010000e-10 (A)  X_U8.Xpartial.X_SpeedXP_auto_TC358870XBG_1_VFBGA80_(S1+S2+S3+S4)_TC358870XBG(NOK)_TC358870XBG(NOK)_U8.B_SpeedXP_auto_F9_OutOfIn
0.000000e+00 (A)  X_U8.Xpartial.X_SpeedXP_auto_TC358870XBG_1_VFBGA80_(S1+S2+S3+S4)_TC358870XBG(NOK)_TC358870XBG(NOK)_U8.B_SpeedXP_auto_G10_OutOfIn
-1.010000e-10 (A)  X_U8.Xpartial.X_SpeedXP_auto_TC358870XBG_1_VFBGA80_(S1+S2+S3+S4)_TC358870XBG(NOK)_TC358870XBG(NOK)_U8.B_SpeedXP_auto_G9_OutOfIn
0.000000e+00 (A)  X_U8.Xpartial.X_SpeedXP_auto_TC358870XBG_1_VFBGA80_(S1+S2+S3+S4)_TC358870XBG(NOK)_TC358870XBG(NOK)_U8.B_SpeedXP_auto_H10_OutOfIn
-1.010000e-10 (A)  X_U8.Xpartial.X_SpeedXP_auto_TC358870XBG_1_VFBGA80_(S1+S2+S3+S4)_TC358870XBG(NOK)_TC358870XBG(NOK)_U8.B_SpeedXP_auto_H9_OutOfIn
0.000000e+00 (A)  X_U8.Xpartial.X_SpeedXP_auto_TC358870XBG_1_VFBGA80_(S1+S2+S3+S4)_TC358870XBG(NOK)_TC358870XBG(NOK)_U8.V_SpeedXP_auto_A4_En
0.000000e+00 (A)  X_U8.Xpartial.X_SpeedXP_auto_TC358870XBG_1_VFBGA80_(S1+S2+S3+S4)_TC358870XBG(NOK)_TC358870XBG(NOK)_U8.V_SpeedXP_auto_A5_En
0.000000e+00 (A)  X_U8.Xpartial.X_SpeedXP_auto_TC358870XBG_1_VFBGA80_(S1+S2+S3+S4)_TC358870XBG(NOK)_TC358870XBG(NOK)_U8.V_SpeedXP_auto_A6_En
0.000000e+00 (A)  X_U8.Xpartial.X_SpeedXP_auto_TC358870XBG_1_VFBGA80_(S1+S2+S3+S4)_TC358870XBG(NOK)_TC358870XBG(NOK)_U8.V_SpeedXP_auto_A7_En
0.000000e+00 (A)  X_U8.Xpartial.X_SpeedXP_auto_TC358870XBG_1_VFBGA80_(S1+S2+S3+S4)_TC358870XBG(NOK)_TC358870XBG(NOK)_U8.V_SpeedXP_auto_A8_En
0.000000e+00 (A)  X_U8.Xpartial.X_SpeedXP_auto_TC358870XBG_1_VFBGA80_(S1+S2+S3+S4)_TC358870XBG(NOK)_TC358870XBG(NOK)_U8.V_SpeedXP_auto_A9_En
0.000000e+00 (A)  X_U8.Xpartial.X_SpeedXP_auto_TC358870XBG_1_VFBGA80_(S1+S2+S3+S4)_TC358870XBG(NOK)_TC358870XBG(NOK)_U8.V_SpeedXP_auto_B5_En
0.000000e+00 (A)  X_U8.Xpartial.X_SpeedXP_auto_TC358870XBG_1_VFBGA80_(S1+S2+S3+S4)_TC358870XBG(NOK)_TC358870XBG(NOK)_U8.V_SpeedXP_auto_B6_En
0.000000e+00 (A)  X_U8.Xpartial.X_SpeedXP_auto_TC358870XBG_1_VFBGA80_(S1+S2+S3+S4)_TC358870XBG(NOK)_TC358870XBG(NOK)_U8.V_SpeedXP_auto_B7_En
0.000000e+00 (A)  X_U8.Xpartial.X_SpeedXP_auto_TC358870XBG_1_VFBGA80_(S1+S2+S3+S4)_TC358870XBG(NOK)_TC358870XBG(NOK)_U8.V_SpeedXP_auto_B8_En
0.000000e+00 (A)  X_U8.Xpartial.X_SpeedXP_auto_TC358870XBG_1_VFBGA80_(S1+S2+S3+S4)_TC358870XBG(NOK)_TC358870XBG(NOK)_U8.V_SpeedXP_auto_B9_En
0.000000e+00 (A)  X_U8.Xpartial.X_SpeedXP_auto_TC358870XBG_1_VFBGA80_(S1+S2+S3+S4)_TC358870XBG(NOK)_TC358870XBG(NOK)_U8.V_SpeedXP_auto_C1_En
0.000000e+00 (A)  X_U8.Xpartial.X_SpeedXP_auto_TC358870XBG_1_VFBGA80_(S1+S2+S3+S4)_TC358870XBG(NOK)_TC358870XBG(NOK)_U8.V_SpeedXP_auto_C2_En
0.000000e+00 (A)  X_U8.Xpartial.X_SpeedXP_auto_TC358870XBG_1_VFBGA80_(S1+S2+S3+S4)_TC358870XBG(NOK)_TC358870XBG(NOK)_U8.V_SpeedXP_auto_D10_En
0.000000e+00 (A)  X_U8.Xpartial.X_SpeedXP_auto_TC358870XBG_1_VFBGA80_(S1+S2+S3+S4)_TC358870XBG(NOK)_TC358870XBG(NOK)_U8.V_SpeedXP_auto_D1_En
0.000000e+00 (A)  X_U8.Xpartial.X_SpeedXP_auto_TC358870XBG_1_VFBGA80_(S1+S2+S3+S4)_TC358870XBG(NOK)_TC358870XBG(NOK)_U8.V_SpeedXP_auto_D2_En
0.000000e+00 (A)  X_U8.Xpartial.X_SpeedXP_auto_TC358870XBG_1_VFBGA80_(S1+S2+S3+S4)_TC358870XBG(NOK)_TC358870XBG(NOK)_U8.V_SpeedXP_auto_D9_En
0.000000e+00 (A)  X_U8.Xpartial.X_SpeedXP_auto_TC358870XBG_1_VFBGA80_(S1+S2+S3+S4)_TC358870XBG(NOK)_TC358870XBG(NOK)_U8.V_SpeedXP_auto_E10_En
0.000000e+00 (A)  X_U8.Xpartial.X_SpeedXP_auto_TC358870XBG_1_VFBGA80_(S1+S2+S3+S4)_TC358870XBG(NOK)_TC358870XBG(NOK)_U8.V_SpeedXP_auto_E1_En
0.000000e+00 (A)  X_U8.Xpartial.X_SpeedXP_auto_TC358870XBG_1_VFBGA80_(S1+S2+S3+S4)_TC358870XBG(NOK)_TC358870XBG(NOK)_U8.V_SpeedXP_auto_E2_En
0.000000e+00 (A)  X_U8.Xpartial.X_SpeedXP_auto_TC358870XBG_1_VFBGA80_(S1+S2+S3+S4)_TC358870XBG(NOK)_TC358870XBG(NOK)_U8.V_SpeedXP_auto_E9_En
0.000000e+00 (A)  X_U8.Xpartial.X_SpeedXP_auto_TC358870XBG_1_VFBGA80_(S1+S2+S3+S4)_TC358870XBG(NOK)_TC358870XBG(NOK)_U8.V_SpeedXP_auto_F10_En
0.000000e+00 (A)  X_U8.Xpartial.X_SpeedXP_auto_TC358870XBG_1_VFBGA80_(S1+S2+S3+S4)_TC358870XBG(NOK)_TC358870XBG(NOK)_U8.V_SpeedXP_auto_F1_En
0.000000e+00 (A)  X_U8.Xpartial.X_SpeedXP_auto_TC358870XBG_1_VFBGA80_(S1+S2+S3+S4)_TC358870XBG(NOK)_TC358870XBG(NOK)_U8.V_SpeedXP_auto_F2_En
0.000000e+00 (A)  X_U8.Xpartial.X_SpeedXP_auto_TC358870XBG_1_VFBGA80_(S1+S2+S3+S4)_TC358870XBG(NOK)_TC358870XBG(NOK)_U8.V_SpeedXP_auto_F9_En
0.000000e+00 (A)  X_U8.Xpartial.X_SpeedXP_auto_TC358870XBG_1_VFBGA80_(S1+S2+S3+S4)_TC358870XBG(NOK)_TC358870XBG(NOK)_U8.V_SpeedXP_auto_G10_En
0.000000e+00 (A)  X_U8.Xpartial.X_SpeedXP_auto_TC358870XBG_1_VFBGA80_(S1+S2+S3+S4)_TC358870XBG(NOK)_TC358870XBG(NOK)_U8.V_SpeedXP_auto_G9_En
0.000000e+00 (A)  X_U8.Xpartial.X_SpeedXP_auto_TC358870XBG_1_VFBGA80_(S1+S2+S3+S4)_TC358870XBG(NOK)_TC358870XBG(NOK)_U8.V_SpeedXP_auto_H10_En
0.000000e+00 (A)  X_U8.Xpartial.X_SpeedXP_auto_TC358870XBG_1_VFBGA80_(S1+S2+S3+S4)_TC358870XBG(NOK)_TC358870XBG(NOK)_U8.V_SpeedXP_auto_H9_En
0.000000e+00 (A)  X_U8.Xpartial.X_SpeedXP_auto_TC358870XBG_1_VFBGA80_(S1+S2+S3+S4)_TC358870XBG(NOK)_TC358870XBG(NOK)_U8.V_SpeedXP_auto_K8_En
-7.500000e-12 (A)  X_U8.Xpartial.X_SpeedXP_auto_TC358870XBG_1_VFBGA80_(S1+S2+S3+S4)_TC358870XBG(NOK)_TC358870XBG(NOK)_U8.Vpwr_F10
-2.500000e-12 (A)  X_U8.Xpartial.X_SpeedXP_auto_TC358870XBG_1_VFBGA80_(S1+S2+S3+S4)_TC358870XBG(NOK)_TC358870XBG(NOK)_U8.Vpwr_F9
-7.500000e-12 (A)  X_U8.Xpartial.X_SpeedXP_auto_TC358870XBG_1_VFBGA80_(S1+S2+S3+S4)_TC358870XBG(NOK)_TC358870XBG(NOK)_U8.Vpwr_G10
-2.500000e-12 (A)  X_U8.Xpartial.X_SpeedXP_auto_TC358870XBG_1_VFBGA80_(S1+S2+S3+S4)_TC358870XBG(NOK)_TC358870XBG(NOK)_U8.Vpwr_G9
-7.500000e-12 (A)  X_U8.Xpartial.X_SpeedXP_auto_TC358870XBG_1_VFBGA80_(S1+S2+S3+S4)_TC358870XBG(NOK)_TC358870XBG(NOK)_U8.Vpwr_H10
-2.500000e-12 (A)  X_U8.Xpartial.X_SpeedXP_auto_TC358870XBG_1_VFBGA80_(S1+S2+S3+S4)_TC358870XBG(NOK)_TC358870XBG(NOK)_U8.Vpwr_H9
-1.100005e-10 (A)  xvia0.lnode2530::mipi_dsi0_data1_n
5.000000e-12 (A)  xvia0.lnode3082::mipi_dsi0_data1_p
-1.125005e-10 (A)  Xvia0.VRLNode2530::MIPI_DSI0_DATA1_N
5.000000e-12 (A)  Xvia0.VRLNode3082::MIPI_DSI0_DATA1_P
-9.750090e-11 (A)  xvia1.lnode2342::mipi_dsi0_clk_n
5.000000e-12 (A)  xvia1.lnode2702::mipi_dsi0_clk_p
-1.000009e-10 (A)  Xvia1.VRLNode2342::MIPI_DSI0_CLK_N
5.000000e-12 (A)  Xvia1.VRLNode2702::MIPI_DSI0_CLK_P
-9.500034e-11 (A)  xvia2.lnode2641::mipi_dsi0_data0_n
5.000000e-12 (A)  xvia2.lnode3500::mipi_dsi0_data0_p
-9.750038e-11 (A)  Xvia2.VRLNode2641::MIPI_DSI0_DATA0_N
5.000000e-12 (A)  Xvia2.VRLNode3500::MIPI_DSI0_DATA0_P
