(---------------------------------------------------------------------)
(                                                                     )
(    Allegro Netrev Import Logic                                      )
(                                                                     )
(    Drawing          : tc358870_demo.brd                             )
(    Software Version : 17.4S039                                      )
(    Date/Time        : Thu Mar 19 21:56:42 2026                      )
(                                                                     )
(---------------------------------------------------------------------)


------ 指令 ------------

Ripup etch:                  No
Ripup delete first segment:  No
Ripup retain bondwire:       No
Ripup symbols:               Always
Missing symbol has error:    No
DRC update:                  Yes
Schematic directory:         'f:\projects\pcb\github\public\tc358870_demo\allegro'
Design Directory:            'f:/projects/pcb/github/public/tc358870_demo/allegro'
Old design name:             'f:/projects/pcb/github/public/tc358870_demo/allegro/tc358870_demo.brd'
New design name:             'f:/projects/pcb/github/public/tc358870_demo/allegro/tc358870_demo.brd'

CmdLine: netrev -y 1 -i f:\projects\pcb\github\public\tc358870_demo\allegro -q netrev_constraint_report.xml f:/projects/pcb/github/public/tc358870_demo/allegro/#Taaaaht15596.tmp

------ 准备读取 pst 文件 ------

Starting to read f:/projects/pcb/github/public/tc358870_demo/allegro/pstchip.dat 
   Finished reading f:/projects/pcb/github/public/tc358870_demo/allegro/pstchip.dat (00:00:00.03)
Starting to read f:/projects/pcb/github/public/tc358870_demo/allegro/pstxprt.dat 
   Finished reading f:/projects/pcb/github/public/tc358870_demo/allegro/pstxprt.dat (00:00:00.00)
Starting to read f:/projects/pcb/github/public/tc358870_demo/allegro/pstxnet.dat 
   Finished reading f:/projects/pcb/github/public/tc358870_demo/allegro/pstxnet.dat (00:00:00.00)

------ 疏忽/警告/错误 ------


------ 库路径 ------
MODULEPATH =  E:\ 

PSMPATH =  ./lib 
           F:/Projects/PCB/Library/Pads 
           F:/Projects/PCB/Library/Footprints 
           F:/Projects/PCB/Library/Vias 

PADPATH =  F:/Projects/PCB/Library/Pads 
           F:/Projects/PCB/Library/Vias 
           ./lib 


------ 统计摘要 ------


netrev run on Mar 19 21:56:42 2026
   DESIGN NAME : 'TC358870_DEMO'
   PACKAGING ON Nov  3 2023 23:54:18

   COMPILE 'logic'
   CHECK_PIN_NAMES OFF
   CROSS_REFERENCE OFF
   FEEDBACK OFF
   INCREMENTAL OFF
   INTERFACE_TYPE PHYSICAL
   MAX_ERRORS 500
   MERGE_MINIMUM 5
   NET_NAME_CHARS '#%&()*+-./:=>?@[]^_`|'
   NET_NAME_LENGTH 24
   OVERSIGHTS ON
   REPLACE_CHECK OFF
   SINGLE_NODE_NETS ON
   SPLIT_MINIMUM 0
   SUPPRESS   20
   WARNINGS ON

 No error detected
 No oversight detected
 No warning detected

cpu time      0:00:45
elapsed time  0:00:00

