[2026/04/12-20:29:54]--Environment: Mesh on.
[2026/04/12-20:29:54]--
                       WARNING [Signal Net Padstack]: Signal net [MIPI_DSI1_CLK_P] lacks pad and/or antipad values in padstack [VIA12].
                       WARNING [Signal Net Padstack]: Signal net [MIPI_DSI1_DATA3_N] lacks pad and/or antipad values in padstack [VIA12].
                       WARNING [Signal Net Padstack]: Signal net [MIPI_DSI1_DATA3_P] lacks pad and/or antipad values in padstack [VIA12].
                       WARNING [Signal Net Padstack]: Signal net [MIPI_DSI1_DATA2_N] lacks pad and/or antipad values in padstack [VIA12].
                       WARNING [Signal Net Padstack]: Signal net [MIPI_DSI1_DATA2_P] lacks pad and/or antipad values in padstack [VIA12].
                       WARNING [Signal Net Padstack]: Signal net [MIPI_DSI1_DATA1_N] lacks pad and/or antipad values in padstack [VIA12].
                       WARNING [Signal Net Padstack]: Signal net [MIPI_DSI0_DATA0_P] lacks pad and/or antipad values in padstack [VIA12].
                       WARNING [Signal Net Padstack]: Signal net [MIPI_DSI1_DATA1_P] lacks pad and/or antipad values in padstack [VIA12].
                       WARNING [Signal Net Padstack]: Signal net [MIPI_DSI1_DATA0_N] lacks pad and/or antipad values in padstack [VIA12].
                       WARNING [Signal Net Padstack]: Signal net [MIPI_DSI1_DATA0_P] lacks pad and/or antipad values in padstack [VIA12].
                       WARNING [Signal Net Padstack]: Signal net [MIPI_DSI0_CLK_N] lacks pad and/or antipad values in padstack [VIA12].
                       WARNING [Signal Net Padstack]: Signal net [MIPI_DSI0_DATA3_N] lacks pad and/or antipad values in padstack [VIA12].
                       WARNING [Signal Net Padstack]: Signal net [MIPI_DSI0_DATA2_N] lacks pad and/or antipad values in padstack [VIA12].
                       WARNING [Signal Net Padstack]: Signal net [MIPI_DSI0_DATA1_N] lacks pad and/or antipad values in padstack [VIA12].
                       WARNING [Signal Net Padstack]: Signal net [MIPI_DSI0_DATA0_N] lacks pad and/or antipad values in padstack [VIA12].
                       WARNING [Signal Net Padstack]: Signal net [MIPI_DSI0_CLK_P] lacks pad and/or antipad values in padstack [VIA12].
                       WARNING [Signal Net Padstack]: Signal net [MIPI_DSI0_DATA3_P] lacks pad and/or antipad values in padstack [VIA12].
                       WARNING [Signal Net Padstack]: Signal net [MIPI_DSI0_DATA2_P] lacks pad and/or antipad values in padstack [VIA12].
                       WARNING [Signal Net Padstack]: Signal net [MIPI_DSI0_DATA1_P] lacks pad and/or antipad values in padstack [VIA12].
                       WARNING [Signal Net Padstack]: Signal net [MIPI_DSI1_CLK_N] lacks pad and/or antipad values in padstack [VIA12].
                       ****Summary: Miscellaneous check, Error(s) = 0, Warning(s) = 20
[2026/04/12-20:29:54]--
                       ****Summary: Variables checks, Error(s) = 0, Warning(s) = 0
[2026/04/12-20:29:54]--
                       0 error(s) 20 warning(s) found in SPD file "#Taaaahm19560.spd"
                       
                       
