2.000000e-10 (V) X_ESD2.Xpartial.1 0 
-2.500000e+00 (V) X_ESD2.Xpartial.1 X_ESD2.Xpartial.2 
2.000000e-10 (V) X_ESD2.Xpartial.10 0 
-2.500000e+00 (V) X_ESD2.Xpartial.10 X_ESD2.Xpartial.2 
2.500000e+00 (V) X_ESD2.Xpartial.2 0 
2.500000e+00 (V) X_ESD2.Xpartial.4 0 
2.500000e+00 (V) X_ESD2.Xpartial.4 X_ESD2.Xpartial.6 
2.000000e-10 (V) X_ESD2.Xpartial.5 0 
2.000000e-10 (V) X_ESD2.Xpartial.6 0 
2.500000e+00 (V) X_ESD2.Xpartial.7 0 
2.500000e+00 (V) X_ESD2.Xpartial.7 X_ESD2.Xpartial.5 
2.500000e+00 (V) X_ESD2.Xpartial.9 0 
2.500000e+00 (V) X_HDMI1.Xpartial.10 0 
2.500000e+00 (V) X_HDMI1.Xpartial.10 X_HDMI1.Xpartial.12 
2.000457e-10 (V) X_HDMI1.Xpartial.12 0 
2.000467e-10 (V) X_HDMI1.Xpartial.7 0 
-2.500000e+00 (V) X_HDMI1.Xpartial.7 X_HDMI1.Xpartial.9 
2.500000e+00 (V) X_HDMI1.Xpartial.9 0 
2.500000e+00 (V) X_U8.Xpartial.C1 0 
2.500000e+00 (V) X_U8.Xpartial.C1 X_U8.Xpartial.C2 
2.001916e-10 (V) X_U8.Xpartial.C2 0 
2.001922e-10 (V) X_U8.Xpartial.D1 0 
-2.500000e+00 (V) X_U8.Xpartial.D1 X_U8.Xpartial.D2 
2.500000e+00 (V) X_U8.Xpartial.D2 0 
