2.500000e+00 (V) X_CH1.Xpartial.1 0 
1.000000e-10 (V) X_CH1.Xpartial.10 0 
-2.500000e+00 (V) X_CH1.Xpartial.10 X_CH1.Xpartial.9 
1.000000e-10 (V) X_CH1.Xpartial.11 0 
-2.500000e+00 (V) X_CH1.Xpartial.11 X_CH1.Xpartial.12 
2.500000e+00 (V) X_CH1.Xpartial.12 0 
1.000000e-10 (V) X_CH1.Xpartial.2 0 
-2.500000e+00 (V) X_CH1.Xpartial.2 X_CH1.Xpartial.1 
2.500000e+00 (V) X_CH1.Xpartial.5 0 
1.000000e-10 (V) X_CH1.Xpartial.6 0 
-2.500000e+00 (V) X_CH1.Xpartial.6 X_CH1.Xpartial.5 
2.500000e+00 (V) X_CH1.Xpartial.7 0 
1.000000e-10 (V) X_CH1.Xpartial.8 0 
-2.500000e+00 (V) X_CH1.Xpartial.8 X_CH1.Xpartial.7 
2.500000e+00 (V) X_CH1.Xpartial.9 0 
1.006217e-10 (V) X_U8.Xpartial.A6 0 
-2.500000e+00 (V) X_U8.Xpartial.A6 X_U8.Xpartial.B6 
2.500000e+00 (V) X_U8.Xpartial.B6 0 
1.003626e-10 (V) X_U8.Xpartial.D10 0 
-2.500000e+00 (V) X_U8.Xpartial.D10 X_U8.Xpartial.D9 
2.500000e+00 (V) X_U8.Xpartial.D9 0 
1.003670e-10 (V) X_U8.Xpartial.E10 0 
-2.500000e+00 (V) X_U8.Xpartial.E10 X_U8.Xpartial.E9 
2.500000e+00 (V) X_U8.Xpartial.E9 0 
1.003666e-10 (V) X_U8.Xpartial.F10 0 
-2.500000e+00 (V) X_U8.Xpartial.F10 X_U8.Xpartial.F9 
2.500000e+00 (V) X_U8.Xpartial.F9 0 
1.003807e-10 (V) X_U8.Xpartial.G10 0 
-2.500000e+00 (V) X_U8.Xpartial.G10 X_U8.Xpartial.G9 
2.500000e+00 (V) X_U8.Xpartial.G9 0 
