0.000000e+00 (V)  __Gnd
1.004944e-10 (V)  FILLETpad~polygon0103::mipi_dsi1_data2_n
2.500000e+00 (V)  FILLETpad~polygon0118::mipi_dsi1_data3_n
1.000000e-10 (V)  FILLETpad~polygon0121::mipi_dsi1_clk_n
2.500000e+00 (V)  FILLETpad~polygon0122::mipi_dsi1_data2_p
1.000000e-10 (V)  FILLETpad~polygon0125::mipi_dsi1_data3_p
1.000000e-10 (V)  FILLETpad~polygon0128::mipi_dsi1_data2_n
1.004961e-10 (V)  FILLETpad~polygon0326::mipi_dsi1_data2_n
2.500000e+00 (V)  FILLETpad~polygon0332::mipi_dsi1_data3_n
2.500000e+00 (V)  FILLETpad~polygon0337::mipi_dsi1_clk_p
1.002031e-10 (V)  FILLETpad~polygon0340::mipi_dsi1_data3_p
1.001124e-10 (V)  FILLETpad~polygon0342::mipi_dsi1_clk_n
2.500000e+00 (V)  FILLETpad~polygon0405::mipi_dsi1_data2_p
2.500000e+00 (V)  FILLETpad~polygon0419::mipi_dsi1_data3_n
1.006284e-10 (V)  FILLETpad~polygon0422::mipi_dsi1_data2_n
1.006263e-10 (V)  FILLETpad~polygon0432::mipi_dsi1_data3_p
2.500000e+00 (V)  FILLETpad~polygon0434::n2739972
2.500000e+00 (V)  FILLETpad~polygon0435::mipi_dsi1_clk_p
2.500000e+00 (V)  FILLETpad~polygon0438::mipi_dsi1_data2_p
1.006302e-10 (V)  FILLETpad~polygon0447::mipi_dsi1_clk_n
2.500000e+00 (V)  FILLETpad~polygon088::mipi_dsi1_data2_p
2.500000e+00 (V)  FILLETpad~polygon094::mipi_dsi1_data3_n
1.002013e-10 (V)  FILLETpad~polygon097::mipi_dsi1_data3_p
1.001107e-10 (V)  FILLETpad~polygon099::mipi_dsi1_clk_n
1.100000e+00 (V)  IPGPWR_VCC_1V1
1.200000e+00 (V)  IPGPWR_VCC_1V2
1.800000e+00 (V)  IPGPWR_VCC_1V8
3.300000e+00 (V)  IPGPWR_VCC_3V3
5.000000e+00 (V)  IPGPWR_VCC_5V
5.000000e+00 (V)  IPGPWR_VCC_5V5
2.500000e+00 (V)  Node1002::MIPI_DSI1_CLK_P
2.500000e+00 (V)  Node1003::MIPI_DSI1_CLK_P
2.500000e+00 (V)  Node1005::MIPI_DSI1_CLK_P
0.000000e+00 (V)  Node101!!A8::MIPI_DSI1_DATA1_P
2.500000e+00 (V)  Node1015::MIPI_DSI1_CLK_P
2.500000e+00 (V)  Node1015_Auto_198::MIPI_DSI1_CLK_P
2.500000e+00 (V)  Node1017::MIPI_DSI1_CLK_P
2.500000e+00 (V)  Node1017_Auto_169::MIPI_DSI1_CLK_P
2.500000e+00 (V)  Node1018::MIPI_DSI1_CLK_P
2.500000e+00 (V)  Node1018_Auto_190::MIPI_DSI1_CLK_P
2.500000e+00 (V)  Node1018_Auto_195::MIPI_DSI1_CLK_P
2.500000e+00 (V)  Node1018_Auto_196::MIPI_DSI1_CLK_P
0.000000e+00 (V)  Node102!!B9::MIPI_DSI1_DATA0_N
2.500000e+00 (V)  Node1020::MIPI_DSI1_CLK_P
2.500000e+00 (V)  Node1028::MIPI_DSI1_CLK_P
0.000000e+00 (V)  Node103!!A9::MIPI_DSI1_DATA0_P
2.500000e+00 (V)  Node1031::MIPI_DSI1_CLK_P
2.500000e+00 (V)  Node1031_Auto_163::MIPI_DSI1_CLK_P
2.500000e+00 (V)  Node1031_Auto_164::MIPI_DSI1_CLK_P
2.500000e+00 (V)  Node1031_Auto_183::MIPI_DSI1_CLK_P
2.500000e+00 (V)  Node1031_Auto_184::MIPI_DSI1_CLK_P
2.500000e+00 (V)  Node1031_Auto_186::MIPI_DSI1_CLK_P
2.500000e+00 (V)  Node1031_Auto_200::MIPI_DSI1_CLK_P
2.500000e+00 (V)  Node1031_Auto_203::MIPI_DSI1_CLK_P
0.000000e+00 (V)  Node104!!F9::MIPI_DSI0_CLK_N
2.500000e+00 (V)  Node1040::MIPI_DSI1_CLK_P
2.500000e+00 (V)  Node1040_Auto_165::MIPI_DSI1_CLK_P
2.500000e+00 (V)  Node1040_Auto_166::MIPI_DSI1_CLK_P
2.500000e+00 (V)  Node1040_Auto_181::MIPI_DSI1_CLK_P
2.500000e+00 (V)  Node1040_Auto_182::MIPI_DSI1_CLK_P
2.500000e+00 (V)  Node1040_Auto_185::MIPI_DSI1_CLK_P
2.500000e+00 (V)  Node1040_Auto_201::MIPI_DSI1_CLK_P
2.500000e+00 (V)  Node1040_Auto_204::MIPI_DSI1_CLK_P
2.500000e+00 (V)  Node1043::MIPI_DSI1_CLK_P
0.000000e+00 (V)  Node105!!D9::MIPI_DSI0_DATA3_N
2.500000e+00 (V)  Node1051::MIPI_DSI1_CLK_P
2.500000e+00 (V)  Node1054::MIPI_DSI1_CLK_P
2.500000e+00 (V)  Node1054_Auto_172::MIPI_DSI1_CLK_P
2.500000e+00 (V)  Node1054_Auto_175::MIPI_DSI1_CLK_P
2.500000e+00 (V)  Node1058::MIPI_DSI1_CLK_P
0.000000e+00 (V)  Node106!!E9::MIPI_DSI0_DATA2_N
2.500000e+00 (V)  Node1063::MIPI_DSI1_CLK_P
2.500000e+00 (V)  Node1063_Auto_171::MIPI_DSI1_CLK_P
2.500000e+00 (V)  Node1063_Auto_177::MIPI_DSI1_CLK_P
2.500000e+00 (V)  Node1066::MIPI_DSI1_CLK_P
2.500000e+00 (V)  Node1069::MIPI_DSI1_CLK_P
2.500000e+00 (V)  Node1069_Auto_383::MIPI_DSI1_CLK_P
0.000000e+00 (V)  Node107!!G9::MIPI_DSI0_DATA1_N
2.500000e+00 (V)  Node1071::MIPI_DSI1_CLK_P
2.500000e+00 (V)  Node1073::MIPI_DSI1_CLK_P
2.500000e+00 (V)  Node1074::MIPI_DSI1_CLK_P
2.500000e+00 (V)  Node1076::MIPI_DSI1_CLK_P
2.500000e+00 (V)  Node1078::MIPI_DSI1_CLK_P
0.000000e+00 (V)  Node108!!H9::MIPI_DSI0_DATA0_N
2.500000e+00 (V)  Node1080::MIPI_DSI1_CLK_P
2.500000e+00 (V)  Node1081!!15::MIPI_DSI1_CLK_P
2.500000e+00 (V)  Node1083::MIPI_DSI1_CLK_P
2.500000e+00 (V)  Node1085::MIPI_DSI1_CLK_P
2.500000e+00 (V)  Node1085_Auto_1698::MIPI_DSI1_CLK_P
2.500000e+00 (V)  Node1087::MIPI_DSI1_CLK_P
2.500000e+00 (V)  Node1088::MIPI_DSI1_CLK_P
0.000000e+00 (V)  Node109!!F10::MIPI_DSI0_CLK_P
2.500000e+00 (V)  Node1090::MIPI_DSI1_CLK_P
2.500000e+00 (V)  Node1090_Auto_1731::MIPI_DSI1_CLK_P
2.500000e+00 (V)  Node1090_Auto_1733::MIPI_DSI1_CLK_P
2.500000e+00 (V)  Node1092::MIPI_DSI1_CLK_P
2.500000e+00 (V)  Node1093::MIPI_DSI1_CLK_P
2.500000e+00 (V)  Node1093_Auto_1728::MIPI_DSI1_CLK_P
2.500000e+00 (V)  Node1096::MIPI_DSI1_CLK_P
2.500000e+00 (V)  Node1097::MIPI_DSI1_CLK_P
2.500000e+00 (V)  Node1099::MIPI_DSI1_CLK_P
0.000000e+00 (V)  Node11!!B4::VCC_HDMIRX_IN
0.000000e+00 (V)  Node110!!D10::MIPI_DSI0_DATA3_P
2.500000e+00 (V)  Node1103::MIPI_DSI1_CLK_P
2.500000e+00 (V)  Node1106::MIPI_DSI1_CLK_P
2.500000e+00 (V)  Node1106_Auto_1833::MIPI_DSI1_CLK_P
0.000000e+00 (V)  Node111!!E10::MIPI_DSI0_DATA2_P
2.500000e+00 (V)  Node1114::MIPI_DSI1_CLK_P
2.500000e+00 (V)  Node1117::MIPI_DSI1_CLK_P
0.000000e+00 (V)  Node112!!G10::MIPI_DSI0_DATA1_P
2.500000e+00 (V)  Node1128::MIPI_DSI1_CLK_P
2.500000e+00 (V)  Node1133::MIPI_DSI1_DATA3_N
2.500000e+00 (V)  Node1133_Auto_634::MIPI_DSI1_DATA3_N
2.500000e+00 (V)  Node1135::MIPI_DSI1_DATA3_N
2.500000e+00 (V)  Node1135_Auto_762::MIPI_DSI1_DATA3_N
2.500000e+00 (V)  Node1135_Auto_765::MIPI_DSI1_DATA3_N
2.500000e+00 (V)  Node1135_Auto_776::MIPI_DSI1_DATA3_N
2.500000e+00 (V)  Node1135_Auto_777::MIPI_DSI1_DATA3_N
2.500000e+00 (V)  Node1135_Auto_785::MIPI_DSI1_DATA3_N
2.500000e+00 (V)  Node1135_Auto_800::MIPI_DSI1_DATA3_N
2.500000e+00 (V)  Node1135_Auto_805::MIPI_DSI1_DATA3_N
2.500000e+00 (V)  Node1136::MIPI_DSI1_DATA3_N
2.500000e+00 (V)  Node1137::MIPI_DSI1_DATA3_N
2.500000e+00 (V)  Node1138::MIPI_DSI1_DATA3_N
2.500000e+00 (V)  Node1138_Auto_1000::MIPI_DSI1_DATA3_N
2.500000e+00 (V)  Node1138_Auto_1002::MIPI_DSI1_DATA3_N
2.500000e+00 (V)  Node1138_Auto_994::MIPI_DSI1_DATA3_N
2.500000e+00 (V)  Node1138_Auto_995::MIPI_DSI1_DATA3_N
2.500000e+00 (V)  Node1138_Auto_997::MIPI_DSI1_DATA3_N
2.500000e+00 (V)  Node1138_Auto_998::MIPI_DSI1_DATA3_N
2.500000e+00 (V)  Node1140::MIPI_DSI1_DATA3_N
2.500000e+00 (V)  Node1141::MIPI_DSI1_DATA3_N
2.500000e+00 (V)  Node1143::MIPI_DSI1_DATA3_N
2.500000e+00 (V)  Node1143_Auto_1007::MIPI_DSI1_DATA3_N
2.500000e+00 (V)  Node1143_Auto_1008::MIPI_DSI1_DATA3_N
2.500000e+00 (V)  Node1143_Auto_1010::MIPI_DSI1_DATA3_N
2.500000e+00 (V)  Node1143_Auto_1012::MIPI_DSI1_DATA3_N
2.500000e+00 (V)  Node1145::MIPI_DSI1_DATA3_N
2.500000e+00 (V)  Node1145_Auto_584::MIPI_DSI1_DATA3_N
2.500000e+00 (V)  Node1147::MIPI_DSI1_DATA3_N
2.500000e+00 (V)  Node1151::MIPI_DSI1_DATA3_N
2.500000e+00 (V)  Node1151_Auto_627::MIPI_DSI1_DATA3_N
2.500000e+00 (V)  Node1153::MIPI_DSI1_DATA3_N
2.500000e+00 (V)  Node1155::MIPI_DSI1_DATA3_N
2.500000e+00 (V)  Node1155_Auto_628::MIPI_DSI1_DATA3_N
2.500000e+00 (V)  Node1155_Auto_629::MIPI_DSI1_DATA3_N
2.500000e+00 (V)  Node1158::MIPI_DSI1_DATA3_N
2.500000e+00 (V)  Node1169::MIPI_DSI1_DATA3_N
2.500000e+00 (V)  Node1169_Auto_1835::MIPI_DSI1_DATA3_N
2.500000e+00 (V)  Node1171::MIPI_DSI1_DATA3_N
2.500000e+00 (V)  Node1191::MIPI_DSI1_DATA3_N
2.500000e+00 (V)  Node1191_Auto_1839::MIPI_DSI1_DATA3_N
2.500000e+00 (V)  Node1191_Auto_1840::MIPI_DSI1_DATA3_N
2.500000e+00 (V)  Node1194::MIPI_DSI1_DATA3_N
2.500000e+00 (V)  Node1195::MIPI_DSI1_DATA3_N
2.500000e+00 (V)  Node1195_Auto_1841::MIPI_DSI1_DATA3_N
2.500000e+00 (V)  Node1198::MIPI_DSI1_DATA3_N
2.500000e+00 (V)  Node1201::MIPI_DSI1_DATA3_N
2.500000e+00 (V)  Node1203::MIPI_DSI1_DATA3_N
2.500000e+00 (V)  Node1204::MIPI_DSI1_DATA3_N
2.500000e+00 (V)  Node1205::MIPI_DSI1_DATA3_N
2.500000e+00 (V)  Node1206::MIPI_DSI1_DATA3_N
1.001827e-10 (V)  Node1215::MIPI_DSI1_DATA3_P
1.001818e-10 (V)  Node1215_Auto_1834::MIPI_DSI1_DATA3_P
1.001653e-10 (V)  Node1218::MIPI_DSI1_DATA3_P
1.001623e-10 (V)  Node1221::MIPI_DSI1_DATA3_P
1.001554e-10 (V)  Node1224::MIPI_DSI1_DATA3_P
1.001576e-10 (V)  Node1224_Auto_1838::MIPI_DSI1_DATA3_P
1.001473e-10 (V)  Node1232::MIPI_DSI1_DATA3_P
1.001452e-10 (V)  Node1232_Auto_1837::MIPI_DSI1_DATA3_P
1.001405e-10 (V)  Node1235::MIPI_DSI1_DATA3_P
1.001324e-10 (V)  Node1243::MIPI_DSI1_DATA3_P
1.001272e-10 (V)  Node1246::MIPI_DSI1_DATA3_P
1.001318e-10 (V)  Node1246_Auto_1836::MIPI_DSI1_DATA3_P
1.001191e-10 (V)  Node1254::MIPI_DSI1_DATA3_P
1.001144e-10 (V)  Node1257::MIPI_DSI1_DATA3_P
1.001105e-10 (V)  Node1260::MIPI_DSI1_DATA3_P
1.001058e-10 (V)  Node1262::MIPI_DSI1_DATA3_P
1.001038e-10 (V)  Node1264::MIPI_DSI1_DATA3_P
1.001033e-10 (V)  Node1264_Auto_1842::MIPI_DSI1_DATA3_P
1.000647e-10 (V)  Node1264_Auto_1843::MIPI_DSI1_DATA3_P
1.000637e-10 (V)  Node1267::MIPI_DSI1_DATA3_P
1.000553e-10 (V)  Node1270::MIPI_DSI1_DATA3_P
1.000532e-10 (V)  Node1270_Auto_1844::MIPI_DSI1_DATA3_P
1.000312e-10 (V)  Node1270_Auto_1845::MIPI_DSI1_DATA3_P
1.000285e-10 (V)  Node1272::MIPI_DSI1_DATA3_P
1.000258e-10 (V)  Node1272_Auto_1846::MIPI_DSI1_DATA3_P
1.000224e-10 (V)  Node1272_Auto_1847::MIPI_DSI1_DATA3_P
1.000197e-10 (V)  Node1273::MIPI_DSI1_DATA3_P
1.000170e-10 (V)  Node1273_Auto_1848::MIPI_DSI1_DATA3_P
1.000120e-10 (V)  Node1274::MIPI_DSI1_DATA3_P
1.000109e-10 (V)  Node1275::MIPI_DSI1_DATA3_P
1.006111e-10 (V)  Node1280::MIPI_DSI1_DATA3_P
1.005593e-10 (V)  Node1280_Auto_760::MIPI_DSI1_DATA3_P
1.005865e-10 (V)  Node1280_Auto_774::MIPI_DSI1_DATA3_P
1.005903e-10 (V)  Node1280_Auto_775::MIPI_DSI1_DATA3_P
1.005615e-10 (V)  Node1280_Auto_783::MIPI_DSI1_DATA3_P
1.005706e-10 (V)  Node1280_Auto_795::MIPI_DSI1_DATA3_P
1.005730e-10 (V)  Node1280_Auto_804::MIPI_DSI1_DATA3_P
1.005570e-10 (V)  Node1281::MIPI_DSI1_DATA3_P
1.005568e-10 (V)  Node1282::MIPI_DSI1_DATA3_P
1.005542e-10 (V)  Node1282_Auto_768::MIPI_DSI1_DATA3_P
1.005532e-10 (V)  Node1283::MIPI_DSI1_DATA3_P
1.005480e-10 (V)  Node1283_Auto_992::MIPI_DSI1_DATA3_P
1.005334e-10 (V)  Node1283_Auto_993::MIPI_DSI1_DATA3_P
1.005507e-10 (V)  Node1283_Auto_996::MIPI_DSI1_DATA3_P
1.005307e-10 (V)  Node1283_Auto_999::MIPI_DSI1_DATA3_P
1.004947e-10 (V)  Node1285::MIPI_DSI1_DATA3_P
1.004929e-10 (V)  Node1286::MIPI_DSI1_DATA3_P
1.002801e-10 (V)  Node1288::MIPI_DSI1_DATA3_P
1.003707e-10 (V)  Node1288_Auto_1005::MIPI_DSI1_DATA3_P
1.004460e-10 (V)  Node1288_Auto_1006::MIPI_DSI1_DATA3_P
1.003670e-10 (V)  Node1288_Auto_1009::MIPI_DSI1_DATA3_P
1.002765e-10 (V)  Node1290::MIPI_DSI1_DATA3_P
1.002281e-10 (V)  Node1292::MIPI_DSI1_DATA3_P
1.002256e-10 (V)  Node1296::MIPI_DSI1_DATA3_P
1.002234e-10 (V)  Node1298::MIPI_DSI1_DATA3_P
1.002198e-10 (V)  Node1300::MIPI_DSI1_DATA3_P
1.002106e-10 (V)  Node1302::MIPI_DSI1_DATA3_P
1.002069e-10 (V)  Node1303::MIPI_DSI1_DATA3_P
1.006139e-10 (V)  Node1309::MIPI_DSI1_DATA2_N
1.006086e-10 (V)  Node1309_Auto_630::MIPI_DSI1_DATA2_N
1.005934e-10 (V)  Node1311::MIPI_DSI1_DATA2_N
1.005553e-10 (V)  Node1312::MIPI_DSI1_DATA2_N
1.005688e-10 (V)  Node1312_Auto_772::MIPI_DSI1_DATA2_N
1.005726e-10 (V)  Node1312_Auto_773::MIPI_DSI1_DATA2_N
1.005546e-10 (V)  Node1313::MIPI_DSI1_DATA2_N
1.005431e-10 (V)  Node1313_Auto_781::MIPI_DSI1_DATA2_N
1.005522e-10 (V)  Node1313_Auto_791::MIPI_DSI1_DATA2_N
1.005408e-10 (V)  Node1314::MIPI_DSI1_DATA2_N
1.005373e-10 (V)  Node1316::MIPI_DSI1_DATA2_N
1.005347e-10 (V)  Node1316_Auto_990::MIPI_DSI1_DATA2_N
1.005201e-10 (V)  Node1316_Auto_991::MIPI_DSI1_DATA2_N
1.005174e-10 (V)  Node1317::MIPI_DSI1_DATA2_N
1.005147e-10 (V)  Node1317_Auto_1236::MIPI_DSI1_DATA2_N
1.005122e-10 (V)  Node1318::MIPI_DSI1_DATA2_N
1.004906e-10 (V)  Node1325::MIPI_DSI1_DATA2_N
1.004746e-10 (V)  Node1325_Auto_1874::MIPI_DSI1_DATA2_N
1.004720e-10 (V)  Node1325_Auto_1876::MIPI_DSI1_DATA2_N
1.004887e-10 (V)  Node1325_Auto_1878::MIPI_DSI1_DATA2_N
1.004777e-10 (V)  Node1325_Auto_1879::MIPI_DSI1_DATA2_N
1.004714e-10 (V)  Node1327::MIPI_DSI1_DATA2_N
1.004704e-10 (V)  Node1327_Auto_1880::MIPI_DSI1_DATA2_N
1.004535e-10 (V)  Node1327_Auto_1882::MIPI_DSI1_DATA2_N
1.004525e-10 (V)  Node1329::MIPI_DSI1_DATA2_N
1.004281e-10 (V)  Node1338::MIPI_DSI1_DATA2_N
1.004081e-10 (V)  Node1341::MIPI_DSI1_DATA2_N
1.004271e-10 (V)  Node1341_Auto_1885::MIPI_DSI1_DATA2_N
1.004102e-10 (V)  Node1341_Auto_1897::MIPI_DSI1_DATA2_N
1.003977e-10 (V)  Node1349::MIPI_DSI1_DATA2_N
1.003788e-10 (V)  Node1349_Auto_1887::MIPI_DSI1_DATA2_N
1.003957e-10 (V)  Node1349_Auto_1898::MIPI_DSI1_DATA2_N
1.003738e-10 (V)  Node1349_Auto_1900::MIPI_DSI1_DATA2_N
1.003728e-10 (V)  Node1352::MIPI_DSI1_DATA2_N
1.003484e-10 (V)  Node1361::MIPI_DSI1_DATA2_N
1.003233e-10 (V)  Node1364::MIPI_DSI1_DATA2_N
1.003256e-10 (V)  Node1364_Auto_1892::MIPI_DSI1_DATA2_N
1.003424e-10 (V)  Node1364_Auto_1893::MIPI_DSI1_DATA2_N
1.003474e-10 (V)  Node1364_Auto_1902::MIPI_DSI1_DATA2_N
1.003205e-10 (V)  Node1367::MIPI_DSI1_DATA2_N
1.003184e-10 (V)  Node1369::MIPI_DSI1_DATA2_N
1.003148e-10 (V)  Node1371::MIPI_DSI1_DATA2_N
1.003143e-10 (V)  Node1371_Auto_1308::MIPI_DSI1_DATA2_N
1.002948e-10 (V)  Node1371_Auto_1309::MIPI_DSI1_DATA2_N
1.002938e-10 (V)  Node1374::MIPI_DSI1_DATA2_N
1.002899e-10 (V)  Node1375::MIPI_DSI1_DATA2_N
1.002891e-10 (V)  Node1375_Auto_1305::MIPI_DSI1_DATA2_N
1.002853e-10 (V)  Node1378::MIPI_DSI1_DATA2_N
1.002813e-10 (V)  Node1381::MIPI_DSI1_DATA2_N
1.002772e-10 (V)  Node1384::MIPI_DSI1_DATA2_N
1.002666e-10 (V)  Node1393::MIPI_DSI1_DATA2_N
1.002625e-10 (V)  Node1396::MIPI_DSI1_DATA2_N
0.000000e+00 (V)  Node14!!F2::HDMI_DATA2_N
1.002415e-10 (V)  Node1403::MIPI_DSI1_DATA2_N
1.002405e-10 (V)  Node1403_Auto_1352::MIPI_DSI1_DATA2_N
1.002271e-10 (V)  Node1405::MIPI_DSI1_DATA2_N
1.002216e-10 (V)  Node1405_Auto_1355::MIPI_DSI1_DATA2_N
1.001631e-10 (V)  Node1407::MIPI_DSI1_DATA2_N
1.001617e-10 (V)  Node1408::MIPI_DSI1_DATA2_N
1.001538e-10 (V)  Node1410::MIPI_DSI1_DATA2_N
1.001392e-10 (V)  Node1430::MIPI_DSI1_DATA2_N
1.001333e-10 (V)  Node1432::MIPI_DSI1_DATA2_N
1.001187e-10 (V)  Node1452::MIPI_DSI1_DATA2_N
1.001128e-10 (V)  Node1454::MIPI_DSI1_DATA2_N
1.000982e-10 (V)  Node1474::MIPI_DSI1_DATA2_N
1.000923e-10 (V)  Node1476::MIPI_DSI1_DATA2_N
1.000777e-10 (V)  Node1496::MIPI_DSI1_DATA2_N
1.000718e-10 (V)  Node1498::MIPI_DSI1_DATA2_N
0.000000e+00 (V)  Node15!!2::HDMI_DATA2_N
1.000571e-10 (V)  Node1518::MIPI_DSI1_DATA2_N
1.000561e-10 (V)  Node1518_Auto_1448::MIPI_DSI1_DATA2_N
1.000371e-10 (V)  Node1518_Auto_1450::MIPI_DSI1_DATA2_N
1.000361e-10 (V)  Node1521::MIPI_DSI1_DATA2_N
1.000322e-10 (V)  Node1522::MIPI_DSI1_DATA2_N
1.000312e-10 (V)  Node1522_Auto_1446::MIPI_DSI1_DATA2_N
1.000144e-10 (V)  Node1524::MIPI_DSI1_DATA2_N
1.000109e-10 (V)  Node1524_Auto_1689::MIPI_DSI1_DATA2_N
1.000095e-10 (V)  Node1524_Auto_1690::MIPI_DSI1_DATA2_N
2.500000e+00 (V)  Node1526::MIPI_DSI1_DATA2_P
2.500000e+00 (V)  Node1527::MIPI_DSI1_DATA2_P
2.500000e+00 (V)  Node1527_Auto_770::MIPI_DSI1_DATA2_P
2.500000e+00 (V)  Node1527_Auto_771::MIPI_DSI1_DATA2_P
2.500000e+00 (V)  Node1527_Auto_807::MIPI_DSI1_DATA2_P
2.500000e+00 (V)  Node1528::MIPI_DSI1_DATA2_P
2.500000e+00 (V)  Node1529::MIPI_DSI1_DATA2_P
2.500000e+00 (V)  Node1530::MIPI_DSI1_DATA2_P
2.500000e+00 (V)  Node1530_Auto_758::MIPI_DSI1_DATA2_P
2.500000e+00 (V)  Node1531::MIPI_DSI1_DATA2_P
2.500000e+00 (V)  Node1532::MIPI_DSI1_DATA2_P
2.500000e+00 (V)  Node1532_Auto_1237::MIPI_DSI1_DATA2_P
2.500000e+00 (V)  Node1534::MIPI_DSI1_DATA2_P
2.500000e+00 (V)  Node1548::MIPI_DSI1_DATA2_P
2.500000e+00 (V)  Node1549::MIPI_DSI1_DATA2_P
2.500000e+00 (V)  Node1549_Auto_1875::MIPI_DSI1_DATA2_P
2.500000e+00 (V)  Node1550::MIPI_DSI1_DATA2_P
2.500000e+00 (V)  Node1551::MIPI_DSI1_DATA2_P
2.500000e+00 (V)  Node1551_Auto_1881::MIPI_DSI1_DATA2_P
2.500000e+00 (V)  Node1554::MIPI_DSI1_DATA2_P
2.500000e+00 (V)  Node1558::MIPI_DSI1_DATA2_P
2.500000e+00 (V)  Node1563::MIPI_DSI1_DATA2_P
2.500000e+00 (V)  Node1566::MIPI_DSI1_DATA2_P
2.500000e+00 (V)  Node1566_Auto_1883::MIPI_DSI1_DATA2_P
2.500000e+00 (V)  Node1566_Auto_1896::MIPI_DSI1_DATA2_P
2.500000e+00 (V)  Node1574::MIPI_DSI1_DATA2_P
2.500000e+00 (V)  Node1574_Auto_1888::MIPI_DSI1_DATA2_P
2.500000e+00 (V)  Node1574_Auto_1889::MIPI_DSI1_DATA2_P
2.500000e+00 (V)  Node1574_Auto_1895::MIPI_DSI1_DATA2_P
2.500000e+00 (V)  Node1577::MIPI_DSI1_DATA2_P
2.500000e+00 (V)  Node1586::MIPI_DSI1_DATA2_P
2.500000e+00 (V)  Node1589::MIPI_DSI1_DATA2_P
2.500000e+00 (V)  Node1589_Auto_1890::MIPI_DSI1_DATA2_P
2.500000e+00 (V)  Node1589_Auto_1891::MIPI_DSI1_DATA2_P
2.500000e+00 (V)  Node1589_Auto_1894::MIPI_DSI1_DATA2_P
2.500000e+00 (V)  Node1592::MIPI_DSI1_DATA2_P
2.500000e+00 (V)  Node1592_Auto_1244::MIPI_DSI1_DATA2_P
2.500000e+00 (V)  Node1594::MIPI_DSI1_DATA2_P
2.500000e+00 (V)  Node1596::MIPI_DSI1_DATA2_P
2.500000e+00 (V)  Node1596_Auto_1307::MIPI_DSI1_DATA2_P
2.500000e+00 (V)  Node1599::MIPI_DSI1_DATA2_P
0.000000e+00 (V)  Node16!!3::HDMI_DATA2_N
2.500000e+00 (V)  Node1600::MIPI_DSI1_DATA2_P
2.500000e+00 (V)  Node1600_Auto_1306::MIPI_DSI1_DATA2_P
2.500000e+00 (V)  Node1604::MIPI_DSI1_DATA2_P
2.500000e+00 (V)  Node1604_Auto_1353::MIPI_DSI1_DATA2_P
2.500000e+00 (V)  Node1606::MIPI_DSI1_DATA2_P
2.500000e+00 (V)  Node1606_Auto_1354::MIPI_DSI1_DATA2_P
2.500000e+00 (V)  Node1608::MIPI_DSI1_DATA2_P
2.500000e+00 (V)  Node1611::MIPI_DSI1_DATA2_P
2.500000e+00 (V)  Node1614::MIPI_DSI1_DATA2_P
2.500000e+00 (V)  Node1622::MIPI_DSI1_DATA2_P
2.500000e+00 (V)  Node1625::MIPI_DSI1_DATA2_P
2.500000e+00 (V)  Node1636::MIPI_DSI1_DATA2_P
2.500000e+00 (V)  Node1639::MIPI_DSI1_DATA2_P
2.500000e+00 (V)  Node1644::MIPI_DSI1_DATA2_P
2.500000e+00 (V)  Node1644_Auto_1382::MIPI_DSI1_DATA2_P
2.500000e+00 (V)  Node1647::MIPI_DSI1_DATA2_P
2.500000e+00 (V)  Node1655::MIPI_DSI1_DATA2_P
2.500000e+00 (V)  Node1658::MIPI_DSI1_DATA2_P
2.500000e+00 (V)  Node1666::MIPI_DSI1_DATA2_P
2.500000e+00 (V)  Node1669::MIPI_DSI1_DATA2_P
2.500000e+00 (V)  Node1672::MIPI_DSI1_DATA2_P
2.500000e+00 (V)  Node1672_Auto_1443::MIPI_DSI1_DATA2_P
2.500000e+00 (V)  Node1672_Auto_1445::MIPI_DSI1_DATA2_P
2.500000e+00 (V)  Node1675::MIPI_DSI1_DATA2_P
2.500000e+00 (V)  Node1676::MIPI_DSI1_DATA2_P
2.500000e+00 (V)  Node1676_Auto_1433::MIPI_DSI1_DATA2_P
2.500000e+00 (V)  Node1676_Auto_1434::MIPI_DSI1_DATA2_P
2.500000e+00 (V)  Node1676_Auto_1435::MIPI_DSI1_DATA2_P
2.500000e+00 (V)  Node1676_Auto_1436::MIPI_DSI1_DATA2_P
2.500000e+00 (V)  Node1676_Auto_1437::MIPI_DSI1_DATA2_P
2.500000e+00 (V)  Node1676_Auto_1438::MIPI_DSI1_DATA2_P
2.500000e+00 (V)  Node1676_Auto_1439::MIPI_DSI1_DATA2_P
2.500000e+00 (V)  Node1676_Auto_1440::MIPI_DSI1_DATA2_P
2.500000e+00 (V)  Node1676_Auto_1441::MIPI_DSI1_DATA2_P
2.500000e+00 (V)  Node1676_Auto_1442::MIPI_DSI1_DATA2_P
2.500000e+00 (V)  Node1676_Auto_1449::MIPI_DSI1_DATA2_P
2.500000e+00 (V)  Node1679::MIPI_DSI1_DATA2_P
2.500000e+00 (V)  Node1680::MIPI_DSI1_DATA2_P
2.500000e+00 (V)  Node1680_Auto_1447::MIPI_DSI1_DATA2_P
2.500000e+00 (V)  Node1682::MIPI_DSI1_DATA2_P
2.500000e+00 (V)  Node1682_Auto_1688::MIPI_DSI1_DATA2_P
2.500000e+00 (V)  Node1683::MIPI_DSI1_DATA2_P
2.500000e+00 (V)  Node1684::MIPI_DSI1_DATA2_P
0.000000e+00 (V)  Node17!!9::HDMI_DATA2_N
0.000000e+00 (V)  Node1795!!14::MIPI_DSI1_DATA1_N
0.000000e+00 (V)  Node18!!F1::HDMI_DATA2_P
0.000000e+00 (V)  Node180!!H10::MIPI_DSI0_DATA0_P
0.000000e+00 (V)  Node181!!J3::INT
0.000000e+00 (V)  Node182!!K4::I2C_SCL
0.000000e+00 (V)  Node183!!K3::I2C_SDA
0.000000e+00 (V)  Node184!!2::RESETN
0.000000e+00 (V)  Node185!!2::RESETN
0.000000e+00 (V)  Node186!!2::RESETN
0.000000e+00 (V)  Node187!!1::RESETN
0.000000e+00 (V)  Node188!!K8::RESETN
0.000000e+00 (V)  Node19!!1::HDMI_DATA2_P
0.000000e+00 (V)  Node20!!1::HDMI_DATA2_P
0.000000e+00 (V)  Node2035!!13::MIPI_DSI1_DATA1_P
0.000000e+00 (V)  Node21!!10::HDMI_DATA2_P
0.000000e+00 (V)  Node2165!!18::MIPI_DSI1_DATA0_N
0.000000e+00 (V)  Node22!!D1::HDMI_DATA0_P
0.000000e+00 (V)  Node2243!!17::MIPI_DSI1_DATA0_P
0.000000e+00 (V)  Node23!!1::HDMI_DATA0_P
0.000000e+00 (V)  Node2327!!5::MIPI_DSI0_CLK_N
0.000000e+00 (V)  Node24!!7::HDMI_DATA0_P
0.000000e+00 (V)  Node2417!!1::MIPI_DSI0_DATA3_N
0.000000e+00 (V)  Node2474!!9::MIPI_DSI0_DATA2_N
0.000000e+00 (V)  Node2495!!7::MIPI_DSI0_DATA1_N
0.000000e+00 (V)  Node25!!10::HDMI_DATA0_P
0.000000e+00 (V)  Node26!!E1::HDMI_DATA1_P
0.000000e+00 (V)  Node2642!!3::MIPI_DSI0_DATA0_N
0.000000e+00 (V)  Node27!!4::HDMI_DATA1_P
0.000000e+00 (V)  Node270!!K9::N284871
0.000000e+00 (V)  Node273!!K2::N284174
0.000000e+00 (V)  Node275!!K1::N284159
0.000000e+00 (V)  Node277!!J1::N284077
0.000000e+00 (V)  Node2788!!6::MIPI_DSI0_CLK_P
0.000000e+00 (V)  Node279!!19::HDP
0.000000e+00 (V)  Node28!!4::HDMI_DATA1_P
0.000000e+00 (V)  Node282!!B3::SDA
0.000000e+00 (V)  Node283!!16::SDA
0.000000e+00 (V)  Node288!!15::SCL
0.000000e+00 (V)  Node29!!7::HDMI_DATA1_P
0.000000e+00 (V)  Node290!!A3::SCL
0.000000e+00 (V)  Node2947!!2::MIPI_DSI0_DATA3_P
0.000000e+00 (V)  Node30!!D2::HDMI_DATA0_N
0.000000e+00 (V)  Node3002!!10::MIPI_DSI0_DATA2_P
0.000000e+00 (V)  Node3030!!8::MIPI_DSI0_DATA1_P
0.000000e+00 (V)  Node307!!A1::N27399713
0.000000e+00 (V)  Node31!!2::HDMI_DATA0_N
0.000000e+00 (V)  Node319!!A2::N279408
0.000000e+00 (V)  Node32!!9::HDMI_DATA0_N
2.500000e+00 (V)  Node320!!A4_Auto_635::N2739972
0.000000e+00 (V)  Node33!!9::HDMI_DATA0_N
0.000000e+00 (V)  Node337!!14
0.000000e+00 (V)  Node338!!13
0.000000e+00 (V)  Node34!!C1::HDMI_CLK_P
0.000000e+00 (V)  Node341!!G6
0.000000e+00 (V)  Node3411!!4::MIPI_DSI0_DATA0_P
0.000000e+00 (V)  Node342!!J2
0.000000e+00 (V)  Node343!!K5
0.000000e+00 (V)  Node344!!J5
0.000000e+00 (V)  Node345!!J6
0.000000e+00 (V)  Node346!!J8
0.000000e+00 (V)  Node347!!J9
0.000000e+00 (V)  Node348!!K7
0.000000e+00 (V)  Node349!!J4
0.000000e+00 (V)  Node35!!4::HDMI_CLK_P
0.000000e+00 (V)  Node36!!7::HDMI_CLK_P
0.000000e+00 (V)  Node37!!10::HDMI_CLK_P
0.000000e+00 (V)  Node38!!E2::HDMI_DATA1_N
0.000000e+00 (V)  Node39!!5::HDMI_DATA1_N
0.000000e+00 (V)  Node40!!6::HDMI_DATA1_N
0.000000e+00 (V)  Node4007!!32::PWM
0.000000e+00 (V)  Node4066!!29::RESX
0.000000e+00 (V)  Node41!!6::HDMI_DATA1_N
0.000000e+00 (V)  Node42!!C2::HDMI_CLK_N
2.500000e+00 (V)  Node4257::N2739972
2.500000e+00 (V)  Node4261::N2739972
2.500000e+00 (V)  Node4262::N2739972
2.500000e+00 (V)  Node4262_Auto_764::N2739972
2.500000e+00 (V)  Node4262_Auto_766::N2739972
2.500000e+00 (V)  Node4262_Auto_767::N2739972
2.500000e+00 (V)  Node4262_Auto_769::N2739972
2.500000e+00 (V)  Node4262_Auto_778::N2739972
2.500000e+00 (V)  Node4262_Auto_779::N2739972
2.500000e+00 (V)  Node4262_Auto_787::N2739972
2.500000e+00 (V)  Node4262_Auto_803::N2739972
2.500000e+00 (V)  Node4262_Auto_806::N2739972
0.000000e+00 (V)  Node4274!!20::N271809
0.000000e+00 (V)  Node4275!!21::N271809
0.000000e+00 (V)  Node4276!!22::N271809
0.000000e+00 (V)  Node4281!!23::N271809
0.000000e+00 (V)  Node43!!5::HDMI_CLK_N
0.000000e+00 (V)  Node44!!12::HDMI_CLK_N
0.000000e+00 (V)  Node45!!6::HDMI_CLK_N
0.000000e+00 (V)  Node4737!!2::HDP
0.000000e+00 (V)  Node4774!!39::VCC_LED_AB
0.000000e+00 (V)  Node4775!!40::VCC_LED_AB
2.500000e+00 (V)  Node4783!!1::N2739972
0.000000e+00 (V)  Node4785!!P4
0.000000e+00 (V)  Node4786!!P3
0.000000e+00 (V)  Node4787!!P2
0.000000e+00 (V)  Node4788!!P1
0.000000e+00 (V)  Node4789!!31
0.000000e+00 (V)  Node4790!!30
2.500000e+00 (V)  Node64!!A7_Auto_633::MIPI_DSI1_CLK_P
2.500000e+00 (V)  Node68!!A6_Auto_631::MIPI_DSI1_DATA2_P
0.000000e+00 (V)  Node69!!B8::MIPI_DSI1_DATA1_N
1.001201e-10 (V)  Node886::MIPI_DSI1_CLK_N
1.001365e-10 (V)  Node888::MIPI_DSI1_CLK_N
1.001401e-10 (V)  Node890::MIPI_DSI1_CLK_N
1.001406e-10 (V)  Node890_Auto_147::MIPI_DSI1_CLK_N
1.001700e-10 (V)  Node890_Auto_148::MIPI_DSI1_CLK_N
1.001710e-10 (V)  Node893::MIPI_DSI1_CLK_N
1.001748e-10 (V)  Node894::MIPI_DSI1_CLK_N
1.001758e-10 (V)  Node894_Auto_145::MIPI_DSI1_CLK_N
1.001820e-10 (V)  Node896::MIPI_DSI1_CLK_N
0.000000e+00 (V)  Node9!!18::VCC_HDMIRX_IN
1.002037e-10 (V)  Node906::MIPI_DSI1_CLK_N
1.002047e-10 (V)  Node906_Auto_197::MIPI_DSI1_CLK_N
1.002194e-10 (V)  Node908::MIPI_DSI1_CLK_N
1.002217e-10 (V)  Node908_Auto_170::MIPI_DSI1_CLK_N
1.002223e-10 (V)  Node909::MIPI_DSI1_CLK_N
1.002302e-10 (V)  Node909_Auto_188::MIPI_DSI1_CLK_N
1.002228e-10 (V)  Node909_Auto_189::MIPI_DSI1_CLK_N
1.002336e-10 (V)  Node911::MIPI_DSI1_CLK_N
1.002411e-10 (V)  Node919::MIPI_DSI1_CLK_N
1.002739e-10 (V)  Node922::MIPI_DSI1_CLK_N
1.002541e-10 (V)  Node922_Auto_161::MIPI_DSI1_CLK_N
1.002518e-10 (V)  Node922_Auto_162::MIPI_DSI1_CLK_N
1.002444e-10 (V)  Node922_Auto_187::MIPI_DSI1_CLK_N
1.002688e-10 (V)  Node922_Auto_199::MIPI_DSI1_CLK_N
1.002716e-10 (V)  Node922_Auto_206::MIPI_DSI1_CLK_N
1.002975e-10 (V)  Node931::MIPI_DSI1_CLK_N
1.003185e-10 (V)  Node931_Auto_167::MIPI_DSI1_CLK_N
1.003208e-10 (V)  Node931_Auto_168::MIPI_DSI1_CLK_N
1.003282e-10 (V)  Node931_Auto_178::MIPI_DSI1_CLK_N
1.003303e-10 (V)  Node931_Auto_179::MIPI_DSI1_CLK_N
1.003038e-10 (V)  Node931_Auto_202::MIPI_DSI1_CLK_N
1.003010e-10 (V)  Node931_Auto_205::MIPI_DSI1_CLK_N
1.003309e-10 (V)  Node934::MIPI_DSI1_CLK_N
1.003384e-10 (V)  Node942::MIPI_DSI1_CLK_N
1.003434e-10 (V)  Node945::MIPI_DSI1_CLK_N
1.003414e-10 (V)  Node945_Auto_174::MIPI_DSI1_CLK_N
1.003393e-10 (V)  Node945_Auto_176::MIPI_DSI1_CLK_N
1.003793e-10 (V)  Node960::MIPI_DSI1_CLK_N
1.003909e-10 (V)  Node960_Auto_384::MIPI_DSI1_CLK_N
1.003936e-10 (V)  Node962::MIPI_DSI1_CLK_N
1.003973e-10 (V)  Node962_Auto_1003::MIPI_DSI1_CLK_N
1.004726e-10 (V)  Node962_Auto_1004::MIPI_DSI1_CLK_N
1.004736e-10 (V)  Node964::MIPI_DSI1_CLK_N
1.004774e-10 (V)  Node965::MIPI_DSI1_CLK_N
1.004779e-10 (V)  Node965_Auto_1013::MIPI_DSI1_CLK_N
1.005659e-10 (V)  Node967::MIPI_DSI1_CLK_N
1.005697e-10 (V)  Node968::MIPI_DSI1_CLK_N
1.005736e-10 (V)  Node969::MIPI_DSI1_CLK_N
1.005746e-10 (V)  Node969_Auto_808::MIPI_DSI1_CLK_N
1.005953e-10 (V)  Node971::MIPI_DSI1_CLK_N
1.006190e-10 (V)  Node972::MIPI_DSI1_CLK_N
1.006106e-10 (V)  Node972_Auto_632::MIPI_DSI1_CLK_N
1.000014e-10 (V)  Node973!!16_Auto_1697::MIPI_DSI1_CLK_N
1.000085e-10 (V)  Node974::MIPI_DSI1_CLK_N
1.000122e-10 (V)  Node976::MIPI_DSI1_CLK_N
1.000162e-10 (V)  Node976_Auto_1699::MIPI_DSI1_CLK_N
1.000230e-10 (V)  Node976_Auto_1700::MIPI_DSI1_CLK_N
1.000257e-10 (V)  Node978::MIPI_DSI1_CLK_N
1.000284e-10 (V)  Node978_Auto_1732::MIPI_DSI1_CLK_N
1.000605e-10 (V)  Node980::MIPI_DSI1_CLK_N
1.000623e-10 (V)  Node981::MIPI_DSI1_CLK_N
1.000628e-10 (V)  Node981_Auto_1729::MIPI_DSI1_CLK_N
1.000761e-10 (V)  Node981_Auto_1730::MIPI_DSI1_CLK_N
1.000771e-10 (V)  Node984::MIPI_DSI1_CLK_N
1.000802e-10 (V)  Node985::MIPI_DSI1_CLK_N
1.000812e-10 (V)  Node985_Auto_1726::MIPI_DSI1_CLK_N
1.000862e-10 (V)  Node985_Auto_1727::MIPI_DSI1_CLK_N
1.000943e-10 (V)  Node988::MIPI_DSI1_CLK_N
2.500000e+00 (V)  Node995::MIPI_DSI1_CLK_P
2.500000e+00 (V)  Node995_Auto_19::MIPI_DSI1_CLK_P
2.500000e+00 (V)  Node995_Auto_20::MIPI_DSI1_CLK_P
2.500000e+00 (V)  Node998::MIPI_DSI1_CLK_P
2.500000e+00 (V)  Node999::MIPI_DSI1_CLK_P
2.500000e+00 (V)  Node999_Auto_146::MIPI_DSI1_CLK_P
1.002616e-10 (V)  Trace1058#BP0::MIPI_DSI1_DATA2_N
1.002469e-10 (V)  Trace1063#BP0::MIPI_DSI1_DATA2_N
1.002191e-10 (V)  Trace1067#BP0::MIPI_DSI1_DATA2_N
1.002119e-10 (V)  Trace1067#BP1::MIPI_DSI1_DATA2_N
1.001734e-10 (V)  Trace1067#BP1_Auto_1444::MIPI_DSI1_DATA2_N
2.500000e+00 (V)  Trace1208#BP0::MIPI_DSI1_DATA2_P
2.500000e+00 (V)  Trace1208#BP1::MIPI_DSI1_DATA2_P
2.500000e+00 (V)  Trace1208#BP1_Auto_1877::MIPI_DSI1_DATA2_P
2.500000e+00 (V)  Trace1262#BP0::MIPI_DSI1_DATA2_P
2.500000e+00 (V)  Trace1262#BP1::MIPI_DSI1_DATA2_P
2.500000e+00 (V)  Trace1286#BP0::MIPI_DSI1_DATA2_P
2.500000e+00 (V)  Trace1290#BP0::MIPI_DSI1_DATA2_P
2.500000e+00 (V)  Trace1294#BP0::MIPI_DSI1_DATA2_P
2.500000e+00 (V)  Trace1304#BP0::MIPI_DSI1_DATA2_P
0.000000e+00 (V)  X_C80.Xpartial.X_SpeedXP_auto_CAP_NP_C0603_100N_100N_C80_C80.nd_en_2
2.500000e+00 (V)  X_CH1.Xpartial.X_SpeedXP_auto_WP7B-P040VA1-R8000_WP7B-P040VA1-R8000_WP7B-P040VA1-R8000_WP7B-P040VA1-R8000_CH1.B_SpeedXP_auto_11.Output0
2.500000e+00 (V)  X_CH1.Xpartial.X_SpeedXP_auto_WP7B-P040VA1-R8000_WP7B-P040VA1-R8000_WP7B-P040VA1-R8000_WP7B-P040VA1-R8000_CH1.B_SpeedXP_auto_11.Output1
1.000000e-10 (V)  X_CH1.Xpartial.X_SpeedXP_auto_WP7B-P040VA1-R8000_WP7B-P040VA1-R8000_WP7B-P040VA1-R8000_WP7B-P040VA1-R8000_CH1.B_SpeedXP_auto_12.Output0
1.000000e-10 (V)  X_CH1.Xpartial.X_SpeedXP_auto_WP7B-P040VA1-R8000_WP7B-P040VA1-R8000_WP7B-P040VA1-R8000_WP7B-P040VA1-R8000_CH1.B_SpeedXP_auto_12.Output1
2.500000e+00 (V)  X_CH1.Xpartial.X_SpeedXP_auto_WP7B-P040VA1-R8000_WP7B-P040VA1-R8000_WP7B-P040VA1-R8000_WP7B-P040VA1-R8000_CH1.B_SpeedXP_auto_15.Output0
2.500000e+00 (V)  X_CH1.Xpartial.X_SpeedXP_auto_WP7B-P040VA1-R8000_WP7B-P040VA1-R8000_WP7B-P040VA1-R8000_WP7B-P040VA1-R8000_CH1.B_SpeedXP_auto_15.Output1
1.000000e-10 (V)  X_CH1.Xpartial.X_SpeedXP_auto_WP7B-P040VA1-R8000_WP7B-P040VA1-R8000_WP7B-P040VA1-R8000_WP7B-P040VA1-R8000_CH1.B_SpeedXP_auto_16.Output0
1.000000e-10 (V)  X_CH1.Xpartial.X_SpeedXP_auto_WP7B-P040VA1-R8000_WP7B-P040VA1-R8000_WP7B-P040VA1-R8000_WP7B-P040VA1-R8000_CH1.B_SpeedXP_auto_16.Output1
1.000000e-10 (V)  X_CH1.Xpartial.X_SpeedXP_auto_WP7B-P040VA1-R8000_WP7B-P040VA1-R8000_WP7B-P040VA1-R8000_WP7B-P040VA1-R8000_CH1.B_SpeedXP_auto_19.Output0
1.000000e-10 (V)  X_CH1.Xpartial.X_SpeedXP_auto_WP7B-P040VA1-R8000_WP7B-P040VA1-R8000_WP7B-P040VA1-R8000_WP7B-P040VA1-R8000_CH1.B_SpeedXP_auto_19.Output1
2.500000e+00 (V)  X_CH1.Xpartial.X_SpeedXP_auto_WP7B-P040VA1-R8000_WP7B-P040VA1-R8000_WP7B-P040VA1-R8000_WP7B-P040VA1-R8000_CH1.B_SpeedXP_auto_20.Output0
2.500000e+00 (V)  X_CH1.Xpartial.X_SpeedXP_auto_WP7B-P040VA1-R8000_WP7B-P040VA1-R8000_WP7B-P040VA1-R8000_WP7B-P040VA1-R8000_CH1.B_SpeedXP_auto_20.Output1
1.000000e+00 (V)  X_CH1.Xpartial.X_SpeedXP_auto_WP7B-P040VA1-R8000_WP7B-P040VA1-R8000_WP7B-P040VA1-R8000_WP7B-P040VA1-R8000_CH1.nd_en_1
1.000000e+00 (V)  X_CH1.Xpartial.X_SpeedXP_auto_WP7B-P040VA1-R8000_WP7B-P040VA1-R8000_WP7B-P040VA1-R8000_WP7B-P040VA1-R8000_CH1.nd_en_10
1.000000e+00 (V)  X_CH1.Xpartial.X_SpeedXP_auto_WP7B-P040VA1-R8000_WP7B-P040VA1-R8000_WP7B-P040VA1-R8000_WP7B-P040VA1-R8000_CH1.nd_en_11
1.000000e+00 (V)  X_CH1.Xpartial.X_SpeedXP_auto_WP7B-P040VA1-R8000_WP7B-P040VA1-R8000_WP7B-P040VA1-R8000_WP7B-P040VA1-R8000_CH1.nd_en_12
1.000000e+00 (V)  X_CH1.Xpartial.X_SpeedXP_auto_WP7B-P040VA1-R8000_WP7B-P040VA1-R8000_WP7B-P040VA1-R8000_WP7B-P040VA1-R8000_CH1.nd_en_13
1.000000e+00 (V)  X_CH1.Xpartial.X_SpeedXP_auto_WP7B-P040VA1-R8000_WP7B-P040VA1-R8000_WP7B-P040VA1-R8000_WP7B-P040VA1-R8000_CH1.nd_en_14
1.000000e+00 (V)  X_CH1.Xpartial.X_SpeedXP_auto_WP7B-P040VA1-R8000_WP7B-P040VA1-R8000_WP7B-P040VA1-R8000_WP7B-P040VA1-R8000_CH1.nd_en_15
1.000000e+00 (V)  X_CH1.Xpartial.X_SpeedXP_auto_WP7B-P040VA1-R8000_WP7B-P040VA1-R8000_WP7B-P040VA1-R8000_WP7B-P040VA1-R8000_CH1.nd_en_16
1.000000e+00 (V)  X_CH1.Xpartial.X_SpeedXP_auto_WP7B-P040VA1-R8000_WP7B-P040VA1-R8000_WP7B-P040VA1-R8000_WP7B-P040VA1-R8000_CH1.nd_en_17
1.000000e+00 (V)  X_CH1.Xpartial.X_SpeedXP_auto_WP7B-P040VA1-R8000_WP7B-P040VA1-R8000_WP7B-P040VA1-R8000_WP7B-P040VA1-R8000_CH1.nd_en_18
1.000000e+00 (V)  X_CH1.Xpartial.X_SpeedXP_auto_WP7B-P040VA1-R8000_WP7B-P040VA1-R8000_WP7B-P040VA1-R8000_WP7B-P040VA1-R8000_CH1.nd_en_19
1.000000e+00 (V)  X_CH1.Xpartial.X_SpeedXP_auto_WP7B-P040VA1-R8000_WP7B-P040VA1-R8000_WP7B-P040VA1-R8000_WP7B-P040VA1-R8000_CH1.nd_en_2
1.000000e+00 (V)  X_CH1.Xpartial.X_SpeedXP_auto_WP7B-P040VA1-R8000_WP7B-P040VA1-R8000_WP7B-P040VA1-R8000_WP7B-P040VA1-R8000_CH1.nd_en_20
1.000000e+00 (V)  X_CH1.Xpartial.X_SpeedXP_auto_WP7B-P040VA1-R8000_WP7B-P040VA1-R8000_WP7B-P040VA1-R8000_WP7B-P040VA1-R8000_CH1.nd_en_3
1.000000e+00 (V)  X_CH1.Xpartial.X_SpeedXP_auto_WP7B-P040VA1-R8000_WP7B-P040VA1-R8000_WP7B-P040VA1-R8000_WP7B-P040VA1-R8000_CH1.nd_en_4
1.000000e+00 (V)  X_CH1.Xpartial.X_SpeedXP_auto_WP7B-P040VA1-R8000_WP7B-P040VA1-R8000_WP7B-P040VA1-R8000_WP7B-P040VA1-R8000_CH1.nd_en_5
1.000000e+00 (V)  X_CH1.Xpartial.X_SpeedXP_auto_WP7B-P040VA1-R8000_WP7B-P040VA1-R8000_WP7B-P040VA1-R8000_WP7B-P040VA1-R8000_CH1.nd_en_6
1.000000e+00 (V)  X_CH1.Xpartial.X_SpeedXP_auto_WP7B-P040VA1-R8000_WP7B-P040VA1-R8000_WP7B-P040VA1-R8000_WP7B-P040VA1-R8000_CH1.nd_en_7
1.000000e+00 (V)  X_CH1.Xpartial.X_SpeedXP_auto_WP7B-P040VA1-R8000_WP7B-P040VA1-R8000_WP7B-P040VA1-R8000_WP7B-P040VA1-R8000_CH1.nd_en_8
1.000000e+00 (V)  X_CH1.Xpartial.X_SpeedXP_auto_WP7B-P040VA1-R8000_WP7B-P040VA1-R8000_WP7B-P040VA1-R8000_WP7B-P040VA1-R8000_CH1.nd_en_9
0.000000e+00 (V)  X_CH1.Xpartial.X_SpeedXP_auto_WP7B-P040VA1-R8000_WP7B-P040VA1-R8000_WP7B-P040VA1-R8000_WP7B-P040VA1-R8000_CH1.nd_in_1
0.000000e+00 (V)  X_CH1.Xpartial.X_SpeedXP_auto_WP7B-P040VA1-R8000_WP7B-P040VA1-R8000_WP7B-P040VA1-R8000_WP7B-P040VA1-R8000_CH1.nd_in_10
1.000000e+00 (V)  X_CH1.Xpartial.X_SpeedXP_auto_WP7B-P040VA1-R8000_WP7B-P040VA1-R8000_WP7B-P040VA1-R8000_WP7B-P040VA1-R8000_CH1.nd_in_11
0.000000e+00 (V)  X_CH1.Xpartial.X_SpeedXP_auto_WP7B-P040VA1-R8000_WP7B-P040VA1-R8000_WP7B-P040VA1-R8000_WP7B-P040VA1-R8000_CH1.nd_in_12
0.000000e+00 (V)  X_CH1.Xpartial.X_SpeedXP_auto_WP7B-P040VA1-R8000_WP7B-P040VA1-R8000_WP7B-P040VA1-R8000_WP7B-P040VA1-R8000_CH1.nd_in_13
0.000000e+00 (V)  X_CH1.Xpartial.X_SpeedXP_auto_WP7B-P040VA1-R8000_WP7B-P040VA1-R8000_WP7B-P040VA1-R8000_WP7B-P040VA1-R8000_CH1.nd_in_14
1.000000e+00 (V)  X_CH1.Xpartial.X_SpeedXP_auto_WP7B-P040VA1-R8000_WP7B-P040VA1-R8000_WP7B-P040VA1-R8000_WP7B-P040VA1-R8000_CH1.nd_in_15
0.000000e+00 (V)  X_CH1.Xpartial.X_SpeedXP_auto_WP7B-P040VA1-R8000_WP7B-P040VA1-R8000_WP7B-P040VA1-R8000_WP7B-P040VA1-R8000_CH1.nd_in_16
0.000000e+00 (V)  X_CH1.Xpartial.X_SpeedXP_auto_WP7B-P040VA1-R8000_WP7B-P040VA1-R8000_WP7B-P040VA1-R8000_WP7B-P040VA1-R8000_CH1.nd_in_17
0.000000e+00 (V)  X_CH1.Xpartial.X_SpeedXP_auto_WP7B-P040VA1-R8000_WP7B-P040VA1-R8000_WP7B-P040VA1-R8000_WP7B-P040VA1-R8000_CH1.nd_in_18
0.000000e+00 (V)  X_CH1.Xpartial.X_SpeedXP_auto_WP7B-P040VA1-R8000_WP7B-P040VA1-R8000_WP7B-P040VA1-R8000_WP7B-P040VA1-R8000_CH1.nd_in_19
0.000000e+00 (V)  X_CH1.Xpartial.X_SpeedXP_auto_WP7B-P040VA1-R8000_WP7B-P040VA1-R8000_WP7B-P040VA1-R8000_WP7B-P040VA1-R8000_CH1.nd_in_2
1.000000e+00 (V)  X_CH1.Xpartial.X_SpeedXP_auto_WP7B-P040VA1-R8000_WP7B-P040VA1-R8000_WP7B-P040VA1-R8000_WP7B-P040VA1-R8000_CH1.nd_in_20
0.000000e+00 (V)  X_CH1.Xpartial.X_SpeedXP_auto_WP7B-P040VA1-R8000_WP7B-P040VA1-R8000_WP7B-P040VA1-R8000_WP7B-P040VA1-R8000_CH1.nd_in_3
0.000000e+00 (V)  X_CH1.Xpartial.X_SpeedXP_auto_WP7B-P040VA1-R8000_WP7B-P040VA1-R8000_WP7B-P040VA1-R8000_WP7B-P040VA1-R8000_CH1.nd_in_4
0.000000e+00 (V)  X_CH1.Xpartial.X_SpeedXP_auto_WP7B-P040VA1-R8000_WP7B-P040VA1-R8000_WP7B-P040VA1-R8000_WP7B-P040VA1-R8000_CH1.nd_in_5
0.000000e+00 (V)  X_CH1.Xpartial.X_SpeedXP_auto_WP7B-P040VA1-R8000_WP7B-P040VA1-R8000_WP7B-P040VA1-R8000_WP7B-P040VA1-R8000_CH1.nd_in_6
0.000000e+00 (V)  X_CH1.Xpartial.X_SpeedXP_auto_WP7B-P040VA1-R8000_WP7B-P040VA1-R8000_WP7B-P040VA1-R8000_WP7B-P040VA1-R8000_CH1.nd_in_7
0.000000e+00 (V)  X_CH1.Xpartial.X_SpeedXP_auto_WP7B-P040VA1-R8000_WP7B-P040VA1-R8000_WP7B-P040VA1-R8000_WP7B-P040VA1-R8000_CH1.nd_in_8
0.000000e+00 (V)  X_CH1.Xpartial.X_SpeedXP_auto_WP7B-P040VA1-R8000_WP7B-P040VA1-R8000_WP7B-P040VA1-R8000_WP7B-P040VA1-R8000_CH1.nd_in_9
5.000000e-01 (V)  X_CH1.Xpartial.X_SpeedXP_auto_WP7B-P040VA1-R8000_WP7B-P040VA1-R8000_WP7B-P040VA1-R8000_WP7B-P040VA1-R8000_CH1.nd_out_of_in_11
5.000000e-01 (V)  X_CH1.Xpartial.X_SpeedXP_auto_WP7B-P040VA1-R8000_WP7B-P040VA1-R8000_WP7B-P040VA1-R8000_WP7B-P040VA1-R8000_CH1.nd_out_of_in_12
5.000000e-01 (V)  X_CH1.Xpartial.X_SpeedXP_auto_WP7B-P040VA1-R8000_WP7B-P040VA1-R8000_WP7B-P040VA1-R8000_WP7B-P040VA1-R8000_CH1.nd_out_of_in_15
5.000000e-01 (V)  X_CH1.Xpartial.X_SpeedXP_auto_WP7B-P040VA1-R8000_WP7B-P040VA1-R8000_WP7B-P040VA1-R8000_WP7B-P040VA1-R8000_CH1.nd_out_of_in_16
5.000000e-01 (V)  X_CH1.Xpartial.X_SpeedXP_auto_WP7B-P040VA1-R8000_WP7B-P040VA1-R8000_WP7B-P040VA1-R8000_WP7B-P040VA1-R8000_CH1.nd_out_of_in_19
5.000000e-01 (V)  X_CH1.Xpartial.X_SpeedXP_auto_WP7B-P040VA1-R8000_WP7B-P040VA1-R8000_WP7B-P040VA1-R8000_WP7B-P040VA1-R8000_CH1.nd_out_of_in_20
2.500000e+00 (V)  X_CH1.Xpartial.X_SpeedXP_auto_WP7B-P040VA1-R8000_WP7B-P040VA1-R8000_WP7B-P040VA1-R8000_WP7B-P040VA1-R8000_CH1.Power_11
2.500000e+00 (V)  X_CH1.Xpartial.X_SpeedXP_auto_WP7B-P040VA1-R8000_WP7B-P040VA1-R8000_WP7B-P040VA1-R8000_WP7B-P040VA1-R8000_CH1.Power_12
2.500000e+00 (V)  X_CH1.Xpartial.X_SpeedXP_auto_WP7B-P040VA1-R8000_WP7B-P040VA1-R8000_WP7B-P040VA1-R8000_WP7B-P040VA1-R8000_CH1.Power_15
2.500000e+00 (V)  X_CH1.Xpartial.X_SpeedXP_auto_WP7B-P040VA1-R8000_WP7B-P040VA1-R8000_WP7B-P040VA1-R8000_WP7B-P040VA1-R8000_CH1.Power_16
2.500000e+00 (V)  X_CH1.Xpartial.X_SpeedXP_auto_WP7B-P040VA1-R8000_WP7B-P040VA1-R8000_WP7B-P040VA1-R8000_WP7B-P040VA1-R8000_CH1.Power_19
2.500000e+00 (V)  X_CH1.Xpartial.X_SpeedXP_auto_WP7B-P040VA1-R8000_WP7B-P040VA1-R8000_WP7B-P040VA1-R8000_WP7B-P040VA1-R8000_CH1.Power_20
0.000000e+00 (V)  X_D5.Xpartial.X_SpeedXP_auto_TVS/ESD_SOD-323_H3V3HD3U_H3V3HD3U_D5.nd_en_1
1.000000e+00 (V)  X_ESD1.Xpartial.X_SpeedXP_auto_IP4292CZ10_DFN2510A-10_IP4292CZ10-TBR_115_IP4292CZ10-TBR_115_ESD1_ESD1.nd_en_1
0.000000e+00 (V)  X_ESD1.Xpartial.X_SpeedXP_auto_IP4292CZ10_DFN2510A-10_IP4292CZ10-TBR_115_IP4292CZ10-TBR_115_ESD1_ESD1.nd_en_10
1.000000e+00 (V)  X_ESD1.Xpartial.X_SpeedXP_auto_IP4292CZ10_DFN2510A-10_IP4292CZ10-TBR_115_IP4292CZ10-TBR_115_ESD1_ESD1.nd_en_2
1.000000e+00 (V)  X_ESD1.Xpartial.X_SpeedXP_auto_IP4292CZ10_DFN2510A-10_IP4292CZ10-TBR_115_IP4292CZ10-TBR_115_ESD1_ESD1.nd_en_4
1.000000e+00 (V)  X_ESD1.Xpartial.X_SpeedXP_auto_IP4292CZ10_DFN2510A-10_IP4292CZ10-TBR_115_IP4292CZ10-TBR_115_ESD1_ESD1.nd_en_5
0.000000e+00 (V)  X_ESD1.Xpartial.X_SpeedXP_auto_IP4292CZ10_DFN2510A-10_IP4292CZ10-TBR_115_IP4292CZ10-TBR_115_ESD1_ESD1.nd_en_6
0.000000e+00 (V)  X_ESD1.Xpartial.X_SpeedXP_auto_IP4292CZ10_DFN2510A-10_IP4292CZ10-TBR_115_IP4292CZ10-TBR_115_ESD1_ESD1.nd_en_7
0.000000e+00 (V)  X_ESD1.Xpartial.X_SpeedXP_auto_IP4292CZ10_DFN2510A-10_IP4292CZ10-TBR_115_IP4292CZ10-TBR_115_ESD1_ESD1.nd_en_9
0.000000e+00 (V)  X_ESD1.Xpartial.X_SpeedXP_auto_IP4292CZ10_DFN2510A-10_IP4292CZ10-TBR_115_IP4292CZ10-TBR_115_ESD1_ESD1.nd_in_1
0.000000e+00 (V)  X_ESD1.Xpartial.X_SpeedXP_auto_IP4292CZ10_DFN2510A-10_IP4292CZ10-TBR_115_IP4292CZ10-TBR_115_ESD1_ESD1.nd_in_2
0.000000e+00 (V)  X_ESD1.Xpartial.X_SpeedXP_auto_IP4292CZ10_DFN2510A-10_IP4292CZ10-TBR_115_IP4292CZ10-TBR_115_ESD1_ESD1.nd_in_4
0.000000e+00 (V)  X_ESD1.Xpartial.X_SpeedXP_auto_IP4292CZ10_DFN2510A-10_IP4292CZ10-TBR_115_IP4292CZ10-TBR_115_ESD1_ESD1.nd_in_5
1.000000e+00 (V)  X_ESD2.Xpartial.X_SpeedXP_auto_IP4292CZ10_DFN2510A-10_IP4292CZ10-TBR_115_IP4292CZ10-TBR_115_ESD2_ESD2.nd_en_1
0.000000e+00 (V)  X_ESD2.Xpartial.X_SpeedXP_auto_IP4292CZ10_DFN2510A-10_IP4292CZ10-TBR_115_IP4292CZ10-TBR_115_ESD2_ESD2.nd_en_10
1.000000e+00 (V)  X_ESD2.Xpartial.X_SpeedXP_auto_IP4292CZ10_DFN2510A-10_IP4292CZ10-TBR_115_IP4292CZ10-TBR_115_ESD2_ESD2.nd_en_2
1.000000e+00 (V)  X_ESD2.Xpartial.X_SpeedXP_auto_IP4292CZ10_DFN2510A-10_IP4292CZ10-TBR_115_IP4292CZ10-TBR_115_ESD2_ESD2.nd_en_4
1.000000e+00 (V)  X_ESD2.Xpartial.X_SpeedXP_auto_IP4292CZ10_DFN2510A-10_IP4292CZ10-TBR_115_IP4292CZ10-TBR_115_ESD2_ESD2.nd_en_5
0.000000e+00 (V)  X_ESD2.Xpartial.X_SpeedXP_auto_IP4292CZ10_DFN2510A-10_IP4292CZ10-TBR_115_IP4292CZ10-TBR_115_ESD2_ESD2.nd_en_6
0.000000e+00 (V)  X_ESD2.Xpartial.X_SpeedXP_auto_IP4292CZ10_DFN2510A-10_IP4292CZ10-TBR_115_IP4292CZ10-TBR_115_ESD2_ESD2.nd_en_7
0.000000e+00 (V)  X_ESD2.Xpartial.X_SpeedXP_auto_IP4292CZ10_DFN2510A-10_IP4292CZ10-TBR_115_IP4292CZ10-TBR_115_ESD2_ESD2.nd_en_9
0.000000e+00 (V)  X_ESD2.Xpartial.X_SpeedXP_auto_IP4292CZ10_DFN2510A-10_IP4292CZ10-TBR_115_IP4292CZ10-TBR_115_ESD2_ESD2.nd_in_1
0.000000e+00 (V)  X_ESD2.Xpartial.X_SpeedXP_auto_IP4292CZ10_DFN2510A-10_IP4292CZ10-TBR_115_IP4292CZ10-TBR_115_ESD2_ESD2.nd_in_2
0.000000e+00 (V)  X_ESD2.Xpartial.X_SpeedXP_auto_IP4292CZ10_DFN2510A-10_IP4292CZ10-TBR_115_IP4292CZ10-TBR_115_ESD2_ESD2.nd_in_4
0.000000e+00 (V)  X_ESD2.Xpartial.X_SpeedXP_auto_IP4292CZ10_DFN2510A-10_IP4292CZ10-TBR_115_IP4292CZ10-TBR_115_ESD2_ESD2.nd_in_5
0.000000e+00 (V)  X_HDMI1.Xpartial.X_SpeedXP_auto_HDMI-A_HDMI-001S_HDMI-001S_HDMI-001S_HDMI1.nd_en_1
0.000000e+00 (V)  X_HDMI1.Xpartial.X_SpeedXP_auto_HDMI-A_HDMI-001S_HDMI-001S_HDMI-001S_HDMI1.nd_en_10
0.000000e+00 (V)  X_HDMI1.Xpartial.X_SpeedXP_auto_HDMI-A_HDMI-001S_HDMI-001S_HDMI-001S_HDMI1.nd_en_12
0.000000e+00 (V)  X_HDMI1.Xpartial.X_SpeedXP_auto_HDMI-A_HDMI-001S_HDMI-001S_HDMI-001S_HDMI1.nd_en_3
0.000000e+00 (V)  X_HDMI1.Xpartial.X_SpeedXP_auto_HDMI-A_HDMI-001S_HDMI-001S_HDMI-001S_HDMI1.nd_en_4
0.000000e+00 (V)  X_HDMI1.Xpartial.X_SpeedXP_auto_HDMI-A_HDMI-001S_HDMI-001S_HDMI-001S_HDMI1.nd_en_6
0.000000e+00 (V)  X_HDMI1.Xpartial.X_SpeedXP_auto_HDMI-A_HDMI-001S_HDMI-001S_HDMI-001S_HDMI1.nd_en_7
0.000000e+00 (V)  X_HDMI1.Xpartial.X_SpeedXP_auto_HDMI-A_HDMI-001S_HDMI-001S_HDMI-001S_HDMI1.nd_en_9
0.000000e+00 (V)  X_R24.Xpartial.X_SpeedXP_auto_RES_R0603_10K_10K_R24_R24.nd_en_2
2.500000e+00 (V)  X_R25.Xpartial.X_SpeedXP_auto_RES_R0603_1K_1K_R25_R25.B_SpeedXP_auto_1.Output0
2.500000e+00 (V)  X_R25.Xpartial.X_SpeedXP_auto_RES_R0603_1K_1K_R25_R25.B_SpeedXP_auto_1.Output1
1.000000e+00 (V)  X_R25.Xpartial.X_SpeedXP_auto_RES_R0603_1K_1K_R25_R25.nd_en_1
1.000000e+00 (V)  X_R25.Xpartial.X_SpeedXP_auto_RES_R0603_1K_1K_R25_R25.nd_in_1
5.000000e-01 (V)  X_R25.Xpartial.X_SpeedXP_auto_RES_R0603_1K_1K_R25_R25.nd_out_of_in_1
2.500000e+00 (V)  X_R25.Xpartial.X_SpeedXP_auto_RES_R0603_1K_1K_R25_R25.Power_1
0.000000e+00 (V)  X_SW1.Xpartial.X_SpeedXP_auto_SWITCH-2P_SMD4030_1_6N_1_6N_SW1.nd_en_2
2.500000e+00 (V)  X_U8.Xpartial.X_SpeedXP_auto_TC358870XBG_1_VFBGA80_(S1+S2+S3+S4)_TC358870XBG(NOK)_TC358870XBG(NOK)_U8.B_SpeedXP_auto_A4.Output0
2.500000e+00 (V)  X_U8.Xpartial.X_SpeedXP_auto_TC358870XBG_1_VFBGA80_(S1+S2+S3+S4)_TC358870XBG(NOK)_TC358870XBG(NOK)_U8.B_SpeedXP_auto_A4.Output1
1.006263e-10 (V)  X_U8.Xpartial.X_SpeedXP_auto_TC358870XBG_1_VFBGA80_(S1+S2+S3+S4)_TC358870XBG(NOK)_TC358870XBG(NOK)_U8.B_SpeedXP_auto_A5.Output0
1.006263e-10 (V)  X_U8.Xpartial.X_SpeedXP_auto_TC358870XBG_1_VFBGA80_(S1+S2+S3+S4)_TC358870XBG(NOK)_TC358870XBG(NOK)_U8.B_SpeedXP_auto_A5.Output1
2.500000e+00 (V)  X_U8.Xpartial.X_SpeedXP_auto_TC358870XBG_1_VFBGA80_(S1+S2+S3+S4)_TC358870XBG(NOK)_TC358870XBG(NOK)_U8.B_SpeedXP_auto_A6.Output0
2.500000e+00 (V)  X_U8.Xpartial.X_SpeedXP_auto_TC358870XBG_1_VFBGA80_(S1+S2+S3+S4)_TC358870XBG(NOK)_TC358870XBG(NOK)_U8.B_SpeedXP_auto_A6.Output1
2.500000e+00 (V)  X_U8.Xpartial.X_SpeedXP_auto_TC358870XBG_1_VFBGA80_(S1+S2+S3+S4)_TC358870XBG(NOK)_TC358870XBG(NOK)_U8.B_SpeedXP_auto_A7.Output0
2.500000e+00 (V)  X_U8.Xpartial.X_SpeedXP_auto_TC358870XBG_1_VFBGA80_(S1+S2+S3+S4)_TC358870XBG(NOK)_TC358870XBG(NOK)_U8.B_SpeedXP_auto_A7.Output1
2.500000e+00 (V)  X_U8.Xpartial.X_SpeedXP_auto_TC358870XBG_1_VFBGA80_(S1+S2+S3+S4)_TC358870XBG(NOK)_TC358870XBG(NOK)_U8.B_SpeedXP_auto_B5.Output0
2.500000e+00 (V)  X_U8.Xpartial.X_SpeedXP_auto_TC358870XBG_1_VFBGA80_(S1+S2+S3+S4)_TC358870XBG(NOK)_TC358870XBG(NOK)_U8.B_SpeedXP_auto_B5.Output1
1.006284e-10 (V)  X_U8.Xpartial.X_SpeedXP_auto_TC358870XBG_1_VFBGA80_(S1+S2+S3+S4)_TC358870XBG(NOK)_TC358870XBG(NOK)_U8.B_SpeedXP_auto_B6.Output0
1.006284e-10 (V)  X_U8.Xpartial.X_SpeedXP_auto_TC358870XBG_1_VFBGA80_(S1+S2+S3+S4)_TC358870XBG(NOK)_TC358870XBG(NOK)_U8.B_SpeedXP_auto_B6.Output1
1.006302e-10 (V)  X_U8.Xpartial.X_SpeedXP_auto_TC358870XBG_1_VFBGA80_(S1+S2+S3+S4)_TC358870XBG(NOK)_TC358870XBG(NOK)_U8.B_SpeedXP_auto_B7.Output0
1.006302e-10 (V)  X_U8.Xpartial.X_SpeedXP_auto_TC358870XBG_1_VFBGA80_(S1+S2+S3+S4)_TC358870XBG(NOK)_TC358870XBG(NOK)_U8.B_SpeedXP_auto_B7.Output1
0.000000e+00 (V)  X_U8.Xpartial.X_SpeedXP_auto_TC358870XBG_1_VFBGA80_(S1+S2+S3+S4)_TC358870XBG(NOK)_TC358870XBG(NOK)_U8.nd_en_A4
0.000000e+00 (V)  X_U8.Xpartial.X_SpeedXP_auto_TC358870XBG_1_VFBGA80_(S1+S2+S3+S4)_TC358870XBG(NOK)_TC358870XBG(NOK)_U8.nd_en_A5
0.000000e+00 (V)  X_U8.Xpartial.X_SpeedXP_auto_TC358870XBG_1_VFBGA80_(S1+S2+S3+S4)_TC358870XBG(NOK)_TC358870XBG(NOK)_U8.nd_en_A6
0.000000e+00 (V)  X_U8.Xpartial.X_SpeedXP_auto_TC358870XBG_1_VFBGA80_(S1+S2+S3+S4)_TC358870XBG(NOK)_TC358870XBG(NOK)_U8.nd_en_A7
0.000000e+00 (V)  X_U8.Xpartial.X_SpeedXP_auto_TC358870XBG_1_VFBGA80_(S1+S2+S3+S4)_TC358870XBG(NOK)_TC358870XBG(NOK)_U8.nd_en_A8
0.000000e+00 (V)  X_U8.Xpartial.X_SpeedXP_auto_TC358870XBG_1_VFBGA80_(S1+S2+S3+S4)_TC358870XBG(NOK)_TC358870XBG(NOK)_U8.nd_en_A9
0.000000e+00 (V)  X_U8.Xpartial.X_SpeedXP_auto_TC358870XBG_1_VFBGA80_(S1+S2+S3+S4)_TC358870XBG(NOK)_TC358870XBG(NOK)_U8.nd_en_B5
0.000000e+00 (V)  X_U8.Xpartial.X_SpeedXP_auto_TC358870XBG_1_VFBGA80_(S1+S2+S3+S4)_TC358870XBG(NOK)_TC358870XBG(NOK)_U8.nd_en_B6
0.000000e+00 (V)  X_U8.Xpartial.X_SpeedXP_auto_TC358870XBG_1_VFBGA80_(S1+S2+S3+S4)_TC358870XBG(NOK)_TC358870XBG(NOK)_U8.nd_en_B7
0.000000e+00 (V)  X_U8.Xpartial.X_SpeedXP_auto_TC358870XBG_1_VFBGA80_(S1+S2+S3+S4)_TC358870XBG(NOK)_TC358870XBG(NOK)_U8.nd_en_B8
0.000000e+00 (V)  X_U8.Xpartial.X_SpeedXP_auto_TC358870XBG_1_VFBGA80_(S1+S2+S3+S4)_TC358870XBG(NOK)_TC358870XBG(NOK)_U8.nd_en_B9
0.000000e+00 (V)  X_U8.Xpartial.X_SpeedXP_auto_TC358870XBG_1_VFBGA80_(S1+S2+S3+S4)_TC358870XBG(NOK)_TC358870XBG(NOK)_U8.nd_en_C1
0.000000e+00 (V)  X_U8.Xpartial.X_SpeedXP_auto_TC358870XBG_1_VFBGA80_(S1+S2+S3+S4)_TC358870XBG(NOK)_TC358870XBG(NOK)_U8.nd_en_C2
0.000000e+00 (V)  X_U8.Xpartial.X_SpeedXP_auto_TC358870XBG_1_VFBGA80_(S1+S2+S3+S4)_TC358870XBG(NOK)_TC358870XBG(NOK)_U8.nd_en_D1
0.000000e+00 (V)  X_U8.Xpartial.X_SpeedXP_auto_TC358870XBG_1_VFBGA80_(S1+S2+S3+S4)_TC358870XBG(NOK)_TC358870XBG(NOK)_U8.nd_en_D10
0.000000e+00 (V)  X_U8.Xpartial.X_SpeedXP_auto_TC358870XBG_1_VFBGA80_(S1+S2+S3+S4)_TC358870XBG(NOK)_TC358870XBG(NOK)_U8.nd_en_D2
0.000000e+00 (V)  X_U8.Xpartial.X_SpeedXP_auto_TC358870XBG_1_VFBGA80_(S1+S2+S3+S4)_TC358870XBG(NOK)_TC358870XBG(NOK)_U8.nd_en_D9
0.000000e+00 (V)  X_U8.Xpartial.X_SpeedXP_auto_TC358870XBG_1_VFBGA80_(S1+S2+S3+S4)_TC358870XBG(NOK)_TC358870XBG(NOK)_U8.nd_en_E1
0.000000e+00 (V)  X_U8.Xpartial.X_SpeedXP_auto_TC358870XBG_1_VFBGA80_(S1+S2+S3+S4)_TC358870XBG(NOK)_TC358870XBG(NOK)_U8.nd_en_E10
0.000000e+00 (V)  X_U8.Xpartial.X_SpeedXP_auto_TC358870XBG_1_VFBGA80_(S1+S2+S3+S4)_TC358870XBG(NOK)_TC358870XBG(NOK)_U8.nd_en_E2
0.000000e+00 (V)  X_U8.Xpartial.X_SpeedXP_auto_TC358870XBG_1_VFBGA80_(S1+S2+S3+S4)_TC358870XBG(NOK)_TC358870XBG(NOK)_U8.nd_en_E9
0.000000e+00 (V)  X_U8.Xpartial.X_SpeedXP_auto_TC358870XBG_1_VFBGA80_(S1+S2+S3+S4)_TC358870XBG(NOK)_TC358870XBG(NOK)_U8.nd_en_F1
0.000000e+00 (V)  X_U8.Xpartial.X_SpeedXP_auto_TC358870XBG_1_VFBGA80_(S1+S2+S3+S4)_TC358870XBG(NOK)_TC358870XBG(NOK)_U8.nd_en_F10
0.000000e+00 (V)  X_U8.Xpartial.X_SpeedXP_auto_TC358870XBG_1_VFBGA80_(S1+S2+S3+S4)_TC358870XBG(NOK)_TC358870XBG(NOK)_U8.nd_en_F2
0.000000e+00 (V)  X_U8.Xpartial.X_SpeedXP_auto_TC358870XBG_1_VFBGA80_(S1+S2+S3+S4)_TC358870XBG(NOK)_TC358870XBG(NOK)_U8.nd_en_F9
0.000000e+00 (V)  X_U8.Xpartial.X_SpeedXP_auto_TC358870XBG_1_VFBGA80_(S1+S2+S3+S4)_TC358870XBG(NOK)_TC358870XBG(NOK)_U8.nd_en_G10
0.000000e+00 (V)  X_U8.Xpartial.X_SpeedXP_auto_TC358870XBG_1_VFBGA80_(S1+S2+S3+S4)_TC358870XBG(NOK)_TC358870XBG(NOK)_U8.nd_en_G9
0.000000e+00 (V)  X_U8.Xpartial.X_SpeedXP_auto_TC358870XBG_1_VFBGA80_(S1+S2+S3+S4)_TC358870XBG(NOK)_TC358870XBG(NOK)_U8.nd_en_H10
0.000000e+00 (V)  X_U8.Xpartial.X_SpeedXP_auto_TC358870XBG_1_VFBGA80_(S1+S2+S3+S4)_TC358870XBG(NOK)_TC358870XBG(NOK)_U8.nd_en_H9
0.000000e+00 (V)  X_U8.Xpartial.X_SpeedXP_auto_TC358870XBG_1_VFBGA80_(S1+S2+S3+S4)_TC358870XBG(NOK)_TC358870XBG(NOK)_U8.nd_en_K8
0.000000e+00 (V)  X_U8.Xpartial.X_SpeedXP_auto_TC358870XBG_1_VFBGA80_(S1+S2+S3+S4)_TC358870XBG(NOK)_TC358870XBG(NOK)_U8.nd_in_A4
0.000000e+00 (V)  X_U8.Xpartial.X_SpeedXP_auto_TC358870XBG_1_VFBGA80_(S1+S2+S3+S4)_TC358870XBG(NOK)_TC358870XBG(NOK)_U8.nd_in_A5
0.000000e+00 (V)  X_U8.Xpartial.X_SpeedXP_auto_TC358870XBG_1_VFBGA80_(S1+S2+S3+S4)_TC358870XBG(NOK)_TC358870XBG(NOK)_U8.nd_in_A6
0.000000e+00 (V)  X_U8.Xpartial.X_SpeedXP_auto_TC358870XBG_1_VFBGA80_(S1+S2+S3+S4)_TC358870XBG(NOK)_TC358870XBG(NOK)_U8.nd_in_A7
0.000000e+00 (V)  X_U8.Xpartial.X_SpeedXP_auto_TC358870XBG_1_VFBGA80_(S1+S2+S3+S4)_TC358870XBG(NOK)_TC358870XBG(NOK)_U8.nd_in_B5
0.000000e+00 (V)  X_U8.Xpartial.X_SpeedXP_auto_TC358870XBG_1_VFBGA80_(S1+S2+S3+S4)_TC358870XBG(NOK)_TC358870XBG(NOK)_U8.nd_in_B6
0.000000e+00 (V)  X_U8.Xpartial.X_SpeedXP_auto_TC358870XBG_1_VFBGA80_(S1+S2+S3+S4)_TC358870XBG(NOK)_TC358870XBG(NOK)_U8.nd_in_B7
1.000000e+00 (V)  X_U8.Xpartial.X_SpeedXP_auto_TC358870XBG_1_VFBGA80_(S1+S2+S3+S4)_TC358870XBG(NOK)_TC358870XBG(NOK)_U8.nd_out_of_in_A4
0.000000e+00 (V)  X_U8.Xpartial.X_SpeedXP_auto_TC358870XBG_1_VFBGA80_(S1+S2+S3+S4)_TC358870XBG(NOK)_TC358870XBG(NOK)_U8.nd_out_of_in_A5
1.000000e+00 (V)  X_U8.Xpartial.X_SpeedXP_auto_TC358870XBG_1_VFBGA80_(S1+S2+S3+S4)_TC358870XBG(NOK)_TC358870XBG(NOK)_U8.nd_out_of_in_A6
1.000000e+00 (V)  X_U8.Xpartial.X_SpeedXP_auto_TC358870XBG_1_VFBGA80_(S1+S2+S3+S4)_TC358870XBG(NOK)_TC358870XBG(NOK)_U8.nd_out_of_in_A7
1.000000e+00 (V)  X_U8.Xpartial.X_SpeedXP_auto_TC358870XBG_1_VFBGA80_(S1+S2+S3+S4)_TC358870XBG(NOK)_TC358870XBG(NOK)_U8.nd_out_of_in_B5
0.000000e+00 (V)  X_U8.Xpartial.X_SpeedXP_auto_TC358870XBG_1_VFBGA80_(S1+S2+S3+S4)_TC358870XBG(NOK)_TC358870XBG(NOK)_U8.nd_out_of_in_B6
0.000000e+00 (V)  X_U8.Xpartial.X_SpeedXP_auto_TC358870XBG_1_VFBGA80_(S1+S2+S3+S4)_TC358870XBG(NOK)_TC358870XBG(NOK)_U8.nd_out_of_in_B7
2.500000e+00 (V)  X_U8.Xpartial.X_SpeedXP_auto_TC358870XBG_1_VFBGA80_(S1+S2+S3+S4)_TC358870XBG(NOK)_TC358870XBG(NOK)_U8.Power_A4
2.500000e+00 (V)  X_U8.Xpartial.X_SpeedXP_auto_TC358870XBG_1_VFBGA80_(S1+S2+S3+S4)_TC358870XBG(NOK)_TC358870XBG(NOK)_U8.Power_A5
2.500000e+00 (V)  X_U8.Xpartial.X_SpeedXP_auto_TC358870XBG_1_VFBGA80_(S1+S2+S3+S4)_TC358870XBG(NOK)_TC358870XBG(NOK)_U8.Power_A6
2.500000e+00 (V)  X_U8.Xpartial.X_SpeedXP_auto_TC358870XBG_1_VFBGA80_(S1+S2+S3+S4)_TC358870XBG(NOK)_TC358870XBG(NOK)_U8.Power_A7
2.500000e+00 (V)  X_U8.Xpartial.X_SpeedXP_auto_TC358870XBG_1_VFBGA80_(S1+S2+S3+S4)_TC358870XBG(NOK)_TC358870XBG(NOK)_U8.Power_B5
2.500000e+00 (V)  X_U8.Xpartial.X_SpeedXP_auto_TC358870XBG_1_VFBGA80_(S1+S2+S3+S4)_TC358870XBG(NOK)_TC358870XBG(NOK)_U8.Power_B6
2.500000e+00 (V)  X_U8.Xpartial.X_SpeedXP_auto_TC358870XBG_1_VFBGA80_(S1+S2+S3+S4)_TC358870XBG(NOK)_TC358870XBG(NOK)_U8.Power_B7
2.500000e+00 (V)  Xvia0.Node4784::N2739972tmp
2.500000e+00 (V)  Xvia0.Via432::N2739972_PatchSignal#GND
2.500000e+00 (V)  Xvia0.Via432::N2739972_PatchSignal#GNDtmp
2.500000e+00 (V)  Xvia0.Via432::N2739972_PatchSignal#PWOER
2.500000e+00 (V)  Xvia0.Via432::N2739972_PatchSignal#PWOERtmp
1.004961e-10 (V)  Xvia1.Node1322::MIPI_DSI1_DATA2_Ntmp
2.500000e+00 (V)  Xvia1.Node1542::MIPI_DSI1_DATA2_Ptmp
2.500000e+00 (V)  Xvia2.Node1162::MIPI_DSI1_DATA3_Ntmp
1.002031e-10 (V)  Xvia2.Node1208::MIPI_DSI1_DATA3_Ptmp
2.500000e+00 (V)  Xvia3.Node1130::MIPI_DSI1_CLK_Ptmp
1.001124e-10 (V)  Xvia3.Node991::MIPI_DSI1_CLK_Ntmp
-1.100000e-12 (A)  V_PWR_VCC_1V1
-1.200000e-12 (A)  V_PWR_VCC_1V2
-1.800000e-12 (A)  V_PWR_VCC_1V8
-3.300000e-12 (A)  V_PWR_VCC_3V3
-5.000000e-12 (A)  V_PWR_VCC_5V
-5.000000e-12 (A)  V_PWR_VCC_5V5
2.575014e-10 (A)  V_X_CH1.Xpartial.X_SpeedXP_auto_WP7B-P040VA1-R8000_WP7B-P040VA1-R8000_WP7B-P040VA1-R8000_WP7B-P040VA1-R8000_CH1.B_SpeedXP_auto_11.L_pkg
2.600015e-10 (A)  V_X_CH1.Xpartial.X_SpeedXP_auto_WP7B-P040VA1-R8000_WP7B-P040VA1-R8000_WP7B-P040VA1-R8000_WP7B-P040VA1-R8000_CH1.B_SpeedXP_auto_11.R_pkg
-5.000000e-12 (A)  V_X_CH1.Xpartial.X_SpeedXP_auto_WP7B-P040VA1-R8000_WP7B-P040VA1-R8000_WP7B-P040VA1-R8000_WP7B-P040VA1-R8000_CH1.B_SpeedXP_auto_12.L_pkg
-5.000000e-12 (A)  V_X_CH1.Xpartial.X_SpeedXP_auto_WP7B-P040VA1-R8000_WP7B-P040VA1-R8000_WP7B-P040VA1-R8000_WP7B-P040VA1-R8000_CH1.B_SpeedXP_auto_12.R_pkg
2.050010e-10 (A)  V_X_CH1.Xpartial.X_SpeedXP_auto_WP7B-P040VA1-R8000_WP7B-P040VA1-R8000_WP7B-P040VA1-R8000_WP7B-P040VA1-R8000_CH1.B_SpeedXP_auto_15.L_pkg
2.075010e-10 (A)  V_X_CH1.Xpartial.X_SpeedXP_auto_WP7B-P040VA1-R8000_WP7B-P040VA1-R8000_WP7B-P040VA1-R8000_WP7B-P040VA1-R8000_CH1.B_SpeedXP_auto_15.R_pkg
-5.000000e-12 (A)  V_X_CH1.Xpartial.X_SpeedXP_auto_WP7B-P040VA1-R8000_WP7B-P040VA1-R8000_WP7B-P040VA1-R8000_WP7B-P040VA1-R8000_CH1.B_SpeedXP_auto_16.L_pkg
-5.000000e-12 (A)  V_X_CH1.Xpartial.X_SpeedXP_auto_WP7B-P040VA1-R8000_WP7B-P040VA1-R8000_WP7B-P040VA1-R8000_WP7B-P040VA1-R8000_CH1.B_SpeedXP_auto_16.R_pkg
-5.000000e-12 (A)  V_X_CH1.Xpartial.X_SpeedXP_auto_WP7B-P040VA1-R8000_WP7B-P040VA1-R8000_WP7B-P040VA1-R8000_WP7B-P040VA1-R8000_CH1.B_SpeedXP_auto_19.L_pkg
-5.000000e-12 (A)  V_X_CH1.Xpartial.X_SpeedXP_auto_WP7B-P040VA1-R8000_WP7B-P040VA1-R8000_WP7B-P040VA1-R8000_WP7B-P040VA1-R8000_CH1.B_SpeedXP_auto_19.R_pkg
1.500006e-10 (A)  V_X_CH1.Xpartial.X_SpeedXP_auto_WP7B-P040VA1-R8000_WP7B-P040VA1-R8000_WP7B-P040VA1-R8000_WP7B-P040VA1-R8000_CH1.B_SpeedXP_auto_20.L_pkg
1.525006e-10 (A)  V_X_CH1.Xpartial.X_SpeedXP_auto_WP7B-P040VA1-R8000_WP7B-P040VA1-R8000_WP7B-P040VA1-R8000_WP7B-P040VA1-R8000_CH1.B_SpeedXP_auto_20.R_pkg
6.000005e-11 (A)  V_X_R25.Xpartial.X_SpeedXP_auto_RES_R0603_1K_1K_R25_R25.B_SpeedXP_auto_1.L_pkg
6.250005e-11 (A)  V_X_R25.Xpartial.X_SpeedXP_auto_RES_R0603_1K_1K_R25_R25.B_SpeedXP_auto_1.R_pkg
-9.999973e-12 (A)  V_X_U8.Xpartial.X_SpeedXP_auto_TC358870XBG_1_VFBGA80_(S1+S2+S3+S4)_TC358870XBG(NOK)_TC358870XBG(NOK)_U8.B_SpeedXP_auto_A4.L_pkg
-7.499973e-12 (A)  V_X_U8.Xpartial.X_SpeedXP_auto_TC358870XBG_1_VFBGA80_(S1+S2+S3+S4)_TC358870XBG(NOK)_TC358870XBG(NOK)_U8.B_SpeedXP_auto_A4.R_pkg
5.000000e-12 (A)  V_X_U8.Xpartial.X_SpeedXP_auto_TC358870XBG_1_VFBGA80_(S1+S2+S3+S4)_TC358870XBG(NOK)_TC358870XBG(NOK)_U8.B_SpeedXP_auto_A5.L_pkg
5.000000e-12 (A)  V_X_U8.Xpartial.X_SpeedXP_auto_TC358870XBG_1_VFBGA80_(S1+S2+S3+S4)_TC358870XBG(NOK)_TC358870XBG(NOK)_U8.B_SpeedXP_auto_A5.R_pkg
-1.000000e-11 (A)  V_X_U8.Xpartial.X_SpeedXP_auto_TC358870XBG_1_VFBGA80_(S1+S2+S3+S4)_TC358870XBG(NOK)_TC358870XBG(NOK)_U8.B_SpeedXP_auto_A6.L_pkg
-7.499973e-12 (A)  V_X_U8.Xpartial.X_SpeedXP_auto_TC358870XBG_1_VFBGA80_(S1+S2+S3+S4)_TC358870XBG(NOK)_TC358870XBG(NOK)_U8.B_SpeedXP_auto_A6.R_pkg
-1.000003e-11 (A)  V_X_U8.Xpartial.X_SpeedXP_auto_TC358870XBG_1_VFBGA80_(S1+S2+S3+S4)_TC358870XBG(NOK)_TC358870XBG(NOK)_U8.B_SpeedXP_auto_A7.L_pkg
-7.500001e-12 (A)  V_X_U8.Xpartial.X_SpeedXP_auto_TC358870XBG_1_VFBGA80_(S1+S2+S3+S4)_TC358870XBG(NOK)_TC358870XBG(NOK)_U8.B_SpeedXP_auto_A7.R_pkg
-1.000003e-11 (A)  V_X_U8.Xpartial.X_SpeedXP_auto_TC358870XBG_1_VFBGA80_(S1+S2+S3+S4)_TC358870XBG(NOK)_TC358870XBG(NOK)_U8.B_SpeedXP_auto_B5.L_pkg
-7.500001e-12 (A)  V_X_U8.Xpartial.X_SpeedXP_auto_TC358870XBG_1_VFBGA80_(S1+S2+S3+S4)_TC358870XBG(NOK)_TC358870XBG(NOK)_U8.B_SpeedXP_auto_B5.R_pkg
5.000000e-12 (A)  V_X_U8.Xpartial.X_SpeedXP_auto_TC358870XBG_1_VFBGA80_(S1+S2+S3+S4)_TC358870XBG(NOK)_TC358870XBG(NOK)_U8.B_SpeedXP_auto_B6.L_pkg
5.000000e-12 (A)  V_X_U8.Xpartial.X_SpeedXP_auto_TC358870XBG_1_VFBGA80_(S1+S2+S3+S4)_TC358870XBG(NOK)_TC358870XBG(NOK)_U8.B_SpeedXP_auto_B6.R_pkg
5.000000e-12 (A)  V_X_U8.Xpartial.X_SpeedXP_auto_TC358870XBG_1_VFBGA80_(S1+S2+S3+S4)_TC358870XBG(NOK)_TC358870XBG(NOK)_U8.B_SpeedXP_auto_B7.L_pkg
5.000000e-12 (A)  V_X_U8.Xpartial.X_SpeedXP_auto_TC358870XBG_1_VFBGA80_(S1+S2+S3+S4)_TC358870XBG(NOK)_TC358870XBG(NOK)_U8.B_SpeedXP_auto_B7.R_pkg
-5.000000e-12 (A)  W_Trace1001_Auto_1885::MIPI_DSI1_DATA2_N~0
-5.000000e-12 (A)  W_Trace1010::MIPI_DSI1_DATA2_N~0
5.000000e-12 (A)  W_Trace1012_Auto_1900::MIPI_DSI1_DATA2_N~0
5.000000e-12 (A)  W_Trace1014::MIPI_DSI1_DATA2_N~0
-5.000000e-12 (A)  W_Trace1024_Auto_1902::MIPI_DSI1_DATA2_N~0
-5.000000e-12 (A)  W_Trace1028::MIPI_DSI1_DATA2_N~0
-5.000000e-12 (A)  W_Trace1032::MIPI_DSI1_DATA2_N~0
5.000000e-12 (A)  W_Trace1034::MIPI_DSI1_DATA2_N~0
5.000000e-12 (A)  W_Trace1034_Auto_1309::MIPI_DSI1_DATA2_N~0
5.000000e-12 (A)  W_Trace1036::MIPI_DSI1_DATA2_N~0
5.000000e-12 (A)  W_Trace1037::MIPI_DSI1_DATA2_N~0
-5.000000e-12 (A)  W_Trace1042::MIPI_DSI1_DATA2_N~0
-5.000000e-12 (A)  W_Trace1054::MIPI_DSI1_DATA2_N~0
5.000000e-12 (A)  W_Trace1058::MIPI_DSI1_DATA2_N~0
-5.000000e-12 (A)  W_Trace1062::MIPI_DSI1_DATA2_N~0
-5.000000e-12 (A)  W_Trace1064::MIPI_DSI1_DATA2_N~0
5.000000e-12 (A)  W_Trace1066#BP0::MIPI_DSI1_DATA2_N~0
5.000000e-12 (A)  W_Trace1067#BP0::MIPI_DSI1_DATA2_N~0
5.000000e-12 (A)  W_Trace1067#BP1::MIPI_DSI1_DATA2_N~0
5.000000e-12 (A)  W_Trace1067_Auto_1355::MIPI_DSI1_DATA2_N~0
5.000000e-12 (A)  W_Trace1069::MIPI_DSI1_DATA2_N~0
-5.000000e-12 (A)  W_Trace1091::MIPI_DSI1_DATA2_N~0
-5.000000e-12 (A)  W_Trace1113::MIPI_DSI1_DATA2_N~0
-5.000000e-12 (A)  W_Trace1135::MIPI_DSI1_DATA2_N~0
-5.000000e-12 (A)  W_Trace1157::MIPI_DSI1_DATA2_N~0
-5.000000e-12 (A)  W_Trace1179::MIPI_DSI1_DATA2_N~0
5.000000e-12 (A)  W_Trace1181::MIPI_DSI1_DATA2_N~0
5.000000e-12 (A)  W_Trace1181_Auto_1450::MIPI_DSI1_DATA2_N~0
5.000000e-12 (A)  W_Trace1183::MIPI_DSI1_DATA2_N~0
5.000000e-12 (A)  W_Trace1185::MIPI_DSI1_DATA2_N~0
5.000000e-12 (A)  W_Trace1186_Auto_1689::MIPI_DSI1_DATA2_N~0
-1.250001e-11 (A)  W_Trace1187::MIPI_DSI1_DATA2_P~0
-2.750008e-11 (A)  W_Trace1189::MIPI_DSI1_DATA2_P~0
-3.250016e-11 (A)  W_Trace1191::MIPI_DSI1_DATA2_P~0
-3.750023e-11 (A)  W_Trace1192_Auto_758::MIPI_DSI1_DATA2_P~0
-4.500021e-11 (A)  W_Trace1194_Auto_1237::MIPI_DSI1_DATA2_P~0
4.750024e-11 (A)  W_Trace1198::MIPI_DSI1_DATA2_P~0
-5.750027e-11 (A)  W_Trace1208#BP0::MIPI_DSI1_DATA2_P~0
-6.000026e-11 (A)  W_Trace1208#BP1::MIPI_DSI1_DATA2_P~0
5.500024e-11 (A)  W_Trace1208::MIPI_DSI1_DATA2_P~0
-6.750038e-11 (A)  W_Trace1210::MIPI_DSI1_DATA2_P~0
-7.250043e-11 (A)  W_Trace1211::MIPI_DSI1_DATA2_P~0
-7.500046e-11 (A)  W_Trace1213::MIPI_DSI1_DATA2_P~0
8.000048e-11 (A)  W_Trace1218::MIPI_DSI1_DATA2_P~0
8.250053e-11 (A)  W_Trace1223::MIPI_DSI1_DATA2_P~0
9.000051e-11 (A)  W_Trace1225::MIPI_DSI1_DATA2_P~0
-9.250055e-11 (A)  W_Trace1227::MIPI_DSI1_DATA2_P~0
-9.500057e-11 (A)  W_Trace1236::MIPI_DSI1_DATA2_P~0
1.050006e-10 (A)  W_Trace1246::MIPI_DSI1_DATA2_P~0
1.150005e-10 (A)  W_Trace1248::MIPI_DSI1_DATA2_P~0
1.175006e-10 (A)  W_Trace1252::MIPI_DSI1_DATA2_P~0
-1.200006e-10 (A)  W_Trace1253::MIPI_DSI1_DATA2_P~0
-1.250006e-10 (A)  W_Trace1255::MIPI_DSI1_DATA2_P~0
-1.275006e-10 (A)  W_Trace1258::MIPI_DSI1_DATA2_P~0
-1.325006e-10 (A)  W_Trace1260::MIPI_DSI1_DATA2_P~0
-1.400007e-10 (A)  W_Trace1262#BP0::MIPI_DSI1_DATA2_P~0
-1.425007e-10 (A)  W_Trace1262#BP1::MIPI_DSI1_DATA2_P~0
-1.375007e-10 (A)  W_Trace1262_Auto_1306::MIPI_DSI1_DATA2_P~0
-1.475007e-10 (A)  W_Trace1266_Auto_1353::MIPI_DSI1_DATA2_P~0
-1.500007e-10 (A)  W_Trace1267::MIPI_DSI1_DATA2_P~0
1.550008e-10 (A)  W_Trace1271::MIPI_DSI1_DATA2_P~0
1.600008e-10 (A)  W_Trace1282::MIPI_DSI1_DATA2_P~0
-1.650007e-10 (A)  W_Trace1286::MIPI_DSI1_DATA2_P~0
1.675007e-10 (A)  W_Trace1290::MIPI_DSI1_DATA2_P~0
1.700008e-10 (A)  W_Trace1294::MIPI_DSI1_DATA2_P~0
-1.725009e-10 (A)  W_Trace1295::MIPI_DSI1_DATA2_P~0
1.750009e-10 (A)  W_Trace1299::MIPI_DSI1_DATA2_P~0
-1.800010e-10 (A)  W_Trace1304#BP0::MIPI_DSI1_DATA2_P~0
1.775009e-10 (A)  W_Trace1304::MIPI_DSI1_DATA2_P~0
-1.825010e-10 (A)  W_Trace1306::MIPI_DSI1_DATA2_P~0
1.875010e-10 (A)  W_Trace1315::MIPI_DSI1_DATA2_P~0
1.925010e-10 (A)  W_Trace1326::MIPI_DSI1_DATA2_P~0
1.975010e-10 (A)  W_Trace1332::MIPI_DSI1_DATA2_P~0
-2.000010e-10 (A)  W_Trace1334::MIPI_DSI1_DATA2_P~0
-2.050011e-10 (A)  W_Trace1334_Auto_1445::MIPI_DSI1_DATA2_P~0
-2.075011e-10 (A)  W_Trace1336::MIPI_DSI1_DATA2_P~0
-2.100011e-10 (A)  W_Trace1338::MIPI_DSI1_DATA2_P~0
-2.350013e-10 (A)  W_Trace1338_Auto_1434::MIPI_DSI1_DATA2_P~0
-2.250012e-10 (A)  W_Trace1338_Auto_1436::MIPI_DSI1_DATA2_P~0
-2.300012e-10 (A)  W_Trace1338_Auto_1438::MIPI_DSI1_DATA2_P~0
-2.200011e-10 (A)  W_Trace1338_Auto_1440::MIPI_DSI1_DATA2_P~0
-2.150011e-10 (A)  W_Trace1338_Auto_1442::MIPI_DSI1_DATA2_P~0
-2.400013e-10 (A)  W_Trace1340::MIPI_DSI1_DATA2_P~0
-2.450014e-10 (A)  W_Trace1342_Auto_1447::MIPI_DSI1_DATA2_P~0
-2.475014e-10 (A)  W_Trace1343::MIPI_DSI1_DATA2_P~0
-2.525014e-10 (A)  W_Trace1344::MIPI_DSI1_DATA2_P~0
4.250004e-11 (A)  W_Trace3906::N2739972~0
-4.000004e-11 (A)  W_Trace3907_Auto_769::N2739972~0
-1.249998e-11 (A)  W_Trace3908::N2739972~0
5.000000e-12 (A)  W_Trace551::MIPI_DSI1_CLK_N~0
5.000000e-12 (A)  W_Trace555::MIPI_DSI1_CLK_N~0
-5.000000e-12 (A)  W_Trace557::MIPI_DSI1_CLK_N~0
-5.000000e-12 (A)  W_Trace557_Auto_148::MIPI_DSI1_CLK_N~0
-5.000000e-12 (A)  W_Trace559::MIPI_DSI1_CLK_N~0
-5.000000e-12 (A)  W_Trace561::MIPI_DSI1_CLK_N~0
-5.000000e-12 (A)  W_Trace562::MIPI_DSI1_CLK_N~0
-5.000000e-12 (A)  W_Trace573::MIPI_DSI1_CLK_N~0
-5.000000e-12 (A)  W_Trace574_Auto_170::MIPI_DSI1_CLK_N~0
-5.000000e-12 (A)  W_Trace575::MIPI_DSI1_CLK_N~0
5.000000e-12 (A)  W_Trace584::MIPI_DSI1_CLK_N~0
5.000000e-12 (A)  W_Trace586::MIPI_DSI1_CLK_N~0
-5.000000e-12 (A)  W_Trace588::MIPI_DSI1_CLK_N~0
-5.000000e-12 (A)  W_Trace598::MIPI_DSI1_CLK_N~0
-5.000000e-12 (A)  W_Trace598_Auto_179::MIPI_DSI1_CLK_N~0
5.000000e-12 (A)  W_Trace607::MIPI_DSI1_CLK_N~0
5.000000e-12 (A)  W_Trace610::MIPI_DSI1_CLK_N~0
5.000000e-12 (A)  W_Trace610_Auto_176::MIPI_DSI1_CLK_N~0
-5.000000e-12 (A)  W_Trace611::MIPI_DSI1_CLK_N~0
-5.000000e-12 (A)  W_Trace627_Auto_384::MIPI_DSI1_CLK_N~0
-5.000000e-12 (A)  W_Trace628_Auto_1004::MIPI_DSI1_CLK_N~0
-5.000000e-12 (A)  W_Trace630::MIPI_DSI1_CLK_N~0
-5.000000e-12 (A)  W_Trace632::MIPI_DSI1_CLK_N~0
-5.000000e-12 (A)  W_Trace633::MIPI_DSI1_CLK_N~0
-5.000000e-12 (A)  W_Trace636::MIPI_DSI1_CLK_N~0
5.000000e-12 (A)  W_Trace637::MIPI_DSI1_CLK_N~0
-5.000000e-12 (A)  W_Trace638::MIPI_DSI1_CLK_N~0
-5.000000e-12 (A)  W_Trace639::MIPI_DSI1_CLK_N~0
5.000000e-12 (A)  W_Trace641::MIPI_DSI1_CLK_N~0
-5.000000e-12 (A)  W_Trace643_Auto_1700::MIPI_DSI1_CLK_N~0
-5.000000e-12 (A)  W_Trace644::MIPI_DSI1_CLK_N~0
-5.000000e-12 (A)  W_Trace646::MIPI_DSI1_CLK_N~0
-5.000000e-12 (A)  W_Trace648::MIPI_DSI1_CLK_N~0
-5.000000e-12 (A)  W_Trace648_Auto_1730::MIPI_DSI1_CLK_N~0
-5.000000e-12 (A)  W_Trace650::MIPI_DSI1_CLK_N~0
-5.000000e-12 (A)  W_Trace652::MIPI_DSI1_CLK_N~0
-5.000000e-12 (A)  W_Trace652_Auto_1727::MIPI_DSI1_CLK_N~0
-5.000000e-12 (A)  W_Trace654::MIPI_DSI1_CLK_N~0
1.475008e-10 (A)  W_Trace659::MIPI_DSI1_CLK_P~0
1.450008e-10 (A)  W_Trace661#BP0::MIPI_DSI1_CLK_P~0
1.400008e-10 (A)  W_Trace661#BP0_Auto_20::MIPI_DSI1_CLK_P~0
1.375008e-10 (A)  W_Trace663::MIPI_DSI1_CLK_P~0
1.350007e-10 (A)  W_Trace665::MIPI_DSI1_CLK_P~0
1.300006e-10 (A)  W_Trace667::MIPI_DSI1_CLK_P~0
-1.250007e-10 (A)  W_Trace679::MIPI_DSI1_CLK_P~0
1.200006e-10 (A)  W_Trace681_Auto_198::MIPI_DSI1_CLK_P~0
1.175006e-10 (A)  W_Trace682::MIPI_DSI1_CLK_P~0
1.100005e-10 (A)  W_Trace683_Auto_190::MIPI_DSI1_CLK_P~0
1.050005e-10 (A)  W_Trace683_Auto_196::MIPI_DSI1_CLK_P~0
1.025005e-10 (A)  W_Trace685::MIPI_DSI1_CLK_P~0
-8.250034e-11 (A)  W_Trace694::MIPI_DSI1_CLK_P~0
-1.000004e-10 (A)  W_Trace694_Auto_184::MIPI_DSI1_CLK_P~0
-9.500045e-11 (A)  W_Trace694_Auto_186::MIPI_DSI1_CLK_P~0
-8.000031e-11 (A)  W_Trace704::MIPI_DSI1_CLK_P~0
7.750026e-11 (A)  W_Trace706::MIPI_DSI1_CLK_P~0
6.000024e-11 (A)  W_Trace706_Auto_181::MIPI_DSI1_CLK_P~0
6.500027e-11 (A)  W_Trace706_Auto_185::MIPI_DSI1_CLK_P~0
5.750020e-11 (A)  W_Trace708::MIPI_DSI1_CLK_P~0
-5.000016e-11 (A)  W_Trace716::MIPI_DSI1_CLK_P~0
-5.500018e-11 (A)  W_Trace716_Auto_173::MIPI_DSI1_CLK_P~0
-4.750013e-11 (A)  W_Trace722::MIPI_DSI1_CLK_P~0
-4.500018e-11 (A)  W_Trace727::MIPI_DSI1_CLK_P~0
4.250020e-11 (A)  W_Trace730::MIPI_DSI1_CLK_P~0
3.750018e-11 (A)  W_Trace730_Auto_177::MIPI_DSI1_CLK_P~0
-3.500013e-11 (A)  W_Trace733::MIPI_DSI1_CLK_P~0
3.250014e-11 (A)  W_Trace735::MIPI_DSI1_CLK_P~0
2.500007e-11 (A)  W_Trace738::MIPI_DSI1_CLK_P~0
-2.000009e-11 (A)  W_Trace742::MIPI_DSI1_CLK_P~0
-1.250004e-11 (A)  W_Trace745::MIPI_DSI1_CLK_P~0
2.000010e-10 (A)  W_Trace748::MIPI_DSI1_CLK_P~0
1.975010e-10 (A)  W_Trace751::MIPI_DSI1_CLK_P~0
1.925010e-10 (A)  W_Trace752::MIPI_DSI1_CLK_P~0
1.875010e-10 (A)  W_Trace755::MIPI_DSI1_CLK_P~0
1.825010e-10 (A)  W_Trace755_Auto_1733::MIPI_DSI1_CLK_P~0
1.800010e-10 (A)  W_Trace757::MIPI_DSI1_CLK_P~0
1.775010e-10 (A)  W_Trace759::MIPI_DSI1_CLK_P~0
1.725009e-10 (A)  W_Trace761::MIPI_DSI1_CLK_P~0
-1.675009e-10 (A)  W_Trace767::MIPI_DSI1_CLK_P~0
-1.650009e-10 (A)  W_Trace769_Auto_1833::MIPI_DSI1_CLK_P~0
-1.600009e-10 (A)  W_Trace778::MIPI_DSI1_CLK_P~0
-1.550009e-10 (A)  W_Trace792::MIPI_DSI1_CLK_P~0
1.250004e-11 (A)  W_Trace797::MIPI_DSI1_DATA3_N~0
-1.500006e-11 (A)  W_Trace799::MIPI_DSI1_DATA3_N~0
-4.000022e-11 (A)  W_Trace801::MIPI_DSI1_DATA3_N~0
-4.500019e-11 (A)  W_Trace803::MIPI_DSI1_DATA3_N~0
-6.000030e-11 (A)  W_Trace803_Auto_1002::MIPI_DSI1_DATA3_N~0
-6.250035e-11 (A)  W_Trace805::MIPI_DSI1_DATA3_N~0
6.500038e-11 (A)  W_Trace807_Auto_1012::MIPI_DSI1_DATA3_N~0
7.750043e-11 (A)  W_Trace809::MIPI_DSI1_DATA3_N~0
-8.000047e-11 (A)  W_Trace811::MIPI_DSI1_DATA3_N~0
8.500041e-11 (A)  W_Trace815::MIPI_DSI1_DATA3_N~0
-8.750044e-11 (A)  W_Trace816::MIPI_DSI1_DATA3_N~0
-9.250042e-11 (A)  W_Trace818::MIPI_DSI1_DATA3_N~0
-9.500049e-11 (A)  W_Trace821::MIPI_DSI1_DATA3_N~0
-1.025005e-10 (A)  W_Trace823::MIPI_DSI1_DATA3_N~0
1.100005e-10 (A)  W_Trace832::MIPI_DSI1_DATA3_N~0
-1.150005e-10 (A)  W_Trace834#BP0_Auto_1835::MIPI_DSI1_DATA3_N~0
1.175005e-10 (A)  W_Trace854::MIPI_DSI1_DATA3_N~0
-1.200005e-10 (A)  W_Trace856::MIPI_DSI1_DATA3_N~0
-1.250006e-10 (A)  W_Trace856_Auto_1840::MIPI_DSI1_DATA3_N~0
-1.275006e-10 (A)  W_Trace858::MIPI_DSI1_DATA3_N~0
-1.300006e-10 (A)  W_Trace860::MIPI_DSI1_DATA3_N~0
1.350007e-10 (A)  W_Trace864::MIPI_DSI1_DATA3_N~0
-1.450006e-10 (A)  W_Trace869::MIPI_DSI1_DATA3_N~0
-5.000000e-12 (A)  W_Trace877::MIPI_DSI1_DATA3_P~0
5.000000e-12 (A)  W_Trace879::MIPI_DSI1_DATA3_P~0
-5.000000e-12 (A)  W_Trace883::MIPI_DSI1_DATA3_P~0
-5.000000e-12 (A)  W_Trace894::MIPI_DSI1_DATA3_P~0
-5.000000e-12 (A)  W_Trace905::MIPI_DSI1_DATA3_P~0
-5.000000e-12 (A)  W_Trace907_Auto_1836::MIPI_DSI1_DATA3_P~0
-5.000000e-12 (A)  W_Trace916::MIPI_DSI1_DATA3_P~0
-5.000000e-12 (A)  W_Trace922::MIPI_DSI1_DATA3_P~0
-5.000000e-12 (A)  W_Trace926::MIPI_DSI1_DATA3_P~0
5.000000e-12 (A)  W_Trace928::MIPI_DSI1_DATA3_P~0
5.000000e-12 (A)  W_Trace928_Auto_1843::MIPI_DSI1_DATA3_P~0
-5.000000e-12 (A)  W_Trace932::MIPI_DSI1_DATA3_P~0
5.000000e-12 (A)  W_Trace934::MIPI_DSI1_DATA3_P~0
5.000000e-12 (A)  W_Trace934_Auto_1845::MIPI_DSI1_DATA3_P~0
5.000000e-12 (A)  W_Trace935::MIPI_DSI1_DATA3_P~0
5.000000e-12 (A)  W_Trace935_Auto_1847::MIPI_DSI1_DATA3_P~0
5.000000e-12 (A)  W_Trace936::MIPI_DSI1_DATA3_P~0
5.000000e-12 (A)  W_Trace937::MIPI_DSI1_DATA3_P~0
5.000000e-12 (A)  W_Trace944::MIPI_DSI1_DATA3_P~0
5.000000e-12 (A)  W_Trace945_Auto_768::MIPI_DSI1_DATA3_P~0
5.000000e-12 (A)  W_Trace948::MIPI_DSI1_DATA3_P~0
-5.000000e-12 (A)  W_Trace952::MIPI_DSI1_DATA3_P~0
-5.000000e-12 (A)  W_Trace958::MIPI_DSI1_DATA3_P~0
-5.000000e-12 (A)  W_Trace962::MIPI_DSI1_DATA3_P~0
5.000000e-12 (A)  W_Trace966::MIPI_DSI1_DATA3_P~0
-5.000000e-12 (A)  W_Trace971::MIPI_DSI1_DATA2_N~0
5.000000e-12 (A)  W_Trace973::MIPI_DSI1_DATA2_N~0
5.000000e-12 (A)  W_Trace975::MIPI_DSI1_DATA2_N~0
-5.000000e-12 (A)  W_Trace978::MIPI_DSI1_DATA2_N~0
5.000000e-12 (A)  W_Trace980::MIPI_DSI1_DATA2_N~0
-5.000000e-12 (A)  W_Trace983::MIPI_DSI1_DATA2_N~0
5.000000e-12 (A)  W_Trace986::MIPI_DSI1_DATA2_N~0
5.000000e-12 (A)  W_Trace988::MIPI_DSI1_DATA2_N~0
5.000000e-12 (A)  W_Trace988_Auto_1876::MIPI_DSI1_DATA2_N~0
5.000000e-12 (A)  W_Trace989::MIPI_DSI1_DATA2_N~0
5.000000e-12 (A)  W_Trace989_Auto_1882::MIPI_DSI1_DATA2_N~0
-5.000000e-12 (A)  W_Trace999::MIPI_DSI1_DATA2_N~0
-5.000000e-12 (A)  WCPL_Trace1024::MIPI_DSI1_DATA2_N~0
1.125005e-10 (A)  WCPL_Trace1024::MIPI_DSI1_DATA2_N~1
-5.000000e-12 (A)  WCPL_Trace1024_Auto_1892::MIPI_DSI1_DATA2_N~0
1.100005e-10 (A)  WCPL_Trace1024_Auto_1892::MIPI_DSI1_DATA2_N~1
-1.000006e-10 (A)  WCPL_Trace1024_Auto_1892::MIPI_DSI1_DATA2_N~2
5.000000e-12 (A)  WCPL_Trace1024_Auto_1892::MIPI_DSI1_DATA2_N~3
-5.000000e-12 (A)  WCPL_Trace1024_Auto_1892::MIPI_DSI1_DATA2_N~4
8.500054e-11 (A)  WCPL_Trace1024_Auto_1892::MIPI_DSI1_DATA2_N~5
-7.750049e-11 (A)  WCPL_Trace1024_Auto_1892::MIPI_DSI1_DATA2_N~6
5.000000e-12 (A)  WCPL_Trace1024_Auto_1892::MIPI_DSI1_DATA2_N~7
-5.000000e-12 (A)  WCPL_Trace1024_Auto_1901::MIPI_DSI1_DATA2_N~0
1.075005e-10 (A)  WCPL_Trace1024_Auto_1901::MIPI_DSI1_DATA2_N~1
-1.025006e-10 (A)  WCPL_Trace1024_Auto_1901::MIPI_DSI1_DATA2_N~2
5.000000e-12 (A)  WCPL_Trace1024_Auto_1901::MIPI_DSI1_DATA2_N~3
-5.000000e-12 (A)  WCPL_Trace1056::MIPI_DSI1_DATA2_N~0
5.000000e-12 (A)  WCPL_Trace1056::MIPI_DSI1_DATA2_N~1
-2.250008e-11 (A)  WCPL_Trace1188::MIPI_DSI1_DATA2_P~0
5.000000e-12 (A)  WCPL_Trace1188::MIPI_DSI1_DATA2_P~1
5.000000e-12 (A)  WCPL_Trace1188::MIPI_DSI1_DATA2_P~2
-2.500007e-11 (A)  WCPL_Trace1188::MIPI_DSI1_DATA2_P~3
-2.249996e-11 (A)  WCPL_Trace1188::MIPI_DSI1_DATA2_P~4
-2.500008e-11 (A)  WCPL_Trace1188_Auto_790::MIPI_DSI1_DATA2_P~0
5.000000e-12 (A)  WCPL_Trace1188_Auto_790::MIPI_DSI1_DATA2_P~1
5.000000e-12 (A)  WCPL_Trace1188_Auto_790::MIPI_DSI1_DATA2_P~2
-2.750008e-11 (A)  WCPL_Trace1188_Auto_790::MIPI_DSI1_DATA2_P~3
-2.500003e-11 (A)  WCPL_Trace1188_Auto_790::MIPI_DSI1_DATA2_P~4
-3.000014e-11 (A)  WCPL_Trace1190::MIPI_DSI1_DATA2_P~0
5.000000e-12 (A)  WCPL_Trace1190::MIPI_DSI1_DATA2_P~1
5.000000e-12 (A)  WCPL_Trace1190::MIPI_DSI1_DATA2_P~2
-3.000009e-11 (A)  WCPL_Trace1190::MIPI_DSI1_DATA2_P~3
-2.750003e-11 (A)  WCPL_Trace1190::MIPI_DSI1_DATA2_P~4
-3.500022e-11 (A)  WCPL_Trace1192::MIPI_DSI1_DATA2_P~0
5.000000e-12 (A)  WCPL_Trace1192::MIPI_DSI1_DATA2_P~1
5.000000e-12 (A)  WCPL_Trace1192::MIPI_DSI1_DATA2_P~2
-3.250012e-11 (A)  WCPL_Trace1192::MIPI_DSI1_DATA2_P~3
-3.000003e-11 (A)  WCPL_Trace1192::MIPI_DSI1_DATA2_P~4
-4.000023e-11 (A)  WCPL_Trace1193::MIPI_DSI1_DATA2_P~0
5.000000e-12 (A)  WCPL_Trace1193::MIPI_DSI1_DATA2_P~1
5.000000e-12 (A)  WCPL_Trace1193::MIPI_DSI1_DATA2_P~2
-5.250023e-11 (A)  WCPL_Trace1193::MIPI_DSI1_DATA2_P~3
-4.250021e-11 (A)  WCPL_Trace1194::MIPI_DSI1_DATA2_P~0
5.000000e-12 (A)  WCPL_Trace1194::MIPI_DSI1_DATA2_P~1
-6.250030e-11 (A)  WCPL_Trace1208#BP1_Auto_1877::MIPI_DSI1_DATA2_P~0
5.000000e-12 (A)  WCPL_Trace1208#BP1_Auto_1877::MIPI_DSI1_DATA2_P~1
-6.500034e-11 (A)  WCPL_Trace1209::MIPI_DSI1_DATA2_P~0
5.000000e-12 (A)  WCPL_Trace1209::MIPI_DSI1_DATA2_P~1
-7.000040e-11 (A)  WCPL_Trace1210_Auto_1875::MIPI_DSI1_DATA2_P~0
5.000000e-12 (A)  WCPL_Trace1210_Auto_1875::MIPI_DSI1_DATA2_P~1
-9.750054e-11 (A)  WCPL_Trace1236_Auto_1895::MIPI_DSI1_DATA2_P~0
5.000000e-12 (A)  WCPL_Trace1236_Auto_1895::MIPI_DSI1_DATA2_P~1
-5.000000e-12 (A)  WCPL_Trace1236_Auto_1895::MIPI_DSI1_DATA2_P~2
8.750048e-11 (A)  WCPL_Trace1236_Auto_1895::MIPI_DSI1_DATA2_P~3
-1.225006e-10 (A)  WCPL_Trace1253_Auto_1244::MIPI_DSI1_DATA2_P~0
5.000000e-12 (A)  WCPL_Trace1253_Auto_1244::MIPI_DSI1_DATA2_P~1
-1.300006e-10 (A)  WCPL_Trace1258_Auto_1307::MIPI_DSI1_DATA2_P~0
5.000000e-12 (A)  WCPL_Trace1258_Auto_1307::MIPI_DSI1_DATA2_P~1
-1.350006e-10 (A)  WCPL_Trace1262::MIPI_DSI1_DATA2_P~0
5.000000e-12 (A)  WCPL_Trace1262::MIPI_DSI1_DATA2_P~1
-1.450007e-10 (A)  WCPL_Trace1266::MIPI_DSI1_DATA2_P~0
5.000000e-12 (A)  WCPL_Trace1266::MIPI_DSI1_DATA2_P~1
-1.525008e-10 (A)  WCPL_Trace1267_Auto_1354::MIPI_DSI1_DATA2_P~0
5.000000e-12 (A)  WCPL_Trace1267_Auto_1354::MIPI_DSI1_DATA2_P~1
-1.625008e-10 (A)  WCPL_Trace1284::MIPI_DSI1_DATA2_P~0
1.575008e-10 (A)  WCPL_Trace1284::MIPI_DSI1_DATA2_P~1
-1.950010e-10 (A)  WCPL_Trace1328::MIPI_DSI1_DATA2_P~0
1.900010e-10 (A)  WCPL_Trace1328::MIPI_DSI1_DATA2_P~1
-1.850009e-10 (A)  WCPL_Trace1328::MIPI_DSI1_DATA2_P~2
-2.025010e-10 (A)  WCPL_Trace1334_Auto_1443::MIPI_DSI1_DATA2_P~0
5.000000e-12 (A)  WCPL_Trace1334_Auto_1443::MIPI_DSI1_DATA2_P~1
-2.325013e-10 (A)  WCPL_Trace1338_Auto_1433::MIPI_DSI1_DATA2_P~0
5.000000e-12 (A)  WCPL_Trace1338_Auto_1433::MIPI_DSI1_DATA2_P~1
-2.225012e-10 (A)  WCPL_Trace1338_Auto_1435::MIPI_DSI1_DATA2_P~0
5.000000e-12 (A)  WCPL_Trace1338_Auto_1435::MIPI_DSI1_DATA2_P~1
-2.275012e-10 (A)  WCPL_Trace1338_Auto_1437::MIPI_DSI1_DATA2_P~0
5.000000e-12 (A)  WCPL_Trace1338_Auto_1437::MIPI_DSI1_DATA2_P~1
-2.175011e-10 (A)  WCPL_Trace1338_Auto_1439::MIPI_DSI1_DATA2_P~0
5.000000e-12 (A)  WCPL_Trace1338_Auto_1439::MIPI_DSI1_DATA2_P~1
-2.125011e-10 (A)  WCPL_Trace1338_Auto_1441::MIPI_DSI1_DATA2_P~0
5.000000e-12 (A)  WCPL_Trace1338_Auto_1441::MIPI_DSI1_DATA2_P~1
-2.375013e-10 (A)  WCPL_Trace1338_Auto_1449::MIPI_DSI1_DATA2_P~0
5.000000e-12 (A)  WCPL_Trace1338_Auto_1449::MIPI_DSI1_DATA2_P~1
-2.425014e-10 (A)  WCPL_Trace1342::MIPI_DSI1_DATA2_P~0
5.000000e-12 (A)  WCPL_Trace1342::MIPI_DSI1_DATA2_P~1
-2.500014e-10 (A)  WCPL_Trace1343_Auto_1688::MIPI_DSI1_DATA2_P~0
5.000000e-12 (A)  WCPL_Trace1343_Auto_1688::MIPI_DSI1_DATA2_P~1
-2.550014e-10 (A)  WCPL_Trace1345::MIPI_DSI1_DATA2_P~0
5.000000e-12 (A)  WCPL_Trace1345::MIPI_DSI1_DATA2_P~1
1.999998e-11 (A)  WCPL_Trace3907_Auto_778::N2739972~0
2.250009e-11 (A)  WCPL_Trace3907_Auto_778::N2739972~1
-5.000000e-12 (A)  WCPL_Trace3907_Auto_778::N2739972~2
-5.000000e-12 (A)  WCPL_Trace3907_Auto_778::N2739972~3
2.000006e-11 (A)  WCPL_Trace3907_Auto_778::N2739972~4
-5.000000e-12 (A)  WCPL_Trace3907_Auto_778::N2739972~5
1.749995e-11 (A)  WCPL_Trace3907_Auto_813::N2739972~0
2.000012e-11 (A)  WCPL_Trace3907_Auto_813::N2739972~1
-5.000000e-12 (A)  WCPL_Trace3907_Auto_813::N2739972~2
-5.000000e-12 (A)  WCPL_Trace3907_Auto_813::N2739972~3
1.750001e-11 (A)  WCPL_Trace3907_Auto_813::N2739972~4
-5.000000e-12 (A)  WCPL_Trace3907_Auto_813::N2739972~5
1.750006e-11 (A)  WCPL_Trace3907_Auto_813::N2739972~6
-5.000000e-12 (A)  WCPL_Trace553::MIPI_DSI1_CLK_N~0
1.425008e-10 (A)  WCPL_Trace553::MIPI_DSI1_CLK_N~1
-5.000000e-12 (A)  WCPL_Trace557_Auto_147::MIPI_DSI1_CLK_N~0
1.325007e-10 (A)  WCPL_Trace557_Auto_147::MIPI_DSI1_CLK_N~1
-5.000000e-12 (A)  WCPL_Trace561_Auto_145::MIPI_DSI1_CLK_N~0
1.275007e-10 (A)  WCPL_Trace561_Auto_145::MIPI_DSI1_CLK_N~1
5.000000e-12 (A)  WCPL_Trace586_Auto_187::MIPI_DSI1_CLK_N~0
-5.000000e-12 (A)  WCPL_Trace586_Auto_187::MIPI_DSI1_CLK_N~1
1.075005e-10 (A)  WCPL_Trace586_Auto_187::MIPI_DSI1_CLK_N~2
-5.000000e-12 (A)  WCPL_Trace598_Auto_167::MIPI_DSI1_CLK_N~0
7.000025e-11 (A)  WCPL_Trace598_Auto_167::MIPI_DSI1_CLK_N~1
-9.000039e-11 (A)  WCPL_Trace598_Auto_167::MIPI_DSI1_CLK_N~2
5.000000e-12 (A)  WCPL_Trace598_Auto_167::MIPI_DSI1_CLK_N~3
-5.000000e-12 (A)  WCPL_Trace598_Auto_167::MIPI_DSI1_CLK_N~4
1.150005e-10 (A)  WCPL_Trace598_Auto_167::MIPI_DSI1_CLK_N~5
-5.000000e-12 (A)  WCPL_Trace598_Auto_194::MIPI_DSI1_CLK_N~0
6.750027e-11 (A)  WCPL_Trace598_Auto_194::MIPI_DSI1_CLK_N~1
-9.250045e-11 (A)  WCPL_Trace598_Auto_194::MIPI_DSI1_CLK_N~2
5.000000e-12 (A)  WCPL_Trace598_Auto_194::MIPI_DSI1_CLK_N~3
-5.000000e-12 (A)  WCPL_Trace598_Auto_194::MIPI_DSI1_CLK_N~4
1.125005e-10 (A)  WCPL_Trace598_Auto_194::MIPI_DSI1_CLK_N~5
-5.000000e-12 (A)  WCPL_Trace598_Auto_202::MIPI_DSI1_CLK_N~0
7.250031e-11 (A)  WCPL_Trace598_Auto_202::MIPI_DSI1_CLK_N~1
-8.750040e-11 (A)  WCPL_Trace598_Auto_202::MIPI_DSI1_CLK_N~2
5.000000e-12 (A)  WCPL_Trace598_Auto_202::MIPI_DSI1_CLK_N~3
-5.000000e-12 (A)  WCPL_Trace598_Auto_202::MIPI_DSI1_CLK_N~4
1.225006e-10 (A)  WCPL_Trace598_Auto_202::MIPI_DSI1_CLK_N~5
-5.000000e-12 (A)  WCPL_Trace598_Auto_205::MIPI_DSI1_CLK_N~0
7.500027e-11 (A)  WCPL_Trace598_Auto_205::MIPI_DSI1_CLK_N~1
-8.500036e-11 (A)  WCPL_Trace598_Auto_205::MIPI_DSI1_CLK_N~2
5.000000e-12 (A)  WCPL_Trace598_Auto_205::MIPI_DSI1_CLK_N~3
-5.000000e-12 (A)  WCPL_Trace627::MIPI_DSI1_CLK_N~0
3.000015e-11 (A)  WCPL_Trace627::MIPI_DSI1_CLK_N~1
-5.000000e-12 (A)  WCPL_Trace632_Auto_1013::MIPI_DSI1_CLK_N~0
2.250006e-11 (A)  WCPL_Trace632_Auto_1013::MIPI_DSI1_CLK_N~1
-5.000000e-12 (A)  WCPL_Trace639_Auto_1697::MIPI_DSI1_CLK_N~0
2.025010e-10 (A)  WCPL_Trace639_Auto_1697::MIPI_DSI1_CLK_N~1
-5.000000e-12 (A)  WCPL_Trace643::MIPI_DSI1_CLK_N~0
1.950010e-10 (A)  WCPL_Trace643::MIPI_DSI1_CLK_N~1
-5.000000e-12 (A)  WCPL_Trace643_Auto_1699::MIPI_DSI1_CLK_N~0
1.900010e-10 (A)  WCPL_Trace643_Auto_1699::MIPI_DSI1_CLK_N~1
-5.000000e-12 (A)  WCPL_Trace644_Auto_1732::MIPI_DSI1_CLK_N~0
1.850010e-10 (A)  WCPL_Trace644_Auto_1732::MIPI_DSI1_CLK_N~1
-5.000000e-12 (A)  WCPL_Trace648_Auto_1729::MIPI_DSI1_CLK_N~0
1.750009e-10 (A)  WCPL_Trace648_Auto_1729::MIPI_DSI1_CLK_N~1
-5.000000e-12 (A)  WCPL_Trace652_Auto_1726::MIPI_DSI1_CLK_N~0
1.700009e-10 (A)  WCPL_Trace652_Auto_1726::MIPI_DSI1_CLK_N~1
4.000017e-11 (A)  WCPL_Trace730_Auto_171::MIPI_DSI1_CLK_P~0
-5.250015e-11 (A)  WCPL_Trace730_Auto_171::MIPI_DSI1_CLK_P~1
5.000000e-12 (A)  WCPL_Trace730_Auto_171::MIPI_DSI1_CLK_P~2
-5.000000e-12 (A)  WCPL_Trace730_Auto_171::MIPI_DSI1_CLK_P~3
6.250028e-11 (A)  WCPL_Trace730_Auto_171::MIPI_DSI1_CLK_P~4
-9.750043e-11 (A)  WCPL_Trace730_Auto_171::MIPI_DSI1_CLK_P~5
-1.500006e-11 (A)  WCPL_Trace745_Auto_633::MIPI_DSI1_CLK_P~0
5.000000e-12 (A)  WCPL_Trace745_Auto_633::MIPI_DSI1_CLK_P~1
-1.500000e-11 (A)  WCPL_Trace745_Auto_633::MIPI_DSI1_CLK_P~2
5.000000e-12 (A)  WCPL_Trace745_Auto_633::MIPI_DSI1_CLK_P~3
5.000000e-12 (A)  WCPL_Trace745_Auto_633::MIPI_DSI1_CLK_P~4
-1.750011e-11 (A)  WCPL_Trace745_Auto_633::MIPI_DSI1_CLK_P~5
-1.499995e-11 (A)  WCPL_Trace745_Auto_633::MIPI_DSI1_CLK_P~6
-1.625009e-10 (A)  WCPL_Trace769::MIPI_DSI1_CLK_P~0
1.575009e-10 (A)  WCPL_Trace769::MIPI_DSI1_CLK_P~1
-4.250023e-11 (A)  WCPL_Trace802::MIPI_DSI1_DATA3_N~0
-3.750004e-11 (A)  WCPL_Trace802::MIPI_DSI1_DATA3_N~1
7.500042e-11 (A)  WCPL_Trace807::MIPI_DSI1_DATA3_N~0
-5.000000e-12 (A)  WCPL_Trace807::MIPI_DSI1_DATA3_N~1
7.000042e-11 (A)  WCPL_Trace807_Auto_1007::MIPI_DSI1_DATA3_N~0
-5.000000e-12 (A)  WCPL_Trace807_Auto_1007::MIPI_DSI1_DATA3_N~1
-5.000000e-12 (A)  WCPL_Trace807_Auto_1007::MIPI_DSI1_DATA3_N~2
2.750011e-11 (A)  WCPL_Trace807_Auto_1007::MIPI_DSI1_DATA3_N~3
7.250042e-11 (A)  WCPL_Trace807_Auto_1010::MIPI_DSI1_DATA3_N~0
-5.000000e-12 (A)  WCPL_Trace807_Auto_1010::MIPI_DSI1_DATA3_N~1
-5.000000e-12 (A)  WCPL_Trace807_Auto_1010::MIPI_DSI1_DATA3_N~2
6.750040e-11 (A)  WCPL_Trace807_Auto_1011::MIPI_DSI1_DATA3_N~0
-5.000000e-12 (A)  WCPL_Trace807_Auto_1011::MIPI_DSI1_DATA3_N~1
-1.125006e-10 (A)  WCPL_Trace834#BP0::MIPI_DSI1_DATA3_N~0
5.000000e-12 (A)  WCPL_Trace834#BP0::MIPI_DSI1_DATA3_N~1
-1.225005e-10 (A)  WCPL_Trace856_Auto_1839::MIPI_DSI1_DATA3_N~0
5.000000e-12 (A)  WCPL_Trace856_Auto_1839::MIPI_DSI1_DATA3_N~1
-1.325006e-10 (A)  WCPL_Trace860_Auto_1841::MIPI_DSI1_DATA3_N~0
5.000000e-12 (A)  WCPL_Trace860_Auto_1841::MIPI_DSI1_DATA3_N~1
-1.375006e-10 (A)  WCPL_Trace866::MIPI_DSI1_DATA3_N~0
5.000000e-12 (A)  WCPL_Trace866::MIPI_DSI1_DATA3_N~1
-1.400006e-10 (A)  WCPL_Trace867::MIPI_DSI1_DATA3_N~0
5.000000e-12 (A)  WCPL_Trace867::MIPI_DSI1_DATA3_N~1
-1.425006e-10 (A)  WCPL_Trace868::MIPI_DSI1_DATA3_N~0
5.000000e-12 (A)  WCPL_Trace868::MIPI_DSI1_DATA3_N~1
-1.475006e-10 (A)  WCPL_Trace870::MIPI_DSI1_DATA3_N~0
5.000000e-12 (A)  WCPL_Trace870::MIPI_DSI1_DATA3_N~1
-5.000000e-12 (A)  WCPL_Trace885::MIPI_DSI1_DATA3_P~0
5.000000e-12 (A)  WCPL_Trace885::MIPI_DSI1_DATA3_P~1
-5.000000e-12 (A)  WCPL_Trace885_Auto_1838::MIPI_DSI1_DATA3_P~0
5.000000e-12 (A)  WCPL_Trace885_Auto_1838::MIPI_DSI1_DATA3_P~1
-5.000000e-12 (A)  WCPL_Trace885_Auto_1838::MIPI_DSI1_DATA3_P~2
5.000000e-12 (A)  WCPL_Trace885_Auto_1838::MIPI_DSI1_DATA3_P~3
5.000000e-12 (A)  WCPL_Trace943_Auto_760::MIPI_DSI1_DATA3_P~0
-3.500015e-11 (A)  WCPL_Trace943_Auto_760::MIPI_DSI1_DATA3_P~1
-3.250003e-11 (A)  WCPL_Trace943_Auto_760::MIPI_DSI1_DATA3_P~2
5.000000e-12 (A)  WCPL_Trace945::MIPI_DSI1_DATA3_P~0
-3.750019e-11 (A)  WCPL_Trace945::MIPI_DSI1_DATA3_P~1
-3.500008e-11 (A)  WCPL_Trace945::MIPI_DSI1_DATA3_P~2
5.000000e-12 (A)  WCPL_Trace946::MIPI_DSI1_DATA3_P~0
-4.750024e-11 (A)  WCPL_Trace946::MIPI_DSI1_DATA3_P~1
5.000000e-12 (A)  WCPL_Trace946_Auto_999::MIPI_DSI1_DATA3_P~0
-5.750026e-11 (A)  WCPL_Trace946_Auto_999::MIPI_DSI1_DATA3_P~1
5.000000e-12 (A)  WCPL_Trace954::MIPI_DSI1_DATA3_P~0
-8.250042e-11 (A)  WCPL_Trace954::MIPI_DSI1_DATA3_P~1
5.000000e-12 (A)  WCPL_Trace960::MIPI_DSI1_DATA3_P~0
-9.000043e-11 (A)  WCPL_Trace960::MIPI_DSI1_DATA3_P~1
5.000000e-12 (A)  WCPL_Trace964::MIPI_DSI1_DATA3_P~0
-9.750048e-11 (A)  WCPL_Trace964::MIPI_DSI1_DATA3_P~1
5.000000e-12 (A)  WCPL_Trace965#BP0::MIPI_DSI1_DATA3_P~0
-1.000005e-10 (A)  WCPL_Trace965#BP0::MIPI_DSI1_DATA3_P~1
5.000000e-12 (A)  WCPL_Trace979::MIPI_DSI1_DATA2_N~0
5.000000e-12 (A)  WCPL_Trace979::MIPI_DSI1_DATA2_N~1
-5.000023e-11 (A)  WCPL_Trace979::MIPI_DSI1_DATA2_N~2
5.000000e-12 (A)  WCPL_Trace979_Auto_991::MIPI_DSI1_DATA2_N~0
5.000000e-12 (A)  WCPL_Trace979_Auto_991::MIPI_DSI1_DATA2_N~1
-5.500024e-11 (A)  WCPL_Trace979_Auto_991::MIPI_DSI1_DATA2_N~2
0.000000e+00 (A)  X_C80.Xpartial.X_SpeedXP_auto_CAP_NP_C0603_100N_100N_C80_C80.V_SpeedXP_auto_2_En
-5.050000e-11 (A)  X_CH1.Xpartial.X_SpeedXP_auto_WP7B-P040VA1-R8000_WP7B-P040VA1-R8000_WP7B-P040VA1-R8000_WP7B-P040VA1-R8000_CH1.B_SpeedXP_auto_11_OutOfIn
-5.050000e-11 (A)  X_CH1.Xpartial.X_SpeedXP_auto_WP7B-P040VA1-R8000_WP7B-P040VA1-R8000_WP7B-P040VA1-R8000_WP7B-P040VA1-R8000_CH1.B_SpeedXP_auto_12_OutOfIn
-5.050000e-11 (A)  X_CH1.Xpartial.X_SpeedXP_auto_WP7B-P040VA1-R8000_WP7B-P040VA1-R8000_WP7B-P040VA1-R8000_WP7B-P040VA1-R8000_CH1.B_SpeedXP_auto_15_OutOfIn
-5.050000e-11 (A)  X_CH1.Xpartial.X_SpeedXP_auto_WP7B-P040VA1-R8000_WP7B-P040VA1-R8000_WP7B-P040VA1-R8000_WP7B-P040VA1-R8000_CH1.B_SpeedXP_auto_16_OutOfIn
-5.050000e-11 (A)  X_CH1.Xpartial.X_SpeedXP_auto_WP7B-P040VA1-R8000_WP7B-P040VA1-R8000_WP7B-P040VA1-R8000_WP7B-P040VA1-R8000_CH1.B_SpeedXP_auto_19_OutOfIn
-5.050000e-11 (A)  X_CH1.Xpartial.X_SpeedXP_auto_WP7B-P040VA1-R8000_WP7B-P040VA1-R8000_WP7B-P040VA1-R8000_WP7B-P040VA1-R8000_CH1.B_SpeedXP_auto_20_OutOfIn
-1.000000e-12 (A)  X_CH1.Xpartial.X_SpeedXP_auto_WP7B-P040VA1-R8000_WP7B-P040VA1-R8000_WP7B-P040VA1-R8000_WP7B-P040VA1-R8000_CH1.V_SpeedXP_auto_10_En
-1.010000e-10 (A)  X_CH1.Xpartial.X_SpeedXP_auto_WP7B-P040VA1-R8000_WP7B-P040VA1-R8000_WP7B-P040VA1-R8000_WP7B-P040VA1-R8000_CH1.V_SpeedXP_auto_11_En
-1.010000e-10 (A)  X_CH1.Xpartial.X_SpeedXP_auto_WP7B-P040VA1-R8000_WP7B-P040VA1-R8000_WP7B-P040VA1-R8000_WP7B-P040VA1-R8000_CH1.V_SpeedXP_auto_12_En
-1.000000e-12 (A)  X_CH1.Xpartial.X_SpeedXP_auto_WP7B-P040VA1-R8000_WP7B-P040VA1-R8000_WP7B-P040VA1-R8000_WP7B-P040VA1-R8000_CH1.V_SpeedXP_auto_13_En
-1.000000e-12 (A)  X_CH1.Xpartial.X_SpeedXP_auto_WP7B-P040VA1-R8000_WP7B-P040VA1-R8000_WP7B-P040VA1-R8000_WP7B-P040VA1-R8000_CH1.V_SpeedXP_auto_14_En
-1.010000e-10 (A)  X_CH1.Xpartial.X_SpeedXP_auto_WP7B-P040VA1-R8000_WP7B-P040VA1-R8000_WP7B-P040VA1-R8000_WP7B-P040VA1-R8000_CH1.V_SpeedXP_auto_15_En
-1.010000e-10 (A)  X_CH1.Xpartial.X_SpeedXP_auto_WP7B-P040VA1-R8000_WP7B-P040VA1-R8000_WP7B-P040VA1-R8000_WP7B-P040VA1-R8000_CH1.V_SpeedXP_auto_16_En
-1.000000e-12 (A)  X_CH1.Xpartial.X_SpeedXP_auto_WP7B-P040VA1-R8000_WP7B-P040VA1-R8000_WP7B-P040VA1-R8000_WP7B-P040VA1-R8000_CH1.V_SpeedXP_auto_17_En
-1.000000e-12 (A)  X_CH1.Xpartial.X_SpeedXP_auto_WP7B-P040VA1-R8000_WP7B-P040VA1-R8000_WP7B-P040VA1-R8000_WP7B-P040VA1-R8000_CH1.V_SpeedXP_auto_18_En
-1.010000e-10 (A)  X_CH1.Xpartial.X_SpeedXP_auto_WP7B-P040VA1-R8000_WP7B-P040VA1-R8000_WP7B-P040VA1-R8000_WP7B-P040VA1-R8000_CH1.V_SpeedXP_auto_19_En
-1.000000e-12 (A)  X_CH1.Xpartial.X_SpeedXP_auto_WP7B-P040VA1-R8000_WP7B-P040VA1-R8000_WP7B-P040VA1-R8000_WP7B-P040VA1-R8000_CH1.V_SpeedXP_auto_1_En
-1.010000e-10 (A)  X_CH1.Xpartial.X_SpeedXP_auto_WP7B-P040VA1-R8000_WP7B-P040VA1-R8000_WP7B-P040VA1-R8000_WP7B-P040VA1-R8000_CH1.V_SpeedXP_auto_20_En
-1.000000e-12 (A)  X_CH1.Xpartial.X_SpeedXP_auto_WP7B-P040VA1-R8000_WP7B-P040VA1-R8000_WP7B-P040VA1-R8000_WP7B-P040VA1-R8000_CH1.V_SpeedXP_auto_2_En
-1.000000e-12 (A)  X_CH1.Xpartial.X_SpeedXP_auto_WP7B-P040VA1-R8000_WP7B-P040VA1-R8000_WP7B-P040VA1-R8000_WP7B-P040VA1-R8000_CH1.V_SpeedXP_auto_3_En
-1.000000e-12 (A)  X_CH1.Xpartial.X_SpeedXP_auto_WP7B-P040VA1-R8000_WP7B-P040VA1-R8000_WP7B-P040VA1-R8000_WP7B-P040VA1-R8000_CH1.V_SpeedXP_auto_4_En
-1.000000e-12 (A)  X_CH1.Xpartial.X_SpeedXP_auto_WP7B-P040VA1-R8000_WP7B-P040VA1-R8000_WP7B-P040VA1-R8000_WP7B-P040VA1-R8000_CH1.V_SpeedXP_auto_5_En
-1.000000e-12 (A)  X_CH1.Xpartial.X_SpeedXP_auto_WP7B-P040VA1-R8000_WP7B-P040VA1-R8000_WP7B-P040VA1-R8000_WP7B-P040VA1-R8000_CH1.V_SpeedXP_auto_6_En
-1.000000e-12 (A)  X_CH1.Xpartial.X_SpeedXP_auto_WP7B-P040VA1-R8000_WP7B-P040VA1-R8000_WP7B-P040VA1-R8000_WP7B-P040VA1-R8000_CH1.V_SpeedXP_auto_7_En
-1.000000e-12 (A)  X_CH1.Xpartial.X_SpeedXP_auto_WP7B-P040VA1-R8000_WP7B-P040VA1-R8000_WP7B-P040VA1-R8000_WP7B-P040VA1-R8000_CH1.V_SpeedXP_auto_8_En
-1.000000e-12 (A)  X_CH1.Xpartial.X_SpeedXP_auto_WP7B-P040VA1-R8000_WP7B-P040VA1-R8000_WP7B-P040VA1-R8000_WP7B-P040VA1-R8000_CH1.V_SpeedXP_auto_9_En
-2.700016e-10 (A)  X_CH1.Xpartial.X_SpeedXP_auto_WP7B-P040VA1-R8000_WP7B-P040VA1-R8000_WP7B-P040VA1-R8000_WP7B-P040VA1-R8000_CH1.Vpwr_11
-7.500000e-12 (A)  X_CH1.Xpartial.X_SpeedXP_auto_WP7B-P040VA1-R8000_WP7B-P040VA1-R8000_WP7B-P040VA1-R8000_WP7B-P040VA1-R8000_CH1.Vpwr_12
-2.175011e-10 (A)  X_CH1.Xpartial.X_SpeedXP_auto_WP7B-P040VA1-R8000_WP7B-P040VA1-R8000_WP7B-P040VA1-R8000_WP7B-P040VA1-R8000_CH1.Vpwr_15
-7.500000e-12 (A)  X_CH1.Xpartial.X_SpeedXP_auto_WP7B-P040VA1-R8000_WP7B-P040VA1-R8000_WP7B-P040VA1-R8000_WP7B-P040VA1-R8000_CH1.Vpwr_16
-7.500000e-12 (A)  X_CH1.Xpartial.X_SpeedXP_auto_WP7B-P040VA1-R8000_WP7B-P040VA1-R8000_WP7B-P040VA1-R8000_WP7B-P040VA1-R8000_CH1.Vpwr_19
-1.625007e-10 (A)  X_CH1.Xpartial.X_SpeedXP_auto_WP7B-P040VA1-R8000_WP7B-P040VA1-R8000_WP7B-P040VA1-R8000_WP7B-P040VA1-R8000_CH1.Vpwr_20
0.000000e+00 (A)  X_CH1.Xpartial.X_SpeedXP_auto_WP7B-P040VA1-R8000_WP7B-P040VA1-R8000_WP7B-P040VA1-R8000_WP7B-P040VA1-R8000_CH1.X_SpeedXP_auto_10_St.v1
-1.010000e-10 (A)  X_CH1.Xpartial.X_SpeedXP_auto_WP7B-P040VA1-R8000_WP7B-P040VA1-R8000_WP7B-P040VA1-R8000_WP7B-P040VA1-R8000_CH1.X_SpeedXP_auto_11_St.v1
0.000000e+00 (A)  X_CH1.Xpartial.X_SpeedXP_auto_WP7B-P040VA1-R8000_WP7B-P040VA1-R8000_WP7B-P040VA1-R8000_WP7B-P040VA1-R8000_CH1.X_SpeedXP_auto_12_St.v1
0.000000e+00 (A)  X_CH1.Xpartial.X_SpeedXP_auto_WP7B-P040VA1-R8000_WP7B-P040VA1-R8000_WP7B-P040VA1-R8000_WP7B-P040VA1-R8000_CH1.X_SpeedXP_auto_13_St.v1
0.000000e+00 (A)  X_CH1.Xpartial.X_SpeedXP_auto_WP7B-P040VA1-R8000_WP7B-P040VA1-R8000_WP7B-P040VA1-R8000_WP7B-P040VA1-R8000_CH1.X_SpeedXP_auto_14_St.v1
-1.010000e-10 (A)  X_CH1.Xpartial.X_SpeedXP_auto_WP7B-P040VA1-R8000_WP7B-P040VA1-R8000_WP7B-P040VA1-R8000_WP7B-P040VA1-R8000_CH1.X_SpeedXP_auto_15_St.v1
0.000000e+00 (A)  X_CH1.Xpartial.X_SpeedXP_auto_WP7B-P040VA1-R8000_WP7B-P040VA1-R8000_WP7B-P040VA1-R8000_WP7B-P040VA1-R8000_CH1.X_SpeedXP_auto_16_St.v1
0.000000e+00 (A)  X_CH1.Xpartial.X_SpeedXP_auto_WP7B-P040VA1-R8000_WP7B-P040VA1-R8000_WP7B-P040VA1-R8000_WP7B-P040VA1-R8000_CH1.X_SpeedXP_auto_17_St.v1
0.000000e+00 (A)  X_CH1.Xpartial.X_SpeedXP_auto_WP7B-P040VA1-R8000_WP7B-P040VA1-R8000_WP7B-P040VA1-R8000_WP7B-P040VA1-R8000_CH1.X_SpeedXP_auto_18_St.v1
0.000000e+00 (A)  X_CH1.Xpartial.X_SpeedXP_auto_WP7B-P040VA1-R8000_WP7B-P040VA1-R8000_WP7B-P040VA1-R8000_WP7B-P040VA1-R8000_CH1.X_SpeedXP_auto_19_St.v1
0.000000e+00 (A)  X_CH1.Xpartial.X_SpeedXP_auto_WP7B-P040VA1-R8000_WP7B-P040VA1-R8000_WP7B-P040VA1-R8000_WP7B-P040VA1-R8000_CH1.X_SpeedXP_auto_1_St.v1
-1.010000e-10 (A)  X_CH1.Xpartial.X_SpeedXP_auto_WP7B-P040VA1-R8000_WP7B-P040VA1-R8000_WP7B-P040VA1-R8000_WP7B-P040VA1-R8000_CH1.X_SpeedXP_auto_20_St.v1
0.000000e+00 (A)  X_CH1.Xpartial.X_SpeedXP_auto_WP7B-P040VA1-R8000_WP7B-P040VA1-R8000_WP7B-P040VA1-R8000_WP7B-P040VA1-R8000_CH1.X_SpeedXP_auto_2_St.v1
0.000000e+00 (A)  X_CH1.Xpartial.X_SpeedXP_auto_WP7B-P040VA1-R8000_WP7B-P040VA1-R8000_WP7B-P040VA1-R8000_WP7B-P040VA1-R8000_CH1.X_SpeedXP_auto_3_St.v1
0.000000e+00 (A)  X_CH1.Xpartial.X_SpeedXP_auto_WP7B-P040VA1-R8000_WP7B-P040VA1-R8000_WP7B-P040VA1-R8000_WP7B-P040VA1-R8000_CH1.X_SpeedXP_auto_4_St.v1
0.000000e+00 (A)  X_CH1.Xpartial.X_SpeedXP_auto_WP7B-P040VA1-R8000_WP7B-P040VA1-R8000_WP7B-P040VA1-R8000_WP7B-P040VA1-R8000_CH1.X_SpeedXP_auto_5_St.v1
0.000000e+00 (A)  X_CH1.Xpartial.X_SpeedXP_auto_WP7B-P040VA1-R8000_WP7B-P040VA1-R8000_WP7B-P040VA1-R8000_WP7B-P040VA1-R8000_CH1.X_SpeedXP_auto_6_St.v1
0.000000e+00 (A)  X_CH1.Xpartial.X_SpeedXP_auto_WP7B-P040VA1-R8000_WP7B-P040VA1-R8000_WP7B-P040VA1-R8000_WP7B-P040VA1-R8000_CH1.X_SpeedXP_auto_7_St.v1
0.000000e+00 (A)  X_CH1.Xpartial.X_SpeedXP_auto_WP7B-P040VA1-R8000_WP7B-P040VA1-R8000_WP7B-P040VA1-R8000_WP7B-P040VA1-R8000_CH1.X_SpeedXP_auto_8_St.v1
0.000000e+00 (A)  X_CH1.Xpartial.X_SpeedXP_auto_WP7B-P040VA1-R8000_WP7B-P040VA1-R8000_WP7B-P040VA1-R8000_WP7B-P040VA1-R8000_CH1.X_SpeedXP_auto_9_St.v1
0.000000e+00 (A)  X_D5.Xpartial.X_SpeedXP_auto_TVS/ESD_SOD-323_H3V3HD3U_H3V3HD3U_D5.V_SpeedXP_auto_1_En
0.000000e+00 (A)  X_ESD1.Xpartial.X_SpeedXP_auto_IP4292CZ10_DFN2510A-10_IP4292CZ10-TBR_115_IP4292CZ10-TBR_115_ESD1_ESD1.V_SpeedXP_auto_10_En
-1.000000e-12 (A)  X_ESD1.Xpartial.X_SpeedXP_auto_IP4292CZ10_DFN2510A-10_IP4292CZ10-TBR_115_IP4292CZ10-TBR_115_ESD1_ESD1.V_SpeedXP_auto_1_En
-1.000000e-12 (A)  X_ESD1.Xpartial.X_SpeedXP_auto_IP4292CZ10_DFN2510A-10_IP4292CZ10-TBR_115_IP4292CZ10-TBR_115_ESD1_ESD1.V_SpeedXP_auto_2_En
-1.000000e-12 (A)  X_ESD1.Xpartial.X_SpeedXP_auto_IP4292CZ10_DFN2510A-10_IP4292CZ10-TBR_115_IP4292CZ10-TBR_115_ESD1_ESD1.V_SpeedXP_auto_4_En
-1.000000e-12 (A)  X_ESD1.Xpartial.X_SpeedXP_auto_IP4292CZ10_DFN2510A-10_IP4292CZ10-TBR_115_IP4292CZ10-TBR_115_ESD1_ESD1.V_SpeedXP_auto_5_En
0.000000e+00 (A)  X_ESD1.Xpartial.X_SpeedXP_auto_IP4292CZ10_DFN2510A-10_IP4292CZ10-TBR_115_IP4292CZ10-TBR_115_ESD1_ESD1.V_SpeedXP_auto_6_En
0.000000e+00 (A)  X_ESD1.Xpartial.X_SpeedXP_auto_IP4292CZ10_DFN2510A-10_IP4292CZ10-TBR_115_IP4292CZ10-TBR_115_ESD1_ESD1.V_SpeedXP_auto_7_En
0.000000e+00 (A)  X_ESD1.Xpartial.X_SpeedXP_auto_IP4292CZ10_DFN2510A-10_IP4292CZ10-TBR_115_IP4292CZ10-TBR_115_ESD1_ESD1.V_SpeedXP_auto_9_En
0.000000e+00 (A)  X_ESD1.Xpartial.X_SpeedXP_auto_IP4292CZ10_DFN2510A-10_IP4292CZ10-TBR_115_IP4292CZ10-TBR_115_ESD1_ESD1.X_SpeedXP_auto_1_St.v1
0.000000e+00 (A)  X_ESD1.Xpartial.X_SpeedXP_auto_IP4292CZ10_DFN2510A-10_IP4292CZ10-TBR_115_IP4292CZ10-TBR_115_ESD1_ESD1.X_SpeedXP_auto_2_St.v1
0.000000e+00 (A)  X_ESD1.Xpartial.X_SpeedXP_auto_IP4292CZ10_DFN2510A-10_IP4292CZ10-TBR_115_IP4292CZ10-TBR_115_ESD1_ESD1.X_SpeedXP_auto_4_St.v1
0.000000e+00 (A)  X_ESD1.Xpartial.X_SpeedXP_auto_IP4292CZ10_DFN2510A-10_IP4292CZ10-TBR_115_IP4292CZ10-TBR_115_ESD1_ESD1.X_SpeedXP_auto_5_St.v1
0.000000e+00 (A)  X_ESD2.Xpartial.X_SpeedXP_auto_IP4292CZ10_DFN2510A-10_IP4292CZ10-TBR_115_IP4292CZ10-TBR_115_ESD2_ESD2.V_SpeedXP_auto_10_En
-1.000000e-12 (A)  X_ESD2.Xpartial.X_SpeedXP_auto_IP4292CZ10_DFN2510A-10_IP4292CZ10-TBR_115_IP4292CZ10-TBR_115_ESD2_ESD2.V_SpeedXP_auto_1_En
-1.000000e-12 (A)  X_ESD2.Xpartial.X_SpeedXP_auto_IP4292CZ10_DFN2510A-10_IP4292CZ10-TBR_115_IP4292CZ10-TBR_115_ESD2_ESD2.V_SpeedXP_auto_2_En
-1.000000e-12 (A)  X_ESD2.Xpartial.X_SpeedXP_auto_IP4292CZ10_DFN2510A-10_IP4292CZ10-TBR_115_IP4292CZ10-TBR_115_ESD2_ESD2.V_SpeedXP_auto_4_En
-1.000000e-12 (A)  X_ESD2.Xpartial.X_SpeedXP_auto_IP4292CZ10_DFN2510A-10_IP4292CZ10-TBR_115_IP4292CZ10-TBR_115_ESD2_ESD2.V_SpeedXP_auto_5_En
0.000000e+00 (A)  X_ESD2.Xpartial.X_SpeedXP_auto_IP4292CZ10_DFN2510A-10_IP4292CZ10-TBR_115_IP4292CZ10-TBR_115_ESD2_ESD2.V_SpeedXP_auto_6_En
0.000000e+00 (A)  X_ESD2.Xpartial.X_SpeedXP_auto_IP4292CZ10_DFN2510A-10_IP4292CZ10-TBR_115_IP4292CZ10-TBR_115_ESD2_ESD2.V_SpeedXP_auto_7_En
0.000000e+00 (A)  X_ESD2.Xpartial.X_SpeedXP_auto_IP4292CZ10_DFN2510A-10_IP4292CZ10-TBR_115_IP4292CZ10-TBR_115_ESD2_ESD2.V_SpeedXP_auto_9_En
0.000000e+00 (A)  X_ESD2.Xpartial.X_SpeedXP_auto_IP4292CZ10_DFN2510A-10_IP4292CZ10-TBR_115_IP4292CZ10-TBR_115_ESD2_ESD2.X_SpeedXP_auto_1_St.v1
0.000000e+00 (A)  X_ESD2.Xpartial.X_SpeedXP_auto_IP4292CZ10_DFN2510A-10_IP4292CZ10-TBR_115_IP4292CZ10-TBR_115_ESD2_ESD2.X_SpeedXP_auto_2_St.v1
0.000000e+00 (A)  X_ESD2.Xpartial.X_SpeedXP_auto_IP4292CZ10_DFN2510A-10_IP4292CZ10-TBR_115_IP4292CZ10-TBR_115_ESD2_ESD2.X_SpeedXP_auto_4_St.v1
0.000000e+00 (A)  X_ESD2.Xpartial.X_SpeedXP_auto_IP4292CZ10_DFN2510A-10_IP4292CZ10-TBR_115_IP4292CZ10-TBR_115_ESD2_ESD2.X_SpeedXP_auto_5_St.v1
0.000000e+00 (A)  X_HDMI1.Xpartial.X_SpeedXP_auto_HDMI-A_HDMI-001S_HDMI-001S_HDMI-001S_HDMI1.V_SpeedXP_auto_10_En
0.000000e+00 (A)  X_HDMI1.Xpartial.X_SpeedXP_auto_HDMI-A_HDMI-001S_HDMI-001S_HDMI-001S_HDMI1.V_SpeedXP_auto_12_En
0.000000e+00 (A)  X_HDMI1.Xpartial.X_SpeedXP_auto_HDMI-A_HDMI-001S_HDMI-001S_HDMI-001S_HDMI1.V_SpeedXP_auto_1_En
0.000000e+00 (A)  X_HDMI1.Xpartial.X_SpeedXP_auto_HDMI-A_HDMI-001S_HDMI-001S_HDMI-001S_HDMI1.V_SpeedXP_auto_3_En
0.000000e+00 (A)  X_HDMI1.Xpartial.X_SpeedXP_auto_HDMI-A_HDMI-001S_HDMI-001S_HDMI-001S_HDMI1.V_SpeedXP_auto_4_En
0.000000e+00 (A)  X_HDMI1.Xpartial.X_SpeedXP_auto_HDMI-A_HDMI-001S_HDMI-001S_HDMI-001S_HDMI1.V_SpeedXP_auto_6_En
0.000000e+00 (A)  X_HDMI1.Xpartial.X_SpeedXP_auto_HDMI-A_HDMI-001S_HDMI-001S_HDMI-001S_HDMI1.V_SpeedXP_auto_7_En
0.000000e+00 (A)  X_HDMI1.Xpartial.X_SpeedXP_auto_HDMI-A_HDMI-001S_HDMI-001S_HDMI-001S_HDMI1.V_SpeedXP_auto_9_En
0.000000e+00 (A)  X_R24.Xpartial.X_SpeedXP_auto_RES_R0603_10K_10K_R24_R24.V_SpeedXP_auto_2_En
-5.050000e-11 (A)  X_R25.Xpartial.X_SpeedXP_auto_RES_R0603_1K_1K_R25_R25.B_SpeedXP_auto_1_OutOfIn
-1.010000e-10 (A)  X_R25.Xpartial.X_SpeedXP_auto_RES_R0603_1K_1K_R25_R25.V_SpeedXP_auto_1_En
-7.250007e-11 (A)  X_R25.Xpartial.X_SpeedXP_auto_RES_R0603_1K_1K_R25_R25.Vpwr_1
-1.010000e-10 (A)  X_R25.Xpartial.X_SpeedXP_auto_RES_R0603_1K_1K_R25_R25.X_SpeedXP_auto_1_St.v1
0.000000e+00 (A)  X_SW1.Xpartial.X_SpeedXP_auto_SWITCH-2P_SMD4030_1_6N_1_6N_SW1.V_SpeedXP_auto_2_En
-1.010000e-10 (A)  X_U8.Xpartial.X_SpeedXP_auto_TC358870XBG_1_VFBGA80_(S1+S2+S3+S4)_TC358870XBG(NOK)_TC358870XBG(NOK)_U8.B_SpeedXP_auto_A4_OutOfIn
0.000000e+00 (A)  X_U8.Xpartial.X_SpeedXP_auto_TC358870XBG_1_VFBGA80_(S1+S2+S3+S4)_TC358870XBG(NOK)_TC358870XBG(NOK)_U8.B_SpeedXP_auto_A5_OutOfIn
-1.010000e-10 (A)  X_U8.Xpartial.X_SpeedXP_auto_TC358870XBG_1_VFBGA80_(S1+S2+S3+S4)_TC358870XBG(NOK)_TC358870XBG(NOK)_U8.B_SpeedXP_auto_A6_OutOfIn
-1.010000e-10 (A)  X_U8.Xpartial.X_SpeedXP_auto_TC358870XBG_1_VFBGA80_(S1+S2+S3+S4)_TC358870XBG(NOK)_TC358870XBG(NOK)_U8.B_SpeedXP_auto_A7_OutOfIn
-1.010000e-10 (A)  X_U8.Xpartial.X_SpeedXP_auto_TC358870XBG_1_VFBGA80_(S1+S2+S3+S4)_TC358870XBG(NOK)_TC358870XBG(NOK)_U8.B_SpeedXP_auto_B5_OutOfIn
0.000000e+00 (A)  X_U8.Xpartial.X_SpeedXP_auto_TC358870XBG_1_VFBGA80_(S1+S2+S3+S4)_TC358870XBG(NOK)_TC358870XBG(NOK)_U8.B_SpeedXP_auto_B6_OutOfIn
0.000000e+00 (A)  X_U8.Xpartial.X_SpeedXP_auto_TC358870XBG_1_VFBGA80_(S1+S2+S3+S4)_TC358870XBG(NOK)_TC358870XBG(NOK)_U8.B_SpeedXP_auto_B7_OutOfIn
0.000000e+00 (A)  X_U8.Xpartial.X_SpeedXP_auto_TC358870XBG_1_VFBGA80_(S1+S2+S3+S4)_TC358870XBG(NOK)_TC358870XBG(NOK)_U8.V_SpeedXP_auto_A4_En
0.000000e+00 (A)  X_U8.Xpartial.X_SpeedXP_auto_TC358870XBG_1_VFBGA80_(S1+S2+S3+S4)_TC358870XBG(NOK)_TC358870XBG(NOK)_U8.V_SpeedXP_auto_A5_En
0.000000e+00 (A)  X_U8.Xpartial.X_SpeedXP_auto_TC358870XBG_1_VFBGA80_(S1+S2+S3+S4)_TC358870XBG(NOK)_TC358870XBG(NOK)_U8.V_SpeedXP_auto_A6_En
0.000000e+00 (A)  X_U8.Xpartial.X_SpeedXP_auto_TC358870XBG_1_VFBGA80_(S1+S2+S3+S4)_TC358870XBG(NOK)_TC358870XBG(NOK)_U8.V_SpeedXP_auto_A7_En
0.000000e+00 (A)  X_U8.Xpartial.X_SpeedXP_auto_TC358870XBG_1_VFBGA80_(S1+S2+S3+S4)_TC358870XBG(NOK)_TC358870XBG(NOK)_U8.V_SpeedXP_auto_A8_En
0.000000e+00 (A)  X_U8.Xpartial.X_SpeedXP_auto_TC358870XBG_1_VFBGA80_(S1+S2+S3+S4)_TC358870XBG(NOK)_TC358870XBG(NOK)_U8.V_SpeedXP_auto_A9_En
0.000000e+00 (A)  X_U8.Xpartial.X_SpeedXP_auto_TC358870XBG_1_VFBGA80_(S1+S2+S3+S4)_TC358870XBG(NOK)_TC358870XBG(NOK)_U8.V_SpeedXP_auto_B5_En
0.000000e+00 (A)  X_U8.Xpartial.X_SpeedXP_auto_TC358870XBG_1_VFBGA80_(S1+S2+S3+S4)_TC358870XBG(NOK)_TC358870XBG(NOK)_U8.V_SpeedXP_auto_B6_En
0.000000e+00 (A)  X_U8.Xpartial.X_SpeedXP_auto_TC358870XBG_1_VFBGA80_(S1+S2+S3+S4)_TC358870XBG(NOK)_TC358870XBG(NOK)_U8.V_SpeedXP_auto_B7_En
0.000000e+00 (A)  X_U8.Xpartial.X_SpeedXP_auto_TC358870XBG_1_VFBGA80_(S1+S2+S3+S4)_TC358870XBG(NOK)_TC358870XBG(NOK)_U8.V_SpeedXP_auto_B8_En
0.000000e+00 (A)  X_U8.Xpartial.X_SpeedXP_auto_TC358870XBG_1_VFBGA80_(S1+S2+S3+S4)_TC358870XBG(NOK)_TC358870XBG(NOK)_U8.V_SpeedXP_auto_B9_En
0.000000e+00 (A)  X_U8.Xpartial.X_SpeedXP_auto_TC358870XBG_1_VFBGA80_(S1+S2+S3+S4)_TC358870XBG(NOK)_TC358870XBG(NOK)_U8.V_SpeedXP_auto_C1_En
0.000000e+00 (A)  X_U8.Xpartial.X_SpeedXP_auto_TC358870XBG_1_VFBGA80_(S1+S2+S3+S4)_TC358870XBG(NOK)_TC358870XBG(NOK)_U8.V_SpeedXP_auto_C2_En
0.000000e+00 (A)  X_U8.Xpartial.X_SpeedXP_auto_TC358870XBG_1_VFBGA80_(S1+S2+S3+S4)_TC358870XBG(NOK)_TC358870XBG(NOK)_U8.V_SpeedXP_auto_D10_En
0.000000e+00 (A)  X_U8.Xpartial.X_SpeedXP_auto_TC358870XBG_1_VFBGA80_(S1+S2+S3+S4)_TC358870XBG(NOK)_TC358870XBG(NOK)_U8.V_SpeedXP_auto_D1_En
0.000000e+00 (A)  X_U8.Xpartial.X_SpeedXP_auto_TC358870XBG_1_VFBGA80_(S1+S2+S3+S4)_TC358870XBG(NOK)_TC358870XBG(NOK)_U8.V_SpeedXP_auto_D2_En
0.000000e+00 (A)  X_U8.Xpartial.X_SpeedXP_auto_TC358870XBG_1_VFBGA80_(S1+S2+S3+S4)_TC358870XBG(NOK)_TC358870XBG(NOK)_U8.V_SpeedXP_auto_D9_En
0.000000e+00 (A)  X_U8.Xpartial.X_SpeedXP_auto_TC358870XBG_1_VFBGA80_(S1+S2+S3+S4)_TC358870XBG(NOK)_TC358870XBG(NOK)_U8.V_SpeedXP_auto_E10_En
0.000000e+00 (A)  X_U8.Xpartial.X_SpeedXP_auto_TC358870XBG_1_VFBGA80_(S1+S2+S3+S4)_TC358870XBG(NOK)_TC358870XBG(NOK)_U8.V_SpeedXP_auto_E1_En
0.000000e+00 (A)  X_U8.Xpartial.X_SpeedXP_auto_TC358870XBG_1_VFBGA80_(S1+S2+S3+S4)_TC358870XBG(NOK)_TC358870XBG(NOK)_U8.V_SpeedXP_auto_E2_En
0.000000e+00 (A)  X_U8.Xpartial.X_SpeedXP_auto_TC358870XBG_1_VFBGA80_(S1+S2+S3+S4)_TC358870XBG(NOK)_TC358870XBG(NOK)_U8.V_SpeedXP_auto_E9_En
0.000000e+00 (A)  X_U8.Xpartial.X_SpeedXP_auto_TC358870XBG_1_VFBGA80_(S1+S2+S3+S4)_TC358870XBG(NOK)_TC358870XBG(NOK)_U8.V_SpeedXP_auto_F10_En
0.000000e+00 (A)  X_U8.Xpartial.X_SpeedXP_auto_TC358870XBG_1_VFBGA80_(S1+S2+S3+S4)_TC358870XBG(NOK)_TC358870XBG(NOK)_U8.V_SpeedXP_auto_F1_En
0.000000e+00 (A)  X_U8.Xpartial.X_SpeedXP_auto_TC358870XBG_1_VFBGA80_(S1+S2+S3+S4)_TC358870XBG(NOK)_TC358870XBG(NOK)_U8.V_SpeedXP_auto_F2_En
0.000000e+00 (A)  X_U8.Xpartial.X_SpeedXP_auto_TC358870XBG_1_VFBGA80_(S1+S2+S3+S4)_TC358870XBG(NOK)_TC358870XBG(NOK)_U8.V_SpeedXP_auto_F9_En
0.000000e+00 (A)  X_U8.Xpartial.X_SpeedXP_auto_TC358870XBG_1_VFBGA80_(S1+S2+S3+S4)_TC358870XBG(NOK)_TC358870XBG(NOK)_U8.V_SpeedXP_auto_G10_En
0.000000e+00 (A)  X_U8.Xpartial.X_SpeedXP_auto_TC358870XBG_1_VFBGA80_(S1+S2+S3+S4)_TC358870XBG(NOK)_TC358870XBG(NOK)_U8.V_SpeedXP_auto_G9_En
0.000000e+00 (A)  X_U8.Xpartial.X_SpeedXP_auto_TC358870XBG_1_VFBGA80_(S1+S2+S3+S4)_TC358870XBG(NOK)_TC358870XBG(NOK)_U8.V_SpeedXP_auto_H10_En
0.000000e+00 (A)  X_U8.Xpartial.X_SpeedXP_auto_TC358870XBG_1_VFBGA80_(S1+S2+S3+S4)_TC358870XBG(NOK)_TC358870XBG(NOK)_U8.V_SpeedXP_auto_H9_En
0.000000e+00 (A)  X_U8.Xpartial.X_SpeedXP_auto_TC358870XBG_1_VFBGA80_(S1+S2+S3+S4)_TC358870XBG(NOK)_TC358870XBG(NOK)_U8.V_SpeedXP_auto_K8_En
-2.500000e-12 (A)  X_U8.Xpartial.X_SpeedXP_auto_TC358870XBG_1_VFBGA80_(S1+S2+S3+S4)_TC358870XBG(NOK)_TC358870XBG(NOK)_U8.Vpwr_A4
-7.500000e-12 (A)  X_U8.Xpartial.X_SpeedXP_auto_TC358870XBG_1_VFBGA80_(S1+S2+S3+S4)_TC358870XBG(NOK)_TC358870XBG(NOK)_U8.Vpwr_A5
-2.500000e-12 (A)  X_U8.Xpartial.X_SpeedXP_auto_TC358870XBG_1_VFBGA80_(S1+S2+S3+S4)_TC358870XBG(NOK)_TC358870XBG(NOK)_U8.Vpwr_A6
-2.500000e-12 (A)  X_U8.Xpartial.X_SpeedXP_auto_TC358870XBG_1_VFBGA80_(S1+S2+S3+S4)_TC358870XBG(NOK)_TC358870XBG(NOK)_U8.Vpwr_A7
-2.500000e-12 (A)  X_U8.Xpartial.X_SpeedXP_auto_TC358870XBG_1_VFBGA80_(S1+S2+S3+S4)_TC358870XBG(NOK)_TC358870XBG(NOK)_U8.Vpwr_B5
-7.500000e-12 (A)  X_U8.Xpartial.X_SpeedXP_auto_TC358870XBG_1_VFBGA80_(S1+S2+S3+S4)_TC358870XBG(NOK)_TC358870XBG(NOK)_U8.Vpwr_B6
-7.500000e-12 (A)  X_U8.Xpartial.X_SpeedXP_auto_TC358870XBG_1_VFBGA80_(S1+S2+S3+S4)_TC358870XBG(NOK)_TC358870XBG(NOK)_U8.Vpwr_B7
-4.500003e-11 (A)  xvia0.lnode4257::n2739972
-5.000006e-11 (A)  xvia0.lvia432::n2739972_patchsignal#gnd
-5.500006e-11 (A)  xvia0.lvia432::n2739972_patchsignal#pwoer
-4.750005e-11 (A)  Xvia0.VRLNode4257::N2739972
-5.250005e-11 (A)  Xvia0.VRLVia432::N2739972_PatchSignal#GND
-5.750005e-11 (A)  Xvia0.VRLVia432::N2739972_PatchSignal#PWOER
5.000000e-12 (A)  xvia1.lnode1321::mipi_dsi1_data2_n
-5.000025e-11 (A)  xvia1.lnode1541::mipi_dsi1_data2_p
5.000000e-12 (A)  Xvia1.VRLNode1321::MIPI_DSI1_DATA2_N
-5.250025e-11 (A)  Xvia1.VRLNode1541::MIPI_DSI1_DATA2_P
-1.050005e-10 (A)  xvia2.lnode1161::mipi_dsi1_data3_n
5.000000e-12 (A)  xvia2.lnode1306::mipi_dsi1_data3_p
-1.075005e-10 (A)  Xvia2.VRLNode1161::MIPI_DSI1_DATA3_N
5.000000e-12 (A)  Xvia2.VRLNode1306::MIPI_DSI1_DATA3_P
5.000000e-12 (A)  xvia3.lnode883::mipi_dsi1_clk_n
-1.500008e-10 (A)  xvia3.lnode992::mipi_dsi1_clk_p
5.000000e-12 (A)  Xvia3.VRLNode883::MIPI_DSI1_CLK_N
-1.525008e-10 (A)  Xvia3.VRLNode992::MIPI_DSI1_CLK_P
