0.000000e+00 (V)  __Gnd
1.001983e-10 (V)  FILLETpad~polygon0102::mipi_dsi0_data1_p
1.003814e-10 (V)  FILLETpad~polygon0127::mipi_dsi0_data1_p
1.001965e-10 (V)  FILLETpad~polygon0327::mipi_dsi0_data1_p
2.500000e+00 (V)  FILLETpad~polygon0396::mipi_dsi0_data1_n
2.500000e+00 (V)  FILLETpad~polygon0444::mipi_dsi0_data1_n
2.500000e+00 (V)  FILLETpad~polygon048::mipi_dsi0_data1_n
1.100000e+00 (V)  IPGPWR_VCC_1V1
1.200000e+00 (V)  IPGPWR_VCC_1V2
1.800000e+00 (V)  IPGPWR_VCC_1V8
3.300000e+00 (V)  IPGPWR_VCC_3V3
5.000000e+00 (V)  IPGPWR_VCC_5V
5.000000e+00 (V)  IPGPWR_VCC_5V5
0.000000e+00 (V)  Node101!!A8::MIPI_DSI1_DATA1_P
0.000000e+00 (V)  Node102!!B9::MIPI_DSI1_DATA0_N
0.000000e+00 (V)  Node103!!A9::MIPI_DSI1_DATA0_P
0.000000e+00 (V)  Node104!!F9::MIPI_DSI0_CLK_N
0.000000e+00 (V)  Node105!!D9::MIPI_DSI0_DATA3_N
0.000000e+00 (V)  Node106!!E9::MIPI_DSI0_DATA2_N
0.000000e+00 (V)  Node108!!H9::MIPI_DSI0_DATA0_N
0.000000e+00 (V)  Node1081!!15::MIPI_DSI1_CLK_P
0.000000e+00 (V)  Node109!!F10::MIPI_DSI0_CLK_P
0.000000e+00 (V)  Node11!!B4::VCC_HDMIRX_IN
0.000000e+00 (V)  Node110!!D10::MIPI_DSI0_DATA3_P
0.000000e+00 (V)  Node111!!E10::MIPI_DSI0_DATA2_P
1.000000e-10 (V)  Node112!!G10::MIPI_DSI0_DATA1_P
0.000000e+00 (V)  Node1207!!20::MIPI_DSI1_DATA3_N
0.000000e+00 (V)  Node1276!!19::MIPI_DSI1_DATA3_P
0.000000e+00 (V)  Node14!!F2::HDMI_DATA2_N
0.000000e+00 (V)  Node15!!2::HDMI_DATA2_N
0.000000e+00 (V)  Node1525!!12::MIPI_DSI1_DATA2_N
0.000000e+00 (V)  Node16!!3::HDMI_DATA2_N
0.000000e+00 (V)  Node1685!!11::MIPI_DSI1_DATA2_P
0.000000e+00 (V)  Node17!!9::HDMI_DATA2_N
0.000000e+00 (V)  Node1792!!14::MIPI_DSI1_DATA1_N
0.000000e+00 (V)  Node18!!F1::HDMI_DATA2_P
0.000000e+00 (V)  Node180!!H10::MIPI_DSI0_DATA0_P
0.000000e+00 (V)  Node181!!J3::INT
0.000000e+00 (V)  Node182!!K4::I2C_SCL
0.000000e+00 (V)  Node183!!K3::I2C_SDA
0.000000e+00 (V)  Node188!!K8::RESETN
0.000000e+00 (V)  Node19!!1::HDMI_DATA2_P
0.000000e+00 (V)  Node20!!1::HDMI_DATA2_P
0.000000e+00 (V)  Node2029!!13::MIPI_DSI1_DATA1_P
0.000000e+00 (V)  Node21!!10::HDMI_DATA2_P
0.000000e+00 (V)  Node2159!!18::MIPI_DSI1_DATA0_N
0.000000e+00 (V)  Node22!!D1::HDMI_DATA0_P
0.000000e+00 (V)  Node2237!!17::MIPI_DSI1_DATA0_P
0.000000e+00 (V)  Node23!!1::HDMI_DATA0_P
0.000000e+00 (V)  Node2321!!5::MIPI_DSI0_CLK_N
0.000000e+00 (V)  Node24!!7::HDMI_DATA0_P
0.000000e+00 (V)  Node2411!!1::MIPI_DSI0_DATA3_N
0.000000e+00 (V)  Node2468!!9::MIPI_DSI0_DATA2_N
2.500000e+00 (V)  Node2489!!7::MIPI_DSI0_DATA1_N
2.500000e+00 (V)  Node2491::MIPI_DSI0_DATA1_N
2.500000e+00 (V)  Node2491_Auto_43::MIPI_DSI0_DATA1_N
2.500000e+00 (V)  Node2491_Auto_44::MIPI_DSI0_DATA1_N
2.500000e+00 (V)  Node2491_Auto_46::MIPI_DSI0_DATA1_N
2.500000e+00 (V)  Node2491_Auto_47::MIPI_DSI0_DATA1_N
2.500000e+00 (V)  Node2494::MIPI_DSI0_DATA1_N
2.500000e+00 (V)  Node2494_Auto_95::MIPI_DSI0_DATA1_N
2.500000e+00 (V)  Node2494_Auto_96::MIPI_DSI0_DATA1_N
2.500000e+00 (V)  Node2495::MIPI_DSI0_DATA1_N
2.500000e+00 (V)  Node2495_Auto_122::MIPI_DSI0_DATA1_N
2.500000e+00 (V)  Node2495_Auto_123::MIPI_DSI0_DATA1_N
2.500000e+00 (V)  Node2496::MIPI_DSI0_DATA1_N
2.500000e+00 (V)  Node2497::MIPI_DSI0_DATA1_N
2.500000e+00 (V)  Node2499::MIPI_DSI0_DATA1_N
2.500000e+00 (V)  Node2499_Auto_152::MIPI_DSI0_DATA1_N
0.000000e+00 (V)  Node25!!10::HDMI_DATA0_P
2.500000e+00 (V)  Node2500::MIPI_DSI0_DATA1_N
2.500000e+00 (V)  Node2502::MIPI_DSI0_DATA1_N
2.500000e+00 (V)  Node2503::MIPI_DSI0_DATA1_N
2.500000e+00 (V)  Node2503_Auto_193::MIPI_DSI0_DATA1_N
2.500000e+00 (V)  Node2504::MIPI_DSI0_DATA1_N
2.500000e+00 (V)  Node2504_Auto_194::MIPI_DSI0_DATA1_N
2.500000e+00 (V)  Node2504_Auto_196::MIPI_DSI0_DATA1_N
2.500000e+00 (V)  Node2507::MIPI_DSI0_DATA1_N
2.500000e+00 (V)  Node2508::MIPI_DSI0_DATA1_N
2.500000e+00 (V)  Node2508_Auto_228::MIPI_DSI0_DATA1_N
2.500000e+00 (V)  Node2511::MIPI_DSI0_DATA1_N
2.500000e+00 (V)  Node2512::MIPI_DSI0_DATA1_N
2.500000e+00 (V)  Node2512_Auto_241::MIPI_DSI0_DATA1_N
2.500000e+00 (V)  Node2515::MIPI_DSI0_DATA1_N
2.500000e+00 (V)  Node2516::MIPI_DSI0_DATA1_N
2.500000e+00 (V)  Node2518::MIPI_DSI0_DATA1_N
2.500000e+00 (V)  Node2519::MIPI_DSI0_DATA1_N
2.500000e+00 (V)  Node2534::MIPI_DSI0_DATA1_N
2.500000e+00 (V)  Node2535::MIPI_DSI0_DATA1_N
2.500000e+00 (V)  Node2537::MIPI_DSI0_DATA1_N
2.500000e+00 (V)  Node2541::MIPI_DSI0_DATA1_N
2.500000e+00 (V)  Node2541_Auto_82::MIPI_DSI0_DATA1_N
2.500000e+00 (V)  Node2544::MIPI_DSI0_DATA1_N
2.500000e+00 (V)  Node2552::MIPI_DSI0_DATA1_N
2.500000e+00 (V)  Node2552_Auto_94::MIPI_DSI0_DATA1_N
2.500000e+00 (V)  Node2555::MIPI_DSI0_DATA1_N
2.500000e+00 (V)  Node2558::MIPI_DSI0_DATA1_N
2.500000e+00 (V)  Node2558_Auto_99::MIPI_DSI0_DATA1_N
2.500000e+00 (V)  Node2561::MIPI_DSI0_DATA1_N
2.500000e+00 (V)  Node2562::MIPI_DSI0_DATA1_N
2.500000e+00 (V)  Node2562_Auto_122::MIPI_DSI0_DATA1_N
2.500000e+00 (V)  Node2565::MIPI_DSI0_DATA1_N
2.500000e+00 (V)  Node2566::MIPI_DSI0_DATA1_N
2.500000e+00 (V)  Node2566_Auto_35::MIPI_DSI0_DATA1_N
2.500000e+00 (V)  Node2568::MIPI_DSI0_DATA1_N
2.500000e+00 (V)  Node2570::MIPI_DSI0_DATA1_N
2.500000e+00 (V)  Node2571::MIPI_DSI0_DATA1_N
2.500000e+00 (V)  Node2572::MIPI_DSI0_DATA1_N
2.500000e+00 (V)  Node2572_Auto_36::MIPI_DSI0_DATA1_N
2.500000e+00 (V)  Node2572_Auto_37::MIPI_DSI0_DATA1_N
2.500000e+00 (V)  Node2574::MIPI_DSI0_DATA1_N
0.000000e+00 (V)  Node26!!E1::HDMI_DATA1_P
0.000000e+00 (V)  Node2636!!3::MIPI_DSI0_DATA0_N
0.000000e+00 (V)  Node27!!4::HDMI_DATA1_P
0.000000e+00 (V)  Node270!!K9::N284871
0.000000e+00 (V)  Node273!!K2::N284174
0.000000e+00 (V)  Node275!!K1::N284159
0.000000e+00 (V)  Node277!!J1::N284077
0.000000e+00 (V)  Node2782!!6::MIPI_DSI0_CLK_P
0.000000e+00 (V)  Node279!!19::HDP
0.000000e+00 (V)  Node28!!4::HDMI_DATA1_P
0.000000e+00 (V)  Node282!!B3::SDA
0.000000e+00 (V)  Node283!!16::SDA
0.000000e+00 (V)  Node288!!15::SCL
0.000000e+00 (V)  Node29!!7::HDMI_DATA1_P
0.000000e+00 (V)  Node290!!A3::SCL
0.000000e+00 (V)  Node2941!!2::MIPI_DSI0_DATA3_P
0.000000e+00 (V)  Node2996!!10::MIPI_DSI0_DATA2_P
0.000000e+00 (V)  Node30!!D2::HDMI_DATA0_N
1.003799e-10 (V)  Node3024!!8_Auto_41::MIPI_DSI0_DATA1_P
1.003730e-10 (V)  Node3024!!8_Auto_42::MIPI_DSI0_DATA1_P
1.003703e-10 (V)  Node3025::MIPI_DSI0_DATA1_P
1.003676e-10 (V)  Node3025_Auto_45::MIPI_DSI0_DATA1_P
1.003517e-10 (V)  Node3027::MIPI_DSI0_DATA1_P
1.003158e-10 (V)  Node3047::MIPI_DSI0_DATA1_P
1.003103e-10 (V)  Node3049::MIPI_DSI0_DATA1_P
1.003019e-10 (V)  Node3050::MIPI_DSI0_DATA1_P
1.002966e-10 (V)  Node3051::MIPI_DSI0_DATA1_P
1.002961e-10 (V)  Node3052::MIPI_DSI0_DATA1_P
1.002925e-10 (V)  Node3052_Auto_124::MIPI_DSI0_DATA1_P
1.002822e-10 (V)  Node3052_Auto_125::MIPI_DSI0_DATA1_P
1.002819e-10 (V)  Node3054::MIPI_DSI0_DATA1_P
1.002804e-10 (V)  Node3054_Auto_151::MIPI_DSI0_DATA1_P
1.002779e-10 (V)  Node3055::MIPI_DSI0_DATA1_P
1.002739e-10 (V)  Node3058::MIPI_DSI0_DATA1_P
1.002730e-10 (V)  Node3058_Auto_190::MIPI_DSI0_DATA1_P
1.002702e-10 (V)  Node3058_Auto_191::MIPI_DSI0_DATA1_P
1.002699e-10 (V)  Node3059::MIPI_DSI0_DATA1_P
1.002684e-10 (V)  Node3059_Auto_192::MIPI_DSI0_DATA1_P
1.002660e-10 (V)  Node3060::MIPI_DSI0_DATA1_P
1.002640e-10 (V)  Node3060_Auto_195::MIPI_DSI0_DATA1_P
1.002554e-10 (V)  Node3064::MIPI_DSI0_DATA1_P
1.002536e-10 (V)  Node3065::MIPI_DSI0_DATA1_P
1.002457e-10 (V)  Node3065_Auto_224::MIPI_DSI0_DATA1_P
1.002340e-10 (V)  Node3068::MIPI_DSI0_DATA1_P
1.002325e-10 (V)  Node3069::MIPI_DSI0_DATA1_P
1.002320e-10 (V)  Node3069_Auto_242::MIPI_DSI0_DATA1_P
1.002263e-10 (V)  Node3069_Auto_243::MIPI_DSI0_DATA1_P
0.000000e+00 (V)  Node307!!A1::N27399713
1.002253e-10 (V)  Node3072::MIPI_DSI0_DATA1_P
1.002219e-10 (V)  Node3073::MIPI_DSI0_DATA1_P
1.002121e-10 (V)  Node3073_Auto_253::MIPI_DSI0_DATA1_P
1.002208e-10 (V)  Node3073_Auto_254::MIPI_DSI0_DATA1_P
1.002160e-10 (V)  Node3073_Auto_255::MIPI_DSI0_DATA1_P
1.001851e-10 (V)  Node3081::MIPI_DSI0_DATA1_P
1.001841e-10 (V)  Node3081_Auto_15::MIPI_DSI0_DATA1_P
1.001697e-10 (V)  Node3081_Auto_18::MIPI_DSI0_DATA1_P
1.001687e-10 (V)  Node3084::MIPI_DSI0_DATA1_P
1.001649e-10 (V)  Node3085::MIPI_DSI0_DATA1_P
1.001638e-10 (V)  Node3085_Auto_50::MIPI_DSI0_DATA1_P
1.001596e-10 (V)  Node3087::MIPI_DSI0_DATA1_P
1.001462e-10 (V)  Node3091::MIPI_DSI0_DATA1_P
1.001452e-10 (V)  Node3091_Auto_81::MIPI_DSI0_DATA1_P
1.001278e-10 (V)  Node3094::MIPI_DSI0_DATA1_P
0.000000e+00 (V)  Node31!!2::HDMI_DATA0_N
1.001172e-10 (V)  Node3102::MIPI_DSI0_DATA1_P
1.000998e-10 (V)  Node3102_Auto_95::MIPI_DSI0_DATA1_P
1.000988e-10 (V)  Node3105::MIPI_DSI0_DATA1_P
1.000887e-10 (V)  Node3108::MIPI_DSI0_DATA1_P
1.000877e-10 (V)  Node3108_Auto_98::MIPI_DSI0_DATA1_P
1.000759e-10 (V)  Node3111::MIPI_DSI0_DATA1_P
1.000741e-10 (V)  Node3112::MIPI_DSI0_DATA1_P
1.000736e-10 (V)  Node3112_Auto_123::MIPI_DSI0_DATA1_P
1.000543e-10 (V)  Node3112_Auto_124::MIPI_DSI0_DATA1_P
1.000533e-10 (V)  Node3115::MIPI_DSI0_DATA1_P
1.000494e-10 (V)  Node3116::MIPI_DSI0_DATA1_P
1.000484e-10 (V)  Node3116_Auto_34::MIPI_DSI0_DATA1_P
1.000192e-10 (V)  Node3118::MIPI_DSI0_DATA1_P
1.000152e-10 (V)  Node3120::MIPI_DSI0_DATA1_P
1.000123e-10 (V)  Node3121::MIPI_DSI0_DATA1_P
1.000088e-10 (V)  Node3122::MIPI_DSI0_DATA1_P
1.000010e-10 (V)  Node3124::MIPI_DSI0_DATA1_P
0.000000e+00 (V)  Node319!!A2::N279408
0.000000e+00 (V)  Node32!!9::HDMI_DATA0_N
0.000000e+00 (V)  Node320!!A4::N2739972
0.000000e+00 (V)  Node33!!9::HDMI_DATA0_N
0.000000e+00 (V)  Node337!!14
0.000000e+00 (V)  Node338!!13
0.000000e+00 (V)  Node34!!C1::HDMI_CLK_P
0.000000e+00 (V)  Node3405!!4::MIPI_DSI0_DATA0_P
0.000000e+00 (V)  Node341!!G6
0.000000e+00 (V)  Node342!!J2
0.000000e+00 (V)  Node343!!K5
0.000000e+00 (V)  Node344!!J5
0.000000e+00 (V)  Node345!!J6
0.000000e+00 (V)  Node346!!J8
0.000000e+00 (V)  Node347!!J9
0.000000e+00 (V)  Node348!!K7
0.000000e+00 (V)  Node349!!J4
0.000000e+00 (V)  Node35!!4::HDMI_CLK_P
0.000000e+00 (V)  Node36!!7::HDMI_CLK_P
0.000000e+00 (V)  Node37!!10::HDMI_CLK_P
0.000000e+00 (V)  Node38!!E2::HDMI_DATA1_N
0.000000e+00 (V)  Node39!!5::HDMI_DATA1_N
0.000000e+00 (V)  Node40!!6::HDMI_DATA1_N
0.000000e+00 (V)  Node4001!!32::PWM
0.000000e+00 (V)  Node4060!!29::RESX
0.000000e+00 (V)  Node41!!6::HDMI_DATA1_N
0.000000e+00 (V)  Node42!!C2::HDMI_CLK_N
0.000000e+00 (V)  Node4268!!20::N271809
0.000000e+00 (V)  Node4269!!21::N271809
0.000000e+00 (V)  Node4270!!22::N271809
0.000000e+00 (V)  Node4275!!23::N271809
0.000000e+00 (V)  Node43!!5::HDMI_CLK_N
0.000000e+00 (V)  Node44!!12::HDMI_CLK_N
0.000000e+00 (V)  Node45!!6::HDMI_CLK_N
0.000000e+00 (V)  Node4811!!39::VCC_LED_AB
0.000000e+00 (V)  Node4812!!40::VCC_LED_AB
0.000000e+00 (V)  Node4822!!P4
0.000000e+00 (V)  Node4823!!P3
0.000000e+00 (V)  Node4824!!P2
0.000000e+00 (V)  Node4825!!P1
0.000000e+00 (V)  Node4826!!31
0.000000e+00 (V)  Node4827!!30
0.000000e+00 (V)  Node63!!B7::MIPI_DSI1_CLK_N
0.000000e+00 (V)  Node64!!A7::MIPI_DSI1_CLK_P
0.000000e+00 (V)  Node65!!B5::MIPI_DSI1_DATA3_N
0.000000e+00 (V)  Node66!!A5::MIPI_DSI1_DATA3_P
0.000000e+00 (V)  Node67!!B6::MIPI_DSI1_DATA2_N
0.000000e+00 (V)  Node68!!A6::MIPI_DSI1_DATA2_P
0.000000e+00 (V)  Node69!!B8::MIPI_DSI1_DATA1_N
0.000000e+00 (V)  Node9!!18::VCC_HDMIRX_IN
0.000000e+00 (V)  Node973!!16::MIPI_DSI1_CLK_N
2.500000e+00 (V)  Trace2155#BP0::MIPI_DSI0_DATA1_N
2.500000e+00 (V)  Trace2155#BP0_Auto_222::MIPI_DSI0_DATA1_N
2.500000e+00 (V)  Trace2155#BP0_Auto_223::MIPI_DSI0_DATA1_N
2.500000e+00 (V)  Trace2155#BP0_Auto_225::MIPI_DSI0_DATA1_N
2.500000e+00 (V)  Trace2177#BP0::MIPI_DSI0_DATA1_N
2.500000e+00 (V)  Trace2177#BP0_Auto_16::MIPI_DSI0_DATA1_N
1.002414e-10 (V)  Trace2707#BP0::MIPI_DSI0_DATA1_P
1.002117e-10 (V)  Trace2715#BP0::MIPI_DSI0_DATA1_P
2.500000e+00 (V)  X_CH1.Xpartial.X_SpeedXP_auto_WP7B-P040VA1-R8000_WP7B-P040VA1-R8000_WP7B-P040VA1-R8000_WP7B-P040VA1-R8000_CH1_CH1.B_SpeedXP_auto_7.Output0
2.500000e+00 (V)  X_CH1.Xpartial.X_SpeedXP_auto_WP7B-P040VA1-R8000_WP7B-P040VA1-R8000_WP7B-P040VA1-R8000_WP7B-P040VA1-R8000_CH1_CH1.B_SpeedXP_auto_7.Output1
1.003814e-10 (V)  X_CH1.Xpartial.X_SpeedXP_auto_WP7B-P040VA1-R8000_WP7B-P040VA1-R8000_WP7B-P040VA1-R8000_WP7B-P040VA1-R8000_CH1_CH1.B_SpeedXP_auto_8.Output0
1.003814e-10 (V)  X_CH1.Xpartial.X_SpeedXP_auto_WP7B-P040VA1-R8000_WP7B-P040VA1-R8000_WP7B-P040VA1-R8000_WP7B-P040VA1-R8000_CH1_CH1.B_SpeedXP_auto_8.Output1
0.000000e+00 (V)  X_CH1.Xpartial.X_SpeedXP_auto_WP7B-P040VA1-R8000_WP7B-P040VA1-R8000_WP7B-P040VA1-R8000_WP7B-P040VA1-R8000_CH1_CH1.nd_en_1
0.000000e+00 (V)  X_CH1.Xpartial.X_SpeedXP_auto_WP7B-P040VA1-R8000_WP7B-P040VA1-R8000_WP7B-P040VA1-R8000_WP7B-P040VA1-R8000_CH1_CH1.nd_en_10
0.000000e+00 (V)  X_CH1.Xpartial.X_SpeedXP_auto_WP7B-P040VA1-R8000_WP7B-P040VA1-R8000_WP7B-P040VA1-R8000_WP7B-P040VA1-R8000_CH1_CH1.nd_en_11
0.000000e+00 (V)  X_CH1.Xpartial.X_SpeedXP_auto_WP7B-P040VA1-R8000_WP7B-P040VA1-R8000_WP7B-P040VA1-R8000_WP7B-P040VA1-R8000_CH1_CH1.nd_en_12
0.000000e+00 (V)  X_CH1.Xpartial.X_SpeedXP_auto_WP7B-P040VA1-R8000_WP7B-P040VA1-R8000_WP7B-P040VA1-R8000_WP7B-P040VA1-R8000_CH1_CH1.nd_en_13
0.000000e+00 (V)  X_CH1.Xpartial.X_SpeedXP_auto_WP7B-P040VA1-R8000_WP7B-P040VA1-R8000_WP7B-P040VA1-R8000_WP7B-P040VA1-R8000_CH1_CH1.nd_en_14
0.000000e+00 (V)  X_CH1.Xpartial.X_SpeedXP_auto_WP7B-P040VA1-R8000_WP7B-P040VA1-R8000_WP7B-P040VA1-R8000_WP7B-P040VA1-R8000_CH1_CH1.nd_en_15
0.000000e+00 (V)  X_CH1.Xpartial.X_SpeedXP_auto_WP7B-P040VA1-R8000_WP7B-P040VA1-R8000_WP7B-P040VA1-R8000_WP7B-P040VA1-R8000_CH1_CH1.nd_en_16
0.000000e+00 (V)  X_CH1.Xpartial.X_SpeedXP_auto_WP7B-P040VA1-R8000_WP7B-P040VA1-R8000_WP7B-P040VA1-R8000_WP7B-P040VA1-R8000_CH1_CH1.nd_en_17
0.000000e+00 (V)  X_CH1.Xpartial.X_SpeedXP_auto_WP7B-P040VA1-R8000_WP7B-P040VA1-R8000_WP7B-P040VA1-R8000_WP7B-P040VA1-R8000_CH1_CH1.nd_en_18
0.000000e+00 (V)  X_CH1.Xpartial.X_SpeedXP_auto_WP7B-P040VA1-R8000_WP7B-P040VA1-R8000_WP7B-P040VA1-R8000_WP7B-P040VA1-R8000_CH1_CH1.nd_en_19
0.000000e+00 (V)  X_CH1.Xpartial.X_SpeedXP_auto_WP7B-P040VA1-R8000_WP7B-P040VA1-R8000_WP7B-P040VA1-R8000_WP7B-P040VA1-R8000_CH1_CH1.nd_en_2
0.000000e+00 (V)  X_CH1.Xpartial.X_SpeedXP_auto_WP7B-P040VA1-R8000_WP7B-P040VA1-R8000_WP7B-P040VA1-R8000_WP7B-P040VA1-R8000_CH1_CH1.nd_en_20
0.000000e+00 (V)  X_CH1.Xpartial.X_SpeedXP_auto_WP7B-P040VA1-R8000_WP7B-P040VA1-R8000_WP7B-P040VA1-R8000_WP7B-P040VA1-R8000_CH1_CH1.nd_en_3
0.000000e+00 (V)  X_CH1.Xpartial.X_SpeedXP_auto_WP7B-P040VA1-R8000_WP7B-P040VA1-R8000_WP7B-P040VA1-R8000_WP7B-P040VA1-R8000_CH1_CH1.nd_en_4
0.000000e+00 (V)  X_CH1.Xpartial.X_SpeedXP_auto_WP7B-P040VA1-R8000_WP7B-P040VA1-R8000_WP7B-P040VA1-R8000_WP7B-P040VA1-R8000_CH1_CH1.nd_en_5
0.000000e+00 (V)  X_CH1.Xpartial.X_SpeedXP_auto_WP7B-P040VA1-R8000_WP7B-P040VA1-R8000_WP7B-P040VA1-R8000_WP7B-P040VA1-R8000_CH1_CH1.nd_en_6
0.000000e+00 (V)  X_CH1.Xpartial.X_SpeedXP_auto_WP7B-P040VA1-R8000_WP7B-P040VA1-R8000_WP7B-P040VA1-R8000_WP7B-P040VA1-R8000_CH1_CH1.nd_en_7
0.000000e+00 (V)  X_CH1.Xpartial.X_SpeedXP_auto_WP7B-P040VA1-R8000_WP7B-P040VA1-R8000_WP7B-P040VA1-R8000_WP7B-P040VA1-R8000_CH1_CH1.nd_en_8
0.000000e+00 (V)  X_CH1.Xpartial.X_SpeedXP_auto_WP7B-P040VA1-R8000_WP7B-P040VA1-R8000_WP7B-P040VA1-R8000_WP7B-P040VA1-R8000_CH1_CH1.nd_en_9
0.000000e+00 (V)  X_CH1.Xpartial.X_SpeedXP_auto_WP7B-P040VA1-R8000_WP7B-P040VA1-R8000_WP7B-P040VA1-R8000_WP7B-P040VA1-R8000_CH1_CH1.nd_in_7
0.000000e+00 (V)  X_CH1.Xpartial.X_SpeedXP_auto_WP7B-P040VA1-R8000_WP7B-P040VA1-R8000_WP7B-P040VA1-R8000_WP7B-P040VA1-R8000_CH1_CH1.nd_in_8
1.000000e+00 (V)  X_CH1.Xpartial.X_SpeedXP_auto_WP7B-P040VA1-R8000_WP7B-P040VA1-R8000_WP7B-P040VA1-R8000_WP7B-P040VA1-R8000_CH1_CH1.nd_out_of_in_7
0.000000e+00 (V)  X_CH1.Xpartial.X_SpeedXP_auto_WP7B-P040VA1-R8000_WP7B-P040VA1-R8000_WP7B-P040VA1-R8000_WP7B-P040VA1-R8000_CH1_CH1.nd_out_of_in_8
2.500000e+00 (V)  X_CH1.Xpartial.X_SpeedXP_auto_WP7B-P040VA1-R8000_WP7B-P040VA1-R8000_WP7B-P040VA1-R8000_WP7B-P040VA1-R8000_CH1_CH1.Power_7
2.500000e+00 (V)  X_CH1.Xpartial.X_SpeedXP_auto_WP7B-P040VA1-R8000_WP7B-P040VA1-R8000_WP7B-P040VA1-R8000_WP7B-P040VA1-R8000_CH1_CH1.Power_8
0.000000e+00 (V)  X_ESD1.Xpartial.X_SpeedXP_auto_IP4292CZ10_DFN2510A-10_IP4292CZ10-TBR_115_IP4292CZ10-TBR_115_ESD1_ESD1.nd_en_1
0.000000e+00 (V)  X_ESD1.Xpartial.X_SpeedXP_auto_IP4292CZ10_DFN2510A-10_IP4292CZ10-TBR_115_IP4292CZ10-TBR_115_ESD1_ESD1.nd_en_10
0.000000e+00 (V)  X_ESD1.Xpartial.X_SpeedXP_auto_IP4292CZ10_DFN2510A-10_IP4292CZ10-TBR_115_IP4292CZ10-TBR_115_ESD1_ESD1.nd_en_2
0.000000e+00 (V)  X_ESD1.Xpartial.X_SpeedXP_auto_IP4292CZ10_DFN2510A-10_IP4292CZ10-TBR_115_IP4292CZ10-TBR_115_ESD1_ESD1.nd_en_4
0.000000e+00 (V)  X_ESD1.Xpartial.X_SpeedXP_auto_IP4292CZ10_DFN2510A-10_IP4292CZ10-TBR_115_IP4292CZ10-TBR_115_ESD1_ESD1.nd_en_5
0.000000e+00 (V)  X_ESD1.Xpartial.X_SpeedXP_auto_IP4292CZ10_DFN2510A-10_IP4292CZ10-TBR_115_IP4292CZ10-TBR_115_ESD1_ESD1.nd_en_6
0.000000e+00 (V)  X_ESD1.Xpartial.X_SpeedXP_auto_IP4292CZ10_DFN2510A-10_IP4292CZ10-TBR_115_IP4292CZ10-TBR_115_ESD1_ESD1.nd_en_7
0.000000e+00 (V)  X_ESD1.Xpartial.X_SpeedXP_auto_IP4292CZ10_DFN2510A-10_IP4292CZ10-TBR_115_IP4292CZ10-TBR_115_ESD1_ESD1.nd_en_9
0.000000e+00 (V)  X_ESD2.Xpartial.X_SpeedXP_auto_IP4292CZ10_DFN2510A-10_IP4292CZ10-TBR_115_IP4292CZ10-TBR_115_ESD2_ESD2_ESD2.nd_en_1
0.000000e+00 (V)  X_ESD2.Xpartial.X_SpeedXP_auto_IP4292CZ10_DFN2510A-10_IP4292CZ10-TBR_115_IP4292CZ10-TBR_115_ESD2_ESD2_ESD2.nd_en_10
0.000000e+00 (V)  X_ESD2.Xpartial.X_SpeedXP_auto_IP4292CZ10_DFN2510A-10_IP4292CZ10-TBR_115_IP4292CZ10-TBR_115_ESD2_ESD2_ESD2.nd_en_2
0.000000e+00 (V)  X_ESD2.Xpartial.X_SpeedXP_auto_IP4292CZ10_DFN2510A-10_IP4292CZ10-TBR_115_IP4292CZ10-TBR_115_ESD2_ESD2_ESD2.nd_en_4
0.000000e+00 (V)  X_ESD2.Xpartial.X_SpeedXP_auto_IP4292CZ10_DFN2510A-10_IP4292CZ10-TBR_115_IP4292CZ10-TBR_115_ESD2_ESD2_ESD2.nd_en_5
0.000000e+00 (V)  X_ESD2.Xpartial.X_SpeedXP_auto_IP4292CZ10_DFN2510A-10_IP4292CZ10-TBR_115_IP4292CZ10-TBR_115_ESD2_ESD2_ESD2.nd_en_6
0.000000e+00 (V)  X_ESD2.Xpartial.X_SpeedXP_auto_IP4292CZ10_DFN2510A-10_IP4292CZ10-TBR_115_IP4292CZ10-TBR_115_ESD2_ESD2_ESD2.nd_en_7
0.000000e+00 (V)  X_ESD2.Xpartial.X_SpeedXP_auto_IP4292CZ10_DFN2510A-10_IP4292CZ10-TBR_115_IP4292CZ10-TBR_115_ESD2_ESD2_ESD2.nd_en_9
0.000000e+00 (V)  X_HDMI1.Xpartial.X_SpeedXP_auto_HDMI-A_HDMI-001S_HDMI-001S_HDMI-001S_HDMI1_HDMI1.nd_en_1
0.000000e+00 (V)  X_HDMI1.Xpartial.X_SpeedXP_auto_HDMI-A_HDMI-001S_HDMI-001S_HDMI-001S_HDMI1_HDMI1.nd_en_10
0.000000e+00 (V)  X_HDMI1.Xpartial.X_SpeedXP_auto_HDMI-A_HDMI-001S_HDMI-001S_HDMI-001S_HDMI1_HDMI1.nd_en_12
0.000000e+00 (V)  X_HDMI1.Xpartial.X_SpeedXP_auto_HDMI-A_HDMI-001S_HDMI-001S_HDMI-001S_HDMI1_HDMI1.nd_en_3
0.000000e+00 (V)  X_HDMI1.Xpartial.X_SpeedXP_auto_HDMI-A_HDMI-001S_HDMI-001S_HDMI-001S_HDMI1_HDMI1.nd_en_4
0.000000e+00 (V)  X_HDMI1.Xpartial.X_SpeedXP_auto_HDMI-A_HDMI-001S_HDMI-001S_HDMI-001S_HDMI1_HDMI1.nd_en_6
0.000000e+00 (V)  X_HDMI1.Xpartial.X_SpeedXP_auto_HDMI-A_HDMI-001S_HDMI-001S_HDMI-001S_HDMI1_HDMI1.nd_en_7
0.000000e+00 (V)  X_HDMI1.Xpartial.X_SpeedXP_auto_HDMI-A_HDMI-001S_HDMI-001S_HDMI-001S_HDMI1_HDMI1.nd_en_9
1.000000e-10 (V)  X_U8.Xpartial.X_SpeedXP_auto_TC358870XBG_1_VFBGA80_(S1+S2+S3+S4)_TC358870XBG(NOK)_TC358870XBG(NOK)_U8_U8.B_SpeedXP_auto_G10.Output0
1.000000e-10 (V)  X_U8.Xpartial.X_SpeedXP_auto_TC358870XBG_1_VFBGA80_(S1+S2+S3+S4)_TC358870XBG(NOK)_TC358870XBG(NOK)_U8_U8.B_SpeedXP_auto_G10.Output1
2.500000e+00 (V)  X_U8.Xpartial.X_SpeedXP_auto_TC358870XBG_1_VFBGA80_(S1+S2+S3+S4)_TC358870XBG(NOK)_TC358870XBG(NOK)_U8_U8.B_SpeedXP_auto_G9.Output0
2.500000e+00 (V)  X_U8.Xpartial.X_SpeedXP_auto_TC358870XBG_1_VFBGA80_(S1+S2+S3+S4)_TC358870XBG(NOK)_TC358870XBG(NOK)_U8_U8.B_SpeedXP_auto_G9.Output1
1.000000e+00 (V)  X_U8.Xpartial.X_SpeedXP_auto_TC358870XBG_1_VFBGA80_(S1+S2+S3+S4)_TC358870XBG(NOK)_TC358870XBG(NOK)_U8_U8.nd_en_A5
1.000000e+00 (V)  X_U8.Xpartial.X_SpeedXP_auto_TC358870XBG_1_VFBGA80_(S1+S2+S3+S4)_TC358870XBG(NOK)_TC358870XBG(NOK)_U8_U8.nd_en_A6
1.000000e+00 (V)  X_U8.Xpartial.X_SpeedXP_auto_TC358870XBG_1_VFBGA80_(S1+S2+S3+S4)_TC358870XBG(NOK)_TC358870XBG(NOK)_U8_U8.nd_en_A7
1.000000e+00 (V)  X_U8.Xpartial.X_SpeedXP_auto_TC358870XBG_1_VFBGA80_(S1+S2+S3+S4)_TC358870XBG(NOK)_TC358870XBG(NOK)_U8_U8.nd_en_A8
1.000000e+00 (V)  X_U8.Xpartial.X_SpeedXP_auto_TC358870XBG_1_VFBGA80_(S1+S2+S3+S4)_TC358870XBG(NOK)_TC358870XBG(NOK)_U8_U8.nd_en_A9
1.000000e+00 (V)  X_U8.Xpartial.X_SpeedXP_auto_TC358870XBG_1_VFBGA80_(S1+S2+S3+S4)_TC358870XBG(NOK)_TC358870XBG(NOK)_U8_U8.nd_en_B5
1.000000e+00 (V)  X_U8.Xpartial.X_SpeedXP_auto_TC358870XBG_1_VFBGA80_(S1+S2+S3+S4)_TC358870XBG(NOK)_TC358870XBG(NOK)_U8_U8.nd_en_B6
1.000000e+00 (V)  X_U8.Xpartial.X_SpeedXP_auto_TC358870XBG_1_VFBGA80_(S1+S2+S3+S4)_TC358870XBG(NOK)_TC358870XBG(NOK)_U8_U8.nd_en_B7
1.000000e+00 (V)  X_U8.Xpartial.X_SpeedXP_auto_TC358870XBG_1_VFBGA80_(S1+S2+S3+S4)_TC358870XBG(NOK)_TC358870XBG(NOK)_U8_U8.nd_en_B8
1.000000e+00 (V)  X_U8.Xpartial.X_SpeedXP_auto_TC358870XBG_1_VFBGA80_(S1+S2+S3+S4)_TC358870XBG(NOK)_TC358870XBG(NOK)_U8_U8.nd_en_B9
1.000000e+00 (V)  X_U8.Xpartial.X_SpeedXP_auto_TC358870XBG_1_VFBGA80_(S1+S2+S3+S4)_TC358870XBG(NOK)_TC358870XBG(NOK)_U8_U8.nd_en_C1
1.000000e+00 (V)  X_U8.Xpartial.X_SpeedXP_auto_TC358870XBG_1_VFBGA80_(S1+S2+S3+S4)_TC358870XBG(NOK)_TC358870XBG(NOK)_U8_U8.nd_en_C2
1.000000e+00 (V)  X_U8.Xpartial.X_SpeedXP_auto_TC358870XBG_1_VFBGA80_(S1+S2+S3+S4)_TC358870XBG(NOK)_TC358870XBG(NOK)_U8_U8.nd_en_D1
1.000000e+00 (V)  X_U8.Xpartial.X_SpeedXP_auto_TC358870XBG_1_VFBGA80_(S1+S2+S3+S4)_TC358870XBG(NOK)_TC358870XBG(NOK)_U8_U8.nd_en_D10
1.000000e+00 (V)  X_U8.Xpartial.X_SpeedXP_auto_TC358870XBG_1_VFBGA80_(S1+S2+S3+S4)_TC358870XBG(NOK)_TC358870XBG(NOK)_U8_U8.nd_en_D2
1.000000e+00 (V)  X_U8.Xpartial.X_SpeedXP_auto_TC358870XBG_1_VFBGA80_(S1+S2+S3+S4)_TC358870XBG(NOK)_TC358870XBG(NOK)_U8_U8.nd_en_D9
1.000000e+00 (V)  X_U8.Xpartial.X_SpeedXP_auto_TC358870XBG_1_VFBGA80_(S1+S2+S3+S4)_TC358870XBG(NOK)_TC358870XBG(NOK)_U8_U8.nd_en_E1
1.000000e+00 (V)  X_U8.Xpartial.X_SpeedXP_auto_TC358870XBG_1_VFBGA80_(S1+S2+S3+S4)_TC358870XBG(NOK)_TC358870XBG(NOK)_U8_U8.nd_en_E10
1.000000e+00 (V)  X_U8.Xpartial.X_SpeedXP_auto_TC358870XBG_1_VFBGA80_(S1+S2+S3+S4)_TC358870XBG(NOK)_TC358870XBG(NOK)_U8_U8.nd_en_E2
1.000000e+00 (V)  X_U8.Xpartial.X_SpeedXP_auto_TC358870XBG_1_VFBGA80_(S1+S2+S3+S4)_TC358870XBG(NOK)_TC358870XBG(NOK)_U8_U8.nd_en_E9
1.000000e+00 (V)  X_U8.Xpartial.X_SpeedXP_auto_TC358870XBG_1_VFBGA80_(S1+S2+S3+S4)_TC358870XBG(NOK)_TC358870XBG(NOK)_U8_U8.nd_en_F1
1.000000e+00 (V)  X_U8.Xpartial.X_SpeedXP_auto_TC358870XBG_1_VFBGA80_(S1+S2+S3+S4)_TC358870XBG(NOK)_TC358870XBG(NOK)_U8_U8.nd_en_F10
1.000000e+00 (V)  X_U8.Xpartial.X_SpeedXP_auto_TC358870XBG_1_VFBGA80_(S1+S2+S3+S4)_TC358870XBG(NOK)_TC358870XBG(NOK)_U8_U8.nd_en_F2
1.000000e+00 (V)  X_U8.Xpartial.X_SpeedXP_auto_TC358870XBG_1_VFBGA80_(S1+S2+S3+S4)_TC358870XBG(NOK)_TC358870XBG(NOK)_U8_U8.nd_en_F9
1.000000e+00 (V)  X_U8.Xpartial.X_SpeedXP_auto_TC358870XBG_1_VFBGA80_(S1+S2+S3+S4)_TC358870XBG(NOK)_TC358870XBG(NOK)_U8_U8.nd_en_G10
1.000000e+00 (V)  X_U8.Xpartial.X_SpeedXP_auto_TC358870XBG_1_VFBGA80_(S1+S2+S3+S4)_TC358870XBG(NOK)_TC358870XBG(NOK)_U8_U8.nd_en_G9
1.000000e+00 (V)  X_U8.Xpartial.X_SpeedXP_auto_TC358870XBG_1_VFBGA80_(S1+S2+S3+S4)_TC358870XBG(NOK)_TC358870XBG(NOK)_U8_U8.nd_en_H10
1.000000e+00 (V)  X_U8.Xpartial.X_SpeedXP_auto_TC358870XBG_1_VFBGA80_(S1+S2+S3+S4)_TC358870XBG(NOK)_TC358870XBG(NOK)_U8_U8.nd_en_H9
0.000000e+00 (V)  X_U8.Xpartial.X_SpeedXP_auto_TC358870XBG_1_VFBGA80_(S1+S2+S3+S4)_TC358870XBG(NOK)_TC358870XBG(NOK)_U8_U8.nd_in_A5
0.000000e+00 (V)  X_U8.Xpartial.X_SpeedXP_auto_TC358870XBG_1_VFBGA80_(S1+S2+S3+S4)_TC358870XBG(NOK)_TC358870XBG(NOK)_U8_U8.nd_in_A6
0.000000e+00 (V)  X_U8.Xpartial.X_SpeedXP_auto_TC358870XBG_1_VFBGA80_(S1+S2+S3+S4)_TC358870XBG(NOK)_TC358870XBG(NOK)_U8_U8.nd_in_A7
0.000000e+00 (V)  X_U8.Xpartial.X_SpeedXP_auto_TC358870XBG_1_VFBGA80_(S1+S2+S3+S4)_TC358870XBG(NOK)_TC358870XBG(NOK)_U8_U8.nd_in_A8
0.000000e+00 (V)  X_U8.Xpartial.X_SpeedXP_auto_TC358870XBG_1_VFBGA80_(S1+S2+S3+S4)_TC358870XBG(NOK)_TC358870XBG(NOK)_U8_U8.nd_in_A9
1.000000e+00 (V)  X_U8.Xpartial.X_SpeedXP_auto_TC358870XBG_1_VFBGA80_(S1+S2+S3+S4)_TC358870XBG(NOK)_TC358870XBG(NOK)_U8_U8.nd_in_B5
1.000000e+00 (V)  X_U8.Xpartial.X_SpeedXP_auto_TC358870XBG_1_VFBGA80_(S1+S2+S3+S4)_TC358870XBG(NOK)_TC358870XBG(NOK)_U8_U8.nd_in_B6
1.000000e+00 (V)  X_U8.Xpartial.X_SpeedXP_auto_TC358870XBG_1_VFBGA80_(S1+S2+S3+S4)_TC358870XBG(NOK)_TC358870XBG(NOK)_U8_U8.nd_in_B7
1.000000e+00 (V)  X_U8.Xpartial.X_SpeedXP_auto_TC358870XBG_1_VFBGA80_(S1+S2+S3+S4)_TC358870XBG(NOK)_TC358870XBG(NOK)_U8_U8.nd_in_B8
1.000000e+00 (V)  X_U8.Xpartial.X_SpeedXP_auto_TC358870XBG_1_VFBGA80_(S1+S2+S3+S4)_TC358870XBG(NOK)_TC358870XBG(NOK)_U8_U8.nd_in_B9
0.000000e+00 (V)  X_U8.Xpartial.X_SpeedXP_auto_TC358870XBG_1_VFBGA80_(S1+S2+S3+S4)_TC358870XBG(NOK)_TC358870XBG(NOK)_U8_U8.nd_in_C1
1.000000e+00 (V)  X_U8.Xpartial.X_SpeedXP_auto_TC358870XBG_1_VFBGA80_(S1+S2+S3+S4)_TC358870XBG(NOK)_TC358870XBG(NOK)_U8_U8.nd_in_C2
0.000000e+00 (V)  X_U8.Xpartial.X_SpeedXP_auto_TC358870XBG_1_VFBGA80_(S1+S2+S3+S4)_TC358870XBG(NOK)_TC358870XBG(NOK)_U8_U8.nd_in_D1
0.000000e+00 (V)  X_U8.Xpartial.X_SpeedXP_auto_TC358870XBG_1_VFBGA80_(S1+S2+S3+S4)_TC358870XBG(NOK)_TC358870XBG(NOK)_U8_U8.nd_in_D10
1.000000e+00 (V)  X_U8.Xpartial.X_SpeedXP_auto_TC358870XBG_1_VFBGA80_(S1+S2+S3+S4)_TC358870XBG(NOK)_TC358870XBG(NOK)_U8_U8.nd_in_D2
1.000000e+00 (V)  X_U8.Xpartial.X_SpeedXP_auto_TC358870XBG_1_VFBGA80_(S1+S2+S3+S4)_TC358870XBG(NOK)_TC358870XBG(NOK)_U8_U8.nd_in_D9
0.000000e+00 (V)  X_U8.Xpartial.X_SpeedXP_auto_TC358870XBG_1_VFBGA80_(S1+S2+S3+S4)_TC358870XBG(NOK)_TC358870XBG(NOK)_U8_U8.nd_in_E1
0.000000e+00 (V)  X_U8.Xpartial.X_SpeedXP_auto_TC358870XBG_1_VFBGA80_(S1+S2+S3+S4)_TC358870XBG(NOK)_TC358870XBG(NOK)_U8_U8.nd_in_E10
1.000000e+00 (V)  X_U8.Xpartial.X_SpeedXP_auto_TC358870XBG_1_VFBGA80_(S1+S2+S3+S4)_TC358870XBG(NOK)_TC358870XBG(NOK)_U8_U8.nd_in_E2
1.000000e+00 (V)  X_U8.Xpartial.X_SpeedXP_auto_TC358870XBG_1_VFBGA80_(S1+S2+S3+S4)_TC358870XBG(NOK)_TC358870XBG(NOK)_U8_U8.nd_in_E9
0.000000e+00 (V)  X_U8.Xpartial.X_SpeedXP_auto_TC358870XBG_1_VFBGA80_(S1+S2+S3+S4)_TC358870XBG(NOK)_TC358870XBG(NOK)_U8_U8.nd_in_F1
0.000000e+00 (V)  X_U8.Xpartial.X_SpeedXP_auto_TC358870XBG_1_VFBGA80_(S1+S2+S3+S4)_TC358870XBG(NOK)_TC358870XBG(NOK)_U8_U8.nd_in_F10
1.000000e+00 (V)  X_U8.Xpartial.X_SpeedXP_auto_TC358870XBG_1_VFBGA80_(S1+S2+S3+S4)_TC358870XBG(NOK)_TC358870XBG(NOK)_U8_U8.nd_in_F2
1.000000e+00 (V)  X_U8.Xpartial.X_SpeedXP_auto_TC358870XBG_1_VFBGA80_(S1+S2+S3+S4)_TC358870XBG(NOK)_TC358870XBG(NOK)_U8_U8.nd_in_F9
0.000000e+00 (V)  X_U8.Xpartial.X_SpeedXP_auto_TC358870XBG_1_VFBGA80_(S1+S2+S3+S4)_TC358870XBG(NOK)_TC358870XBG(NOK)_U8_U8.nd_in_G10
1.000000e+00 (V)  X_U8.Xpartial.X_SpeedXP_auto_TC358870XBG_1_VFBGA80_(S1+S2+S3+S4)_TC358870XBG(NOK)_TC358870XBG(NOK)_U8_U8.nd_in_G9
0.000000e+00 (V)  X_U8.Xpartial.X_SpeedXP_auto_TC358870XBG_1_VFBGA80_(S1+S2+S3+S4)_TC358870XBG(NOK)_TC358870XBG(NOK)_U8_U8.nd_in_H10
1.000000e+00 (V)  X_U8.Xpartial.X_SpeedXP_auto_TC358870XBG_1_VFBGA80_(S1+S2+S3+S4)_TC358870XBG(NOK)_TC358870XBG(NOK)_U8_U8.nd_in_H9
5.000000e-01 (V)  X_U8.Xpartial.X_SpeedXP_auto_TC358870XBG_1_VFBGA80_(S1+S2+S3+S4)_TC358870XBG(NOK)_TC358870XBG(NOK)_U8_U8.nd_out_of_in_G10
5.000000e-01 (V)  X_U8.Xpartial.X_SpeedXP_auto_TC358870XBG_1_VFBGA80_(S1+S2+S3+S4)_TC358870XBG(NOK)_TC358870XBG(NOK)_U8_U8.nd_out_of_in_G9
2.500000e+00 (V)  X_U8.Xpartial.X_SpeedXP_auto_TC358870XBG_1_VFBGA80_(S1+S2+S3+S4)_TC358870XBG(NOK)_TC358870XBG(NOK)_U8_U8.Power_G10
2.500000e+00 (V)  X_U8.Xpartial.X_SpeedXP_auto_TC358870XBG_1_VFBGA80_(S1+S2+S3+S4)_TC358870XBG(NOK)_TC358870XBG(NOK)_U8_U8.Power_G9
2.500000e+00 (V)  Xvia0.Node2523::MIPI_DSI0_DATA1_Ntmp
1.001965e-10 (V)  Xvia0.Node3075::MIPI_DSI0_DATA1_Ptmp
-1.100000e-12 (A)  V_PWR_VCC_1V1
-1.200000e-12 (A)  V_PWR_VCC_1V2
-1.800000e-12 (A)  V_PWR_VCC_1V8
-3.300000e-12 (A)  V_PWR_VCC_3V3
-5.000000e-12 (A)  V_PWR_VCC_5V
-5.000000e-12 (A)  V_PWR_VCC_5V5
-1.000000e-11 (A)  V_X_CH1.Xpartial.X_SpeedXP_auto_WP7B-P040VA1-R8000_WP7B-P040VA1-R8000_WP7B-P040VA1-R8000_WP7B-P040VA1-R8000_CH1_CH1.B_SpeedXP_auto_7.L_pkg
-7.500000e-12 (A)  V_X_CH1.Xpartial.X_SpeedXP_auto_WP7B-P040VA1-R8000_WP7B-P040VA1-R8000_WP7B-P040VA1-R8000_WP7B-P040VA1-R8000_CH1_CH1.B_SpeedXP_auto_7.R_pkg
5.000000e-12 (A)  V_X_CH1.Xpartial.X_SpeedXP_auto_WP7B-P040VA1-R8000_WP7B-P040VA1-R8000_WP7B-P040VA1-R8000_WP7B-P040VA1-R8000_CH1_CH1.B_SpeedXP_auto_8.L_pkg
5.000000e-12 (A)  V_X_CH1.Xpartial.X_SpeedXP_auto_WP7B-P040VA1-R8000_WP7B-P040VA1-R8000_WP7B-P040VA1-R8000_WP7B-P040VA1-R8000_CH1_CH1.B_SpeedXP_auto_8.R_pkg
-5.000000e-12 (A)  V_X_U8.Xpartial.X_SpeedXP_auto_TC358870XBG_1_VFBGA80_(S1+S2+S3+S4)_TC358870XBG(NOK)_TC358870XBG(NOK)_U8_U8.B_SpeedXP_auto_G10.L_pkg
-5.000000e-12 (A)  V_X_U8.Xpartial.X_SpeedXP_auto_TC358870XBG_1_VFBGA80_(S1+S2+S3+S4)_TC358870XBG(NOK)_TC358870XBG(NOK)_U8_U8.B_SpeedXP_auto_G10.R_pkg
1.775000e-10 (A)  V_X_U8.Xpartial.X_SpeedXP_auto_TC358870XBG_1_VFBGA80_(S1+S2+S3+S4)_TC358870XBG(NOK)_TC358870XBG(NOK)_U8_U8.B_SpeedXP_auto_G9.L_pkg
1.800000e-10 (A)  V_X_U8.Xpartial.X_SpeedXP_auto_TC358870XBG_1_VFBGA80_(S1+S2+S3+S4)_TC358870XBG(NOK)_TC358870XBG(NOK)_U8_U8.B_SpeedXP_auto_G9.R_pkg
-1.500000e-11 (A)  W_Trace2139::MIPI_DSI0_DATA1_N~0
-2.500000e-11 (A)  W_Trace2139_Auto_44::MIPI_DSI0_DATA1_N~0
-2.000000e-11 (A)  W_Trace2139_Auto_47::MIPI_DSI0_DATA1_N~0
-2.750000e-11 (A)  W_Trace2140::MIPI_DSI0_DATA1_N~0
-3.250000e-11 (A)  W_Trace2140_Auto_96::MIPI_DSI0_DATA1_N~0
-3.500000e-11 (A)  W_Trace2141::MIPI_DSI0_DATA1_N~0
-4.000000e-11 (A)  W_Trace2141_Auto_123::MIPI_DSI0_DATA1_N~0
-4.250000e-11 (A)  W_Trace2142::MIPI_DSI0_DATA1_N~0
-5.000000e-11 (A)  W_Trace2145_Auto_152::MIPI_DSI0_DATA1_N~0
-5.250000e-11 (A)  W_Trace2146::MIPI_DSI0_DATA1_N~0
-6.000000e-11 (A)  W_Trace2149_Auto_193::MIPI_DSI0_DATA1_N~0
-6.250000e-11 (A)  W_Trace2151::MIPI_DSI0_DATA1_N~0
-6.750000e-11 (A)  W_Trace2151_Auto_196::MIPI_DSI0_DATA1_N~0
-7.000000e-11 (A)  W_Trace2153#BP0::MIPI_DSI0_DATA1_N~0
-8.500000e-11 (A)  W_Trace2155#BP0_Auto_223::MIPI_DSI0_DATA1_N~0
-8.000000e-11 (A)  W_Trace2155#BP0_Auto_225::MIPI_DSI0_DATA1_N~0
-7.250000e-11 (A)  W_Trace2155::MIPI_DSI0_DATA1_N~0
-8.750000e-11 (A)  W_Trace2157::MIPI_DSI0_DATA1_N~0
-9.000000e-11 (A)  W_Trace2159::MIPI_DSI0_DATA1_N~0
-9.500000e-11 (A)  W_Trace2161::MIPI_DSI0_DATA1_N~0
1.025000e-10 (A)  W_Trace2167::MIPI_DSI0_DATA1_N~0
-1.125000e-10 (A)  W_Trace2177#BP0::MIPI_DSI0_DATA1_N~0
-1.100000e-10 (A)  W_Trace2177::MIPI_DSI0_DATA1_N~0
-1.175000e-10 (A)  W_Trace2179::MIPI_DSI0_DATA1_N~0
1.225000e-10 (A)  W_Trace2185::MIPI_DSI0_DATA1_N~0
-1.275000e-10 (A)  W_Trace2187_Auto_82::MIPI_DSI0_DATA1_N~0
1.300000e-10 (A)  W_Trace2196::MIPI_DSI0_DATA1_N~0
-1.325000e-10 (A)  W_Trace2198::MIPI_DSI0_DATA1_N~0
1.375000e-10 (A)  W_Trace2202::MIPI_DSI0_DATA1_N~0
-1.425000e-10 (A)  W_Trace2204_Auto_99::MIPI_DSI0_DATA1_N~0
-1.450000e-10 (A)  W_Trace2206::MIPI_DSI0_DATA1_N~0
-1.475000e-10 (A)  W_Trace2208::MIPI_DSI0_DATA1_N~0
-1.525000e-10 (A)  W_Trace2210::MIPI_DSI0_DATA1_N~0
-1.575000e-10 (A)  W_Trace2212_Auto_35::MIPI_DSI0_DATA1_N~0
1.600000e-10 (A)  W_Trace2214::MIPI_DSI0_DATA1_N~0
-1.650000e-10 (A)  W_Trace2216::MIPI_DSI0_DATA1_N~0
-1.675000e-10 (A)  W_Trace2217::MIPI_DSI0_DATA1_N~0
-1.725000e-10 (A)  W_Trace2217_Auto_37::MIPI_DSI0_DATA1_N~0
1.750000e-10 (A)  W_Trace2221::MIPI_DSI0_DATA1_N~0
5.000000e-12 (A)  W_Trace2665::MIPI_DSI0_DATA1_P~0
5.000000e-12 (A)  W_Trace2665_Auto_42::MIPI_DSI0_DATA1_P~0
5.000000e-12 (A)  W_Trace2666::MIPI_DSI0_DATA1_P~0
-5.000000e-12 (A)  W_Trace2687::MIPI_DSI0_DATA1_P~0
5.000000e-12 (A)  W_Trace2692::MIPI_DSI0_DATA1_P~0
5.000000e-12 (A)  W_Trace2693::MIPI_DSI0_DATA1_P~0
5.000000e-12 (A)  W_Trace2693_Auto_125::MIPI_DSI0_DATA1_P~0
5.000000e-12 (A)  W_Trace2695::MIPI_DSI0_DATA1_P~0
5.000000e-12 (A)  W_Trace2696::MIPI_DSI0_DATA1_P~0
5.000000e-12 (A)  W_Trace2699::MIPI_DSI0_DATA1_P~0
5.000000e-12 (A)  W_Trace2699_Auto_191::MIPI_DSI0_DATA1_P~0
5.000000e-12 (A)  W_Trace2700::MIPI_DSI0_DATA1_P~0
5.000000e-12 (A)  W_Trace2703#BP0::MIPI_DSI0_DATA1_P~0
5.000000e-12 (A)  W_Trace2705::MIPI_DSI0_DATA1_P~0
5.000000e-12 (A)  W_Trace2709::MIPI_DSI0_DATA1_P~0
5.000000e-12 (A)  W_Trace2711::MIPI_DSI0_DATA1_P~0
5.000000e-12 (A)  W_Trace2711_Auto_243::MIPI_DSI0_DATA1_P~0
5.000000e-12 (A)  W_Trace2713::MIPI_DSI0_DATA1_P~0
5.000000e-12 (A)  W_Trace2715#BP0::MIPI_DSI0_DATA1_P~0
5.000000e-12 (A)  W_Trace2715::MIPI_DSI0_DATA1_P~0
5.000000e-12 (A)  W_Trace2715_Auto_253::MIPI_DSI0_DATA1_P~0
-5.000000e-12 (A)  W_Trace2720::MIPI_DSI0_DATA1_P~0
5.000000e-12 (A)  W_Trace2722#BP0::MIPI_DSI0_DATA1_P~0
5.000000e-12 (A)  W_Trace2722#BP0_Auto_18::MIPI_DSI0_DATA1_P~0
5.000000e-12 (A)  W_Trace2724::MIPI_DSI0_DATA1_P~0
5.000000e-12 (A)  W_Trace2726::MIPI_DSI0_DATA1_P~0
5.000000e-12 (A)  W_Trace2727::MIPI_DSI0_DATA1_P~0
5.000000e-12 (A)  W_Trace2732::MIPI_DSI0_DATA1_P~0
-5.000000e-12 (A)  W_Trace2741::MIPI_DSI0_DATA1_P~0
5.000000e-12 (A)  W_Trace2743_Auto_95::MIPI_DSI0_DATA1_P~0
-5.000000e-12 (A)  W_Trace2747::MIPI_DSI0_DATA1_P~0
5.000000e-12 (A)  W_Trace2749::MIPI_DSI0_DATA1_P~0
5.000000e-12 (A)  W_Trace2751::MIPI_DSI0_DATA1_P~0
5.000000e-12 (A)  W_Trace2753::MIPI_DSI0_DATA1_P~0
5.000000e-12 (A)  W_Trace2753_Auto_124::MIPI_DSI0_DATA1_P~0
5.000000e-12 (A)  W_Trace2755::MIPI_DSI0_DATA1_P~0
5.000000e-12 (A)  W_Trace2757::MIPI_DSI0_DATA1_P~0
-5.000000e-12 (A)  W_Trace2759::MIPI_DSI0_DATA1_P~0
5.000000e-12 (A)  W_Trace2761::MIPI_DSI0_DATA1_P~0
5.000000e-12 (A)  W_Trace2764::MIPI_DSI0_DATA1_P~0
5.000000e-12 (A)  WCPL_Trace2665_Auto_41::MIPI_DSI0_DATA1_P~0
-1.250000e-11 (A)  WCPL_Trace2665_Auto_41::MIPI_DSI0_DATA1_P~1
5.000000e-12 (A)  WCPL_Trace2666_Auto_45::MIPI_DSI0_DATA1_P~0
-1.750000e-11 (A)  WCPL_Trace2666_Auto_45::MIPI_DSI0_DATA1_P~1
5.000000e-12 (A)  WCPL_Trace2689::MIPI_DSI0_DATA1_P~0
-2.250000e-11 (A)  WCPL_Trace2689::MIPI_DSI0_DATA1_P~1
5.000000e-12 (A)  WCPL_Trace2690::MIPI_DSI0_DATA1_P~0
-3.000000e-11 (A)  WCPL_Trace2690::MIPI_DSI0_DATA1_P~1
5.000000e-12 (A)  WCPL_Trace2691::MIPI_DSI0_DATA1_P~0
-3.750000e-11 (A)  WCPL_Trace2691::MIPI_DSI0_DATA1_P~1
5.000000e-12 (A)  WCPL_Trace2693_Auto_124::MIPI_DSI0_DATA1_P~0
-4.500000e-11 (A)  WCPL_Trace2693_Auto_124::MIPI_DSI0_DATA1_P~1
5.000000e-12 (A)  WCPL_Trace2695_Auto_151::MIPI_DSI0_DATA1_P~0
-4.750000e-11 (A)  WCPL_Trace2695_Auto_151::MIPI_DSI0_DATA1_P~1
5.000000e-12 (A)  WCPL_Trace2699_Auto_190::MIPI_DSI0_DATA1_P~0
-5.500000e-11 (A)  WCPL_Trace2699_Auto_190::MIPI_DSI0_DATA1_P~1
5.000000e-12 (A)  WCPL_Trace2700_Auto_192::MIPI_DSI0_DATA1_P~0
-5.750000e-11 (A)  WCPL_Trace2700_Auto_192::MIPI_DSI0_DATA1_P~1
5.000000e-12 (A)  WCPL_Trace2703#BP0_Auto_195::MIPI_DSI0_DATA1_P~0
-6.500000e-11 (A)  WCPL_Trace2703#BP0_Auto_195::MIPI_DSI0_DATA1_P~1
5.000000e-12 (A)  WCPL_Trace2707#BP0::MIPI_DSI0_DATA1_P~0
-8.250000e-11 (A)  WCPL_Trace2707#BP0::MIPI_DSI0_DATA1_P~1
5.000000e-12 (A)  WCPL_Trace2707::MIPI_DSI0_DATA1_P~0
-7.500000e-11 (A)  WCPL_Trace2707::MIPI_DSI0_DATA1_P~1
5.000000e-12 (A)  WCPL_Trace2707_Auto_224::MIPI_DSI0_DATA1_P~0
-7.750000e-11 (A)  WCPL_Trace2707_Auto_224::MIPI_DSI0_DATA1_P~1
5.000000e-12 (A)  WCPL_Trace2711_Auto_242::MIPI_DSI0_DATA1_P~0
-9.250000e-11 (A)  WCPL_Trace2711_Auto_242::MIPI_DSI0_DATA1_P~1
5.000000e-12 (A)  WCPL_Trace2715_Auto_252::MIPI_DSI0_DATA1_P~0
-1.000000e-10 (A)  WCPL_Trace2715_Auto_252::MIPI_DSI0_DATA1_P~1
5.000000e-12 (A)  WCPL_Trace2715_Auto_254::MIPI_DSI0_DATA1_P~0
-9.750000e-11 (A)  WCPL_Trace2715_Auto_254::MIPI_DSI0_DATA1_P~1
5.000000e-12 (A)  WCPL_Trace2722#BP0_Auto_15::MIPI_DSI0_DATA1_P~0
-1.150000e-10 (A)  WCPL_Trace2722#BP0_Auto_15::MIPI_DSI0_DATA1_P~1
5.000000e-12 (A)  WCPL_Trace2726_Auto_50::MIPI_DSI0_DATA1_P~0
-1.200000e-10 (A)  WCPL_Trace2726_Auto_50::MIPI_DSI0_DATA1_P~1
5.000000e-12 (A)  WCPL_Trace2732_Auto_81::MIPI_DSI0_DATA1_P~0
-1.250000e-10 (A)  WCPL_Trace2732_Auto_81::MIPI_DSI0_DATA1_P~1
5.000000e-12 (A)  WCPL_Trace2743::MIPI_DSI0_DATA1_P~0
-1.350000e-10 (A)  WCPL_Trace2743::MIPI_DSI0_DATA1_P~1
5.000000e-12 (A)  WCPL_Trace2749_Auto_98::MIPI_DSI0_DATA1_P~0
-1.400000e-10 (A)  WCPL_Trace2749_Auto_98::MIPI_DSI0_DATA1_P~1
5.000000e-12 (A)  WCPL_Trace2753_Auto_123::MIPI_DSI0_DATA1_P~0
-1.500000e-10 (A)  WCPL_Trace2753_Auto_123::MIPI_DSI0_DATA1_P~1
5.000000e-12 (A)  WCPL_Trace2757_Auto_34::MIPI_DSI0_DATA1_P~0
-1.550000e-10 (A)  WCPL_Trace2757_Auto_34::MIPI_DSI0_DATA1_P~1
5.000000e-12 (A)  WCPL_Trace2760::MIPI_DSI0_DATA1_P~0
-1.625000e-10 (A)  WCPL_Trace2760::MIPI_DSI0_DATA1_P~1
5.000000e-12 (A)  WCPL_Trace2762::MIPI_DSI0_DATA1_P~0
-1.700000e-10 (A)  WCPL_Trace2762::MIPI_DSI0_DATA1_P~1
-1.010000e-10 (A)  X_CH1.Xpartial.X_SpeedXP_auto_WP7B-P040VA1-R8000_WP7B-P040VA1-R8000_WP7B-P040VA1-R8000_WP7B-P040VA1-R8000_CH1_CH1.B_SpeedXP_auto_7_OutOfIn
0.000000e+00 (A)  X_CH1.Xpartial.X_SpeedXP_auto_WP7B-P040VA1-R8000_WP7B-P040VA1-R8000_WP7B-P040VA1-R8000_WP7B-P040VA1-R8000_CH1_CH1.B_SpeedXP_auto_8_OutOfIn
0.000000e+00 (A)  X_CH1.Xpartial.X_SpeedXP_auto_WP7B-P040VA1-R8000_WP7B-P040VA1-R8000_WP7B-P040VA1-R8000_WP7B-P040VA1-R8000_CH1_CH1.V_SpeedXP_auto_10_En
0.000000e+00 (A)  X_CH1.Xpartial.X_SpeedXP_auto_WP7B-P040VA1-R8000_WP7B-P040VA1-R8000_WP7B-P040VA1-R8000_WP7B-P040VA1-R8000_CH1_CH1.V_SpeedXP_auto_11_En
0.000000e+00 (A)  X_CH1.Xpartial.X_SpeedXP_auto_WP7B-P040VA1-R8000_WP7B-P040VA1-R8000_WP7B-P040VA1-R8000_WP7B-P040VA1-R8000_CH1_CH1.V_SpeedXP_auto_12_En
0.000000e+00 (A)  X_CH1.Xpartial.X_SpeedXP_auto_WP7B-P040VA1-R8000_WP7B-P040VA1-R8000_WP7B-P040VA1-R8000_WP7B-P040VA1-R8000_CH1_CH1.V_SpeedXP_auto_13_En
0.000000e+00 (A)  X_CH1.Xpartial.X_SpeedXP_auto_WP7B-P040VA1-R8000_WP7B-P040VA1-R8000_WP7B-P040VA1-R8000_WP7B-P040VA1-R8000_CH1_CH1.V_SpeedXP_auto_14_En
0.000000e+00 (A)  X_CH1.Xpartial.X_SpeedXP_auto_WP7B-P040VA1-R8000_WP7B-P040VA1-R8000_WP7B-P040VA1-R8000_WP7B-P040VA1-R8000_CH1_CH1.V_SpeedXP_auto_15_En
0.000000e+00 (A)  X_CH1.Xpartial.X_SpeedXP_auto_WP7B-P040VA1-R8000_WP7B-P040VA1-R8000_WP7B-P040VA1-R8000_WP7B-P040VA1-R8000_CH1_CH1.V_SpeedXP_auto_16_En
0.000000e+00 (A)  X_CH1.Xpartial.X_SpeedXP_auto_WP7B-P040VA1-R8000_WP7B-P040VA1-R8000_WP7B-P040VA1-R8000_WP7B-P040VA1-R8000_CH1_CH1.V_SpeedXP_auto_17_En
0.000000e+00 (A)  X_CH1.Xpartial.X_SpeedXP_auto_WP7B-P040VA1-R8000_WP7B-P040VA1-R8000_WP7B-P040VA1-R8000_WP7B-P040VA1-R8000_CH1_CH1.V_SpeedXP_auto_18_En
0.000000e+00 (A)  X_CH1.Xpartial.X_SpeedXP_auto_WP7B-P040VA1-R8000_WP7B-P040VA1-R8000_WP7B-P040VA1-R8000_WP7B-P040VA1-R8000_CH1_CH1.V_SpeedXP_auto_19_En
0.000000e+00 (A)  X_CH1.Xpartial.X_SpeedXP_auto_WP7B-P040VA1-R8000_WP7B-P040VA1-R8000_WP7B-P040VA1-R8000_WP7B-P040VA1-R8000_CH1_CH1.V_SpeedXP_auto_1_En
0.000000e+00 (A)  X_CH1.Xpartial.X_SpeedXP_auto_WP7B-P040VA1-R8000_WP7B-P040VA1-R8000_WP7B-P040VA1-R8000_WP7B-P040VA1-R8000_CH1_CH1.V_SpeedXP_auto_20_En
0.000000e+00 (A)  X_CH1.Xpartial.X_SpeedXP_auto_WP7B-P040VA1-R8000_WP7B-P040VA1-R8000_WP7B-P040VA1-R8000_WP7B-P040VA1-R8000_CH1_CH1.V_SpeedXP_auto_2_En
0.000000e+00 (A)  X_CH1.Xpartial.X_SpeedXP_auto_WP7B-P040VA1-R8000_WP7B-P040VA1-R8000_WP7B-P040VA1-R8000_WP7B-P040VA1-R8000_CH1_CH1.V_SpeedXP_auto_3_En
0.000000e+00 (A)  X_CH1.Xpartial.X_SpeedXP_auto_WP7B-P040VA1-R8000_WP7B-P040VA1-R8000_WP7B-P040VA1-R8000_WP7B-P040VA1-R8000_CH1_CH1.V_SpeedXP_auto_4_En
0.000000e+00 (A)  X_CH1.Xpartial.X_SpeedXP_auto_WP7B-P040VA1-R8000_WP7B-P040VA1-R8000_WP7B-P040VA1-R8000_WP7B-P040VA1-R8000_CH1_CH1.V_SpeedXP_auto_5_En
0.000000e+00 (A)  X_CH1.Xpartial.X_SpeedXP_auto_WP7B-P040VA1-R8000_WP7B-P040VA1-R8000_WP7B-P040VA1-R8000_WP7B-P040VA1-R8000_CH1_CH1.V_SpeedXP_auto_6_En
0.000000e+00 (A)  X_CH1.Xpartial.X_SpeedXP_auto_WP7B-P040VA1-R8000_WP7B-P040VA1-R8000_WP7B-P040VA1-R8000_WP7B-P040VA1-R8000_CH1_CH1.V_SpeedXP_auto_7_En
0.000000e+00 (A)  X_CH1.Xpartial.X_SpeedXP_auto_WP7B-P040VA1-R8000_WP7B-P040VA1-R8000_WP7B-P040VA1-R8000_WP7B-P040VA1-R8000_CH1_CH1.V_SpeedXP_auto_8_En
0.000000e+00 (A)  X_CH1.Xpartial.X_SpeedXP_auto_WP7B-P040VA1-R8000_WP7B-P040VA1-R8000_WP7B-P040VA1-R8000_WP7B-P040VA1-R8000_CH1_CH1.V_SpeedXP_auto_9_En
-2.500000e-12 (A)  X_CH1.Xpartial.X_SpeedXP_auto_WP7B-P040VA1-R8000_WP7B-P040VA1-R8000_WP7B-P040VA1-R8000_WP7B-P040VA1-R8000_CH1_CH1.Vpwr_7
-7.500000e-12 (A)  X_CH1.Xpartial.X_SpeedXP_auto_WP7B-P040VA1-R8000_WP7B-P040VA1-R8000_WP7B-P040VA1-R8000_WP7B-P040VA1-R8000_CH1_CH1.Vpwr_8
0.000000e+00 (A)  X_ESD1.Xpartial.X_SpeedXP_auto_IP4292CZ10_DFN2510A-10_IP4292CZ10-TBR_115_IP4292CZ10-TBR_115_ESD1_ESD1.V_SpeedXP_auto_10_En
0.000000e+00 (A)  X_ESD1.Xpartial.X_SpeedXP_auto_IP4292CZ10_DFN2510A-10_IP4292CZ10-TBR_115_IP4292CZ10-TBR_115_ESD1_ESD1.V_SpeedXP_auto_1_En
0.000000e+00 (A)  X_ESD1.Xpartial.X_SpeedXP_auto_IP4292CZ10_DFN2510A-10_IP4292CZ10-TBR_115_IP4292CZ10-TBR_115_ESD1_ESD1.V_SpeedXP_auto_2_En
0.000000e+00 (A)  X_ESD1.Xpartial.X_SpeedXP_auto_IP4292CZ10_DFN2510A-10_IP4292CZ10-TBR_115_IP4292CZ10-TBR_115_ESD1_ESD1.V_SpeedXP_auto_4_En
0.000000e+00 (A)  X_ESD1.Xpartial.X_SpeedXP_auto_IP4292CZ10_DFN2510A-10_IP4292CZ10-TBR_115_IP4292CZ10-TBR_115_ESD1_ESD1.V_SpeedXP_auto_5_En
0.000000e+00 (A)  X_ESD1.Xpartial.X_SpeedXP_auto_IP4292CZ10_DFN2510A-10_IP4292CZ10-TBR_115_IP4292CZ10-TBR_115_ESD1_ESD1.V_SpeedXP_auto_6_En
0.000000e+00 (A)  X_ESD1.Xpartial.X_SpeedXP_auto_IP4292CZ10_DFN2510A-10_IP4292CZ10-TBR_115_IP4292CZ10-TBR_115_ESD1_ESD1.V_SpeedXP_auto_7_En
0.000000e+00 (A)  X_ESD1.Xpartial.X_SpeedXP_auto_IP4292CZ10_DFN2510A-10_IP4292CZ10-TBR_115_IP4292CZ10-TBR_115_ESD1_ESD1.V_SpeedXP_auto_9_En
0.000000e+00 (A)  X_ESD2.Xpartial.X_SpeedXP_auto_IP4292CZ10_DFN2510A-10_IP4292CZ10-TBR_115_IP4292CZ10-TBR_115_ESD2_ESD2_ESD2.V_SpeedXP_auto_10_En
0.000000e+00 (A)  X_ESD2.Xpartial.X_SpeedXP_auto_IP4292CZ10_DFN2510A-10_IP4292CZ10-TBR_115_IP4292CZ10-TBR_115_ESD2_ESD2_ESD2.V_SpeedXP_auto_1_En
0.000000e+00 (A)  X_ESD2.Xpartial.X_SpeedXP_auto_IP4292CZ10_DFN2510A-10_IP4292CZ10-TBR_115_IP4292CZ10-TBR_115_ESD2_ESD2_ESD2.V_SpeedXP_auto_2_En
0.000000e+00 (A)  X_ESD2.Xpartial.X_SpeedXP_auto_IP4292CZ10_DFN2510A-10_IP4292CZ10-TBR_115_IP4292CZ10-TBR_115_ESD2_ESD2_ESD2.V_SpeedXP_auto_4_En
0.000000e+00 (A)  X_ESD2.Xpartial.X_SpeedXP_auto_IP4292CZ10_DFN2510A-10_IP4292CZ10-TBR_115_IP4292CZ10-TBR_115_ESD2_ESD2_ESD2.V_SpeedXP_auto_5_En
0.000000e+00 (A)  X_ESD2.Xpartial.X_SpeedXP_auto_IP4292CZ10_DFN2510A-10_IP4292CZ10-TBR_115_IP4292CZ10-TBR_115_ESD2_ESD2_ESD2.V_SpeedXP_auto_6_En
0.000000e+00 (A)  X_ESD2.Xpartial.X_SpeedXP_auto_IP4292CZ10_DFN2510A-10_IP4292CZ10-TBR_115_IP4292CZ10-TBR_115_ESD2_ESD2_ESD2.V_SpeedXP_auto_7_En
0.000000e+00 (A)  X_ESD2.Xpartial.X_SpeedXP_auto_IP4292CZ10_DFN2510A-10_IP4292CZ10-TBR_115_IP4292CZ10-TBR_115_ESD2_ESD2_ESD2.V_SpeedXP_auto_9_En
0.000000e+00 (A)  X_HDMI1.Xpartial.X_SpeedXP_auto_HDMI-A_HDMI-001S_HDMI-001S_HDMI-001S_HDMI1_HDMI1.V_SpeedXP_auto_10_En
0.000000e+00 (A)  X_HDMI1.Xpartial.X_SpeedXP_auto_HDMI-A_HDMI-001S_HDMI-001S_HDMI-001S_HDMI1_HDMI1.V_SpeedXP_auto_12_En
0.000000e+00 (A)  X_HDMI1.Xpartial.X_SpeedXP_auto_HDMI-A_HDMI-001S_HDMI-001S_HDMI-001S_HDMI1_HDMI1.V_SpeedXP_auto_1_En
0.000000e+00 (A)  X_HDMI1.Xpartial.X_SpeedXP_auto_HDMI-A_HDMI-001S_HDMI-001S_HDMI-001S_HDMI1_HDMI1.V_SpeedXP_auto_3_En
0.000000e+00 (A)  X_HDMI1.Xpartial.X_SpeedXP_auto_HDMI-A_HDMI-001S_HDMI-001S_HDMI-001S_HDMI1_HDMI1.V_SpeedXP_auto_4_En
0.000000e+00 (A)  X_HDMI1.Xpartial.X_SpeedXP_auto_HDMI-A_HDMI-001S_HDMI-001S_HDMI-001S_HDMI1_HDMI1.V_SpeedXP_auto_6_En
0.000000e+00 (A)  X_HDMI1.Xpartial.X_SpeedXP_auto_HDMI-A_HDMI-001S_HDMI-001S_HDMI-001S_HDMI1_HDMI1.V_SpeedXP_auto_7_En
0.000000e+00 (A)  X_HDMI1.Xpartial.X_SpeedXP_auto_HDMI-A_HDMI-001S_HDMI-001S_HDMI-001S_HDMI1_HDMI1.V_SpeedXP_auto_9_En
-5.050000e-11 (A)  X_U8.Xpartial.X_SpeedXP_auto_TC358870XBG_1_VFBGA80_(S1+S2+S3+S4)_TC358870XBG(NOK)_TC358870XBG(NOK)_U8_U8.B_SpeedXP_auto_G10_OutOfIn
-5.050000e-11 (A)  X_U8.Xpartial.X_SpeedXP_auto_TC358870XBG_1_VFBGA80_(S1+S2+S3+S4)_TC358870XBG(NOK)_TC358870XBG(NOK)_U8_U8.B_SpeedXP_auto_G9_OutOfIn
-1.000000e-12 (A)  X_U8.Xpartial.X_SpeedXP_auto_TC358870XBG_1_VFBGA80_(S1+S2+S3+S4)_TC358870XBG(NOK)_TC358870XBG(NOK)_U8_U8.V_SpeedXP_auto_A5_En
-1.000000e-12 (A)  X_U8.Xpartial.X_SpeedXP_auto_TC358870XBG_1_VFBGA80_(S1+S2+S3+S4)_TC358870XBG(NOK)_TC358870XBG(NOK)_U8_U8.V_SpeedXP_auto_A6_En
-1.000000e-12 (A)  X_U8.Xpartial.X_SpeedXP_auto_TC358870XBG_1_VFBGA80_(S1+S2+S3+S4)_TC358870XBG(NOK)_TC358870XBG(NOK)_U8_U8.V_SpeedXP_auto_A7_En
-1.000000e-12 (A)  X_U8.Xpartial.X_SpeedXP_auto_TC358870XBG_1_VFBGA80_(S1+S2+S3+S4)_TC358870XBG(NOK)_TC358870XBG(NOK)_U8_U8.V_SpeedXP_auto_A8_En
-1.000000e-12 (A)  X_U8.Xpartial.X_SpeedXP_auto_TC358870XBG_1_VFBGA80_(S1+S2+S3+S4)_TC358870XBG(NOK)_TC358870XBG(NOK)_U8_U8.V_SpeedXP_auto_A9_En
-1.000000e-12 (A)  X_U8.Xpartial.X_SpeedXP_auto_TC358870XBG_1_VFBGA80_(S1+S2+S3+S4)_TC358870XBG(NOK)_TC358870XBG(NOK)_U8_U8.V_SpeedXP_auto_B5_En
-1.000000e-12 (A)  X_U8.Xpartial.X_SpeedXP_auto_TC358870XBG_1_VFBGA80_(S1+S2+S3+S4)_TC358870XBG(NOK)_TC358870XBG(NOK)_U8_U8.V_SpeedXP_auto_B6_En
-1.000000e-12 (A)  X_U8.Xpartial.X_SpeedXP_auto_TC358870XBG_1_VFBGA80_(S1+S2+S3+S4)_TC358870XBG(NOK)_TC358870XBG(NOK)_U8_U8.V_SpeedXP_auto_B7_En
-1.000000e-12 (A)  X_U8.Xpartial.X_SpeedXP_auto_TC358870XBG_1_VFBGA80_(S1+S2+S3+S4)_TC358870XBG(NOK)_TC358870XBG(NOK)_U8_U8.V_SpeedXP_auto_B8_En
-1.000000e-12 (A)  X_U8.Xpartial.X_SpeedXP_auto_TC358870XBG_1_VFBGA80_(S1+S2+S3+S4)_TC358870XBG(NOK)_TC358870XBG(NOK)_U8_U8.V_SpeedXP_auto_B9_En
-1.000000e-12 (A)  X_U8.Xpartial.X_SpeedXP_auto_TC358870XBG_1_VFBGA80_(S1+S2+S3+S4)_TC358870XBG(NOK)_TC358870XBG(NOK)_U8_U8.V_SpeedXP_auto_C1_En
-1.000000e-12 (A)  X_U8.Xpartial.X_SpeedXP_auto_TC358870XBG_1_VFBGA80_(S1+S2+S3+S4)_TC358870XBG(NOK)_TC358870XBG(NOK)_U8_U8.V_SpeedXP_auto_C2_En
-1.000000e-12 (A)  X_U8.Xpartial.X_SpeedXP_auto_TC358870XBG_1_VFBGA80_(S1+S2+S3+S4)_TC358870XBG(NOK)_TC358870XBG(NOK)_U8_U8.V_SpeedXP_auto_D10_En
-1.000000e-12 (A)  X_U8.Xpartial.X_SpeedXP_auto_TC358870XBG_1_VFBGA80_(S1+S2+S3+S4)_TC358870XBG(NOK)_TC358870XBG(NOK)_U8_U8.V_SpeedXP_auto_D1_En
-1.000000e-12 (A)  X_U8.Xpartial.X_SpeedXP_auto_TC358870XBG_1_VFBGA80_(S1+S2+S3+S4)_TC358870XBG(NOK)_TC358870XBG(NOK)_U8_U8.V_SpeedXP_auto_D2_En
-1.000000e-12 (A)  X_U8.Xpartial.X_SpeedXP_auto_TC358870XBG_1_VFBGA80_(S1+S2+S3+S4)_TC358870XBG(NOK)_TC358870XBG(NOK)_U8_U8.V_SpeedXP_auto_D9_En
-1.000000e-12 (A)  X_U8.Xpartial.X_SpeedXP_auto_TC358870XBG_1_VFBGA80_(S1+S2+S3+S4)_TC358870XBG(NOK)_TC358870XBG(NOK)_U8_U8.V_SpeedXP_auto_E10_En
-1.000000e-12 (A)  X_U8.Xpartial.X_SpeedXP_auto_TC358870XBG_1_VFBGA80_(S1+S2+S3+S4)_TC358870XBG(NOK)_TC358870XBG(NOK)_U8_U8.V_SpeedXP_auto_E1_En
-1.000000e-12 (A)  X_U8.Xpartial.X_SpeedXP_auto_TC358870XBG_1_VFBGA80_(S1+S2+S3+S4)_TC358870XBG(NOK)_TC358870XBG(NOK)_U8_U8.V_SpeedXP_auto_E2_En
-1.000000e-12 (A)  X_U8.Xpartial.X_SpeedXP_auto_TC358870XBG_1_VFBGA80_(S1+S2+S3+S4)_TC358870XBG(NOK)_TC358870XBG(NOK)_U8_U8.V_SpeedXP_auto_E9_En
-1.000000e-12 (A)  X_U8.Xpartial.X_SpeedXP_auto_TC358870XBG_1_VFBGA80_(S1+S2+S3+S4)_TC358870XBG(NOK)_TC358870XBG(NOK)_U8_U8.V_SpeedXP_auto_F10_En
-1.000000e-12 (A)  X_U8.Xpartial.X_SpeedXP_auto_TC358870XBG_1_VFBGA80_(S1+S2+S3+S4)_TC358870XBG(NOK)_TC358870XBG(NOK)_U8_U8.V_SpeedXP_auto_F1_En
-1.000000e-12 (A)  X_U8.Xpartial.X_SpeedXP_auto_TC358870XBG_1_VFBGA80_(S1+S2+S3+S4)_TC358870XBG(NOK)_TC358870XBG(NOK)_U8_U8.V_SpeedXP_auto_F2_En
-1.000000e-12 (A)  X_U8.Xpartial.X_SpeedXP_auto_TC358870XBG_1_VFBGA80_(S1+S2+S3+S4)_TC358870XBG(NOK)_TC358870XBG(NOK)_U8_U8.V_SpeedXP_auto_F9_En
-1.010000e-10 (A)  X_U8.Xpartial.X_SpeedXP_auto_TC358870XBG_1_VFBGA80_(S1+S2+S3+S4)_TC358870XBG(NOK)_TC358870XBG(NOK)_U8_U8.V_SpeedXP_auto_G10_En
-1.010000e-10 (A)  X_U8.Xpartial.X_SpeedXP_auto_TC358870XBG_1_VFBGA80_(S1+S2+S3+S4)_TC358870XBG(NOK)_TC358870XBG(NOK)_U8_U8.V_SpeedXP_auto_G9_En
-1.000000e-12 (A)  X_U8.Xpartial.X_SpeedXP_auto_TC358870XBG_1_VFBGA80_(S1+S2+S3+S4)_TC358870XBG(NOK)_TC358870XBG(NOK)_U8_U8.V_SpeedXP_auto_H10_En
-1.000000e-12 (A)  X_U8.Xpartial.X_SpeedXP_auto_TC358870XBG_1_VFBGA80_(S1+S2+S3+S4)_TC358870XBG(NOK)_TC358870XBG(NOK)_U8_U8.V_SpeedXP_auto_H9_En
-7.500000e-12 (A)  X_U8.Xpartial.X_SpeedXP_auto_TC358870XBG_1_VFBGA80_(S1+S2+S3+S4)_TC358870XBG(NOK)_TC358870XBG(NOK)_U8_U8.Vpwr_G10
-1.900000e-10 (A)  X_U8.Xpartial.X_SpeedXP_auto_TC358870XBG_1_VFBGA80_(S1+S2+S3+S4)_TC358870XBG(NOK)_TC358870XBG(NOK)_U8_U8.Vpwr_G9
0.000000e+00 (A)  X_U8.Xpartial.X_SpeedXP_auto_TC358870XBG_1_VFBGA80_(S1+S2+S3+S4)_TC358870XBG(NOK)_TC358870XBG(NOK)_U8_U8.X_SpeedXP_auto_A5_St.v1
0.000000e+00 (A)  X_U8.Xpartial.X_SpeedXP_auto_TC358870XBG_1_VFBGA80_(S1+S2+S3+S4)_TC358870XBG(NOK)_TC358870XBG(NOK)_U8_U8.X_SpeedXP_auto_A6_St.v1
0.000000e+00 (A)  X_U8.Xpartial.X_SpeedXP_auto_TC358870XBG_1_VFBGA80_(S1+S2+S3+S4)_TC358870XBG(NOK)_TC358870XBG(NOK)_U8_U8.X_SpeedXP_auto_A7_St.v1
0.000000e+00 (A)  X_U8.Xpartial.X_SpeedXP_auto_TC358870XBG_1_VFBGA80_(S1+S2+S3+S4)_TC358870XBG(NOK)_TC358870XBG(NOK)_U8_U8.X_SpeedXP_auto_A8_St.v1
0.000000e+00 (A)  X_U8.Xpartial.X_SpeedXP_auto_TC358870XBG_1_VFBGA80_(S1+S2+S3+S4)_TC358870XBG(NOK)_TC358870XBG(NOK)_U8_U8.X_SpeedXP_auto_A9_St.v1
-1.000000e-12 (A)  X_U8.Xpartial.X_SpeedXP_auto_TC358870XBG_1_VFBGA80_(S1+S2+S3+S4)_TC358870XBG(NOK)_TC358870XBG(NOK)_U8_U8.X_SpeedXP_auto_B5_St.v1
-1.000000e-12 (A)  X_U8.Xpartial.X_SpeedXP_auto_TC358870XBG_1_VFBGA80_(S1+S2+S3+S4)_TC358870XBG(NOK)_TC358870XBG(NOK)_U8_U8.X_SpeedXP_auto_B6_St.v1
-1.000000e-12 (A)  X_U8.Xpartial.X_SpeedXP_auto_TC358870XBG_1_VFBGA80_(S1+S2+S3+S4)_TC358870XBG(NOK)_TC358870XBG(NOK)_U8_U8.X_SpeedXP_auto_B7_St.v1
-1.000000e-12 (A)  X_U8.Xpartial.X_SpeedXP_auto_TC358870XBG_1_VFBGA80_(S1+S2+S3+S4)_TC358870XBG(NOK)_TC358870XBG(NOK)_U8_U8.X_SpeedXP_auto_B8_St.v1
-1.000000e-12 (A)  X_U8.Xpartial.X_SpeedXP_auto_TC358870XBG_1_VFBGA80_(S1+S2+S3+S4)_TC358870XBG(NOK)_TC358870XBG(NOK)_U8_U8.X_SpeedXP_auto_B9_St.v1
0.000000e+00 (A)  X_U8.Xpartial.X_SpeedXP_auto_TC358870XBG_1_VFBGA80_(S1+S2+S3+S4)_TC358870XBG(NOK)_TC358870XBG(NOK)_U8_U8.X_SpeedXP_auto_C1_St.v1
-1.000000e-12 (A)  X_U8.Xpartial.X_SpeedXP_auto_TC358870XBG_1_VFBGA80_(S1+S2+S3+S4)_TC358870XBG(NOK)_TC358870XBG(NOK)_U8_U8.X_SpeedXP_auto_C2_St.v1
0.000000e+00 (A)  X_U8.Xpartial.X_SpeedXP_auto_TC358870XBG_1_VFBGA80_(S1+S2+S3+S4)_TC358870XBG(NOK)_TC358870XBG(NOK)_U8_U8.X_SpeedXP_auto_D10_St.v1
0.000000e+00 (A)  X_U8.Xpartial.X_SpeedXP_auto_TC358870XBG_1_VFBGA80_(S1+S2+S3+S4)_TC358870XBG(NOK)_TC358870XBG(NOK)_U8_U8.X_SpeedXP_auto_D1_St.v1
-1.000000e-12 (A)  X_U8.Xpartial.X_SpeedXP_auto_TC358870XBG_1_VFBGA80_(S1+S2+S3+S4)_TC358870XBG(NOK)_TC358870XBG(NOK)_U8_U8.X_SpeedXP_auto_D2_St.v1
-1.000000e-12 (A)  X_U8.Xpartial.X_SpeedXP_auto_TC358870XBG_1_VFBGA80_(S1+S2+S3+S4)_TC358870XBG(NOK)_TC358870XBG(NOK)_U8_U8.X_SpeedXP_auto_D9_St.v1
0.000000e+00 (A)  X_U8.Xpartial.X_SpeedXP_auto_TC358870XBG_1_VFBGA80_(S1+S2+S3+S4)_TC358870XBG(NOK)_TC358870XBG(NOK)_U8_U8.X_SpeedXP_auto_E10_St.v1
0.000000e+00 (A)  X_U8.Xpartial.X_SpeedXP_auto_TC358870XBG_1_VFBGA80_(S1+S2+S3+S4)_TC358870XBG(NOK)_TC358870XBG(NOK)_U8_U8.X_SpeedXP_auto_E1_St.v1
-1.000000e-12 (A)  X_U8.Xpartial.X_SpeedXP_auto_TC358870XBG_1_VFBGA80_(S1+S2+S3+S4)_TC358870XBG(NOK)_TC358870XBG(NOK)_U8_U8.X_SpeedXP_auto_E2_St.v1
-1.000000e-12 (A)  X_U8.Xpartial.X_SpeedXP_auto_TC358870XBG_1_VFBGA80_(S1+S2+S3+S4)_TC358870XBG(NOK)_TC358870XBG(NOK)_U8_U8.X_SpeedXP_auto_E9_St.v1
0.000000e+00 (A)  X_U8.Xpartial.X_SpeedXP_auto_TC358870XBG_1_VFBGA80_(S1+S2+S3+S4)_TC358870XBG(NOK)_TC358870XBG(NOK)_U8_U8.X_SpeedXP_auto_F10_St.v1
0.000000e+00 (A)  X_U8.Xpartial.X_SpeedXP_auto_TC358870XBG_1_VFBGA80_(S1+S2+S3+S4)_TC358870XBG(NOK)_TC358870XBG(NOK)_U8_U8.X_SpeedXP_auto_F1_St.v1
-1.000000e-12 (A)  X_U8.Xpartial.X_SpeedXP_auto_TC358870XBG_1_VFBGA80_(S1+S2+S3+S4)_TC358870XBG(NOK)_TC358870XBG(NOK)_U8_U8.X_SpeedXP_auto_F2_St.v1
-1.000000e-12 (A)  X_U8.Xpartial.X_SpeedXP_auto_TC358870XBG_1_VFBGA80_(S1+S2+S3+S4)_TC358870XBG(NOK)_TC358870XBG(NOK)_U8_U8.X_SpeedXP_auto_F9_St.v1
0.000000e+00 (A)  X_U8.Xpartial.X_SpeedXP_auto_TC358870XBG_1_VFBGA80_(S1+S2+S3+S4)_TC358870XBG(NOK)_TC358870XBG(NOK)_U8_U8.X_SpeedXP_auto_G10_St.v1
-1.010000e-10 (A)  X_U8.Xpartial.X_SpeedXP_auto_TC358870XBG_1_VFBGA80_(S1+S2+S3+S4)_TC358870XBG(NOK)_TC358870XBG(NOK)_U8_U8.X_SpeedXP_auto_G9_St.v1
0.000000e+00 (A)  X_U8.Xpartial.X_SpeedXP_auto_TC358870XBG_1_VFBGA80_(S1+S2+S3+S4)_TC358870XBG(NOK)_TC358870XBG(NOK)_U8_U8.X_SpeedXP_auto_H10_St.v1
-1.000000e-12 (A)  X_U8.Xpartial.X_SpeedXP_auto_TC358870XBG_1_VFBGA80_(S1+S2+S3+S4)_TC358870XBG(NOK)_TC358870XBG(NOK)_U8_U8.X_SpeedXP_auto_H9_St.v1
1.075000e-10 (A)  xvia0.lnode2524::mipi_dsi0_data1_n
-5.000000e-12 (A)  xvia0.lnode3076::mipi_dsi0_data1_p
1.050000e-10 (A)  Xvia0.VRLNode2524::MIPI_DSI0_DATA1_N
-5.000000e-12 (A)  Xvia0.VRLNode3076::MIPI_DSI0_DATA1_P
