2.500000e+00 (V) X_ESD1.Xpartial.1 0 
2.500000e+00 (V) X_ESD1.Xpartial.1 X_ESD1.Xpartial.2 
2.500000e+00 (V) X_ESD1.Xpartial.10 0 
2.500000e+00 (V) X_ESD1.Xpartial.10 X_ESD1.Xpartial.2 
2.000000e-10 (V) X_ESD1.Xpartial.2 0 
2.500000e+00 (V) X_ESD1.Xpartial.4 0 
2.500000e+00 (V) X_ESD1.Xpartial.4 X_ESD1.Xpartial.6 
2.000000e-10 (V) X_ESD1.Xpartial.5 0 
2.000000e-10 (V) X_ESD1.Xpartial.6 0 
2.500000e+00 (V) X_ESD1.Xpartial.7 0 
2.500000e+00 (V) X_ESD1.Xpartial.7 X_ESD1.Xpartial.5 
2.000000e-10 (V) X_ESD1.Xpartial.9 0 
2.500000e+00 (V) X_ESD2.Xpartial.1 0 
2.500000e+00 (V) X_ESD2.Xpartial.1 X_ESD2.Xpartial.2 
2.500000e+00 (V) X_ESD2.Xpartial.10 0 
2.500000e+00 (V) X_ESD2.Xpartial.10 X_ESD2.Xpartial.2 
2.000000e-10 (V) X_ESD2.Xpartial.2 0 
2.000000e-10 (V) X_ESD2.Xpartial.9 0 
2.500000e+00 (V) X_HDMI1.Xpartial.1 0 
2.500000e+00 (V) X_HDMI1.Xpartial.1 X_HDMI1.Xpartial.3 
2.000454e-10 (V) X_HDMI1.Xpartial.3 0 
2.500000e+00 (V) X_HDMI1.Xpartial.4 0 
2.500000e+00 (V) X_HDMI1.Xpartial.4 X_HDMI1.Xpartial.6 
2.000454e-10 (V) X_HDMI1.Xpartial.6 0 
2.500000e+00 (V) X_HDMI1.Xpartial.7 0 
2.500000e+00 (V) X_HDMI1.Xpartial.7 X_HDMI1.Xpartial.9 
2.000457e-10 (V) X_HDMI1.Xpartial.9 0 
2.500000e+00 (V) X_U8.Xpartial.D1 0 
2.500000e+00 (V) X_U8.Xpartial.D1 X_U8.Xpartial.D2 
2.001947e-10 (V) X_U8.Xpartial.D2 0 
2.500000e+00 (V) X_U8.Xpartial.E1 0 
2.500000e+00 (V) X_U8.Xpartial.E1 X_U8.Xpartial.E2 
2.001943e-10 (V) X_U8.Xpartial.E2 0 
2.500000e+00 (V) X_U8.Xpartial.F1 0 
2.500000e+00 (V) X_U8.Xpartial.F1 X_U8.Xpartial.F2 
2.001929e-10 (V) X_U8.Xpartial.F2 0 
