0.000000e+00 (V)  __Gnd
2.500000e+00 (V)  FILLETpad~polygon0103::mipi_dsi1_data2_n
1.000000e-10 (V)  FILLETpad~polygon0122::mipi_dsi1_data2_p
2.500000e+00 (V)  FILLETpad~polygon0128::mipi_dsi1_data2_n
2.500000e+00 (V)  FILLETpad~polygon0326::mipi_dsi1_data2_n
1.005285e-10 (V)  FILLETpad~polygon0405::mipi_dsi1_data2_p
2.500000e+00 (V)  FILLETpad~polygon0422::mipi_dsi1_data2_n
1.006234e-10 (V)  FILLETpad~polygon0438::mipi_dsi1_data2_p
1.005267e-10 (V)  FILLETpad~polygon088::mipi_dsi1_data2_p
1.100000e+00 (V)  IPGPWR_VCC_1V1
1.200000e+00 (V)  IPGPWR_VCC_1V2
1.800000e+00 (V)  IPGPWR_VCC_1V8
3.300000e+00 (V)  IPGPWR_VCC_3V3
5.000000e+00 (V)  IPGPWR_VCC_5V
5.000000e+00 (V)  IPGPWR_VCC_5V5
0.000000e+00 (V)  Node101!!A8::MIPI_DSI1_DATA1_P
0.000000e+00 (V)  Node102!!B9::MIPI_DSI1_DATA0_N
0.000000e+00 (V)  Node103!!A9::MIPI_DSI1_DATA0_P
0.000000e+00 (V)  Node104!!F9::MIPI_DSI0_CLK_N
0.000000e+00 (V)  Node105!!D9::MIPI_DSI0_DATA3_N
0.000000e+00 (V)  Node106!!E9::MIPI_DSI0_DATA2_N
0.000000e+00 (V)  Node107!!G9::MIPI_DSI0_DATA1_N
0.000000e+00 (V)  Node108!!H9::MIPI_DSI0_DATA0_N
0.000000e+00 (V)  Node1081!!15::MIPI_DSI1_CLK_P
0.000000e+00 (V)  Node109!!F10::MIPI_DSI0_CLK_P
0.000000e+00 (V)  Node11!!B4::VCC_HDMIRX_IN
0.000000e+00 (V)  Node110!!D10::MIPI_DSI0_DATA3_P
0.000000e+00 (V)  Node111!!E10::MIPI_DSI0_DATA2_P
0.000000e+00 (V)  Node112!!G10::MIPI_DSI0_DATA1_P
0.000000e+00 (V)  Node1207!!20::MIPI_DSI1_DATA3_N
0.000000e+00 (V)  Node1276!!19::MIPI_DSI1_DATA3_P
2.500000e+00 (V)  Node1309::MIPI_DSI1_DATA2_N
2.500000e+00 (V)  Node1309_Auto_38::MIPI_DSI1_DATA2_N
2.500000e+00 (V)  Node1311::MIPI_DSI1_DATA2_N
2.500000e+00 (V)  Node1312::MIPI_DSI1_DATA2_N
2.500000e+00 (V)  Node1313::MIPI_DSI1_DATA2_N
2.500000e+00 (V)  Node1313_Auto_75::MIPI_DSI1_DATA2_N
2.500000e+00 (V)  Node1313_Auto_77::MIPI_DSI1_DATA2_N
2.500000e+00 (V)  Node1314::MIPI_DSI1_DATA2_N
2.500000e+00 (V)  Node1316::MIPI_DSI1_DATA2_N
2.500000e+00 (V)  Node1316_Auto_7::MIPI_DSI1_DATA2_N
2.500000e+00 (V)  Node1316_Auto_8::MIPI_DSI1_DATA2_N
2.500000e+00 (V)  Node1317::MIPI_DSI1_DATA2_N
2.500000e+00 (V)  Node1317_Auto_9::MIPI_DSI1_DATA2_N
2.500000e+00 (V)  Node1318::MIPI_DSI1_DATA2_N
2.500000e+00 (V)  Node1325::MIPI_DSI1_DATA2_N
2.500000e+00 (V)  Node1325_Auto_260::MIPI_DSI1_DATA2_N
2.500000e+00 (V)  Node1325_Auto_262::MIPI_DSI1_DATA2_N
2.500000e+00 (V)  Node1325_Auto_264::MIPI_DSI1_DATA2_N
2.500000e+00 (V)  Node1325_Auto_265::MIPI_DSI1_DATA2_N
2.500000e+00 (V)  Node1327::MIPI_DSI1_DATA2_N
2.500000e+00 (V)  Node1327_Auto_269::MIPI_DSI1_DATA2_N
2.500000e+00 (V)  Node1327_Auto_271::MIPI_DSI1_DATA2_N
2.500000e+00 (V)  Node1329::MIPI_DSI1_DATA2_N
2.500000e+00 (V)  Node1338::MIPI_DSI1_DATA2_N
2.500000e+00 (V)  Node1338_Auto_11::MIPI_DSI1_DATA2_N
2.500000e+00 (V)  Node1341::MIPI_DSI1_DATA2_N
2.500000e+00 (V)  Node1349::MIPI_DSI1_DATA2_N
2.500000e+00 (V)  Node1349_Auto_41::MIPI_DSI1_DATA2_N
2.500000e+00 (V)  Node1352::MIPI_DSI1_DATA2_N
2.500000e+00 (V)  Node1361::MIPI_DSI1_DATA2_N
2.500000e+00 (V)  Node1361_Auto_19::MIPI_DSI1_DATA2_N
2.500000e+00 (V)  Node1364::MIPI_DSI1_DATA2_N
2.500000e+00 (V)  Node1367::MIPI_DSI1_DATA2_N
2.500000e+00 (V)  Node1369::MIPI_DSI1_DATA2_N
2.500000e+00 (V)  Node1371::MIPI_DSI1_DATA2_N
2.500000e+00 (V)  Node1371_Auto_82::MIPI_DSI1_DATA2_N
2.500000e+00 (V)  Node1371_Auto_83::MIPI_DSI1_DATA2_N
2.500000e+00 (V)  Node1374::MIPI_DSI1_DATA2_N
2.500000e+00 (V)  Node1375::MIPI_DSI1_DATA2_N
2.500000e+00 (V)  Node1375_Auto_111::MIPI_DSI1_DATA2_N
2.500000e+00 (V)  Node1378::MIPI_DSI1_DATA2_N
0.000000e+00 (V)  Node14!!F2::HDMI_DATA2_N
2.500000e+00 (V)  Node1403::MIPI_DSI1_DATA2_N
2.500000e+00 (V)  Node1403_Auto_119::MIPI_DSI1_DATA2_N
2.500000e+00 (V)  Node1405::MIPI_DSI1_DATA2_N
2.500000e+00 (V)  Node1405_Auto_132::MIPI_DSI1_DATA2_N
2.500000e+00 (V)  Node1407::MIPI_DSI1_DATA2_N
2.500000e+00 (V)  Node1408::MIPI_DSI1_DATA2_N
2.500000e+00 (V)  Node1410::MIPI_DSI1_DATA2_N
2.500000e+00 (V)  Node1419::MIPI_DSI1_DATA2_N
2.500000e+00 (V)  Node1421::MIPI_DSI1_DATA2_N
2.500000e+00 (V)  Node1430::MIPI_DSI1_DATA2_N
2.500000e+00 (V)  Node1432::MIPI_DSI1_DATA2_N
2.500000e+00 (V)  Node1441::MIPI_DSI1_DATA2_N
2.500000e+00 (V)  Node1443::MIPI_DSI1_DATA2_N
2.500000e+00 (V)  Node1452::MIPI_DSI1_DATA2_N
2.500000e+00 (V)  Node1454::MIPI_DSI1_DATA2_N
2.500000e+00 (V)  Node1463::MIPI_DSI1_DATA2_N
2.500000e+00 (V)  Node1465::MIPI_DSI1_DATA2_N
2.500000e+00 (V)  Node1474::MIPI_DSI1_DATA2_N
2.500000e+00 (V)  Node1476::MIPI_DSI1_DATA2_N
2.500000e+00 (V)  Node1485::MIPI_DSI1_DATA2_N
2.500000e+00 (V)  Node1487::MIPI_DSI1_DATA2_N
2.500000e+00 (V)  Node1496::MIPI_DSI1_DATA2_N
2.500000e+00 (V)  Node1498::MIPI_DSI1_DATA2_N
0.000000e+00 (V)  Node15!!2::HDMI_DATA2_N
2.500000e+00 (V)  Node1507::MIPI_DSI1_DATA2_N
2.500000e+00 (V)  Node1509::MIPI_DSI1_DATA2_N
2.500000e+00 (V)  Node1518::MIPI_DSI1_DATA2_N
2.500000e+00 (V)  Node1518_Auto_181::MIPI_DSI1_DATA2_N
2.500000e+00 (V)  Node1518_Auto_183::MIPI_DSI1_DATA2_N
2.500000e+00 (V)  Node1521::MIPI_DSI1_DATA2_N
2.500000e+00 (V)  Node1522::MIPI_DSI1_DATA2_N
2.500000e+00 (V)  Node1522_Auto_245::MIPI_DSI1_DATA2_N
2.500000e+00 (V)  Node1524::MIPI_DSI1_DATA2_N
2.500000e+00 (V)  Node1524_Auto_257::MIPI_DSI1_DATA2_N
2.500000e+00 (V)  Node1524_Auto_258::MIPI_DSI1_DATA2_N
1.006075e-10 (V)  Node1526::MIPI_DSI1_DATA2_P
1.005684e-10 (V)  Node1526_Auto_78::MIPI_DSI1_DATA2_P
1.005661e-10 (V)  Node1527::MIPI_DSI1_DATA2_P
1.005655e-10 (V)  Node1528::MIPI_DSI1_DATA2_P
1.005564e-10 (V)  Node1529::MIPI_DSI1_DATA2_P
1.005559e-10 (V)  Node1530::MIPI_DSI1_DATA2_P
1.005536e-10 (V)  Node1530_Auto_73::MIPI_DSI1_DATA2_P
1.005530e-10 (V)  Node1531::MIPI_DSI1_DATA2_P
1.005384e-10 (V)  Node1532::MIPI_DSI1_DATA2_P
1.005359e-10 (V)  Node1532_Auto_10::MIPI_DSI1_DATA2_P
1.005087e-10 (V)  Node1548::MIPI_DSI1_DATA2_P
1.005057e-10 (V)  Node1549::MIPI_DSI1_DATA2_P
1.005053e-10 (V)  Node1549_Auto_261::MIPI_DSI1_DATA2_P
1.005026e-10 (V)  Node1550::MIPI_DSI1_DATA2_P
1.004996e-10 (V)  Node1551::MIPI_DSI1_DATA2_P
1.004968e-10 (V)  Node1551_Auto_270::MIPI_DSI1_DATA2_P
1.004799e-10 (V)  Node1554::MIPI_DSI1_DATA2_P
1.004758e-10 (V)  Node1558::MIPI_DSI1_DATA2_P
1.004718e-10 (V)  Node1563::MIPI_DSI1_DATA2_P
1.004526e-10 (V)  Node1563_Auto_12::MIPI_DSI1_DATA2_P
1.004515e-10 (V)  Node1566::MIPI_DSI1_DATA2_P
1.004249e-10 (V)  Node1574::MIPI_DSI1_DATA2_P
1.004239e-10 (V)  Node1574_Auto_40::MIPI_DSI1_DATA2_P
1.003987e-10 (V)  Node1577::MIPI_DSI1_DATA2_P
1.003905e-10 (V)  Node1586::MIPI_DSI1_DATA2_P
1.003653e-10 (V)  Node1586_Auto_20::MIPI_DSI1_DATA2_P
1.003643e-10 (V)  Node1589::MIPI_DSI1_DATA2_P
1.003555e-10 (V)  Node1592::MIPI_DSI1_DATA2_P
1.003534e-10 (V)  Node1592_Auto_40::MIPI_DSI1_DATA2_P
1.003513e-10 (V)  Node1594::MIPI_DSI1_DATA2_P
1.003436e-10 (V)  Node1596::MIPI_DSI1_DATA2_P
1.003431e-10 (V)  Node1596_Auto_81::MIPI_DSI1_DATA2_P
1.003236e-10 (V)  Node1599::MIPI_DSI1_DATA2_P
0.000000e+00 (V)  Node16!!3::HDMI_DATA2_N
1.003218e-10 (V)  Node1600::MIPI_DSI1_DATA2_P
1.003180e-10 (V)  Node1600_Auto_112::MIPI_DSI1_DATA2_P
1.002909e-10 (V)  Node1604::MIPI_DSI1_DATA2_P
1.002774e-10 (V)  Node1604_Auto_120::MIPI_DSI1_DATA2_P
1.002748e-10 (V)  Node1606::MIPI_DSI1_DATA2_P
1.002721e-10 (V)  Node1606_Auto_131::MIPI_DSI1_DATA2_P
1.002666e-10 (V)  Node1608::MIPI_DSI1_DATA2_P
1.001618e-10 (V)  Node1672::MIPI_DSI1_DATA2_P
1.001608e-10 (V)  Node1672_Auto_146::MIPI_DSI1_DATA2_P
1.001505e-10 (V)  Node1672_Auto_148::MIPI_DSI1_DATA2_P
1.001495e-10 (V)  Node1675::MIPI_DSI1_DATA2_P
1.001461e-10 (V)  Node1676::MIPI_DSI1_DATA2_P
1.000751e-10 (V)  Node1676_Auto_161::MIPI_DSI1_DATA2_P
1.000692e-10 (V)  Node1676_Auto_162::MIPI_DSI1_DATA2_P
1.001345e-10 (V)  Node1676_Auto_163::MIPI_DSI1_DATA2_P
1.001286e-10 (V)  Node1676_Auto_164::MIPI_DSI1_DATA2_P
1.000835e-10 (V)  Node1676_Auto_165::MIPI_DSI1_DATA2_P
1.000777e-10 (V)  Node1676_Auto_166::MIPI_DSI1_DATA2_P
1.001175e-10 (V)  Node1676_Auto_167::MIPI_DSI1_DATA2_P
1.001116e-10 (V)  Node1676_Auto_168::MIPI_DSI1_DATA2_P
1.001005e-10 (V)  Node1676_Auto_169::MIPI_DSI1_DATA2_P
1.000946e-10 (V)  Node1676_Auto_170::MIPI_DSI1_DATA2_P
1.000665e-10 (V)  Node1676_Auto_171::MIPI_DSI1_DATA2_P
1.000607e-10 (V)  Node1676_Auto_172::MIPI_DSI1_DATA2_P
1.001091e-10 (V)  Node1676_Auto_173::MIPI_DSI1_DATA2_P
1.001032e-10 (V)  Node1676_Auto_174::MIPI_DSI1_DATA2_P
1.000921e-10 (V)  Node1676_Auto_175::MIPI_DSI1_DATA2_P
1.000862e-10 (V)  Node1676_Auto_176::MIPI_DSI1_DATA2_P
1.001260e-10 (V)  Node1676_Auto_177::MIPI_DSI1_DATA2_P
1.001201e-10 (V)  Node1676_Auto_178::MIPI_DSI1_DATA2_P
1.001451e-10 (V)  Node1676_Auto_179::MIPI_DSI1_DATA2_P
1.001371e-10 (V)  Node1676_Auto_180::MIPI_DSI1_DATA2_P
1.000581e-10 (V)  Node1676_Auto_182::MIPI_DSI1_DATA2_P
1.000390e-10 (V)  Node1679::MIPI_DSI1_DATA2_P
1.000372e-10 (V)  Node1680::MIPI_DSI1_DATA2_P
1.000204e-10 (V)  Node1680_Auto_246::MIPI_DSI1_DATA2_P
1.000177e-10 (V)  Node1682::MIPI_DSI1_DATA2_P
1.000150e-10 (V)  Node1682_Auto_256::MIPI_DSI1_DATA2_P
1.000115e-10 (V)  Node1683::MIPI_DSI1_DATA2_P
1.000095e-10 (V)  Node1684::MIPI_DSI1_DATA2_P
0.000000e+00 (V)  Node17!!9::HDMI_DATA2_N
0.000000e+00 (V)  Node1792!!14::MIPI_DSI1_DATA1_N
0.000000e+00 (V)  Node18!!F1::HDMI_DATA2_P
0.000000e+00 (V)  Node180!!H10::MIPI_DSI0_DATA0_P
0.000000e+00 (V)  Node181!!J3::INT
0.000000e+00 (V)  Node182!!K4::I2C_SCL
0.000000e+00 (V)  Node183!!K3::I2C_SDA
0.000000e+00 (V)  Node188!!K8::RESETN
0.000000e+00 (V)  Node19!!1::HDMI_DATA2_P
0.000000e+00 (V)  Node20!!1::HDMI_DATA2_P
0.000000e+00 (V)  Node2029!!13::MIPI_DSI1_DATA1_P
0.000000e+00 (V)  Node21!!10::HDMI_DATA2_P
0.000000e+00 (V)  Node2159!!18::MIPI_DSI1_DATA0_N
0.000000e+00 (V)  Node22!!D1::HDMI_DATA0_P
0.000000e+00 (V)  Node2237!!17::MIPI_DSI1_DATA0_P
0.000000e+00 (V)  Node23!!1::HDMI_DATA0_P
0.000000e+00 (V)  Node2321!!5::MIPI_DSI0_CLK_N
0.000000e+00 (V)  Node24!!7::HDMI_DATA0_P
0.000000e+00 (V)  Node2411!!1::MIPI_DSI0_DATA3_N
0.000000e+00 (V)  Node2468!!9::MIPI_DSI0_DATA2_N
0.000000e+00 (V)  Node2489!!7::MIPI_DSI0_DATA1_N
0.000000e+00 (V)  Node25!!10::HDMI_DATA0_P
0.000000e+00 (V)  Node26!!E1::HDMI_DATA1_P
0.000000e+00 (V)  Node2636!!3::MIPI_DSI0_DATA0_N
0.000000e+00 (V)  Node27!!4::HDMI_DATA1_P
0.000000e+00 (V)  Node270!!K9::N284871
0.000000e+00 (V)  Node273!!K2::N284174
0.000000e+00 (V)  Node275!!K1::N284159
0.000000e+00 (V)  Node277!!J1::N284077
0.000000e+00 (V)  Node2782!!6::MIPI_DSI0_CLK_P
0.000000e+00 (V)  Node279!!19::HDP
0.000000e+00 (V)  Node28!!4::HDMI_DATA1_P
0.000000e+00 (V)  Node282!!B3::SDA
0.000000e+00 (V)  Node283!!16::SDA
0.000000e+00 (V)  Node288!!15::SCL
0.000000e+00 (V)  Node29!!7::HDMI_DATA1_P
0.000000e+00 (V)  Node290!!A3::SCL
0.000000e+00 (V)  Node2941!!2::MIPI_DSI0_DATA3_P
0.000000e+00 (V)  Node2996!!10::MIPI_DSI0_DATA2_P
0.000000e+00 (V)  Node30!!D2::HDMI_DATA0_N
0.000000e+00 (V)  Node3024!!8::MIPI_DSI0_DATA1_P
0.000000e+00 (V)  Node307!!A1::N27399713
0.000000e+00 (V)  Node31!!2::HDMI_DATA0_N
0.000000e+00 (V)  Node319!!A2::N279408
0.000000e+00 (V)  Node32!!9::HDMI_DATA0_N
0.000000e+00 (V)  Node320!!A4::N2739972
0.000000e+00 (V)  Node33!!9::HDMI_DATA0_N
0.000000e+00 (V)  Node337!!14
0.000000e+00 (V)  Node338!!13
0.000000e+00 (V)  Node34!!C1::HDMI_CLK_P
0.000000e+00 (V)  Node3405!!4::MIPI_DSI0_DATA0_P
0.000000e+00 (V)  Node341!!G6
0.000000e+00 (V)  Node342!!J2
0.000000e+00 (V)  Node343!!K5
0.000000e+00 (V)  Node344!!J5
0.000000e+00 (V)  Node345!!J6
0.000000e+00 (V)  Node346!!J8
0.000000e+00 (V)  Node347!!J9
0.000000e+00 (V)  Node348!!K7
0.000000e+00 (V)  Node349!!J4
0.000000e+00 (V)  Node35!!4::HDMI_CLK_P
0.000000e+00 (V)  Node36!!7::HDMI_CLK_P
0.000000e+00 (V)  Node37!!10::HDMI_CLK_P
0.000000e+00 (V)  Node38!!E2::HDMI_DATA1_N
0.000000e+00 (V)  Node39!!5::HDMI_DATA1_N
0.000000e+00 (V)  Node40!!6::HDMI_DATA1_N
0.000000e+00 (V)  Node4001!!32::PWM
0.000000e+00 (V)  Node4060!!29::RESX
0.000000e+00 (V)  Node41!!6::HDMI_DATA1_N
0.000000e+00 (V)  Node42!!C2::HDMI_CLK_N
0.000000e+00 (V)  Node4268!!20::N271809
0.000000e+00 (V)  Node4269!!21::N271809
0.000000e+00 (V)  Node4270!!22::N271809
0.000000e+00 (V)  Node4275!!23::N271809
0.000000e+00 (V)  Node43!!5::HDMI_CLK_N
0.000000e+00 (V)  Node44!!12::HDMI_CLK_N
0.000000e+00 (V)  Node45!!6::HDMI_CLK_N
0.000000e+00 (V)  Node4811!!39::VCC_LED_AB
0.000000e+00 (V)  Node4812!!40::VCC_LED_AB
0.000000e+00 (V)  Node4822!!P4
0.000000e+00 (V)  Node4823!!P3
0.000000e+00 (V)  Node4824!!P2
0.000000e+00 (V)  Node4825!!P1
0.000000e+00 (V)  Node4826!!31
0.000000e+00 (V)  Node4827!!30
0.000000e+00 (V)  Node63!!B7::MIPI_DSI1_CLK_N
0.000000e+00 (V)  Node64!!A7::MIPI_DSI1_CLK_P
0.000000e+00 (V)  Node65!!B5::MIPI_DSI1_DATA3_N
0.000000e+00 (V)  Node66!!A5::MIPI_DSI1_DATA3_P
0.000000e+00 (V)  Node69!!B8::MIPI_DSI1_DATA1_N
0.000000e+00 (V)  Node9!!18::VCC_HDMIRX_IN
0.000000e+00 (V)  Node973!!16::MIPI_DSI1_CLK_N
2.500000e+00 (V)  Trace1058#BP0::MIPI_DSI1_DATA2_N
2.500000e+00 (V)  Trace1063#BP0::MIPI_DSI1_DATA2_N
2.500000e+00 (V)  Trace1067#BP0::MIPI_DSI1_DATA2_N
2.500000e+00 (V)  Trace1067#BP1::MIPI_DSI1_DATA2_N
2.500000e+00 (V)  Trace1067#BP1_Auto_147::MIPI_DSI1_DATA2_N
1.005356e-10 (V)  Trace1194#BP0::MIPI_DSI1_DATA2_P
1.005356e-10 (V)  Trace1194#BP1::MIPI_DSI1_DATA2_P
1.005200e-10 (V)  Trace1208#BP0::MIPI_DSI1_DATA2_P
1.005200e-10 (V)  Trace1208#BP1::MIPI_DSI1_DATA2_P
1.005197e-10 (V)  Trace1208#BP1_Auto_263::MIPI_DSI1_DATA2_P
1.003154e-10 (V)  Trace1262#BP0::MIPI_DSI1_DATA2_P
1.003119e-10 (V)  Trace1262#BP1::MIPI_DSI1_DATA2_P
1.002355e-10 (V)  Trace1286#BP0::MIPI_DSI1_DATA2_P
1.002298e-10 (V)  Trace1290#BP0::MIPI_DSI1_DATA2_P
1.002246e-10 (V)  Trace1294#BP0::MIPI_DSI1_DATA2_P
1.002172e-10 (V)  Trace1297#BP0::MIPI_DSI1_DATA2_P
1.002132e-10 (V)  Trace1299#BP0::MIPI_DSI1_DATA2_P
1.002072e-10 (V)  Trace1304#BP0::MIPI_DSI1_DATA2_P
1.000000e-10 (V)  X_CH1.Xpartial.X_SpeedXP_auto_WP7B-P040VA1-R8000_WP7B-P040VA1-R8000_WP7B-P040VA1-R8000_WP7B-P040VA1-R8000_CH1_CH1.B_SpeedXP_auto_11.Output0
1.000000e-10 (V)  X_CH1.Xpartial.X_SpeedXP_auto_WP7B-P040VA1-R8000_WP7B-P040VA1-R8000_WP7B-P040VA1-R8000_WP7B-P040VA1-R8000_CH1_CH1.B_SpeedXP_auto_11.Output1
2.500000e+00 (V)  X_CH1.Xpartial.X_SpeedXP_auto_WP7B-P040VA1-R8000_WP7B-P040VA1-R8000_WP7B-P040VA1-R8000_WP7B-P040VA1-R8000_CH1_CH1.B_SpeedXP_auto_12.Output0
2.500000e+00 (V)  X_CH1.Xpartial.X_SpeedXP_auto_WP7B-P040VA1-R8000_WP7B-P040VA1-R8000_WP7B-P040VA1-R8000_WP7B-P040VA1-R8000_CH1_CH1.B_SpeedXP_auto_12.Output1
1.000000e+00 (V)  X_CH1.Xpartial.X_SpeedXP_auto_WP7B-P040VA1-R8000_WP7B-P040VA1-R8000_WP7B-P040VA1-R8000_WP7B-P040VA1-R8000_CH1_CH1.nd_en_1
1.000000e+00 (V)  X_CH1.Xpartial.X_SpeedXP_auto_WP7B-P040VA1-R8000_WP7B-P040VA1-R8000_WP7B-P040VA1-R8000_WP7B-P040VA1-R8000_CH1_CH1.nd_en_10
1.000000e+00 (V)  X_CH1.Xpartial.X_SpeedXP_auto_WP7B-P040VA1-R8000_WP7B-P040VA1-R8000_WP7B-P040VA1-R8000_WP7B-P040VA1-R8000_CH1_CH1.nd_en_11
1.000000e+00 (V)  X_CH1.Xpartial.X_SpeedXP_auto_WP7B-P040VA1-R8000_WP7B-P040VA1-R8000_WP7B-P040VA1-R8000_WP7B-P040VA1-R8000_CH1_CH1.nd_en_12
1.000000e+00 (V)  X_CH1.Xpartial.X_SpeedXP_auto_WP7B-P040VA1-R8000_WP7B-P040VA1-R8000_WP7B-P040VA1-R8000_WP7B-P040VA1-R8000_CH1_CH1.nd_en_13
1.000000e+00 (V)  X_CH1.Xpartial.X_SpeedXP_auto_WP7B-P040VA1-R8000_WP7B-P040VA1-R8000_WP7B-P040VA1-R8000_WP7B-P040VA1-R8000_CH1_CH1.nd_en_14
1.000000e+00 (V)  X_CH1.Xpartial.X_SpeedXP_auto_WP7B-P040VA1-R8000_WP7B-P040VA1-R8000_WP7B-P040VA1-R8000_WP7B-P040VA1-R8000_CH1_CH1.nd_en_15
1.000000e+00 (V)  X_CH1.Xpartial.X_SpeedXP_auto_WP7B-P040VA1-R8000_WP7B-P040VA1-R8000_WP7B-P040VA1-R8000_WP7B-P040VA1-R8000_CH1_CH1.nd_en_16
1.000000e+00 (V)  X_CH1.Xpartial.X_SpeedXP_auto_WP7B-P040VA1-R8000_WP7B-P040VA1-R8000_WP7B-P040VA1-R8000_WP7B-P040VA1-R8000_CH1_CH1.nd_en_17
1.000000e+00 (V)  X_CH1.Xpartial.X_SpeedXP_auto_WP7B-P040VA1-R8000_WP7B-P040VA1-R8000_WP7B-P040VA1-R8000_WP7B-P040VA1-R8000_CH1_CH1.nd_en_18
1.000000e+00 (V)  X_CH1.Xpartial.X_SpeedXP_auto_WP7B-P040VA1-R8000_WP7B-P040VA1-R8000_WP7B-P040VA1-R8000_WP7B-P040VA1-R8000_CH1_CH1.nd_en_19
1.000000e+00 (V)  X_CH1.Xpartial.X_SpeedXP_auto_WP7B-P040VA1-R8000_WP7B-P040VA1-R8000_WP7B-P040VA1-R8000_WP7B-P040VA1-R8000_CH1_CH1.nd_en_2
1.000000e+00 (V)  X_CH1.Xpartial.X_SpeedXP_auto_WP7B-P040VA1-R8000_WP7B-P040VA1-R8000_WP7B-P040VA1-R8000_WP7B-P040VA1-R8000_CH1_CH1.nd_en_20
1.000000e+00 (V)  X_CH1.Xpartial.X_SpeedXP_auto_WP7B-P040VA1-R8000_WP7B-P040VA1-R8000_WP7B-P040VA1-R8000_WP7B-P040VA1-R8000_CH1_CH1.nd_en_3
1.000000e+00 (V)  X_CH1.Xpartial.X_SpeedXP_auto_WP7B-P040VA1-R8000_WP7B-P040VA1-R8000_WP7B-P040VA1-R8000_WP7B-P040VA1-R8000_CH1_CH1.nd_en_4
1.000000e+00 (V)  X_CH1.Xpartial.X_SpeedXP_auto_WP7B-P040VA1-R8000_WP7B-P040VA1-R8000_WP7B-P040VA1-R8000_WP7B-P040VA1-R8000_CH1_CH1.nd_en_5
1.000000e+00 (V)  X_CH1.Xpartial.X_SpeedXP_auto_WP7B-P040VA1-R8000_WP7B-P040VA1-R8000_WP7B-P040VA1-R8000_WP7B-P040VA1-R8000_CH1_CH1.nd_en_6
1.000000e+00 (V)  X_CH1.Xpartial.X_SpeedXP_auto_WP7B-P040VA1-R8000_WP7B-P040VA1-R8000_WP7B-P040VA1-R8000_WP7B-P040VA1-R8000_CH1_CH1.nd_en_7
1.000000e+00 (V)  X_CH1.Xpartial.X_SpeedXP_auto_WP7B-P040VA1-R8000_WP7B-P040VA1-R8000_WP7B-P040VA1-R8000_WP7B-P040VA1-R8000_CH1_CH1.nd_en_8
1.000000e+00 (V)  X_CH1.Xpartial.X_SpeedXP_auto_WP7B-P040VA1-R8000_WP7B-P040VA1-R8000_WP7B-P040VA1-R8000_WP7B-P040VA1-R8000_CH1_CH1.nd_en_9
1.000000e+00 (V)  X_CH1.Xpartial.X_SpeedXP_auto_WP7B-P040VA1-R8000_WP7B-P040VA1-R8000_WP7B-P040VA1-R8000_WP7B-P040VA1-R8000_CH1_CH1.nd_in_1
0.000000e+00 (V)  X_CH1.Xpartial.X_SpeedXP_auto_WP7B-P040VA1-R8000_WP7B-P040VA1-R8000_WP7B-P040VA1-R8000_WP7B-P040VA1-R8000_CH1_CH1.nd_in_10
0.000000e+00 (V)  X_CH1.Xpartial.X_SpeedXP_auto_WP7B-P040VA1-R8000_WP7B-P040VA1-R8000_WP7B-P040VA1-R8000_WP7B-P040VA1-R8000_CH1_CH1.nd_in_11
1.000000e+00 (V)  X_CH1.Xpartial.X_SpeedXP_auto_WP7B-P040VA1-R8000_WP7B-P040VA1-R8000_WP7B-P040VA1-R8000_WP7B-P040VA1-R8000_CH1_CH1.nd_in_12
0.000000e+00 (V)  X_CH1.Xpartial.X_SpeedXP_auto_WP7B-P040VA1-R8000_WP7B-P040VA1-R8000_WP7B-P040VA1-R8000_WP7B-P040VA1-R8000_CH1_CH1.nd_in_13
1.000000e+00 (V)  X_CH1.Xpartial.X_SpeedXP_auto_WP7B-P040VA1-R8000_WP7B-P040VA1-R8000_WP7B-P040VA1-R8000_WP7B-P040VA1-R8000_CH1_CH1.nd_in_14
0.000000e+00 (V)  X_CH1.Xpartial.X_SpeedXP_auto_WP7B-P040VA1-R8000_WP7B-P040VA1-R8000_WP7B-P040VA1-R8000_WP7B-P040VA1-R8000_CH1_CH1.nd_in_15
1.000000e+00 (V)  X_CH1.Xpartial.X_SpeedXP_auto_WP7B-P040VA1-R8000_WP7B-P040VA1-R8000_WP7B-P040VA1-R8000_WP7B-P040VA1-R8000_CH1_CH1.nd_in_16
0.000000e+00 (V)  X_CH1.Xpartial.X_SpeedXP_auto_WP7B-P040VA1-R8000_WP7B-P040VA1-R8000_WP7B-P040VA1-R8000_WP7B-P040VA1-R8000_CH1_CH1.nd_in_17
1.000000e+00 (V)  X_CH1.Xpartial.X_SpeedXP_auto_WP7B-P040VA1-R8000_WP7B-P040VA1-R8000_WP7B-P040VA1-R8000_WP7B-P040VA1-R8000_CH1_CH1.nd_in_18
0.000000e+00 (V)  X_CH1.Xpartial.X_SpeedXP_auto_WP7B-P040VA1-R8000_WP7B-P040VA1-R8000_WP7B-P040VA1-R8000_WP7B-P040VA1-R8000_CH1_CH1.nd_in_19
0.000000e+00 (V)  X_CH1.Xpartial.X_SpeedXP_auto_WP7B-P040VA1-R8000_WP7B-P040VA1-R8000_WP7B-P040VA1-R8000_WP7B-P040VA1-R8000_CH1_CH1.nd_in_2
1.000000e+00 (V)  X_CH1.Xpartial.X_SpeedXP_auto_WP7B-P040VA1-R8000_WP7B-P040VA1-R8000_WP7B-P040VA1-R8000_WP7B-P040VA1-R8000_CH1_CH1.nd_in_20
1.000000e+00 (V)  X_CH1.Xpartial.X_SpeedXP_auto_WP7B-P040VA1-R8000_WP7B-P040VA1-R8000_WP7B-P040VA1-R8000_WP7B-P040VA1-R8000_CH1_CH1.nd_in_3
0.000000e+00 (V)  X_CH1.Xpartial.X_SpeedXP_auto_WP7B-P040VA1-R8000_WP7B-P040VA1-R8000_WP7B-P040VA1-R8000_WP7B-P040VA1-R8000_CH1_CH1.nd_in_4
1.000000e+00 (V)  X_CH1.Xpartial.X_SpeedXP_auto_WP7B-P040VA1-R8000_WP7B-P040VA1-R8000_WP7B-P040VA1-R8000_WP7B-P040VA1-R8000_CH1_CH1.nd_in_5
0.000000e+00 (V)  X_CH1.Xpartial.X_SpeedXP_auto_WP7B-P040VA1-R8000_WP7B-P040VA1-R8000_WP7B-P040VA1-R8000_WP7B-P040VA1-R8000_CH1_CH1.nd_in_6
1.000000e+00 (V)  X_CH1.Xpartial.X_SpeedXP_auto_WP7B-P040VA1-R8000_WP7B-P040VA1-R8000_WP7B-P040VA1-R8000_WP7B-P040VA1-R8000_CH1_CH1.nd_in_7
0.000000e+00 (V)  X_CH1.Xpartial.X_SpeedXP_auto_WP7B-P040VA1-R8000_WP7B-P040VA1-R8000_WP7B-P040VA1-R8000_WP7B-P040VA1-R8000_CH1_CH1.nd_in_8
1.000000e+00 (V)  X_CH1.Xpartial.X_SpeedXP_auto_WP7B-P040VA1-R8000_WP7B-P040VA1-R8000_WP7B-P040VA1-R8000_WP7B-P040VA1-R8000_CH1_CH1.nd_in_9
5.000000e-01 (V)  X_CH1.Xpartial.X_SpeedXP_auto_WP7B-P040VA1-R8000_WP7B-P040VA1-R8000_WP7B-P040VA1-R8000_WP7B-P040VA1-R8000_CH1_CH1.nd_out_of_in_11
5.000000e-01 (V)  X_CH1.Xpartial.X_SpeedXP_auto_WP7B-P040VA1-R8000_WP7B-P040VA1-R8000_WP7B-P040VA1-R8000_WP7B-P040VA1-R8000_CH1_CH1.nd_out_of_in_12
2.500000e+00 (V)  X_CH1.Xpartial.X_SpeedXP_auto_WP7B-P040VA1-R8000_WP7B-P040VA1-R8000_WP7B-P040VA1-R8000_WP7B-P040VA1-R8000_CH1_CH1.Power_11
2.500000e+00 (V)  X_CH1.Xpartial.X_SpeedXP_auto_WP7B-P040VA1-R8000_WP7B-P040VA1-R8000_WP7B-P040VA1-R8000_WP7B-P040VA1-R8000_CH1_CH1.Power_12
0.000000e+00 (V)  X_ESD1.Xpartial.X_SpeedXP_auto_IP4292CZ10_DFN2510A-10_IP4292CZ10-TBR_115_IP4292CZ10-TBR_115_ESD1_ESD1.nd_en_1
0.000000e+00 (V)  X_ESD1.Xpartial.X_SpeedXP_auto_IP4292CZ10_DFN2510A-10_IP4292CZ10-TBR_115_IP4292CZ10-TBR_115_ESD1_ESD1.nd_en_10
0.000000e+00 (V)  X_ESD1.Xpartial.X_SpeedXP_auto_IP4292CZ10_DFN2510A-10_IP4292CZ10-TBR_115_IP4292CZ10-TBR_115_ESD1_ESD1.nd_en_2
0.000000e+00 (V)  X_ESD1.Xpartial.X_SpeedXP_auto_IP4292CZ10_DFN2510A-10_IP4292CZ10-TBR_115_IP4292CZ10-TBR_115_ESD1_ESD1.nd_en_4
0.000000e+00 (V)  X_ESD1.Xpartial.X_SpeedXP_auto_IP4292CZ10_DFN2510A-10_IP4292CZ10-TBR_115_IP4292CZ10-TBR_115_ESD1_ESD1.nd_en_5
0.000000e+00 (V)  X_ESD1.Xpartial.X_SpeedXP_auto_IP4292CZ10_DFN2510A-10_IP4292CZ10-TBR_115_IP4292CZ10-TBR_115_ESD1_ESD1.nd_en_6
0.000000e+00 (V)  X_ESD1.Xpartial.X_SpeedXP_auto_IP4292CZ10_DFN2510A-10_IP4292CZ10-TBR_115_IP4292CZ10-TBR_115_ESD1_ESD1.nd_en_7
0.000000e+00 (V)  X_ESD1.Xpartial.X_SpeedXP_auto_IP4292CZ10_DFN2510A-10_IP4292CZ10-TBR_115_IP4292CZ10-TBR_115_ESD1_ESD1.nd_en_9
0.000000e+00 (V)  X_ESD2.Xpartial.X_SpeedXP_auto_IP4292CZ10_DFN2510A-10_IP4292CZ10-TBR_115_IP4292CZ10-TBR_115_ESD2_ESD2_ESD2.nd_en_1
0.000000e+00 (V)  X_ESD2.Xpartial.X_SpeedXP_auto_IP4292CZ10_DFN2510A-10_IP4292CZ10-TBR_115_IP4292CZ10-TBR_115_ESD2_ESD2_ESD2.nd_en_10
0.000000e+00 (V)  X_ESD2.Xpartial.X_SpeedXP_auto_IP4292CZ10_DFN2510A-10_IP4292CZ10-TBR_115_IP4292CZ10-TBR_115_ESD2_ESD2_ESD2.nd_en_2
0.000000e+00 (V)  X_ESD2.Xpartial.X_SpeedXP_auto_IP4292CZ10_DFN2510A-10_IP4292CZ10-TBR_115_IP4292CZ10-TBR_115_ESD2_ESD2_ESD2.nd_en_4
0.000000e+00 (V)  X_ESD2.Xpartial.X_SpeedXP_auto_IP4292CZ10_DFN2510A-10_IP4292CZ10-TBR_115_IP4292CZ10-TBR_115_ESD2_ESD2_ESD2.nd_en_5
0.000000e+00 (V)  X_ESD2.Xpartial.X_SpeedXP_auto_IP4292CZ10_DFN2510A-10_IP4292CZ10-TBR_115_IP4292CZ10-TBR_115_ESD2_ESD2_ESD2.nd_en_6
0.000000e+00 (V)  X_ESD2.Xpartial.X_SpeedXP_auto_IP4292CZ10_DFN2510A-10_IP4292CZ10-TBR_115_IP4292CZ10-TBR_115_ESD2_ESD2_ESD2.nd_en_7
0.000000e+00 (V)  X_ESD2.Xpartial.X_SpeedXP_auto_IP4292CZ10_DFN2510A-10_IP4292CZ10-TBR_115_IP4292CZ10-TBR_115_ESD2_ESD2_ESD2.nd_en_9
1.000000e+00 (V)  X_HDMI1.Xpartial.X_SpeedXP_auto_HDMI-A_HDMI-001S_HDMI-001S_HDMI-001S_HDMI1_HDMI1.nd_en_1
1.000000e+00 (V)  X_HDMI1.Xpartial.X_SpeedXP_auto_HDMI-A_HDMI-001S_HDMI-001S_HDMI-001S_HDMI1_HDMI1.nd_en_10
1.000000e+00 (V)  X_HDMI1.Xpartial.X_SpeedXP_auto_HDMI-A_HDMI-001S_HDMI-001S_HDMI-001S_HDMI1_HDMI1.nd_en_12
1.000000e+00 (V)  X_HDMI1.Xpartial.X_SpeedXP_auto_HDMI-A_HDMI-001S_HDMI-001S_HDMI-001S_HDMI1_HDMI1.nd_en_3
1.000000e+00 (V)  X_HDMI1.Xpartial.X_SpeedXP_auto_HDMI-A_HDMI-001S_HDMI-001S_HDMI-001S_HDMI1_HDMI1.nd_en_4
1.000000e+00 (V)  X_HDMI1.Xpartial.X_SpeedXP_auto_HDMI-A_HDMI-001S_HDMI-001S_HDMI-001S_HDMI1_HDMI1.nd_en_6
1.000000e+00 (V)  X_HDMI1.Xpartial.X_SpeedXP_auto_HDMI-A_HDMI-001S_HDMI-001S_HDMI-001S_HDMI1_HDMI1.nd_en_7
1.000000e+00 (V)  X_HDMI1.Xpartial.X_SpeedXP_auto_HDMI-A_HDMI-001S_HDMI-001S_HDMI-001S_HDMI1_HDMI1.nd_en_9
0.000000e+00 (V)  X_HDMI1.Xpartial.X_SpeedXP_auto_HDMI-A_HDMI-001S_HDMI-001S_HDMI-001S_HDMI1_HDMI1.nd_in_1
0.000000e+00 (V)  X_HDMI1.Xpartial.X_SpeedXP_auto_HDMI-A_HDMI-001S_HDMI-001S_HDMI-001S_HDMI1_HDMI1.nd_in_10
1.000000e+00 (V)  X_HDMI1.Xpartial.X_SpeedXP_auto_HDMI-A_HDMI-001S_HDMI-001S_HDMI-001S_HDMI1_HDMI1.nd_in_12
1.000000e+00 (V)  X_HDMI1.Xpartial.X_SpeedXP_auto_HDMI-A_HDMI-001S_HDMI-001S_HDMI-001S_HDMI1_HDMI1.nd_in_3
0.000000e+00 (V)  X_HDMI1.Xpartial.X_SpeedXP_auto_HDMI-A_HDMI-001S_HDMI-001S_HDMI-001S_HDMI1_HDMI1.nd_in_4
1.000000e+00 (V)  X_HDMI1.Xpartial.X_SpeedXP_auto_HDMI-A_HDMI-001S_HDMI-001S_HDMI-001S_HDMI1_HDMI1.nd_in_6
0.000000e+00 (V)  X_HDMI1.Xpartial.X_SpeedXP_auto_HDMI-A_HDMI-001S_HDMI-001S_HDMI-001S_HDMI1_HDMI1.nd_in_7
1.000000e+00 (V)  X_HDMI1.Xpartial.X_SpeedXP_auto_HDMI-A_HDMI-001S_HDMI-001S_HDMI-001S_HDMI1_HDMI1.nd_in_9
1.006234e-10 (V)  X_U8.Xpartial.X_SpeedXP_auto_TC358870XBG_1_VFBGA80_(S1+S2+S3+S4)_TC358870XBG(NOK)_TC358870XBG(NOK)_U8_U8.B_SpeedXP_auto_A6.Output0
1.006234e-10 (V)  X_U8.Xpartial.X_SpeedXP_auto_TC358870XBG_1_VFBGA80_(S1+S2+S3+S4)_TC358870XBG(NOK)_TC358870XBG(NOK)_U8_U8.B_SpeedXP_auto_A6.Output1
2.500000e+00 (V)  X_U8.Xpartial.X_SpeedXP_auto_TC358870XBG_1_VFBGA80_(S1+S2+S3+S4)_TC358870XBG(NOK)_TC358870XBG(NOK)_U8_U8.B_SpeedXP_auto_B6.Output0
2.500000e+00 (V)  X_U8.Xpartial.X_SpeedXP_auto_TC358870XBG_1_VFBGA80_(S1+S2+S3+S4)_TC358870XBG(NOK)_TC358870XBG(NOK)_U8_U8.B_SpeedXP_auto_B6.Output1
0.000000e+00 (V)  X_U8.Xpartial.X_SpeedXP_auto_TC358870XBG_1_VFBGA80_(S1+S2+S3+S4)_TC358870XBG(NOK)_TC358870XBG(NOK)_U8_U8.nd_en_A5
0.000000e+00 (V)  X_U8.Xpartial.X_SpeedXP_auto_TC358870XBG_1_VFBGA80_(S1+S2+S3+S4)_TC358870XBG(NOK)_TC358870XBG(NOK)_U8_U8.nd_en_A6
0.000000e+00 (V)  X_U8.Xpartial.X_SpeedXP_auto_TC358870XBG_1_VFBGA80_(S1+S2+S3+S4)_TC358870XBG(NOK)_TC358870XBG(NOK)_U8_U8.nd_en_A7
0.000000e+00 (V)  X_U8.Xpartial.X_SpeedXP_auto_TC358870XBG_1_VFBGA80_(S1+S2+S3+S4)_TC358870XBG(NOK)_TC358870XBG(NOK)_U8_U8.nd_en_A8
0.000000e+00 (V)  X_U8.Xpartial.X_SpeedXP_auto_TC358870XBG_1_VFBGA80_(S1+S2+S3+S4)_TC358870XBG(NOK)_TC358870XBG(NOK)_U8_U8.nd_en_A9
0.000000e+00 (V)  X_U8.Xpartial.X_SpeedXP_auto_TC358870XBG_1_VFBGA80_(S1+S2+S3+S4)_TC358870XBG(NOK)_TC358870XBG(NOK)_U8_U8.nd_en_B5
0.000000e+00 (V)  X_U8.Xpartial.X_SpeedXP_auto_TC358870XBG_1_VFBGA80_(S1+S2+S3+S4)_TC358870XBG(NOK)_TC358870XBG(NOK)_U8_U8.nd_en_B6
0.000000e+00 (V)  X_U8.Xpartial.X_SpeedXP_auto_TC358870XBG_1_VFBGA80_(S1+S2+S3+S4)_TC358870XBG(NOK)_TC358870XBG(NOK)_U8_U8.nd_en_B7
0.000000e+00 (V)  X_U8.Xpartial.X_SpeedXP_auto_TC358870XBG_1_VFBGA80_(S1+S2+S3+S4)_TC358870XBG(NOK)_TC358870XBG(NOK)_U8_U8.nd_en_B8
0.000000e+00 (V)  X_U8.Xpartial.X_SpeedXP_auto_TC358870XBG_1_VFBGA80_(S1+S2+S3+S4)_TC358870XBG(NOK)_TC358870XBG(NOK)_U8_U8.nd_en_B9
0.000000e+00 (V)  X_U8.Xpartial.X_SpeedXP_auto_TC358870XBG_1_VFBGA80_(S1+S2+S3+S4)_TC358870XBG(NOK)_TC358870XBG(NOK)_U8_U8.nd_en_C1
0.000000e+00 (V)  X_U8.Xpartial.X_SpeedXP_auto_TC358870XBG_1_VFBGA80_(S1+S2+S3+S4)_TC358870XBG(NOK)_TC358870XBG(NOK)_U8_U8.nd_en_C2
0.000000e+00 (V)  X_U8.Xpartial.X_SpeedXP_auto_TC358870XBG_1_VFBGA80_(S1+S2+S3+S4)_TC358870XBG(NOK)_TC358870XBG(NOK)_U8_U8.nd_en_D1
0.000000e+00 (V)  X_U8.Xpartial.X_SpeedXP_auto_TC358870XBG_1_VFBGA80_(S1+S2+S3+S4)_TC358870XBG(NOK)_TC358870XBG(NOK)_U8_U8.nd_en_D10
0.000000e+00 (V)  X_U8.Xpartial.X_SpeedXP_auto_TC358870XBG_1_VFBGA80_(S1+S2+S3+S4)_TC358870XBG(NOK)_TC358870XBG(NOK)_U8_U8.nd_en_D2
0.000000e+00 (V)  X_U8.Xpartial.X_SpeedXP_auto_TC358870XBG_1_VFBGA80_(S1+S2+S3+S4)_TC358870XBG(NOK)_TC358870XBG(NOK)_U8_U8.nd_en_D9
0.000000e+00 (V)  X_U8.Xpartial.X_SpeedXP_auto_TC358870XBG_1_VFBGA80_(S1+S2+S3+S4)_TC358870XBG(NOK)_TC358870XBG(NOK)_U8_U8.nd_en_E1
0.000000e+00 (V)  X_U8.Xpartial.X_SpeedXP_auto_TC358870XBG_1_VFBGA80_(S1+S2+S3+S4)_TC358870XBG(NOK)_TC358870XBG(NOK)_U8_U8.nd_en_E10
0.000000e+00 (V)  X_U8.Xpartial.X_SpeedXP_auto_TC358870XBG_1_VFBGA80_(S1+S2+S3+S4)_TC358870XBG(NOK)_TC358870XBG(NOK)_U8_U8.nd_en_E2
0.000000e+00 (V)  X_U8.Xpartial.X_SpeedXP_auto_TC358870XBG_1_VFBGA80_(S1+S2+S3+S4)_TC358870XBG(NOK)_TC358870XBG(NOK)_U8_U8.nd_en_E9
0.000000e+00 (V)  X_U8.Xpartial.X_SpeedXP_auto_TC358870XBG_1_VFBGA80_(S1+S2+S3+S4)_TC358870XBG(NOK)_TC358870XBG(NOK)_U8_U8.nd_en_F1
0.000000e+00 (V)  X_U8.Xpartial.X_SpeedXP_auto_TC358870XBG_1_VFBGA80_(S1+S2+S3+S4)_TC358870XBG(NOK)_TC358870XBG(NOK)_U8_U8.nd_en_F10
0.000000e+00 (V)  X_U8.Xpartial.X_SpeedXP_auto_TC358870XBG_1_VFBGA80_(S1+S2+S3+S4)_TC358870XBG(NOK)_TC358870XBG(NOK)_U8_U8.nd_en_F2
0.000000e+00 (V)  X_U8.Xpartial.X_SpeedXP_auto_TC358870XBG_1_VFBGA80_(S1+S2+S3+S4)_TC358870XBG(NOK)_TC358870XBG(NOK)_U8_U8.nd_en_F9
0.000000e+00 (V)  X_U8.Xpartial.X_SpeedXP_auto_TC358870XBG_1_VFBGA80_(S1+S2+S3+S4)_TC358870XBG(NOK)_TC358870XBG(NOK)_U8_U8.nd_en_G10
0.000000e+00 (V)  X_U8.Xpartial.X_SpeedXP_auto_TC358870XBG_1_VFBGA80_(S1+S2+S3+S4)_TC358870XBG(NOK)_TC358870XBG(NOK)_U8_U8.nd_en_G9
0.000000e+00 (V)  X_U8.Xpartial.X_SpeedXP_auto_TC358870XBG_1_VFBGA80_(S1+S2+S3+S4)_TC358870XBG(NOK)_TC358870XBG(NOK)_U8_U8.nd_en_H10
0.000000e+00 (V)  X_U8.Xpartial.X_SpeedXP_auto_TC358870XBG_1_VFBGA80_(S1+S2+S3+S4)_TC358870XBG(NOK)_TC358870XBG(NOK)_U8_U8.nd_en_H9
0.000000e+00 (V)  X_U8.Xpartial.X_SpeedXP_auto_TC358870XBG_1_VFBGA80_(S1+S2+S3+S4)_TC358870XBG(NOK)_TC358870XBG(NOK)_U8_U8.nd_in_A6
0.000000e+00 (V)  X_U8.Xpartial.X_SpeedXP_auto_TC358870XBG_1_VFBGA80_(S1+S2+S3+S4)_TC358870XBG(NOK)_TC358870XBG(NOK)_U8_U8.nd_in_B6
0.000000e+00 (V)  X_U8.Xpartial.X_SpeedXP_auto_TC358870XBG_1_VFBGA80_(S1+S2+S3+S4)_TC358870XBG(NOK)_TC358870XBG(NOK)_U8_U8.nd_out_of_in_A6
1.000000e+00 (V)  X_U8.Xpartial.X_SpeedXP_auto_TC358870XBG_1_VFBGA80_(S1+S2+S3+S4)_TC358870XBG(NOK)_TC358870XBG(NOK)_U8_U8.nd_out_of_in_B6
2.500000e+00 (V)  X_U8.Xpartial.X_SpeedXP_auto_TC358870XBG_1_VFBGA80_(S1+S2+S3+S4)_TC358870XBG(NOK)_TC358870XBG(NOK)_U8_U8.Power_A6
2.500000e+00 (V)  X_U8.Xpartial.X_SpeedXP_auto_TC358870XBG_1_VFBGA80_(S1+S2+S3+S4)_TC358870XBG(NOK)_TC358870XBG(NOK)_U8_U8.Power_B6
2.500000e+00 (V)  Xvia0.Node1322::MIPI_DSI1_DATA2_Ntmp
1.005285e-10 (V)  Xvia0.Node1542::MIPI_DSI1_DATA2_Ptmp
-1.100000e-12 (A)  V_PWR_VCC_1V1
-1.200000e-12 (A)  V_PWR_VCC_1V2
-1.800000e-12 (A)  V_PWR_VCC_1V8
-3.300000e-12 (A)  V_PWR_VCC_3V3
-5.000000e-12 (A)  V_PWR_VCC_5V
-5.000000e-12 (A)  V_PWR_VCC_5V5
-5.000000e-12 (A)  V_X_CH1.Xpartial.X_SpeedXP_auto_WP7B-P040VA1-R8000_WP7B-P040VA1-R8000_WP7B-P040VA1-R8000_WP7B-P040VA1-R8000_CH1_CH1.B_SpeedXP_auto_11.L_pkg
-5.000000e-12 (A)  V_X_CH1.Xpartial.X_SpeedXP_auto_WP7B-P040VA1-R8000_WP7B-P040VA1-R8000_WP7B-P040VA1-R8000_WP7B-P040VA1-R8000_CH1_CH1.B_SpeedXP_auto_11.R_pkg
2.225012e-10 (A)  V_X_CH1.Xpartial.X_SpeedXP_auto_WP7B-P040VA1-R8000_WP7B-P040VA1-R8000_WP7B-P040VA1-R8000_WP7B-P040VA1-R8000_CH1_CH1.B_SpeedXP_auto_12.L_pkg
2.250013e-10 (A)  V_X_CH1.Xpartial.X_SpeedXP_auto_WP7B-P040VA1-R8000_WP7B-P040VA1-R8000_WP7B-P040VA1-R8000_WP7B-P040VA1-R8000_CH1_CH1.B_SpeedXP_auto_12.R_pkg
5.000000e-12 (A)  V_X_U8.Xpartial.X_SpeedXP_auto_TC358870XBG_1_VFBGA80_(S1+S2+S3+S4)_TC358870XBG(NOK)_TC358870XBG(NOK)_U8_U8.B_SpeedXP_auto_A6.L_pkg
5.000000e-12 (A)  V_X_U8.Xpartial.X_SpeedXP_auto_TC358870XBG_1_VFBGA80_(S1+S2+S3+S4)_TC358870XBG(NOK)_TC358870XBG(NOK)_U8_U8.B_SpeedXP_auto_A6.R_pkg
-1.000006e-11 (A)  V_X_U8.Xpartial.X_SpeedXP_auto_TC358870XBG_1_VFBGA80_(S1+S2+S3+S4)_TC358870XBG(NOK)_TC358870XBG(NOK)_U8_U8.B_SpeedXP_auto_B6.L_pkg
-7.500056e-12 (A)  V_X_U8.Xpartial.X_SpeedXP_auto_TC358870XBG_1_VFBGA80_(S1+S2+S3+S4)_TC358870XBG(NOK)_TC358870XBG(NOK)_U8_U8.B_SpeedXP_auto_B6.R_pkg
-8.000042e-11 (A)  W_Trace1001::MIPI_DSI1_DATA2_N~0
8.500042e-11 (A)  W_Trace1010::MIPI_DSI1_DATA2_N~0
-9.000042e-11 (A)  W_Trace1012_Auto_41::MIPI_DSI1_DATA2_N~0
9.250044e-11 (A)  W_Trace1022::MIPI_DSI1_DATA2_N~0
-9.500048e-11 (A)  W_Trace1024::MIPI_DSI1_DATA2_N~0
1.000005e-10 (A)  W_Trace1028::MIPI_DSI1_DATA2_N~0
1.050006e-10 (A)  W_Trace1032::MIPI_DSI1_DATA2_N~0
-1.075005e-10 (A)  W_Trace1034::MIPI_DSI1_DATA2_N~0
-1.125006e-10 (A)  W_Trace1034_Auto_83::MIPI_DSI1_DATA2_N~0
-1.150006e-10 (A)  W_Trace1036::MIPI_DSI1_DATA2_N~0
-1.175006e-10 (A)  W_Trace1037::MIPI_DSI1_DATA2_N~0
1.225006e-10 (A)  W_Trace1058::MIPI_DSI1_DATA2_N~0
1.250007e-10 (A)  W_Trace1062::MIPI_DSI1_DATA2_N~0
1.275007e-10 (A)  W_Trace1064::MIPI_DSI1_DATA2_N~0
-1.300007e-10 (A)  W_Trace1066#BP0::MIPI_DSI1_DATA2_N~0
-1.400008e-10 (A)  W_Trace1067#BP0::MIPI_DSI1_DATA2_N~0
-1.425008e-10 (A)  W_Trace1067#BP1::MIPI_DSI1_DATA2_N~0
-1.375008e-10 (A)  W_Trace1067_Auto_132::MIPI_DSI1_DATA2_N~0
-1.475008e-10 (A)  W_Trace1069::MIPI_DSI1_DATA2_N~0
1.525008e-10 (A)  W_Trace1080::MIPI_DSI1_DATA2_N~0
1.575008e-10 (A)  W_Trace1091::MIPI_DSI1_DATA2_N~0
1.625008e-10 (A)  W_Trace1102::MIPI_DSI1_DATA2_N~0
1.675008e-10 (A)  W_Trace1113::MIPI_DSI1_DATA2_N~0
1.725008e-10 (A)  W_Trace1124::MIPI_DSI1_DATA2_N~0
1.775008e-10 (A)  W_Trace1135::MIPI_DSI1_DATA2_N~0
1.825009e-10 (A)  W_Trace1146::MIPI_DSI1_DATA2_N~0
1.875009e-10 (A)  W_Trace1157::MIPI_DSI1_DATA2_N~0
1.925010e-10 (A)  W_Trace1168::MIPI_DSI1_DATA2_N~0
1.975010e-10 (A)  W_Trace1179::MIPI_DSI1_DATA2_N~0
-2.000010e-10 (A)  W_Trace1181::MIPI_DSI1_DATA2_N~0
-2.050011e-10 (A)  W_Trace1181_Auto_183::MIPI_DSI1_DATA2_N~0
-2.075011e-10 (A)  W_Trace1183::MIPI_DSI1_DATA2_N~0
-2.100011e-10 (A)  W_Trace1185::MIPI_DSI1_DATA2_N~0
-2.175012e-10 (A)  W_Trace1186_Auto_257::MIPI_DSI1_DATA2_N~0
5.000000e-12 (A)  W_Trace1189::MIPI_DSI1_DATA2_P~0
5.000000e-12 (A)  W_Trace1191::MIPI_DSI1_DATA2_P~0
5.000000e-12 (A)  W_Trace1192_Auto_73::MIPI_DSI1_DATA2_P~0
5.000000e-12 (A)  W_Trace1194#BP0::MIPI_DSI1_DATA2_P~0
5.000000e-12 (A)  W_Trace1194_Auto_10::MIPI_DSI1_DATA2_P~0
-5.000000e-12 (A)  W_Trace1198::MIPI_DSI1_DATA2_P~0
5.000000e-12 (A)  W_Trace1208#BP0::MIPI_DSI1_DATA2_P~0
5.000000e-12 (A)  W_Trace1208#BP1::MIPI_DSI1_DATA2_P~0
-5.000000e-12 (A)  W_Trace1208::MIPI_DSI1_DATA2_P~0
5.000000e-12 (A)  W_Trace1210::MIPI_DSI1_DATA2_P~0
5.000000e-12 (A)  W_Trace1211::MIPI_DSI1_DATA2_P~0
5.000000e-12 (A)  W_Trace1213::MIPI_DSI1_DATA2_P~0
-5.000000e-12 (A)  W_Trace1218::MIPI_DSI1_DATA2_P~0
-5.000000e-12 (A)  W_Trace1223::MIPI_DSI1_DATA2_P~0
5.000000e-12 (A)  W_Trace1225_Auto_12::MIPI_DSI1_DATA2_P~0
-5.000000e-12 (A)  W_Trace1234::MIPI_DSI1_DATA2_P~0
5.000000e-12 (A)  W_Trace1236::MIPI_DSI1_DATA2_P~0
-5.000000e-12 (A)  W_Trace1246::MIPI_DSI1_DATA2_P~0
5.000000e-12 (A)  W_Trace1248_Auto_20::MIPI_DSI1_DATA2_P~0
-5.000000e-12 (A)  W_Trace1252::MIPI_DSI1_DATA2_P~0
5.000000e-12 (A)  W_Trace1253::MIPI_DSI1_DATA2_P~0
5.000000e-12 (A)  W_Trace1255::MIPI_DSI1_DATA2_P~0
5.000000e-12 (A)  W_Trace1258::MIPI_DSI1_DATA2_P~0
5.000000e-12 (A)  W_Trace1260::MIPI_DSI1_DATA2_P~0
5.000000e-12 (A)  W_Trace1262#BP0::MIPI_DSI1_DATA2_P~0
5.000000e-12 (A)  W_Trace1262_Auto_112::MIPI_DSI1_DATA2_P~0
-5.000000e-12 (A)  W_Trace1264::MIPI_DSI1_DATA2_P~0
5.000000e-12 (A)  W_Trace1266_Auto_120::MIPI_DSI1_DATA2_P~0
5.000000e-12 (A)  W_Trace1267::MIPI_DSI1_DATA2_P~0
-5.000000e-12 (A)  W_Trace1286::MIPI_DSI1_DATA2_P~0
-5.000000e-12 (A)  W_Trace1290::MIPI_DSI1_DATA2_P~0
-5.000000e-12 (A)  W_Trace1294::MIPI_DSI1_DATA2_P~0
-5.000000e-12 (A)  W_Trace1297::MIPI_DSI1_DATA2_P~0
-5.000000e-12 (A)  W_Trace1299::MIPI_DSI1_DATA2_P~0
-5.000000e-12 (A)  W_Trace1304::MIPI_DSI1_DATA2_P~0
-5.000000e-12 (A)  W_Trace1332::MIPI_DSI1_DATA2_P~0
5.000000e-12 (A)  W_Trace1334::MIPI_DSI1_DATA2_P~0
5.000000e-12 (A)  W_Trace1334_Auto_148::MIPI_DSI1_DATA2_P~0
5.000000e-12 (A)  W_Trace1336::MIPI_DSI1_DATA2_P~0
5.000000e-12 (A)  W_Trace1338::MIPI_DSI1_DATA2_P~0
5.000000e-12 (A)  W_Trace1338_Auto_162::MIPI_DSI1_DATA2_P~0
5.000000e-12 (A)  W_Trace1338_Auto_164::MIPI_DSI1_DATA2_P~0
5.000000e-12 (A)  W_Trace1338_Auto_166::MIPI_DSI1_DATA2_P~0
5.000000e-12 (A)  W_Trace1338_Auto_168::MIPI_DSI1_DATA2_P~0
5.000000e-12 (A)  W_Trace1338_Auto_170::MIPI_DSI1_DATA2_P~0
5.000000e-12 (A)  W_Trace1338_Auto_172::MIPI_DSI1_DATA2_P~0
5.000000e-12 (A)  W_Trace1338_Auto_174::MIPI_DSI1_DATA2_P~0
5.000000e-12 (A)  W_Trace1338_Auto_176::MIPI_DSI1_DATA2_P~0
5.000000e-12 (A)  W_Trace1338_Auto_178::MIPI_DSI1_DATA2_P~0
5.000000e-12 (A)  W_Trace1338_Auto_180::MIPI_DSI1_DATA2_P~0
5.000000e-12 (A)  W_Trace1340::MIPI_DSI1_DATA2_P~0
5.000000e-12 (A)  W_Trace1342_Auto_246::MIPI_DSI1_DATA2_P~0
5.000000e-12 (A)  W_Trace1343::MIPI_DSI1_DATA2_P~0
5.000000e-12 (A)  W_Trace1344::MIPI_DSI1_DATA2_P~0
1.250009e-11 (A)  W_Trace971::MIPI_DSI1_DATA2_N~0
-1.500012e-11 (A)  W_Trace973::MIPI_DSI1_DATA2_N~0
-2.250009e-11 (A)  W_Trace975::MIPI_DSI1_DATA2_N~0
3.250015e-11 (A)  W_Trace978::MIPI_DSI1_DATA2_N~0
-3.500019e-11 (A)  W_Trace979::MIPI_DSI1_DATA2_N~0
-4.000026e-11 (A)  W_Trace979_Auto_8::MIPI_DSI1_DATA2_N~0
-4.250030e-11 (A)  W_Trace980::MIPI_DSI1_DATA2_N~0
4.750034e-11 (A)  W_Trace983::MIPI_DSI1_DATA2_N~0
-5.500034e-11 (A)  W_Trace986::MIPI_DSI1_DATA2_N~0
-5.750038e-11 (A)  W_Trace988::MIPI_DSI1_DATA2_N~0
-6.750048e-11 (A)  W_Trace988_Auto_262::MIPI_DSI1_DATA2_N~0
-7.000049e-11 (A)  W_Trace989::MIPI_DSI1_DATA2_N~0
-7.500047e-11 (A)  W_Trace989_Auto_271::MIPI_DSI1_DATA2_N~0
7.750046e-11 (A)  W_Trace999::MIPI_DSI1_DATA2_N~0
5.000000e-12 (A)  WCPL_Trace1187::MIPI_DSI1_DATA2_P~0
-1.750014e-11 (A)  WCPL_Trace1187::MIPI_DSI1_DATA2_P~1
5.000000e-12 (A)  WCPL_Trace1188::MIPI_DSI1_DATA2_P~0
-2.000012e-11 (A)  WCPL_Trace1188::MIPI_DSI1_DATA2_P~1
5.000000e-12 (A)  WCPL_Trace1188_Auto_76::MIPI_DSI1_DATA2_P~0
-2.500013e-11 (A)  WCPL_Trace1188_Auto_76::MIPI_DSI1_DATA2_P~1
5.000000e-12 (A)  WCPL_Trace1190::MIPI_DSI1_DATA2_P~0
-2.750012e-11 (A)  WCPL_Trace1190::MIPI_DSI1_DATA2_P~1
5.000000e-12 (A)  WCPL_Trace1192::MIPI_DSI1_DATA2_P~0
-3.000012e-11 (A)  WCPL_Trace1192::MIPI_DSI1_DATA2_P~1
5.000000e-12 (A)  WCPL_Trace1193::MIPI_DSI1_DATA2_P~0
-3.750022e-11 (A)  WCPL_Trace1193::MIPI_DSI1_DATA2_P~1
5.000000e-12 (A)  WCPL_Trace1194::MIPI_DSI1_DATA2_P~0
-4.500034e-11 (A)  WCPL_Trace1194::MIPI_DSI1_DATA2_P~1
5.000000e-12 (A)  WCPL_Trace1208#BP1_Auto_263::MIPI_DSI1_DATA2_P~0
-6.000040e-11 (A)  WCPL_Trace1208#BP1_Auto_263::MIPI_DSI1_DATA2_P~1
5.000000e-12 (A)  WCPL_Trace1209::MIPI_DSI1_DATA2_P~0
-6.250043e-11 (A)  WCPL_Trace1209::MIPI_DSI1_DATA2_P~1
5.000000e-12 (A)  WCPL_Trace1210_Auto_261::MIPI_DSI1_DATA2_P~0
-6.500043e-11 (A)  WCPL_Trace1210_Auto_261::MIPI_DSI1_DATA2_P~1
5.000000e-12 (A)  WCPL_Trace1213_Auto_270::MIPI_DSI1_DATA2_P~0
-7.250051e-11 (A)  WCPL_Trace1213_Auto_270::MIPI_DSI1_DATA2_P~1
5.000000e-12 (A)  WCPL_Trace1225::MIPI_DSI1_DATA2_P~0
-8.250041e-11 (A)  WCPL_Trace1225::MIPI_DSI1_DATA2_P~1
5.000000e-12 (A)  WCPL_Trace1236_Auto_40::MIPI_DSI1_DATA2_P~0
-8.750039e-11 (A)  WCPL_Trace1236_Auto_40::MIPI_DSI1_DATA2_P~1
5.000000e-12 (A)  WCPL_Trace1248::MIPI_DSI1_DATA2_P~0
-9.750051e-11 (A)  WCPL_Trace1248::MIPI_DSI1_DATA2_P~1
5.000000e-12 (A)  WCPL_Trace1253_Auto_40::MIPI_DSI1_DATA2_P~0
-1.025006e-10 (A)  WCPL_Trace1253_Auto_40::MIPI_DSI1_DATA2_P~1
5.000000e-12 (A)  WCPL_Trace1258_Auto_81::MIPI_DSI1_DATA2_P~0
-1.100006e-10 (A)  WCPL_Trace1258_Auto_81::MIPI_DSI1_DATA2_P~1
5.000000e-12 (A)  WCPL_Trace1262::MIPI_DSI1_DATA2_P~0
-1.200006e-10 (A)  WCPL_Trace1262::MIPI_DSI1_DATA2_P~1
5.000000e-12 (A)  WCPL_Trace1266::MIPI_DSI1_DATA2_P~0
-1.325007e-10 (A)  WCPL_Trace1266::MIPI_DSI1_DATA2_P~1
5.000000e-12 (A)  WCPL_Trace1267_Auto_131::MIPI_DSI1_DATA2_P~0
-1.350007e-10 (A)  WCPL_Trace1267_Auto_131::MIPI_DSI1_DATA2_P~1
5.000000e-12 (A)  WCPL_Trace1334_Auto_146::MIPI_DSI1_DATA2_P~0
-1.450008e-10 (A)  WCPL_Trace1334_Auto_146::MIPI_DSI1_DATA2_P~1
5.000000e-12 (A)  WCPL_Trace1338_Auto_161::MIPI_DSI1_DATA2_P~0
-1.900010e-10 (A)  WCPL_Trace1338_Auto_161::MIPI_DSI1_DATA2_P~1
5.000000e-12 (A)  WCPL_Trace1338_Auto_163::MIPI_DSI1_DATA2_P~0
-1.550008e-10 (A)  WCPL_Trace1338_Auto_163::MIPI_DSI1_DATA2_P~1
5.000000e-12 (A)  WCPL_Trace1338_Auto_165::MIPI_DSI1_DATA2_P~0
-1.850009e-10 (A)  WCPL_Trace1338_Auto_165::MIPI_DSI1_DATA2_P~1
5.000000e-12 (A)  WCPL_Trace1338_Auto_167::MIPI_DSI1_DATA2_P~0
-1.650009e-10 (A)  WCPL_Trace1338_Auto_167::MIPI_DSI1_DATA2_P~1
5.000000e-12 (A)  WCPL_Trace1338_Auto_169::MIPI_DSI1_DATA2_P~0
-1.750009e-10 (A)  WCPL_Trace1338_Auto_169::MIPI_DSI1_DATA2_P~1
5.000000e-12 (A)  WCPL_Trace1338_Auto_171::MIPI_DSI1_DATA2_P~0
-1.950010e-10 (A)  WCPL_Trace1338_Auto_171::MIPI_DSI1_DATA2_P~1
5.000000e-12 (A)  WCPL_Trace1338_Auto_173::MIPI_DSI1_DATA2_P~0
-1.700008e-10 (A)  WCPL_Trace1338_Auto_173::MIPI_DSI1_DATA2_P~1
5.000000e-12 (A)  WCPL_Trace1338_Auto_175::MIPI_DSI1_DATA2_P~0
-1.800009e-10 (A)  WCPL_Trace1338_Auto_175::MIPI_DSI1_DATA2_P~1
5.000000e-12 (A)  WCPL_Trace1338_Auto_177::MIPI_DSI1_DATA2_P~0
-1.600008e-10 (A)  WCPL_Trace1338_Auto_177::MIPI_DSI1_DATA2_P~1
5.000000e-12 (A)  WCPL_Trace1338_Auto_179::MIPI_DSI1_DATA2_P~0
-1.500008e-10 (A)  WCPL_Trace1338_Auto_179::MIPI_DSI1_DATA2_P~1
5.000000e-12 (A)  WCPL_Trace1338_Auto_182::MIPI_DSI1_DATA2_P~0
-2.025011e-10 (A)  WCPL_Trace1338_Auto_182::MIPI_DSI1_DATA2_P~1
5.000000e-12 (A)  WCPL_Trace1342::MIPI_DSI1_DATA2_P~0
-2.125011e-10 (A)  WCPL_Trace1342::MIPI_DSI1_DATA2_P~1
5.000000e-12 (A)  WCPL_Trace1343_Auto_256::MIPI_DSI1_DATA2_P~0
-2.150012e-10 (A)  WCPL_Trace1343_Auto_256::MIPI_DSI1_DATA2_P~1
5.000000e-12 (A)  WCPL_Trace1345::MIPI_DSI1_DATA2_P~0
-2.200012e-10 (A)  WCPL_Trace1345::MIPI_DSI1_DATA2_P~1
-5.050000e-11 (A)  X_CH1.Xpartial.X_SpeedXP_auto_WP7B-P040VA1-R8000_WP7B-P040VA1-R8000_WP7B-P040VA1-R8000_WP7B-P040VA1-R8000_CH1_CH1.B_SpeedXP_auto_11_OutOfIn
-5.050000e-11 (A)  X_CH1.Xpartial.X_SpeedXP_auto_WP7B-P040VA1-R8000_WP7B-P040VA1-R8000_WP7B-P040VA1-R8000_WP7B-P040VA1-R8000_CH1_CH1.B_SpeedXP_auto_12_OutOfIn
-1.000000e-12 (A)  X_CH1.Xpartial.X_SpeedXP_auto_WP7B-P040VA1-R8000_WP7B-P040VA1-R8000_WP7B-P040VA1-R8000_WP7B-P040VA1-R8000_CH1_CH1.V_SpeedXP_auto_10_En
-1.010000e-10 (A)  X_CH1.Xpartial.X_SpeedXP_auto_WP7B-P040VA1-R8000_WP7B-P040VA1-R8000_WP7B-P040VA1-R8000_WP7B-P040VA1-R8000_CH1_CH1.V_SpeedXP_auto_11_En
-1.010000e-10 (A)  X_CH1.Xpartial.X_SpeedXP_auto_WP7B-P040VA1-R8000_WP7B-P040VA1-R8000_WP7B-P040VA1-R8000_WP7B-P040VA1-R8000_CH1_CH1.V_SpeedXP_auto_12_En
-1.000000e-12 (A)  X_CH1.Xpartial.X_SpeedXP_auto_WP7B-P040VA1-R8000_WP7B-P040VA1-R8000_WP7B-P040VA1-R8000_WP7B-P040VA1-R8000_CH1_CH1.V_SpeedXP_auto_13_En
-1.000000e-12 (A)  X_CH1.Xpartial.X_SpeedXP_auto_WP7B-P040VA1-R8000_WP7B-P040VA1-R8000_WP7B-P040VA1-R8000_WP7B-P040VA1-R8000_CH1_CH1.V_SpeedXP_auto_14_En
-1.000000e-12 (A)  X_CH1.Xpartial.X_SpeedXP_auto_WP7B-P040VA1-R8000_WP7B-P040VA1-R8000_WP7B-P040VA1-R8000_WP7B-P040VA1-R8000_CH1_CH1.V_SpeedXP_auto_15_En
-1.000000e-12 (A)  X_CH1.Xpartial.X_SpeedXP_auto_WP7B-P040VA1-R8000_WP7B-P040VA1-R8000_WP7B-P040VA1-R8000_WP7B-P040VA1-R8000_CH1_CH1.V_SpeedXP_auto_16_En
-1.000000e-12 (A)  X_CH1.Xpartial.X_SpeedXP_auto_WP7B-P040VA1-R8000_WP7B-P040VA1-R8000_WP7B-P040VA1-R8000_WP7B-P040VA1-R8000_CH1_CH1.V_SpeedXP_auto_17_En
-1.000000e-12 (A)  X_CH1.Xpartial.X_SpeedXP_auto_WP7B-P040VA1-R8000_WP7B-P040VA1-R8000_WP7B-P040VA1-R8000_WP7B-P040VA1-R8000_CH1_CH1.V_SpeedXP_auto_18_En
-1.000000e-12 (A)  X_CH1.Xpartial.X_SpeedXP_auto_WP7B-P040VA1-R8000_WP7B-P040VA1-R8000_WP7B-P040VA1-R8000_WP7B-P040VA1-R8000_CH1_CH1.V_SpeedXP_auto_19_En
-1.000000e-12 (A)  X_CH1.Xpartial.X_SpeedXP_auto_WP7B-P040VA1-R8000_WP7B-P040VA1-R8000_WP7B-P040VA1-R8000_WP7B-P040VA1-R8000_CH1_CH1.V_SpeedXP_auto_1_En
-1.000000e-12 (A)  X_CH1.Xpartial.X_SpeedXP_auto_WP7B-P040VA1-R8000_WP7B-P040VA1-R8000_WP7B-P040VA1-R8000_WP7B-P040VA1-R8000_CH1_CH1.V_SpeedXP_auto_20_En
-1.000000e-12 (A)  X_CH1.Xpartial.X_SpeedXP_auto_WP7B-P040VA1-R8000_WP7B-P040VA1-R8000_WP7B-P040VA1-R8000_WP7B-P040VA1-R8000_CH1_CH1.V_SpeedXP_auto_2_En
-1.000000e-12 (A)  X_CH1.Xpartial.X_SpeedXP_auto_WP7B-P040VA1-R8000_WP7B-P040VA1-R8000_WP7B-P040VA1-R8000_WP7B-P040VA1-R8000_CH1_CH1.V_SpeedXP_auto_3_En
-1.000000e-12 (A)  X_CH1.Xpartial.X_SpeedXP_auto_WP7B-P040VA1-R8000_WP7B-P040VA1-R8000_WP7B-P040VA1-R8000_WP7B-P040VA1-R8000_CH1_CH1.V_SpeedXP_auto_4_En
-1.000000e-12 (A)  X_CH1.Xpartial.X_SpeedXP_auto_WP7B-P040VA1-R8000_WP7B-P040VA1-R8000_WP7B-P040VA1-R8000_WP7B-P040VA1-R8000_CH1_CH1.V_SpeedXP_auto_5_En
-1.000000e-12 (A)  X_CH1.Xpartial.X_SpeedXP_auto_WP7B-P040VA1-R8000_WP7B-P040VA1-R8000_WP7B-P040VA1-R8000_WP7B-P040VA1-R8000_CH1_CH1.V_SpeedXP_auto_6_En
-1.000000e-12 (A)  X_CH1.Xpartial.X_SpeedXP_auto_WP7B-P040VA1-R8000_WP7B-P040VA1-R8000_WP7B-P040VA1-R8000_WP7B-P040VA1-R8000_CH1_CH1.V_SpeedXP_auto_7_En
-1.000000e-12 (A)  X_CH1.Xpartial.X_SpeedXP_auto_WP7B-P040VA1-R8000_WP7B-P040VA1-R8000_WP7B-P040VA1-R8000_WP7B-P040VA1-R8000_CH1_CH1.V_SpeedXP_auto_8_En
-1.000000e-12 (A)  X_CH1.Xpartial.X_SpeedXP_auto_WP7B-P040VA1-R8000_WP7B-P040VA1-R8000_WP7B-P040VA1-R8000_WP7B-P040VA1-R8000_CH1_CH1.V_SpeedXP_auto_9_En
-7.500000e-12 (A)  X_CH1.Xpartial.X_SpeedXP_auto_WP7B-P040VA1-R8000_WP7B-P040VA1-R8000_WP7B-P040VA1-R8000_WP7B-P040VA1-R8000_CH1_CH1.Vpwr_11
-2.350013e-10 (A)  X_CH1.Xpartial.X_SpeedXP_auto_WP7B-P040VA1-R8000_WP7B-P040VA1-R8000_WP7B-P040VA1-R8000_WP7B-P040VA1-R8000_CH1_CH1.Vpwr_12
0.000000e+00 (A)  X_CH1.Xpartial.X_SpeedXP_auto_WP7B-P040VA1-R8000_WP7B-P040VA1-R8000_WP7B-P040VA1-R8000_WP7B-P040VA1-R8000_CH1_CH1.X_SpeedXP_auto_10_St.v1
0.000000e+00 (A)  X_CH1.Xpartial.X_SpeedXP_auto_WP7B-P040VA1-R8000_WP7B-P040VA1-R8000_WP7B-P040VA1-R8000_WP7B-P040VA1-R8000_CH1_CH1.X_SpeedXP_auto_11_St.v1
-1.010000e-10 (A)  X_CH1.Xpartial.X_SpeedXP_auto_WP7B-P040VA1-R8000_WP7B-P040VA1-R8000_WP7B-P040VA1-R8000_WP7B-P040VA1-R8000_CH1_CH1.X_SpeedXP_auto_12_St.v1
0.000000e+00 (A)  X_CH1.Xpartial.X_SpeedXP_auto_WP7B-P040VA1-R8000_WP7B-P040VA1-R8000_WP7B-P040VA1-R8000_WP7B-P040VA1-R8000_CH1_CH1.X_SpeedXP_auto_13_St.v1
-1.000000e-12 (A)  X_CH1.Xpartial.X_SpeedXP_auto_WP7B-P040VA1-R8000_WP7B-P040VA1-R8000_WP7B-P040VA1-R8000_WP7B-P040VA1-R8000_CH1_CH1.X_SpeedXP_auto_14_St.v1
0.000000e+00 (A)  X_CH1.Xpartial.X_SpeedXP_auto_WP7B-P040VA1-R8000_WP7B-P040VA1-R8000_WP7B-P040VA1-R8000_WP7B-P040VA1-R8000_CH1_CH1.X_SpeedXP_auto_15_St.v1
-1.000000e-12 (A)  X_CH1.Xpartial.X_SpeedXP_auto_WP7B-P040VA1-R8000_WP7B-P040VA1-R8000_WP7B-P040VA1-R8000_WP7B-P040VA1-R8000_CH1_CH1.X_SpeedXP_auto_16_St.v1
0.000000e+00 (A)  X_CH1.Xpartial.X_SpeedXP_auto_WP7B-P040VA1-R8000_WP7B-P040VA1-R8000_WP7B-P040VA1-R8000_WP7B-P040VA1-R8000_CH1_CH1.X_SpeedXP_auto_17_St.v1
-1.000000e-12 (A)  X_CH1.Xpartial.X_SpeedXP_auto_WP7B-P040VA1-R8000_WP7B-P040VA1-R8000_WP7B-P040VA1-R8000_WP7B-P040VA1-R8000_CH1_CH1.X_SpeedXP_auto_18_St.v1
0.000000e+00 (A)  X_CH1.Xpartial.X_SpeedXP_auto_WP7B-P040VA1-R8000_WP7B-P040VA1-R8000_WP7B-P040VA1-R8000_WP7B-P040VA1-R8000_CH1_CH1.X_SpeedXP_auto_19_St.v1
-1.000000e-12 (A)  X_CH1.Xpartial.X_SpeedXP_auto_WP7B-P040VA1-R8000_WP7B-P040VA1-R8000_WP7B-P040VA1-R8000_WP7B-P040VA1-R8000_CH1_CH1.X_SpeedXP_auto_1_St.v1
-1.000000e-12 (A)  X_CH1.Xpartial.X_SpeedXP_auto_WP7B-P040VA1-R8000_WP7B-P040VA1-R8000_WP7B-P040VA1-R8000_WP7B-P040VA1-R8000_CH1_CH1.X_SpeedXP_auto_20_St.v1
0.000000e+00 (A)  X_CH1.Xpartial.X_SpeedXP_auto_WP7B-P040VA1-R8000_WP7B-P040VA1-R8000_WP7B-P040VA1-R8000_WP7B-P040VA1-R8000_CH1_CH1.X_SpeedXP_auto_2_St.v1
-1.000000e-12 (A)  X_CH1.Xpartial.X_SpeedXP_auto_WP7B-P040VA1-R8000_WP7B-P040VA1-R8000_WP7B-P040VA1-R8000_WP7B-P040VA1-R8000_CH1_CH1.X_SpeedXP_auto_3_St.v1
0.000000e+00 (A)  X_CH1.Xpartial.X_SpeedXP_auto_WP7B-P040VA1-R8000_WP7B-P040VA1-R8000_WP7B-P040VA1-R8000_WP7B-P040VA1-R8000_CH1_CH1.X_SpeedXP_auto_4_St.v1
-1.000000e-12 (A)  X_CH1.Xpartial.X_SpeedXP_auto_WP7B-P040VA1-R8000_WP7B-P040VA1-R8000_WP7B-P040VA1-R8000_WP7B-P040VA1-R8000_CH1_CH1.X_SpeedXP_auto_5_St.v1
0.000000e+00 (A)  X_CH1.Xpartial.X_SpeedXP_auto_WP7B-P040VA1-R8000_WP7B-P040VA1-R8000_WP7B-P040VA1-R8000_WP7B-P040VA1-R8000_CH1_CH1.X_SpeedXP_auto_6_St.v1
-1.000000e-12 (A)  X_CH1.Xpartial.X_SpeedXP_auto_WP7B-P040VA1-R8000_WP7B-P040VA1-R8000_WP7B-P040VA1-R8000_WP7B-P040VA1-R8000_CH1_CH1.X_SpeedXP_auto_7_St.v1
0.000000e+00 (A)  X_CH1.Xpartial.X_SpeedXP_auto_WP7B-P040VA1-R8000_WP7B-P040VA1-R8000_WP7B-P040VA1-R8000_WP7B-P040VA1-R8000_CH1_CH1.X_SpeedXP_auto_8_St.v1
-1.000000e-12 (A)  X_CH1.Xpartial.X_SpeedXP_auto_WP7B-P040VA1-R8000_WP7B-P040VA1-R8000_WP7B-P040VA1-R8000_WP7B-P040VA1-R8000_CH1_CH1.X_SpeedXP_auto_9_St.v1
0.000000e+00 (A)  X_ESD1.Xpartial.X_SpeedXP_auto_IP4292CZ10_DFN2510A-10_IP4292CZ10-TBR_115_IP4292CZ10-TBR_115_ESD1_ESD1.V_SpeedXP_auto_10_En
0.000000e+00 (A)  X_ESD1.Xpartial.X_SpeedXP_auto_IP4292CZ10_DFN2510A-10_IP4292CZ10-TBR_115_IP4292CZ10-TBR_115_ESD1_ESD1.V_SpeedXP_auto_1_En
0.000000e+00 (A)  X_ESD1.Xpartial.X_SpeedXP_auto_IP4292CZ10_DFN2510A-10_IP4292CZ10-TBR_115_IP4292CZ10-TBR_115_ESD1_ESD1.V_SpeedXP_auto_2_En
0.000000e+00 (A)  X_ESD1.Xpartial.X_SpeedXP_auto_IP4292CZ10_DFN2510A-10_IP4292CZ10-TBR_115_IP4292CZ10-TBR_115_ESD1_ESD1.V_SpeedXP_auto_4_En
0.000000e+00 (A)  X_ESD1.Xpartial.X_SpeedXP_auto_IP4292CZ10_DFN2510A-10_IP4292CZ10-TBR_115_IP4292CZ10-TBR_115_ESD1_ESD1.V_SpeedXP_auto_5_En
0.000000e+00 (A)  X_ESD1.Xpartial.X_SpeedXP_auto_IP4292CZ10_DFN2510A-10_IP4292CZ10-TBR_115_IP4292CZ10-TBR_115_ESD1_ESD1.V_SpeedXP_auto_6_En
0.000000e+00 (A)  X_ESD1.Xpartial.X_SpeedXP_auto_IP4292CZ10_DFN2510A-10_IP4292CZ10-TBR_115_IP4292CZ10-TBR_115_ESD1_ESD1.V_SpeedXP_auto_7_En
0.000000e+00 (A)  X_ESD1.Xpartial.X_SpeedXP_auto_IP4292CZ10_DFN2510A-10_IP4292CZ10-TBR_115_IP4292CZ10-TBR_115_ESD1_ESD1.V_SpeedXP_auto_9_En
0.000000e+00 (A)  X_ESD2.Xpartial.X_SpeedXP_auto_IP4292CZ10_DFN2510A-10_IP4292CZ10-TBR_115_IP4292CZ10-TBR_115_ESD2_ESD2_ESD2.V_SpeedXP_auto_10_En
0.000000e+00 (A)  X_ESD2.Xpartial.X_SpeedXP_auto_IP4292CZ10_DFN2510A-10_IP4292CZ10-TBR_115_IP4292CZ10-TBR_115_ESD2_ESD2_ESD2.V_SpeedXP_auto_1_En
0.000000e+00 (A)  X_ESD2.Xpartial.X_SpeedXP_auto_IP4292CZ10_DFN2510A-10_IP4292CZ10-TBR_115_IP4292CZ10-TBR_115_ESD2_ESD2_ESD2.V_SpeedXP_auto_2_En
0.000000e+00 (A)  X_ESD2.Xpartial.X_SpeedXP_auto_IP4292CZ10_DFN2510A-10_IP4292CZ10-TBR_115_IP4292CZ10-TBR_115_ESD2_ESD2_ESD2.V_SpeedXP_auto_4_En
0.000000e+00 (A)  X_ESD2.Xpartial.X_SpeedXP_auto_IP4292CZ10_DFN2510A-10_IP4292CZ10-TBR_115_IP4292CZ10-TBR_115_ESD2_ESD2_ESD2.V_SpeedXP_auto_5_En
0.000000e+00 (A)  X_ESD2.Xpartial.X_SpeedXP_auto_IP4292CZ10_DFN2510A-10_IP4292CZ10-TBR_115_IP4292CZ10-TBR_115_ESD2_ESD2_ESD2.V_SpeedXP_auto_6_En
0.000000e+00 (A)  X_ESD2.Xpartial.X_SpeedXP_auto_IP4292CZ10_DFN2510A-10_IP4292CZ10-TBR_115_IP4292CZ10-TBR_115_ESD2_ESD2_ESD2.V_SpeedXP_auto_7_En
0.000000e+00 (A)  X_ESD2.Xpartial.X_SpeedXP_auto_IP4292CZ10_DFN2510A-10_IP4292CZ10-TBR_115_IP4292CZ10-TBR_115_ESD2_ESD2_ESD2.V_SpeedXP_auto_9_En
-1.000000e-12 (A)  X_HDMI1.Xpartial.X_SpeedXP_auto_HDMI-A_HDMI-001S_HDMI-001S_HDMI-001S_HDMI1_HDMI1.V_SpeedXP_auto_10_En
-1.000000e-12 (A)  X_HDMI1.Xpartial.X_SpeedXP_auto_HDMI-A_HDMI-001S_HDMI-001S_HDMI-001S_HDMI1_HDMI1.V_SpeedXP_auto_12_En
-1.000000e-12 (A)  X_HDMI1.Xpartial.X_SpeedXP_auto_HDMI-A_HDMI-001S_HDMI-001S_HDMI-001S_HDMI1_HDMI1.V_SpeedXP_auto_1_En
-1.000000e-12 (A)  X_HDMI1.Xpartial.X_SpeedXP_auto_HDMI-A_HDMI-001S_HDMI-001S_HDMI-001S_HDMI1_HDMI1.V_SpeedXP_auto_3_En
-1.000000e-12 (A)  X_HDMI1.Xpartial.X_SpeedXP_auto_HDMI-A_HDMI-001S_HDMI-001S_HDMI-001S_HDMI1_HDMI1.V_SpeedXP_auto_4_En
-1.000000e-12 (A)  X_HDMI1.Xpartial.X_SpeedXP_auto_HDMI-A_HDMI-001S_HDMI-001S_HDMI-001S_HDMI1_HDMI1.V_SpeedXP_auto_6_En
-1.000000e-12 (A)  X_HDMI1.Xpartial.X_SpeedXP_auto_HDMI-A_HDMI-001S_HDMI-001S_HDMI-001S_HDMI1_HDMI1.V_SpeedXP_auto_7_En
-1.000000e-12 (A)  X_HDMI1.Xpartial.X_SpeedXP_auto_HDMI-A_HDMI-001S_HDMI-001S_HDMI-001S_HDMI1_HDMI1.V_SpeedXP_auto_9_En
0.000000e+00 (A)  X_HDMI1.Xpartial.X_SpeedXP_auto_HDMI-A_HDMI-001S_HDMI-001S_HDMI-001S_HDMI1_HDMI1.X_SpeedXP_auto_10_St.v1
-1.000000e-12 (A)  X_HDMI1.Xpartial.X_SpeedXP_auto_HDMI-A_HDMI-001S_HDMI-001S_HDMI-001S_HDMI1_HDMI1.X_SpeedXP_auto_12_St.v1
0.000000e+00 (A)  X_HDMI1.Xpartial.X_SpeedXP_auto_HDMI-A_HDMI-001S_HDMI-001S_HDMI-001S_HDMI1_HDMI1.X_SpeedXP_auto_1_St.v1
-1.000000e-12 (A)  X_HDMI1.Xpartial.X_SpeedXP_auto_HDMI-A_HDMI-001S_HDMI-001S_HDMI-001S_HDMI1_HDMI1.X_SpeedXP_auto_3_St.v1
0.000000e+00 (A)  X_HDMI1.Xpartial.X_SpeedXP_auto_HDMI-A_HDMI-001S_HDMI-001S_HDMI-001S_HDMI1_HDMI1.X_SpeedXP_auto_4_St.v1
-1.000000e-12 (A)  X_HDMI1.Xpartial.X_SpeedXP_auto_HDMI-A_HDMI-001S_HDMI-001S_HDMI-001S_HDMI1_HDMI1.X_SpeedXP_auto_6_St.v1
0.000000e+00 (A)  X_HDMI1.Xpartial.X_SpeedXP_auto_HDMI-A_HDMI-001S_HDMI-001S_HDMI-001S_HDMI1_HDMI1.X_SpeedXP_auto_7_St.v1
-1.000000e-12 (A)  X_HDMI1.Xpartial.X_SpeedXP_auto_HDMI-A_HDMI-001S_HDMI-001S_HDMI-001S_HDMI1_HDMI1.X_SpeedXP_auto_9_St.v1
0.000000e+00 (A)  X_U8.Xpartial.X_SpeedXP_auto_TC358870XBG_1_VFBGA80_(S1+S2+S3+S4)_TC358870XBG(NOK)_TC358870XBG(NOK)_U8_U8.B_SpeedXP_auto_A6_OutOfIn
-1.010000e-10 (A)  X_U8.Xpartial.X_SpeedXP_auto_TC358870XBG_1_VFBGA80_(S1+S2+S3+S4)_TC358870XBG(NOK)_TC358870XBG(NOK)_U8_U8.B_SpeedXP_auto_B6_OutOfIn
0.000000e+00 (A)  X_U8.Xpartial.X_SpeedXP_auto_TC358870XBG_1_VFBGA80_(S1+S2+S3+S4)_TC358870XBG(NOK)_TC358870XBG(NOK)_U8_U8.V_SpeedXP_auto_A5_En
0.000000e+00 (A)  X_U8.Xpartial.X_SpeedXP_auto_TC358870XBG_1_VFBGA80_(S1+S2+S3+S4)_TC358870XBG(NOK)_TC358870XBG(NOK)_U8_U8.V_SpeedXP_auto_A6_En
0.000000e+00 (A)  X_U8.Xpartial.X_SpeedXP_auto_TC358870XBG_1_VFBGA80_(S1+S2+S3+S4)_TC358870XBG(NOK)_TC358870XBG(NOK)_U8_U8.V_SpeedXP_auto_A7_En
0.000000e+00 (A)  X_U8.Xpartial.X_SpeedXP_auto_TC358870XBG_1_VFBGA80_(S1+S2+S3+S4)_TC358870XBG(NOK)_TC358870XBG(NOK)_U8_U8.V_SpeedXP_auto_A8_En
0.000000e+00 (A)  X_U8.Xpartial.X_SpeedXP_auto_TC358870XBG_1_VFBGA80_(S1+S2+S3+S4)_TC358870XBG(NOK)_TC358870XBG(NOK)_U8_U8.V_SpeedXP_auto_A9_En
0.000000e+00 (A)  X_U8.Xpartial.X_SpeedXP_auto_TC358870XBG_1_VFBGA80_(S1+S2+S3+S4)_TC358870XBG(NOK)_TC358870XBG(NOK)_U8_U8.V_SpeedXP_auto_B5_En
0.000000e+00 (A)  X_U8.Xpartial.X_SpeedXP_auto_TC358870XBG_1_VFBGA80_(S1+S2+S3+S4)_TC358870XBG(NOK)_TC358870XBG(NOK)_U8_U8.V_SpeedXP_auto_B6_En
0.000000e+00 (A)  X_U8.Xpartial.X_SpeedXP_auto_TC358870XBG_1_VFBGA80_(S1+S2+S3+S4)_TC358870XBG(NOK)_TC358870XBG(NOK)_U8_U8.V_SpeedXP_auto_B7_En
0.000000e+00 (A)  X_U8.Xpartial.X_SpeedXP_auto_TC358870XBG_1_VFBGA80_(S1+S2+S3+S4)_TC358870XBG(NOK)_TC358870XBG(NOK)_U8_U8.V_SpeedXP_auto_B8_En
0.000000e+00 (A)  X_U8.Xpartial.X_SpeedXP_auto_TC358870XBG_1_VFBGA80_(S1+S2+S3+S4)_TC358870XBG(NOK)_TC358870XBG(NOK)_U8_U8.V_SpeedXP_auto_B9_En
0.000000e+00 (A)  X_U8.Xpartial.X_SpeedXP_auto_TC358870XBG_1_VFBGA80_(S1+S2+S3+S4)_TC358870XBG(NOK)_TC358870XBG(NOK)_U8_U8.V_SpeedXP_auto_C1_En
0.000000e+00 (A)  X_U8.Xpartial.X_SpeedXP_auto_TC358870XBG_1_VFBGA80_(S1+S2+S3+S4)_TC358870XBG(NOK)_TC358870XBG(NOK)_U8_U8.V_SpeedXP_auto_C2_En
0.000000e+00 (A)  X_U8.Xpartial.X_SpeedXP_auto_TC358870XBG_1_VFBGA80_(S1+S2+S3+S4)_TC358870XBG(NOK)_TC358870XBG(NOK)_U8_U8.V_SpeedXP_auto_D10_En
0.000000e+00 (A)  X_U8.Xpartial.X_SpeedXP_auto_TC358870XBG_1_VFBGA80_(S1+S2+S3+S4)_TC358870XBG(NOK)_TC358870XBG(NOK)_U8_U8.V_SpeedXP_auto_D1_En
0.000000e+00 (A)  X_U8.Xpartial.X_SpeedXP_auto_TC358870XBG_1_VFBGA80_(S1+S2+S3+S4)_TC358870XBG(NOK)_TC358870XBG(NOK)_U8_U8.V_SpeedXP_auto_D2_En
0.000000e+00 (A)  X_U8.Xpartial.X_SpeedXP_auto_TC358870XBG_1_VFBGA80_(S1+S2+S3+S4)_TC358870XBG(NOK)_TC358870XBG(NOK)_U8_U8.V_SpeedXP_auto_D9_En
0.000000e+00 (A)  X_U8.Xpartial.X_SpeedXP_auto_TC358870XBG_1_VFBGA80_(S1+S2+S3+S4)_TC358870XBG(NOK)_TC358870XBG(NOK)_U8_U8.V_SpeedXP_auto_E10_En
0.000000e+00 (A)  X_U8.Xpartial.X_SpeedXP_auto_TC358870XBG_1_VFBGA80_(S1+S2+S3+S4)_TC358870XBG(NOK)_TC358870XBG(NOK)_U8_U8.V_SpeedXP_auto_E1_En
0.000000e+00 (A)  X_U8.Xpartial.X_SpeedXP_auto_TC358870XBG_1_VFBGA80_(S1+S2+S3+S4)_TC358870XBG(NOK)_TC358870XBG(NOK)_U8_U8.V_SpeedXP_auto_E2_En
0.000000e+00 (A)  X_U8.Xpartial.X_SpeedXP_auto_TC358870XBG_1_VFBGA80_(S1+S2+S3+S4)_TC358870XBG(NOK)_TC358870XBG(NOK)_U8_U8.V_SpeedXP_auto_E9_En
0.000000e+00 (A)  X_U8.Xpartial.X_SpeedXP_auto_TC358870XBG_1_VFBGA80_(S1+S2+S3+S4)_TC358870XBG(NOK)_TC358870XBG(NOK)_U8_U8.V_SpeedXP_auto_F10_En
0.000000e+00 (A)  X_U8.Xpartial.X_SpeedXP_auto_TC358870XBG_1_VFBGA80_(S1+S2+S3+S4)_TC358870XBG(NOK)_TC358870XBG(NOK)_U8_U8.V_SpeedXP_auto_F1_En
0.000000e+00 (A)  X_U8.Xpartial.X_SpeedXP_auto_TC358870XBG_1_VFBGA80_(S1+S2+S3+S4)_TC358870XBG(NOK)_TC358870XBG(NOK)_U8_U8.V_SpeedXP_auto_F2_En
0.000000e+00 (A)  X_U8.Xpartial.X_SpeedXP_auto_TC358870XBG_1_VFBGA80_(S1+S2+S3+S4)_TC358870XBG(NOK)_TC358870XBG(NOK)_U8_U8.V_SpeedXP_auto_F9_En
0.000000e+00 (A)  X_U8.Xpartial.X_SpeedXP_auto_TC358870XBG_1_VFBGA80_(S1+S2+S3+S4)_TC358870XBG(NOK)_TC358870XBG(NOK)_U8_U8.V_SpeedXP_auto_G10_En
0.000000e+00 (A)  X_U8.Xpartial.X_SpeedXP_auto_TC358870XBG_1_VFBGA80_(S1+S2+S3+S4)_TC358870XBG(NOK)_TC358870XBG(NOK)_U8_U8.V_SpeedXP_auto_G9_En
0.000000e+00 (A)  X_U8.Xpartial.X_SpeedXP_auto_TC358870XBG_1_VFBGA80_(S1+S2+S3+S4)_TC358870XBG(NOK)_TC358870XBG(NOK)_U8_U8.V_SpeedXP_auto_H10_En
0.000000e+00 (A)  X_U8.Xpartial.X_SpeedXP_auto_TC358870XBG_1_VFBGA80_(S1+S2+S3+S4)_TC358870XBG(NOK)_TC358870XBG(NOK)_U8_U8.V_SpeedXP_auto_H9_En
-7.500000e-12 (A)  X_U8.Xpartial.X_SpeedXP_auto_TC358870XBG_1_VFBGA80_(S1+S2+S3+S4)_TC358870XBG(NOK)_TC358870XBG(NOK)_U8_U8.Vpwr_A6
-2.500000e-12 (A)  X_U8.Xpartial.X_SpeedXP_auto_TC358870XBG_1_VFBGA80_(S1+S2+S3+S4)_TC358870XBG(NOK)_TC358870XBG(NOK)_U8_U8.Vpwr_B6
-5.000036e-11 (A)  xvia0.lnode1321::mipi_dsi1_data2_n
5.000000e-12 (A)  xvia0.lnode1541::mipi_dsi1_data2_p
-5.250036e-11 (A)  Xvia0.VRLNode1321::MIPI_DSI1_DATA2_N
5.000000e-12 (A)  Xvia0.VRLNode1541::MIPI_DSI1_DATA2_P
